Using cuda device
Wrapping the env in a DummyVecEnv.
Logging to D:\py\DRL2\logs\t7_retry1_20260911\sac_mpc_v2_arrival_262200\tensorboard\SAC_1
---------------------------------
| rollout/           |          |
|    ep_len_mean     | 58.2     |
|    ep_rew_mean     | -55.7    |
| time/              |          |
|    episodes        | 4        |
|    fps             | 0        |
|    time_elapsed    | 287      |
|    total_timesteps | 233      |
---------------------------------
---------------------------------
| rollout/           |          |
|    ep_len_mean     | 61.8     |
|    ep_rew_mean     | -39.1    |
| time/              |          |
|    episodes        | 8        |
|    fps             | 0        |
|    time_elapsed    | 587      |
|    total_timesteps | 494      |
---------------------------------
---------------------------------
| rollout/           |          |
|    ep_len_mean     | 52.8     |
|    ep_rew_mean     | -34.6    |
| time/              |          |
|    episodes        | 12       |
|    fps             | 0        |
|    time_elapsed    | 741      |
|    total_timesteps | 634      |
---------------------------------
---------------------------------
| rollout/           |          |
|    ep_len_mean     | 59.3     |
|    ep_rew_mean     | -32.1    |
| time/              |          |
|    episodes        | 16       |
|    fps             | 0        |
|    time_elapsed    | 1089     |
|    total_timesteps | 949      |
---------------------------------
---------------------------------
| rollout/           |          |
|    ep_len_mean     | 55.1     |
|    ep_rew_mean     | -30      |
| time/              |          |
|    episodes        | 20       |
|    fps             | 0        |
|    time_elapsed    | 1252     |
|    total_timesteps | 1102     |
---------------------------------
---------------------------------
| rollout/           |          |
|    ep_len_mean     | 53.5     |
|    ep_rew_mean     | -29.3    |
| time/              |          |
|    episodes        | 24       |
|    fps             | 0        |
|    time_elapsed    | 1448     |
|    total_timesteps | 1284     |
---------------------------------
---------------------------------
| rollout/           |          |
|    ep_len_mean     | 54.4     |
|    ep_rew_mean     | -28.1    |
| time/              |          |
|    episodes        | 28       |
|    fps             | 0        |
|    time_elapsed    | 1698     |
|    total_timesteps | 1523     |
---------------------------------
---------------------------------
| rollout/           |          |
|    ep_len_mean     | 53.2     |
|    ep_rew_mean     | -27.6    |
| time/              |          |
|    episodes        | 32       |
|    fps             | 0        |
|    time_elapsed    | 1893     |
|    total_timesteps | 1704     |
---------------------------------
---------------------------------
| rollout/           |          |
|    ep_len_mean     | 52.4     |
|    ep_rew_mean     | -27      |
| time/              |          |
|    episodes        | 36       |
|    fps             | 0        |
|    time_elapsed    | 2083     |
|    total_timesteps | 1885     |
---------------------------------
---------------------------------
| rollout/           |          |
|    ep_len_mean     | 50.3     |
|    ep_rew_mean     | -27.3    |
| time/              |          |
|    episodes        | 40       |
|    fps             | 0        |
|    time_elapsed    | 2217     |
|    total_timesteps | 2013     |
| train/             |          |
|    actor_loss      | 0.143    |
|    critic_loss     | 12.5     |
|    ent_coef        | 0.005    |
|    learning_rate   | 0.0001   |
|    n_updates       | 12       |
---------------------------------
---------------------------------
| rollout/           |          |
|    ep_len_mean     | 51       |
|    ep_rew_mean     | -27      |
| time/              |          |
|    episodes        | 44       |
|    fps             | 0        |
|    time_elapsed    | 2488     |
|    total_timesteps | 2246     |
| train/             |          |
|    actor_loss      | 0.525    |
|    critic_loss     | 7.43     |
|    ent_coef        | 0.005    |
|    learning_rate   | 0.0001   |
|    n_updates       | 245      |
---------------------------------
---------------------------------
| rollout/           |          |
|    ep_len_mean     | 50       |
|    ep_rew_mean     | -26.6    |
| time/              |          |
|    episodes        | 48       |
|    fps             | 0        |
|    time_elapsed    | 2670     |
|    total_timesteps | 2401     |
| train/             |          |
|    actor_loss      | 0.8      |
|    critic_loss     | 4.46     |
|    ent_coef        | 0.005    |
|    learning_rate   | 0.0001   |
|    n_updates       | 400      |
---------------------------------
---------------------------------
| rollout/           |          |
|    ep_len_mean     | 52       |
|    ep_rew_mean     | -25.9    |
| time/              |          |
|    episodes        | 52       |
|    fps             | 0        |
|    time_elapsed    | 3034     |
|    total_timesteps | 2702     |
| train/             |          |
|    actor_loss      | 0.68     |
|    critic_loss     | 4.42     |
|    ent_coef        | 0.005    |
|    learning_rate   | 0.0001   |
|    n_updates       | 701      |
---------------------------------
---------------------------------
| rollout/           |          |
|    ep_len_mean     | 57       |
|    ep_rew_mean     | -24.7    |
| time/              |          |
|    episodes        | 56       |
|    fps             | 0        |
|    time_elapsed    | 3619     |
|    total_timesteps | 3190     |
| train/             |          |
|    actor_loss      | 0.907    |
|    critic_loss     | 1.5      |
|    ent_coef        | 0.005    |
|    learning_rate   | 0.0001   |
|    n_updates       | 1189     |
---------------------------------
---------------------------------
| rollout/           |          |
|    ep_len_mean     | 60.4     |
|    ep_rew_mean     | -23.9    |
| time/              |          |
|    episodes        | 60       |
|    fps             | 0        |
|    time_elapsed    | 4172     |
|    total_timesteps | 3621     |
| train/             |          |
|    actor_loss      | 0.936    |
|    critic_loss     | 1.4      |
|    ent_coef        | 0.005    |
|    learning_rate   | 0.0001   |
|    n_updates       | 1620     |
---------------------------------
---------------------------------
| rollout/           |          |
|    ep_len_mean     | 64.2     |
|    ep_rew_mean     | -22.8    |
| time/              |          |
|    episodes        | 64       |
|    fps             | 0        |
|    time_elapsed    | 4733     |
|    total_timesteps | 4108     |
| train/             |          |
|    actor_loss      | 0.73     |
|    critic_loss     | 3.37     |
|    ent_coef        | 0.005    |
|    learning_rate   | 0.0001   |
|    n_updates       | 2107     |
---------------------------------
---------------------------------
| rollout/           |          |
|    ep_len_mean     | 65.7     |
|    ep_rew_mean     | -22.2    |
| time/              |          |
|    episodes        | 68       |
|    fps             | 0        |
|    time_elapsed    | 5149     |
|    total_timesteps | 4465     |
| train/             |          |
|    actor_loss      | 1.16     |
|    critic_loss     | 1.4      |
|    ent_coef        | 0.005    |
|    learning_rate   | 0.0001   |
|    n_updates       | 2464     |
---------------------------------
---------------------------------
| rollout/           |          |
|    ep_len_mean     | 70.1     |
|    ep_rew_mean     | -22.5    |
| time/              |          |
|    episodes        | 72       |
|    fps             | 0        |
|    time_elapsed    | 5834     |
|    total_timesteps | 5048     |
| train/             |          |
|    actor_loss      | 1.14     |
|    critic_loss     | 0.989    |
|    ent_coef        | 0.005    |
|    learning_rate   | 0.0001   |
|    n_updates       | 3047     |
---------------------------------
---------------------------------
| rollout/           |          |
|    ep_len_mean     | 73.2     |
|    ep_rew_mean     | -22.5    |
| time/              |          |
|    episodes        | 76       |
|    fps             | 0        |
|    time_elapsed    | 6435     |
|    total_timesteps | 5565     |
| train/             |          |
|    actor_loss      | 0.937    |
|    critic_loss     | 0.142    |
|    ent_coef        | 0.005    |
|    learning_rate   | 0.0001   |
|    n_updates       | 3564     |
---------------------------------
---------------------------------
| rollout/           |          |
|    ep_len_mean     | 74.7     |
|    ep_rew_mean     | -22.1    |
| time/              |          |
|    episodes        | 80       |
|    fps             | 0        |
|    time_elapsed    | 6913     |
|    total_timesteps | 5972     |
| train/             |          |
|    actor_loss      | 1.48     |
|    critic_loss     | 0.773    |
|    ent_coef        | 0.005    |
|    learning_rate   | 0.0001   |
|    n_updates       | 3971     |
---------------------------------
---------------------------------
| rollout/           |          |
|    ep_len_mean     | 76       |
|    ep_rew_mean     | -21.1    |
| time/              |          |
|    episodes        | 84       |
|    fps             | 0        |
|    time_elapsed    | 7407     |
|    total_timesteps | 6387     |
| train/             |          |
|    actor_loss      | 1.58     |
|    critic_loss     | 2.33     |
|    ent_coef        | 0.005    |
|    learning_rate   | 0.0001   |
|    n_updates       | 4386     |
---------------------------------
---------------------------------
| rollout/           |          |
|    ep_len_mean     | 75.8     |
|    ep_rew_mean     | -20.6    |
| time/              |          |
|    episodes        | 88       |
|    fps             | 0        |
|    time_elapsed    | 7736     |
|    total_timesteps | 6671     |
| train/             |          |
|    actor_loss      | 1.36     |
|    critic_loss     | 2.4      |
|    ent_coef        | 0.005    |
|    learning_rate   | 0.0001   |
|    n_updates       | 4670     |
---------------------------------
---------------------------------
| rollout/           |          |
|    ep_len_mean     | 74.6     |
|    ep_rew_mean     | -20.2    |
| time/              |          |
|    episodes        | 92       |
|    fps             | 0        |
|    time_elapsed    | 7964     |
|    total_timesteps | 6864     |
| train/             |          |
|    actor_loss      | 1.29     |
|    critic_loss     | 2.44     |
|    ent_coef        | 0.005    |
|    learning_rate   | 0.0001   |
|    n_updates       | 4863     |
---------------------------------
---------------------------------
| rollout/           |          |
|    ep_len_mean     | 74.2     |
|    ep_rew_mean     | -18.9    |
| time/              |          |
|    episodes        | 96       |
|    fps             | 0        |
|    time_elapsed    | 8274     |
|    total_timesteps | 7124     |
| train/             |          |
|    actor_loss      | 1.55     |
|    critic_loss     | 0.442    |
|    ent_coef        | 0.005    |
|    learning_rate   | 0.0001   |
|    n_updates       | 5123     |
---------------------------------
---------------------------------
| rollout/           |          |
|    ep_len_mean     | 74       |
|    ep_rew_mean     | -18.5    |
| time/              |          |
|    episodes        | 100      |
|    fps             | 0        |
|    time_elapsed    | 8600     |
|    total_timesteps | 7399     |
| train/             |          |
|    actor_loss      | 1.46     |
|    critic_loss     | 2.14     |
|    ent_coef        | 0.005    |
|    learning_rate   | 0.0001   |
|    n_updates       | 5398     |
---------------------------------
---------------------------------
| rollout/           |          |
|    ep_len_mean     | 74.8     |
|    ep_rew_mean     | -16.5    |
| time/              |          |
|    episodes        | 104      |
|    fps             | 0        |
|    time_elapsed    | 8967     |
|    total_timesteps | 7714     |
| train/             |          |
|    actor_loss      | 1.49     |
|    critic_loss     | 3.48     |
|    ent_coef        | 0.005    |
|    learning_rate   | 0.0001   |
|    n_updates       | 5713     |
---------------------------------
---------------------------------
| rollout/           |          |
|    ep_len_mean     | 75.3     |
|    ep_rew_mean     | -15.1    |
| time/              |          |
|    episodes        | 108      |
|    fps             | 0        |
|    time_elapsed    | 9331     |
|    total_timesteps | 8027     |
| train/             |          |
|    actor_loss      | 1.53     |
|    critic_loss     | 2.26     |
|    ent_coef        | 0.005    |
|    learning_rate   | 0.0001   |
|    n_updates       | 6026     |
---------------------------------
---------------------------------
| rollout/           |          |
|    ep_len_mean     | 76.6     |
|    ep_rew_mean     | -14.5    |
| time/              |          |
|    episodes        | 112      |
|    fps             | 0        |
|    time_elapsed    | 9650     |
|    total_timesteps | 8294     |
| train/             |          |
|    actor_loss      | 1.64     |
|    critic_loss     | 2.19     |
|    ent_coef        | 0.005    |
|    learning_rate   | 0.0001   |
|    n_updates       | 6293     |
---------------------------------
---------------------------------
| rollout/           |          |
|    ep_len_mean     | 77.4     |
|    ep_rew_mean     | -14.3    |
| time/              |          |
|    episodes        | 116      |
|    fps             | 0        |
|    time_elapsed    | 10123    |
|    total_timesteps | 8693     |
| train/             |          |
|    actor_loss      | 1.7      |
|    critic_loss     | 0.386    |
|    ent_coef        | 0.005    |
|    learning_rate   | 0.0001   |
|    n_updates       | 6692     |
---------------------------------
---------------------------------
| rollout/           |          |
|    ep_len_mean     | 78.7     |
|    ep_rew_mean     | -13.7    |
| time/              |          |
|    episodes        | 120      |
|    fps             | 0        |
|    time_elapsed    | 10449    |
|    total_timesteps | 8973     |
| train/             |          |
|    actor_loss      | 1.59     |
|    critic_loss     | 3.77     |
|    ent_coef        | 0.005    |
|    learning_rate   | 0.0001   |
|    n_updates       | 6972     |
---------------------------------
---------------------------------
| rollout/           |          |
|    ep_len_mean     | 81.6     |
|    ep_rew_mean     | -12.2    |
| time/              |          |
|    episodes        | 124      |
|    fps             | 0        |
|    time_elapsed    | 11141    |
|    total_timesteps | 9443     |
| train/             |          |
|    actor_loss      | 1.62     |
|    critic_loss     | 0.74     |
|    ent_coef        | 0.005    |
|    learning_rate   | 0.0001   |
|    n_updates       | 7442     |
---------------------------------
---------------------------------
| rollout/           |          |
|    ep_len_mean     | 82.7     |
|    ep_rew_mean     | -11.2    |
| time/              |          |
|    episodes        | 128      |
|    fps             | 0        |
|    time_elapsed    | 11690    |
|    total_timesteps | 9792     |
| train/             |          |
|    actor_loss      | 1.63     |
|    critic_loss     | 1.55     |
|    ent_coef        | 0.005    |
|    learning_rate   | 0.0001   |
|    n_updates       | 7791     |
---------------------------------
---------------------------------
| rollout/           |          |
|    ep_len_mean     | 84       |
|    ep_rew_mean     | -11      |
| time/              |          |
|    episodes        | 132      |
|    fps             | 0        |
|    time_elapsed    | 12166    |
|    total_timesteps | 10103    |
| train/             |          |
|    actor_loss      | 1.93     |
|    critic_loss     | 0.697    |
|    ent_coef        | 0.005    |
|    learning_rate   | 0.0001   |
|    n_updates       | 8102     |
---------------------------------
---------------------------------
| rollout/           |          |
|    ep_len_mean     | 86.2     |
|    ep_rew_mean     | -9.92    |
| time/              |          |
|    episodes        | 136      |
|    fps             | 0        |
|    time_elapsed    | 12807    |
|    total_timesteps | 10509    |
| train/             |          |
|    actor_loss      | 1.92     |
|    critic_loss     | 0.673    |
|    ent_coef        | 0.005    |
|    learning_rate   | 0.0001   |
|    n_updates       | 8508     |
---------------------------------
---------------------------------
| rollout/           |          |
|    ep_len_mean     | 89.5     |
|    ep_rew_mean     | -8.08    |
| time/              |          |
|    episodes        | 140      |
|    fps             | 0        |
|    time_elapsed    | 13529    |
|    total_timesteps | 10966    |
| train/             |          |
|    actor_loss      | 1.7      |
|    critic_loss     | 1.33     |
|    ent_coef        | 0.005    |
|    learning_rate   | 0.0001   |
|    n_updates       | 8965     |
---------------------------------
---------------------------------
| rollout/           |          |
|    ep_len_mean     | 92.3     |
|    ep_rew_mean     | -7.19    |
| time/              |          |
|    episodes        | 144      |
|    fps             | 0        |
|    time_elapsed    | 14332    |
|    total_timesteps | 11473    |
| train/             |          |
|    actor_loss      | 1.69     |
|    critic_loss     | 0.412    |
|    ent_coef        | 0.005    |
|    learning_rate   | 0.0001   |
|    n_updates       | 9472     |
---------------------------------
---------------------------------
| rollout/           |          |
|    ep_len_mean     | 94.5     |
|    ep_rew_mean     | -6.41    |
| time/              |          |
|    episodes        | 148      |
|    fps             | 0        |
|    time_elapsed    | 14942    |
|    total_timesteps | 11856    |
| train/             |          |
|    actor_loss      | 1.98     |
|    critic_loss     | 0.684    |
|    ent_coef        | 0.005    |
|    learning_rate   | 0.0001   |
|    n_updates       | 9855     |
---------------------------------
---------------------------------
| rollout/           |          |
|    ep_len_mean     | 95.3     |
|    ep_rew_mean     | -5.88    |
| time/              |          |
|    episodes        | 152      |
|    fps             | 0        |
|    time_elapsed    | 15542    |
|    total_timesteps | 12230    |
| train/             |          |
|    actor_loss      | 1.57     |
|    critic_loss     | 1.3      |
|    ent_coef        | 0.005    |
|    learning_rate   | 0.0001   |
|    n_updates       | 10229    |
---------------------------------
---------------------------------
| rollout/           |          |
|    ep_len_mean     | 93.9     |
|    ep_rew_mean     | -5.69    |
| time/              |          |
|    episodes        | 156      |
|    fps             | 0        |
|    time_elapsed    | 16095    |
|    total_timesteps | 12576    |
| train/             |          |
|    actor_loss      | 1.68     |
|    critic_loss     | 0.642    |
|    ent_coef        | 0.005    |
|    learning_rate   | 0.0001   |
|    n_updates       | 10575    |
---------------------------------
---------------------------------
| rollout/           |          |
|    ep_len_mean     | 93.4     |
|    ep_rew_mean     | -5.66    |
| time/              |          |
|    episodes        | 160      |
|    fps             | 0        |
|    time_elapsed    | 16702    |
|    total_timesteps | 12961    |
| train/             |          |
|    actor_loss      | 1.98     |
|    critic_loss     | 0.763    |
|    ent_coef        | 0.005    |
|    learning_rate   | 0.0001   |
|    n_updates       | 10960    |
---------------------------------
---------------------------------
| rollout/           |          |
|    ep_len_mean     | 92.1     |
|    ep_rew_mean     | -5.73    |
| time/              |          |
|    episodes        | 164      |
|    fps             | 0        |
|    time_elapsed    | 17258    |
|    total_timesteps | 13316    |
| train/             |          |
|    actor_loss      | 1.32     |
|    critic_loss     | 0.7      |
|    ent_coef        | 0.005    |
|    learning_rate   | 0.0001   |
|    n_updates       | 11315    |
---------------------------------
---------------------------------
| rollout/           |          |
|    ep_len_mean     | 92.8     |
|    ep_rew_mean     | -5.59    |
| time/              |          |
|    episodes        | 168      |
|    fps             | 0        |
|    time_elapsed    | 17942    |
|    total_timesteps | 13746    |
| train/             |          |
|    actor_loss      | 1.87     |
|    critic_loss     | 0.672    |
|    ent_coef        | 0.005    |
|    learning_rate   | 0.0001   |
|    n_updates       | 11745    |
---------------------------------
---------------------------------
| rollout/           |          |
|    ep_len_mean     | 89       |
|    ep_rew_mean     | -5.34    |
| time/              |          |
|    episodes        | 172      |
|    fps             | 0        |
|    time_elapsed    | 18254    |
|    total_timesteps | 13946    |
| train/             |          |
|    actor_loss      | 1.63     |
|    critic_loss     | 1.34     |
|    ent_coef        | 0.005    |
|    learning_rate   | 0.0001   |
|    n_updates       | 11945    |
---------------------------------
---------------------------------
| rollout/           |          |
|    ep_len_mean     | 86.8     |
|    ep_rew_mean     | -5.06    |
| time/              |          |
|    episodes        | 176      |
|    fps             | 0        |
|    time_elapsed    | 18708    |
|    total_timesteps | 14241    |
| train/             |          |
|    actor_loss      | 1.45     |
|    critic_loss     | 0.381    |
|    ent_coef        | 0.005    |
|    learning_rate   | 0.0001   |
|    n_updates       | 12240    |
---------------------------------
---------------------------------
| rollout/           |          |
|    ep_len_mean     | 86.7     |
|    ep_rew_mean     | -4.88    |
| time/              |          |
|    episodes        | 180      |
|    fps             | 0        |
|    time_elapsed    | 19380    |
|    total_timesteps | 14643    |
| train/             |          |
|    actor_loss      | 1.11     |
|    critic_loss     | 0.498    |
|    ent_coef        | 0.005    |
|    learning_rate   | 0.0001   |
|    n_updates       | 12642    |
---------------------------------
---------------------------------
| rollout/           |          |
|    ep_len_mean     | 88.2     |
|    ep_rew_mean     | -4.5     |
| time/              |          |
|    episodes        | 184      |
|    fps             | 0        |
|    time_elapsed    | 20404    |
|    total_timesteps | 15212    |
| train/             |          |
|    actor_loss      | 1.06     |
|    critic_loss     | 0.522    |
|    ent_coef        | 0.005    |
|    learning_rate   | 0.0001   |
|    n_updates       | 13211    |
---------------------------------
---------------------------------
| rollout/           |          |
|    ep_len_mean     | 90.2     |
|    ep_rew_mean     | -4.33    |
| time/              |          |
|    episodes        | 188      |
|    fps             | 0        |
|    time_elapsed    | 21249    |
|    total_timesteps | 15687    |
| train/             |          |
|    actor_loss      | 1.62     |
|    critic_loss     | 0.277    |
|    ent_coef        | 0.005    |
|    learning_rate   | 0.0001   |
|    n_updates       | 13686    |
---------------------------------
---------------------------------
| rollout/           |          |
|    ep_len_mean     | 92.5     |
|    ep_rew_mean     | -4.16    |
| time/              |          |
|    episodes        | 192      |
|    fps             | 0        |
|    time_elapsed    | 21990    |
|    total_timesteps | 16115    |
| train/             |          |
|    actor_loss      | 1.25     |
|    critic_loss     | 1.01     |
|    ent_coef        | 0.005    |
|    learning_rate   | 0.0001   |
|    n_updates       | 14114    |
---------------------------------
---------------------------------
| rollout/           |          |
|    ep_len_mean     | 94.8     |
|    ep_rew_mean     | -4.69    |
| time/              |          |
|    episodes        | 196      |
|    fps             | 0        |
|    time_elapsed    | 22799    |
|    total_timesteps | 16599    |
| train/             |          |
|    actor_loss      | 1.79     |
|    critic_loss     | 0.237    |
|    ent_coef        | 0.005    |
|    learning_rate   | 0.0001   |
|    n_updates       | 14598    |
---------------------------------
---------------------------------
| rollout/           |          |
|    ep_len_mean     | 96.5     |
|    ep_rew_mean     | -4.3     |
| time/              |          |
|    episodes        | 200      |
|    fps             | 0        |
|    time_elapsed    | 23550    |
|    total_timesteps | 17046    |
| train/             |          |
|    actor_loss      | 1.09     |
|    critic_loss     | 0.472    |
|    ent_coef        | 0.005    |
|    learning_rate   | 0.0001   |
|    n_updates       | 15045    |
---------------------------------
---------------------------------
| rollout/           |          |
|    ep_len_mean     | 98.8     |
|    ep_rew_mean     | -3.69    |
| time/              |          |
|    episodes        | 204      |
|    fps             | 0        |
|    time_elapsed    | 24485    |
|    total_timesteps | 17592    |
| train/             |          |
|    actor_loss      | 1.19     |
|    critic_loss     | 0.759    |
|    ent_coef        | 0.005    |
|    learning_rate   | 0.0001   |
|    n_updates       | 15591    |
---------------------------------
---------------------------------
| rollout/           |          |
|    ep_len_mean     | 99.6     |
|    ep_rew_mean     | -4.57    |
| time/              |          |
|    episodes        | 208      |
|    fps             | 0        |
|    time_elapsed    | 25173    |
|    total_timesteps | 17987    |
| train/             |          |
|    actor_loss      | 1.39     |
|    critic_loss     | 0.268    |
|    ent_coef        | 0.005    |
|    learning_rate   | 0.0001   |
|    n_updates       | 15986    |
---------------------------------
---------------------------------
| rollout/           |          |
|    ep_len_mean     | 100      |
|    ep_rew_mean     | -4.37    |
| time/              |          |
|    episodes        | 212      |
|    fps             | 0        |
|    time_elapsed    | 25779    |
|    total_timesteps | 18333    |
| train/             |          |
|    actor_loss      | 1.18     |
|    critic_loss     | 0.201    |
|    ent_coef        | 0.005    |
|    learning_rate   | 0.0001   |
|    n_updates       | 16332    |
---------------------------------
---------------------------------
| rollout/           |          |
|    ep_len_mean     | 99.4     |
|    ep_rew_mean     | -4.49    |
| time/              |          |
|    episodes        | 216      |
|    fps             | 0        |
|    time_elapsed    | 26281    |
|    total_timesteps | 18629    |
| train/             |          |
|    actor_loss      | 1.83     |
|    critic_loss     | 0.51     |
|    ent_coef        | 0.005    |
|    learning_rate   | 0.0001   |
|    n_updates       | 16628    |
---------------------------------
---------------------------------
| rollout/           |          |
|    ep_len_mean     | 97.9     |
|    ep_rew_mean     | -5.07    |
| time/              |          |
|    episodes        | 220      |
|    fps             | 0        |
|    time_elapsed    | 26510    |
|    total_timesteps | 18762    |
| train/             |          |
|    actor_loss      | 1.19     |
|    critic_loss     | 0.221    |
|    ent_coef        | 0.005    |
|    learning_rate   | 0.0001   |
|    n_updates       | 16761    |
---------------------------------
---------------------------------
| rollout/           |          |
|    ep_len_mean     | 99.2     |
|    ep_rew_mean     | -5.38    |
| time/              |          |
|    episodes        | 224      |
|    fps             | 0        |
|    time_elapsed    | 27564    |
|    total_timesteps | 19362    |
| train/             |          |
|    actor_loss      | 1.19     |
|    critic_loss     | 0.282    |
|    ent_coef        | 0.005    |
|    learning_rate   | 0.0001   |
|    n_updates       | 17361    |
---------------------------------
---------------------------------
| rollout/           |          |
|    ep_len_mean     | 98.8     |
|    ep_rew_mean     | -6.02    |
| time/              |          |
|    episodes        | 228      |
|    fps             | 0        |
|    time_elapsed    | 28080    |
|    total_timesteps | 19667    |
| train/             |          |
|    actor_loss      | 1.22     |
|    critic_loss     | 0.382    |
|    ent_coef        | 0.005    |
|    learning_rate   | 0.0001   |
|    n_updates       | 17666    |
---------------------------------
---------------------------------
| rollout/           |          |
|    ep_len_mean     | 101      |
|    ep_rew_mean     | -4.64    |
| time/              |          |
|    episodes        | 232      |
|    fps             | 0        |
|    time_elapsed    | 29055    |
|    total_timesteps | 20231    |
| train/             |          |
|    actor_loss      | 0.972    |
|    critic_loss     | 0.196    |
|    ent_coef        | 0.005    |
|    learning_rate   | 0.0001   |
|    n_updates       | 18230    |
---------------------------------
---------------------------------
| rollout/           |          |
|    ep_len_mean     | 101      |
|    ep_rew_mean     | -5       |
| time/              |          |
|    episodes        | 236      |
|    fps             | 0        |
|    time_elapsed    | 29642    |
|    total_timesteps | 20577    |
| train/             |          |
|    actor_loss      | 1.53     |
|    critic_loss     | 0.259    |
|    ent_coef        | 0.005    |
|    learning_rate   | 0.0001   |
|    n_updates       | 18576    |
---------------------------------
---------------------------------
| rollout/           |          |
|    ep_len_mean     | 99.8     |
|    ep_rew_mean     | -5.78    |
| time/              |          |
|    episodes        | 240      |
|    fps             | 0        |
|    time_elapsed    | 30133    |
|    total_timesteps | 20948    |
| train/             |          |
|    actor_loss      | 0.66     |
|    critic_loss     | 0.164    |
|    ent_coef        | 0.005    |
|    learning_rate   | 0.0001   |
|    n_updates       | 18947    |
---------------------------------
---------------------------------
| rollout/           |          |
|    ep_len_mean     | 101      |
|    ep_rew_mean     | -5.34    |
| time/              |          |
|    episodes        | 244      |
|    fps             | 0        |
|    time_elapsed    | 30886    |
|    total_timesteps | 21536    |
| train/             |          |
|    actor_loss      | 1.95     |
|    critic_loss     | 0.45     |
|    ent_coef        | 0.005    |
|    learning_rate   | 0.0001   |
|    n_updates       | 19535    |
---------------------------------
---------------------------------
| rollout/           |          |
|    ep_len_mean     | 101      |
|    ep_rew_mean     | -5.68    |
| time/              |          |
|    episodes        | 248      |
|    fps             | 0        |
|    time_elapsed    | 31580    |
|    total_timesteps | 21942    |
| train/             |          |
|    actor_loss      | 1.26     |
|    critic_loss     | 0.284    |
|    ent_coef        | 0.005    |
|    learning_rate   | 0.0001   |
|    n_updates       | 19941    |
---------------------------------
---------------------------------
| rollout/           |          |
|    ep_len_mean     | 103      |
|    ep_rew_mean     | -5.17    |
| time/              |          |
|    episodes        | 252      |
|    fps             | 0        |
|    time_elapsed    | 32472    |
|    total_timesteps | 22490    |
| train/             |          |
|    actor_loss      | 1.12     |
|    critic_loss     | 0.201    |
|    ent_coef        | 0.005    |
|    learning_rate   | 0.0001   |
|    n_updates       | 20489    |
---------------------------------
---------------------------------
| rollout/           |          |
|    ep_len_mean     | 105      |
|    ep_rew_mean     | -4.38    |
| time/              |          |
|    episodes        | 256      |
|    fps             | 0        |
|    time_elapsed    | 33361    |
|    total_timesteps | 23029    |
| train/             |          |
|    actor_loss      | 1.61     |
|    critic_loss     | 0.589    |
|    ent_coef        | 0.005    |
|    learning_rate   | 0.0001   |
|    n_updates       | 21028    |
---------------------------------
---------------------------------
| rollout/           |          |
|    ep_len_mean     | 103      |
|    ep_rew_mean     | -4.83    |
| time/              |          |
|    episodes        | 260      |
|    fps             | 0        |
|    time_elapsed    | 33803    |
|    total_timesteps | 23296    |
| train/             |          |
|    actor_loss      | 1.09     |
|    critic_loss     | 0.146    |
|    ent_coef        | 0.005    |
|    learning_rate   | 0.0001   |
|    n_updates       | 21295    |
---------------------------------
---------------------------------
| rollout/           |          |
|    ep_len_mean     | 104      |
|    ep_rew_mean     | -4.63    |
| time/              |          |
|    episodes        | 264      |
|    fps             | 0        |
|    time_elapsed    | 34553    |
|    total_timesteps | 23720    |
| train/             |          |
|    actor_loss      | 1.32     |
|    critic_loss     | 0.181    |
|    ent_coef        | 0.005    |
|    learning_rate   | 0.0001   |
|    n_updates       | 21719    |
---------------------------------
---------------------------------
| rollout/           |          |
|    ep_len_mean     | 103      |
|    ep_rew_mean     | -4.87    |
| time/              |          |
|    episodes        | 268      |
|    fps             | 0        |
|    time_elapsed    | 35150    |
|    total_timesteps | 24061    |
| train/             |          |
|    actor_loss      | 1.04     |
|    critic_loss     | 0.325    |
|    ent_coef        | 0.005    |
|    learning_rate   | 0.0001   |
|    n_updates       | 22060    |
---------------------------------
---------------------------------
| rollout/           |          |
|    ep_len_mean     | 105      |
|    ep_rew_mean     | -4.18    |
| time/              |          |
|    episodes        | 272      |
|    fps             | 0        |
|    time_elapsed    | 35734    |
|    total_timesteps | 24399    |
| train/             |          |
|    actor_loss      | 2.25     |
|    critic_loss     | 0.378    |
|    ent_coef        | 0.005    |
|    learning_rate   | 0.0001   |
|    n_updates       | 22398    |
---------------------------------
---------------------------------
| rollout/           |          |
|    ep_len_mean     | 107      |
|    ep_rew_mean     | -4.37    |
| time/              |          |
|    episodes        | 276      |
|    fps             | 0        |
|    time_elapsed    | 36629    |
|    total_timesteps | 24919    |
| train/             |          |
|    actor_loss      | 1.78     |
|    critic_loss     | 0.684    |
|    ent_coef        | 0.005    |
|    learning_rate   | 0.0001   |
|    n_updates       | 22918    |
---------------------------------
---------------------------------
| rollout/           |          |
|    ep_len_mean     | 106      |
|    ep_rew_mean     | -3.46    |
| time/              |          |
|    episodes        | 280      |
|    fps             | 0        |
|    time_elapsed    | 37156    |
|    total_timesteps | 25217    |
| train/             |          |
|    actor_loss      | 1.15     |
|    critic_loss     | 0.154    |
|    ent_coef        | 0.005    |
|    learning_rate   | 0.0001   |
|    n_updates       | 23216    |
---------------------------------
---------------------------------
| rollout/           |          |
|    ep_len_mean     | 104      |
|    ep_rew_mean     | -4.45    |
| time/              |          |
|    episodes        | 284      |
|    fps             | 0        |
|    time_elapsed    | 37822    |
|    total_timesteps | 25604    |
| train/             |          |
|    actor_loss      | 0.771    |
|    critic_loss     | 0.237    |
|    ent_coef        | 0.005    |
|    learning_rate   | 0.0001   |
|    n_updates       | 23603    |
---------------------------------
---------------------------------
| rollout/           |          |
|    ep_len_mean     | 103      |
|    ep_rew_mean     | -4.69    |
| time/              |          |
|    episodes        | 288      |
|    fps             | 0        |
|    time_elapsed    | 38334    |
|    total_timesteps | 25966    |
| train/             |          |
|    actor_loss      | 1.06     |
|    critic_loss     | 0.173    |
|    ent_coef        | 0.005    |
|    learning_rate   | 0.0001   |
|    n_updates       | 23965    |
---------------------------------
---------------------------------
| rollout/           |          |
|    ep_len_mean     | 103      |
|    ep_rew_mean     | -5.34    |
| time/              |          |
|    episodes        | 292      |
|    fps             | 0        |
|    time_elapsed    | 38879    |
|    total_timesteps | 26369    |
| train/             |          |
|    actor_loss      | 1.02     |
|    critic_loss     | 0.406    |
|    ent_coef        | 0.005    |
|    learning_rate   | 0.0001   |
|    n_updates       | 24368    |
---------------------------------
---------------------------------
| rollout/           |          |
|    ep_len_mean     | 103      |
|    ep_rew_mean     | -4.64    |
| time/              |          |
|    episodes        | 296      |
|    fps             | 0        |
|    time_elapsed    | 39713    |
|    total_timesteps | 26898    |
| train/             |          |
|    actor_loss      | 0.69     |
|    critic_loss     | 0.273    |
|    ent_coef        | 0.005    |
|    learning_rate   | 0.0001   |
|    n_updates       | 24897    |
---------------------------------
---------------------------------
| rollout/           |          |
|    ep_len_mean     | 103      |
|    ep_rew_mean     | -3.92    |
| time/              |          |
|    episodes        | 300      |
|    fps             | 0        |
|    time_elapsed    | 40368    |
|    total_timesteps | 27316    |
| train/             |          |
|    actor_loss      | 1.05     |
|    critic_loss     | 0.248    |
|    ent_coef        | 0.005    |
|    learning_rate   | 0.0001   |
|    n_updates       | 25315    |
---------------------------------
---------------------------------
| rollout/           |          |
|    ep_len_mean     | 100      |
|    ep_rew_mean     | -4.43    |
| time/              |          |
|    episodes        | 304      |
|    fps             | 0        |
|    time_elapsed    | 40832    |
|    total_timesteps | 27598    |
| train/             |          |
|    actor_loss      | 0.771    |
|    critic_loss     | 0.206    |
|    ent_coef        | 0.005    |
|    learning_rate   | 0.0001   |
|    n_updates       | 25597    |
---------------------------------
---------------------------------
| rollout/           |          |
|    ep_len_mean     | 101      |
|    ep_rew_mean     | -3.31    |
| time/              |          |
|    episodes        | 308      |
|    fps             | 0        |
|    time_elapsed    | 41770    |
|    total_timesteps | 28105    |
| train/             |          |
|    actor_loss      | 1.11     |
|    critic_loss     | 0.411    |
|    ent_coef        | 0.005    |
|    learning_rate   | 0.0001   |
|    n_updates       | 26104    |
---------------------------------
---------------------------------
| rollout/           |          |
|    ep_len_mean     | 99.5     |
|    ep_rew_mean     | -3.62    |
| time/              |          |
|    episodes        | 312      |
|    fps             | 0        |
|    time_elapsed    | 42076    |
|    total_timesteps | 28283    |
| train/             |          |
|    actor_loss      | 1.48     |
|    critic_loss     | 0.223    |
|    ent_coef        | 0.005    |
|    learning_rate   | 0.0001   |
|    n_updates       | 26282    |
---------------------------------
---------------------------------
| rollout/           |          |
|    ep_len_mean     | 101      |
|    ep_rew_mean     | -1.93    |
| time/              |          |
|    episodes        | 316      |
|    fps             | 0        |
|    time_elapsed    | 42571    |
|    total_timesteps | 28700    |
| train/             |          |
|    actor_loss      | 1.59     |
|    critic_loss     | 0.34     |
|    ent_coef        | 0.005    |
|    learning_rate   | 0.0001   |
|    n_updates       | 26699    |
---------------------------------
---------------------------------
| rollout/           |          |
|    ep_len_mean     | 103      |
|    ep_rew_mean     | -0.567   |
| time/              |          |
|    episodes        | 320      |
|    fps             | 0        |
|    time_elapsed    | 42979    |
|    total_timesteps | 29046    |
| train/             |          |
|    actor_loss      | 1.17     |
|    critic_loss     | 0.7      |
|    ent_coef        | 0.005    |
|    learning_rate   | 0.0001   |
|    n_updates       | 27045    |
---------------------------------
---------------------------------
| rollout/           |          |
|    ep_len_mean     | 100      |
|    ep_rew_mean     | -1.14    |
| time/              |          |
|    episodes        | 324      |
|    fps             | 0        |
|    time_elapsed    | 43390    |
|    total_timesteps | 29392    |
| train/             |          |
|    actor_loss      | 0.624    |
|    critic_loss     | 0.34     |
|    ent_coef        | 0.005    |
|    learning_rate   | 0.0001   |
|    n_updates       | 27391    |
---------------------------------
---------------------------------
| rollout/           |          |
|    ep_len_mean     | 100      |
|    ep_rew_mean     | -0.931   |
| time/              |          |
|    episodes        | 328      |
|    fps             | 0        |
|    time_elapsed    | 43725    |
|    total_timesteps | 29673    |
| train/             |          |
|    actor_loss      | 0.188    |
|    critic_loss     | 0.189    |
|    ent_coef        | 0.005    |
|    learning_rate   | 0.0001   |
|    n_updates       | 27672    |
---------------------------------
---------------------------------
| rollout/           |          |
|    ep_len_mean     | 98.4     |
|    ep_rew_mean     | -1.28    |
| time/              |          |
|    episodes        | 332      |
|    fps             | 0        |
|    time_elapsed    | 44209    |
|    total_timesteps | 30072    |
| train/             |          |
|    actor_loss      | 1.05     |
|    critic_loss     | 0.606    |
|    ent_coef        | 0.005    |
|    learning_rate   | 0.0001   |
|    n_updates       | 28071    |
---------------------------------
---------------------------------
| rollout/           |          |
|    ep_len_mean     | 98.6     |
|    ep_rew_mean     | -0.966   |
| time/              |          |
|    episodes        | 336      |
|    fps             | 0        |
|    time_elapsed    | 44640    |
|    total_timesteps | 30437    |
| train/             |          |
|    actor_loss      | 0.739    |
|    critic_loss     | 0.155    |
|    ent_coef        | 0.005    |
|    learning_rate   | 0.0001   |
|    n_updates       | 28436    |
---------------------------------
---------------------------------
| rollout/           |          |
|    ep_len_mean     | 99.9     |
|    ep_rew_mean     | -0.0513  |
| time/              |          |
|    episodes        | 340      |
|    fps             | 0        |
|    time_elapsed    | 45240    |
|    total_timesteps | 30942    |
| train/             |          |
|    actor_loss      | 1.48     |
|    critic_loss     | 0.333    |
|    ent_coef        | 0.005    |
|    learning_rate   | 0.0001   |
|    n_updates       | 28941    |
---------------------------------
---------------------------------
| rollout/           |          |
|    ep_len_mean     | 96.4     |
|    ep_rew_mean     | -0.525   |
| time/              |          |
|    episodes        | 344      |
|    fps             | 0        |
|    time_elapsed    | 45519    |
|    total_timesteps | 31179    |
| train/             |          |
|    actor_loss      | 2.19     |
|    critic_loss     | 0.737    |
|    ent_coef        | 0.005    |
|    learning_rate   | 0.0001   |
|    n_updates       | 29178    |
---------------------------------
---------------------------------
| rollout/           |          |
|    ep_len_mean     | 96.2     |
|    ep_rew_mean     | 0.249    |
| time/              |          |
|    episodes        | 348      |
|    fps             | 0        |
|    time_elapsed    | 45977    |
|    total_timesteps | 31567    |
| train/             |          |
|    actor_loss      | 1.1      |
|    critic_loss     | 0.232    |
|    ent_coef        | 0.005    |
|    learning_rate   | 0.0001   |
|    n_updates       | 29566    |
---------------------------------
---------------------------------
| rollout/           |          |
|    ep_len_mean     | 93.3     |
|    ep_rew_mean     | 0.38     |
| time/              |          |
|    episodes        | 352      |
|    fps             | 0        |
|    time_elapsed    | 46276    |
|    total_timesteps | 31822    |
| train/             |          |
|    actor_loss      | 1.8      |
|    critic_loss     | 0.452    |
|    ent_coef        | 0.005    |
|    learning_rate   | 0.0001   |
|    n_updates       | 29821    |
---------------------------------
---------------------------------
| rollout/           |          |
|    ep_len_mean     | 90       |
|    ep_rew_mean     | -0.913   |
| time/              |          |
|    episodes        | 356      |
|    fps             | 0        |
|    time_elapsed    | 46515    |
|    total_timesteps | 32033    |
| train/             |          |
|    actor_loss      | 1.4      |
|    critic_loss     | 0.291    |
|    ent_coef        | 0.005    |
|    learning_rate   | 0.0001   |
|    n_updates       | 30032    |
---------------------------------
---------------------------------
| rollout/           |          |
|    ep_len_mean     | 92.2     |
|    ep_rew_mean     | 0.949    |
| time/              |          |
|    episodes        | 360      |
|    fps             | 0        |
|    time_elapsed    | 47098    |
|    total_timesteps | 32520    |
| train/             |          |
|    actor_loss      | 0.765    |
|    critic_loss     | 0.27     |
|    ent_coef        | 0.005    |
|    learning_rate   | 0.0001   |
|    n_updates       | 30519    |
---------------------------------
---------------------------------
| rollout/           |          |
|    ep_len_mean     | 91.6     |
|    ep_rew_mean     | 1.83     |
| time/              |          |
|    episodes        | 364      |
|    fps             | 0        |
|    time_elapsed    | 47522    |
|    total_timesteps | 32880    |
| train/             |          |
|    actor_loss      | 0.441    |
|    critic_loss     | 0.194    |
|    ent_coef        | 0.005    |
|    learning_rate   | 0.0001   |
|    n_updates       | 30879    |
---------------------------------
---------------------------------
| rollout/           |          |
|    ep_len_mean     | 90.9     |
|    ep_rew_mean     | 2.96     |
| time/              |          |
|    episodes        | 368      |
|    fps             | 0        |
|    time_elapsed    | 47839    |
|    total_timesteps | 33148    |
| train/             |          |
|    actor_loss      | -0.216   |
|    critic_loss     | 0.378    |
|    ent_coef        | 0.005    |
|    learning_rate   | 0.0001   |
|    n_updates       | 31147    |
---------------------------------
---------------------------------
| rollout/           |          |
|    ep_len_mean     | 90.9     |
|    ep_rew_mean     | -0.118   |
| time/              |          |
|    episodes        | 372      |
|    fps             | 0        |
|    time_elapsed    | 48223    |
|    total_timesteps | 33487    |
| train/             |          |
|    actor_loss      | 0.903    |
|    critic_loss     | 0.368    |
|    ent_coef        | 0.005    |
|    learning_rate   | 0.0001   |
|    n_updates       | 31486    |
---------------------------------
---------------------------------
| rollout/           |          |
|    ep_len_mean     | 89.6     |
|    ep_rew_mean     | 0.916    |
| time/              |          |
|    episodes        | 376      |
|    fps             | 0        |
|    time_elapsed    | 48692    |
|    total_timesteps | 33883    |
| train/             |          |
|    actor_loss      | 0.503    |
|    critic_loss     | 0.313    |
|    ent_coef        | 0.005    |
|    learning_rate   | 0.0001   |
|    n_updates       | 31882    |
---------------------------------
---------------------------------
| rollout/           |          |
|    ep_len_mean     | 89.2     |
|    ep_rew_mean     | 0.38     |
| time/              |          |
|    episodes        | 380      |
|    fps             | 0        |
|    time_elapsed    | 48995    |
|    total_timesteps | 34141    |
| train/             |          |
|    actor_loss      | -0.0287  |
|    critic_loss     | 0.224    |
|    ent_coef        | 0.005    |
|    learning_rate   | 0.0001   |
|    n_updates       | 32140    |
---------------------------------
---------------------------------
| rollout/           |          |
|    ep_len_mean     | 89.1     |
|    ep_rew_mean     | 0.669    |
| time/              |          |
|    episodes        | 384      |
|    fps             | 0        |
|    time_elapsed    | 49437    |
|    total_timesteps | 34513    |
| train/             |          |
|    actor_loss      | 0.687    |
|    critic_loss     | 0.211    |
|    ent_coef        | 0.005    |
|    learning_rate   | 0.0001   |
|    n_updates       | 32512    |
---------------------------------
---------------------------------
| rollout/           |          |
|    ep_len_mean     | 89.6     |
|    ep_rew_mean     | 1.73     |
| time/              |          |
|    episodes        | 388      |
|    fps             | 0        |
|    time_elapsed    | 49930    |
|    total_timesteps | 34930    |
| train/             |          |
|    actor_loss      | 0.493    |
|    critic_loss     | 0.18     |
|    ent_coef        | 0.005    |
|    learning_rate   | 0.0001   |
|    n_updates       | 32929    |
---------------------------------
---------------------------------
| rollout/           |          |
|    ep_len_mean     | 88.6     |
|    ep_rew_mean     | 2.37     |
| time/              |          |
|    episodes        | 392      |
|    fps             | 0        |
|    time_elapsed    | 50282    |
|    total_timesteps | 35227    |
| train/             |          |
|    actor_loss      | 0.297    |
|    critic_loss     | 0.437    |
|    ent_coef        | 0.005    |
|    learning_rate   | 0.0001   |
|    n_updates       | 33226    |
---------------------------------
---------------------------------
| rollout/           |          |
|    ep_len_mean     | 88.4     |
|    ep_rew_mean     | 2.31     |
| time/              |          |
|    episodes        | 396      |
|    fps             | 0        |
|    time_elapsed    | 50892    |
|    total_timesteps | 35734    |
| train/             |          |
|    actor_loss      | -0.238   |
|    critic_loss     | 0.518    |
|    ent_coef        | 0.005    |
|    learning_rate   | 0.0001   |
|    n_updates       | 33733    |
---------------------------------
---------------------------------
| rollout/           |          |
|    ep_len_mean     | 87.7     |
|    ep_rew_mean     | 2.47     |
| time/              |          |
|    episodes        | 400      |
|    fps             | 0        |
|    time_elapsed    | 51304    |
|    total_timesteps | 36083    |
| train/             |          |
|    actor_loss      | 0.271    |
|    critic_loss     | 0.179    |
|    ent_coef        | 0.005    |
|    learning_rate   | 0.0001   |
|    n_updates       | 34082    |
---------------------------------
---------------------------------
| rollout/           |          |
|    ep_len_mean     | 88.6     |
|    ep_rew_mean     | 2.85     |
| time/              |          |
|    episodes        | 404      |
|    fps             | 0        |
|    time_elapsed    | 51757    |
|    total_timesteps | 36460    |
| train/             |          |
|    actor_loss      | 0.167    |
|    critic_loss     | 0.348    |
|    ent_coef        | 0.005    |
|    learning_rate   | 0.0001   |
|    n_updates       | 34459    |
---------------------------------
---------------------------------
| rollout/           |          |
|    ep_len_mean     | 85.4     |
|    ep_rew_mean     | 1.67     |
| time/              |          |
|    episodes        | 408      |
|    fps             | 0        |
|    time_elapsed    | 51978    |
|    total_timesteps | 36648    |
| train/             |          |
|    actor_loss      | 1.21     |
|    critic_loss     | 0.238    |
|    ent_coef        | 0.005    |
|    learning_rate   | 0.0001   |
|    n_updates       | 34647    |
---------------------------------
---------------------------------
| rollout/           |          |
|    ep_len_mean     | 86.9     |
|    ep_rew_mean     | 2.19     |
| time/              |          |
|    episodes        | 412      |
|    fps             | 0        |
|    time_elapsed    | 52365    |
|    total_timesteps | 36976    |
| train/             |          |
|    actor_loss      | 0.299    |
|    critic_loss     | 0.3      |
|    ent_coef        | 0.005    |
|    learning_rate   | 0.0001   |
|    n_updates       | 34975    |
---------------------------------
---------------------------------
| rollout/           |          |
|    ep_len_mean     | 86.8     |
|    ep_rew_mean     | 2.41     |
| time/              |          |
|    episodes        | 416      |
|    fps             | 0        |
|    time_elapsed    | 52840    |
|    total_timesteps | 37382    |
| train/             |          |
|    actor_loss      | 0.311    |
|    critic_loss     | 0.376    |
|    ent_coef        | 0.005    |
|    learning_rate   | 0.0001   |
|    n_updates       | 35381    |
---------------------------------
---------------------------------
| rollout/           |          |
|    ep_len_mean     | 87.9     |
|    ep_rew_mean     | 2.44     |
| time/              |          |
|    episodes        | 420      |
|    fps             | 0        |
|    time_elapsed    | 53375    |
|    total_timesteps | 37838    |
| train/             |          |
|    actor_loss      | 0.917    |
|    critic_loss     | 0.371    |
|    ent_coef        | 0.005    |
|    learning_rate   | 0.0001   |
|    n_updates       | 35837    |
---------------------------------
---------------------------------
| rollout/           |          |
|    ep_len_mean     | 87.2     |
|    ep_rew_mean     | 2.79     |
| time/              |          |
|    episodes        | 424      |
|    fps             | 0        |
|    time_elapsed    | 53707    |
|    total_timesteps | 38116    |
| train/             |          |
|    actor_loss      | 0.687    |
|    critic_loss     | 0.268    |
|    ent_coef        | 0.005    |
|    learning_rate   | 0.0001   |
|    n_updates       | 36115    |
---------------------------------
---------------------------------
| rollout/           |          |
|    ep_len_mean     | 87.1     |
|    ep_rew_mean     | 3.01     |
| time/              |          |
|    episodes        | 428      |
|    fps             | 0        |
|    time_elapsed    | 54011    |
|    total_timesteps | 38380    |
| train/             |          |
|    actor_loss      | 0.0155   |
|    critic_loss     | 0.326    |
|    ent_coef        | 0.005    |
|    learning_rate   | 0.0001   |
|    n_updates       | 36379    |
---------------------------------
---------------------------------
| rollout/           |          |
|    ep_len_mean     | 86       |
|    ep_rew_mean     | 3.3      |
| time/              |          |
|    episodes        | 432      |
|    fps             | 0        |
|    time_elapsed    | 54358    |
|    total_timesteps | 38676    |
| train/             |          |
|    actor_loss      | 0.305    |
|    critic_loss     | 0.349    |
|    ent_coef        | 0.005    |
|    learning_rate   | 0.0001   |
|    n_updates       | 36675    |
---------------------------------
---------------------------------
| rollout/           |          |
|    ep_len_mean     | 83.7     |
|    ep_rew_mean     | 2.62     |
| time/              |          |
|    episodes        | 436      |
|    fps             | 0        |
|    time_elapsed    | 54512    |
|    total_timesteps | 38810    |
| train/             |          |
|    actor_loss      | 0.339    |
|    critic_loss     | 0.612    |
|    ent_coef        | 0.005    |
|    learning_rate   | 0.0001   |
|    n_updates       | 36809    |
---------------------------------
---------------------------------
| rollout/           |          |
|    ep_len_mean     | 83       |
|    ep_rew_mean     | 2.81     |
| time/              |          |
|    episodes        | 440      |
|    fps             | 0        |
|    time_elapsed    | 55017    |
|    total_timesteps | 39237    |
| train/             |          |
|    actor_loss      | 0.902    |
|    critic_loss     | 0.262    |
|    ent_coef        | 0.005    |
|    learning_rate   | 0.0001   |
|    n_updates       | 37236    |
---------------------------------
---------------------------------
| rollout/           |          |
|    ep_len_mean     | 83.5     |
|    ep_rew_mean     | 3.91     |
| time/              |          |
|    episodes        | 444      |
|    fps             | 0        |
|    time_elapsed    | 55363    |
|    total_timesteps | 39527    |
| train/             |          |
|    actor_loss      | 0.324    |
|    critic_loss     | 0.379    |
|    ent_coef        | 0.005    |
|    learning_rate   | 0.0001   |
|    n_updates       | 37526    |
---------------------------------
---------------------------------
| rollout/           |          |
|    ep_len_mean     | 81.9     |
|    ep_rew_mean     | 3.6      |
| time/              |          |
|    episodes        | 448      |
|    fps             | 0        |
|    time_elapsed    | 55630    |
|    total_timesteps | 39753    |
| train/             |          |
|    actor_loss      | 0.501    |
|    critic_loss     | 0.258    |
|    ent_coef        | 0.005    |
|    learning_rate   | 0.0001   |
|    n_updates       | 37752    |
---------------------------------
---------------------------------
| rollout/           |          |
|    ep_len_mean     | 82.9     |
|    ep_rew_mean     | 3.44     |
| time/              |          |
|    episodes        | 452      |
|    fps             | 0        |
|    time_elapsed    | 56055    |
|    total_timesteps | 40113    |
| train/             |          |
|    actor_loss      | 0.382    |
|    critic_loss     | 0.389    |
|    ent_coef        | 0.005    |
|    learning_rate   | 0.0001   |
|    n_updates       | 38112    |
---------------------------------
---------------------------------
| rollout/           |          |
|    ep_len_mean     | 84.1     |
|    ep_rew_mean     | 5.11     |
| time/              |          |
|    episodes        | 456      |
|    fps             | 0        |
|    time_elapsed    | 56446    |
|    total_timesteps | 40442    |
| train/             |          |
|    actor_loss      | 0.476    |
|    critic_loss     | 0.265    |
|    ent_coef        | 0.005    |
|    learning_rate   | 0.0001   |
|    n_updates       | 38441    |
---------------------------------
---------------------------------
| rollout/           |          |
|    ep_len_mean     | 82       |
|    ep_rew_mean     | 4.65     |
| time/              |          |
|    episodes        | 460      |
|    fps             | 0        |
|    time_elapsed    | 56780    |
|    total_timesteps | 40722    |
| train/             |          |
|    actor_loss      | 0.593    |
|    critic_loss     | 0.296    |
|    ent_coef        | 0.005    |
|    learning_rate   | 0.0001   |
|    n_updates       | 38721    |
---------------------------------
---------------------------------
| rollout/           |          |
|    ep_len_mean     | 81.9     |
|    ep_rew_mean     | 4.86     |
| time/              |          |
|    episodes        | 464      |
|    fps             | 0        |
|    time_elapsed    | 57199    |
|    total_timesteps | 41069    |
| train/             |          |
|    actor_loss      | -0.311   |
|    critic_loss     | 0.246    |
|    ent_coef        | 0.005    |
|    learning_rate   | 0.0001   |
|    n_updates       | 39068    |
---------------------------------
---------------------------------
| rollout/           |          |
|    ep_len_mean     | 82       |
|    ep_rew_mean     | 3.8      |
| time/              |          |
|    episodes        | 468      |
|    fps             | 0        |
|    time_elapsed    | 57515    |
|    total_timesteps | 41344    |
| train/             |          |
|    actor_loss      | 0.0559   |
|    critic_loss     | 0.311    |
|    ent_coef        | 0.005    |
|    learning_rate   | 0.0001   |
|    n_updates       | 39343    |
---------------------------------
---------------------------------
| rollout/           |          |
|    ep_len_mean     | 82.2     |
|    ep_rew_mean     | 8.04     |
| time/              |          |
|    episodes        | 472      |
|    fps             | 0        |
|    time_elapsed    | 57940    |
|    total_timesteps | 41708    |
| train/             |          |
|    actor_loss      | 0.0913   |
|    critic_loss     | 0.268    |
|    ent_coef        | 0.005    |
|    learning_rate   | 0.0001   |
|    n_updates       | 39707    |
---------------------------------
---------------------------------
| rollout/           |          |
|    ep_len_mean     | 80.4     |
|    ep_rew_mean     | 7.66     |
| time/              |          |
|    episodes        | 476      |
|    fps             | 0        |
|    time_elapsed    | 58203    |
|    total_timesteps | 41926    |
| train/             |          |
|    actor_loss      | 0.253    |
|    critic_loss     | 0.376    |
|    ent_coef        | 0.005    |
|    learning_rate   | 0.0001   |
|    n_updates       | 39925    |
---------------------------------
---------------------------------
| rollout/           |          |
|    ep_len_mean     | 80.9     |
|    ep_rew_mean     | 8.23     |
| time/              |          |
|    episodes        | 480      |
|    fps             | 0        |
|    time_elapsed    | 58565    |
|    total_timesteps | 42230    |
| train/             |          |
|    actor_loss      | 1.62     |
|    critic_loss     | 0.235    |
|    ent_coef        | 0.005    |
|    learning_rate   | 0.0001   |
|    n_updates       | 40229    |
---------------------------------
---------------------------------
| rollout/           |          |
|    ep_len_mean     | 80.7     |
|    ep_rew_mean     | 9.06     |
| time/              |          |
|    episodes        | 484      |
|    fps             | 0        |
|    time_elapsed    | 58969    |
|    total_timesteps | 42580    |
| train/             |          |
|    actor_loss      | 0.31     |
|    critic_loss     | 0.423    |
|    ent_coef        | 0.005    |
|    learning_rate   | 0.0001   |
|    n_updates       | 40579    |
---------------------------------
---------------------------------
| rollout/           |          |
|    ep_len_mean     | 80.3     |
|    ep_rew_mean     | 8.87     |
| time/              |          |
|    episodes        | 488      |
|    fps             | 0        |
|    time_elapsed    | 59420    |
|    total_timesteps | 42963    |
| train/             |          |
|    actor_loss      | -1.02    |
|    critic_loss     | 0.375    |
|    ent_coef        | 0.005    |
|    learning_rate   | 0.0001   |
|    n_updates       | 40962    |
---------------------------------
---------------------------------
| rollout/           |          |
|    ep_len_mean     | 80.1     |
|    ep_rew_mean     | 8.64     |
| time/              |          |
|    episodes        | 492      |
|    fps             | 0        |
|    time_elapsed    | 59744    |
|    total_timesteps | 43241    |
| train/             |          |
|    actor_loss      | -0.414   |
|    critic_loss     | 0.293    |
|    ent_coef        | 0.005    |
|    learning_rate   | 0.0001   |
|    n_updates       | 41240    |
---------------------------------
---------------------------------
| rollout/           |          |
|    ep_len_mean     | 78.9     |
|    ep_rew_mean     | 8.22     |
| time/              |          |
|    episodes        | 496      |
|    fps             | 0        |
|    time_elapsed    | 60199    |
|    total_timesteps | 43625    |
| train/             |          |
|    actor_loss      | -0.316   |
|    critic_loss     | 0.254    |
|    ent_coef        | 0.005    |
|    learning_rate   | 0.0001   |
|    n_updates       | 41624    |
---------------------------------
---------------------------------
| rollout/           |          |
|    ep_len_mean     | 78.2     |
|    ep_rew_mean     | 7.51     |
| time/              |          |
|    episodes        | 500      |
|    fps             | 0        |
|    time_elapsed    | 60517    |
|    total_timesteps | 43901    |
| train/             |          |
|    actor_loss      | -0.876   |
|    critic_loss     | 0.298    |
|    ent_coef        | 0.005    |
|    learning_rate   | 0.0001   |
|    n_updates       | 41900    |
---------------------------------
---------------------------------
| rollout/           |          |
|    ep_len_mean     | 78.7     |
|    ep_rew_mean     | 8.07     |
| time/              |          |
|    episodes        | 504      |
|    fps             | 0        |
|    time_elapsed    | 61027    |
|    total_timesteps | 44330    |
| train/             |          |
|    actor_loss      | -0.48    |
|    critic_loss     | 0.369    |
|    ent_coef        | 0.005    |
|    learning_rate   | 0.0001   |
|    n_updates       | 42329    |
---------------------------------
---------------------------------
| rollout/           |          |
|    ep_len_mean     | 79       |
|    ep_rew_mean     | 8.11     |
| time/              |          |
|    episodes        | 508      |
|    fps             | 0        |
|    time_elapsed    | 61284    |
|    total_timesteps | 44552    |
| train/             |          |
|    actor_loss      | -0.939   |
|    critic_loss     | 0.208    |
|    ent_coef        | 0.005    |
|    learning_rate   | 0.0001   |
|    n_updates       | 42551    |
---------------------------------
---------------------------------
| rollout/           |          |
|    ep_len_mean     | 78.7     |
|    ep_rew_mean     | 9.06     |
| time/              |          |
|    episodes        | 512      |
|    fps             | 0        |
|    time_elapsed    | 61636    |
|    total_timesteps | 44847    |
| train/             |          |
|    actor_loss      | -0.464   |
|    critic_loss     | 0.419    |
|    ent_coef        | 0.005    |
|    learning_rate   | 0.0001   |
|    n_updates       | 42846    |
---------------------------------
---------------------------------
| rollout/           |          |
|    ep_len_mean     | 78.1     |
|    ep_rew_mean     | 8.86     |
| time/              |          |
|    episodes        | 516      |
|    fps             | 0        |
|    time_elapsed    | 62041    |
|    total_timesteps | 45188    |
| train/             |          |
|    actor_loss      | -0.639   |
|    critic_loss     | 0.234    |
|    ent_coef        | 0.005    |
|    learning_rate   | 0.0001   |
|    n_updates       | 43187    |
---------------------------------
---------------------------------
| rollout/           |          |
|    ep_len_mean     | 77.5     |
|    ep_rew_mean     | 9.1      |
| time/              |          |
|    episodes        | 520      |
|    fps             | 0        |
|    time_elapsed    | 62515    |
|    total_timesteps | 45586    |
| train/             |          |
|    actor_loss      | -1.02    |
|    critic_loss     | 0.256    |
|    ent_coef        | 0.005    |
|    learning_rate   | 0.0001   |
|    n_updates       | 43585    |
---------------------------------
---------------------------------
| rollout/           |          |
|    ep_len_mean     | 77.8     |
|    ep_rew_mean     | 10.1     |
| time/              |          |
|    episodes        | 524      |
|    fps             | 0        |
|    time_elapsed    | 62887    |
|    total_timesteps | 45896    |
| train/             |          |
|    actor_loss      | -0.407   |
|    critic_loss     | 0.28     |
|    ent_coef        | 0.005    |
|    learning_rate   | 0.0001   |
|    n_updates       | 43895    |
---------------------------------
---------------------------------
| rollout/           |          |
|    ep_len_mean     | 78.1     |
|    ep_rew_mean     | 10.2     |
| time/              |          |
|    episodes        | 528      |
|    fps             | 0        |
|    time_elapsed    | 63229    |
|    total_timesteps | 46189    |
| train/             |          |
|    actor_loss      | -0.636   |
|    critic_loss     | 0.287    |
|    ent_coef        | 0.005    |
|    learning_rate   | 0.0001   |
|    n_updates       | 44188    |
---------------------------------
---------------------------------
| rollout/           |          |
|    ep_len_mean     | 78.5     |
|    ep_rew_mean     | 9.69     |
| time/              |          |
|    episodes        | 532      |
|    fps             | 0        |
|    time_elapsed    | 63630    |
|    total_timesteps | 46529    |
| train/             |          |
|    actor_loss      | -1.71    |
|    critic_loss     | 0.386    |
|    ent_coef        | 0.005    |
|    learning_rate   | 0.0001   |
|    n_updates       | 44528    |
---------------------------------
---------------------------------
| rollout/           |          |
|    ep_len_mean     | 81.2     |
|    ep_rew_mean     | 10.3     |
| time/              |          |
|    episodes        | 536      |
|    fps             | 0        |
|    time_elapsed    | 64110    |
|    total_timesteps | 46933    |
| train/             |          |
|    actor_loss      | -1.6     |
|    critic_loss     | 0.305    |
|    ent_coef        | 0.005    |
|    learning_rate   | 0.0001   |
|    n_updates       | 44932    |
---------------------------------
---------------------------------
| rollout/           |          |
|    ep_len_mean     | 79.9     |
|    ep_rew_mean     | 9.85     |
| time/              |          |
|    episodes        | 540      |
|    fps             | 0        |
|    time_elapsed    | 64463    |
|    total_timesteps | 47230    |
| train/             |          |
|    actor_loss      | -1.23    |
|    critic_loss     | 0.277    |
|    ent_coef        | 0.005    |
|    learning_rate   | 0.0001   |
|    n_updates       | 45229    |
---------------------------------
---------------------------------
| rollout/           |          |
|    ep_len_mean     | 80.6     |
|    ep_rew_mean     | 9.86     |
| time/              |          |
|    episodes        | 544      |
|    fps             | 0        |
|    time_elapsed    | 64881    |
|    total_timesteps | 47585    |
| train/             |          |
|    actor_loss      | -0.301   |
|    critic_loss     | 0.374    |
|    ent_coef        | 0.005    |
|    learning_rate   | 0.0001   |
|    n_updates       | 45584    |
---------------------------------
---------------------------------
| rollout/           |          |
|    ep_len_mean     | 80.5     |
|    ep_rew_mean     | 9.88     |
| time/              |          |
|    episodes        | 548      |
|    fps             | 0        |
|    time_elapsed    | 65135    |
|    total_timesteps | 47801    |
| train/             |          |
|    actor_loss      | -1.51    |
|    critic_loss     | 0.243    |
|    ent_coef        | 0.005    |
|    learning_rate   | 0.0001   |
|    n_updates       | 45800    |
---------------------------------
---------------------------------
| rollout/           |          |
|    ep_len_mean     | 80.5     |
|    ep_rew_mean     | 10.1     |
| time/              |          |
|    episodes        | 552      |
|    fps             | 0        |
|    time_elapsed    | 65562    |
|    total_timesteps | 48162    |
| train/             |          |
|    actor_loss      | -1.28    |
|    critic_loss     | 0.474    |
|    ent_coef        | 0.005    |
|    learning_rate   | 0.0001   |
|    n_updates       | 46161    |
---------------------------------
---------------------------------
| rollout/           |          |
|    ep_len_mean     | 80.4     |
|    ep_rew_mean     | 9.4      |
| time/              |          |
|    episodes        | 556      |
|    fps             | 0        |
|    time_elapsed    | 65930    |
|    total_timesteps | 48483    |
| train/             |          |
|    actor_loss      | -1.27    |
|    critic_loss     | 0.344    |
|    ent_coef        | 0.005    |
|    learning_rate   | 0.0001   |
|    n_updates       | 46482    |
---------------------------------
---------------------------------
| rollout/           |          |
|    ep_len_mean     | 80.5     |
|    ep_rew_mean     | 9.27     |
| time/              |          |
|    episodes        | 560      |
|    fps             | 0        |
|    time_elapsed    | 66266    |
|    total_timesteps | 48773    |
| train/             |          |
|    actor_loss      | -1.86    |
|    critic_loss     | 0.239    |
|    ent_coef        | 0.005    |
|    learning_rate   | 0.0001   |
|    n_updates       | 46772    |
---------------------------------
---------------------------------
| rollout/           |          |
|    ep_len_mean     | 80.6     |
|    ep_rew_mean     | 8.64     |
| time/              |          |
|    episodes        | 564      |
|    fps             | 0        |
|    time_elapsed    | 66682    |
|    total_timesteps | 49130    |
| train/             |          |
|    actor_loss      | -1.54    |
|    critic_loss     | 0.294    |
|    ent_coef        | 0.005    |
|    learning_rate   | 0.0001   |
|    n_updates       | 47129    |
---------------------------------
---------------------------------
| rollout/           |          |
|    ep_len_mean     | 80.8     |
|    ep_rew_mean     | 10.1     |
| time/              |          |
|    episodes        | 568      |
|    fps             | 0        |
|    time_elapsed    | 67027    |
|    total_timesteps | 49424    |
| train/             |          |
|    actor_loss      | -1.7     |
|    critic_loss     | 0.336    |
|    ent_coef        | 0.005    |
|    learning_rate   | 0.0001   |
|    n_updates       | 47423    |
---------------------------------
---------------------------------
| rollout/           |          |
|    ep_len_mean     | 79       |
|    ep_rew_mean     | 7.76     |
| time/              |          |
|    episodes        | 572      |
|    fps             | 0        |
|    time_elapsed    | 67234    |
|    total_timesteps | 49604    |
| train/             |          |
|    actor_loss      | -2.51    |
|    critic_loss     | 0.613    |
|    ent_coef        | 0.005    |
|    learning_rate   | 0.0001   |
|    n_updates       | 47603    |
---------------------------------
---------------------------------
| rollout/           |          |
|    ep_len_mean     | 79.2     |
|    ep_rew_mean     | 7.74     |
| time/              |          |
|    episodes        | 576      |
|    fps             | 0        |
|    time_elapsed    | 67519    |
|    total_timesteps | 49849    |
| train/             |          |
|    actor_loss      | -0.709   |
|    critic_loss     | 0.33     |
|    ent_coef        | 0.005    |
|    learning_rate   | 0.0001   |
|    n_updates       | 47848    |
---------------------------------
---------------------------------
| rollout/           |          |
|    ep_len_mean     | 79.1     |
|    ep_rew_mean     | 8.19     |
| time/              |          |
|    episodes        | 580      |
|    fps             | 0        |
|    time_elapsed    | 67869    |
|    total_timesteps | 50141    |
| train/             |          |
|    actor_loss      | -1.38    |
|    critic_loss     | 0.235    |
|    ent_coef        | 0.005    |
|    learning_rate   | 0.0001   |
|    n_updates       | 48140    |
---------------------------------
---------------------------------
| rollout/           |          |
|    ep_len_mean     | 77.8     |
|    ep_rew_mean     | 7.59     |
| time/              |          |
|    episodes        | 584      |
|    fps             | 0        |
|    time_elapsed    | 68129    |
|    total_timesteps | 50360    |
| train/             |          |
|    actor_loss      | -0.648   |
|    critic_loss     | 0.27     |
|    ent_coef        | 0.005    |
|    learning_rate   | 0.0001   |
|    n_updates       | 48359    |
---------------------------------
---------------------------------
| rollout/           |          |
|    ep_len_mean     | 76.8     |
|    ep_rew_mean     | 7.65     |
| time/              |          |
|    episodes        | 588      |
|    fps             | 0        |
|    time_elapsed    | 68463    |
|    total_timesteps | 50639    |
| train/             |          |
|    actor_loss      | -1.36    |
|    critic_loss     | 0.281    |
|    ent_coef        | 0.005    |
|    learning_rate   | 0.0001   |
|    n_updates       | 48638    |
---------------------------------
---------------------------------
| rollout/           |          |
|    ep_len_mean     | 77.1     |
|    ep_rew_mean     | 8.41     |
| time/              |          |
|    episodes        | 592      |
|    fps             | 0        |
|    time_elapsed    | 68826    |
|    total_timesteps | 50948    |
| train/             |          |
|    actor_loss      | -2.19    |
|    critic_loss     | 1.36     |
|    ent_coef        | 0.005    |
|    learning_rate   | 0.0001   |
|    n_updates       | 48947    |
---------------------------------
---------------------------------
| rollout/           |          |
|    ep_len_mean     | 76.8     |
|    ep_rew_mean     | 9.24     |
| time/              |          |
|    episodes        | 596      |
|    fps             | 0        |
|    time_elapsed    | 69244    |
|    total_timesteps | 51301    |
| train/             |          |
|    actor_loss      | -2.37    |
|    critic_loss     | 0.287    |
|    ent_coef        | 0.005    |
|    learning_rate   | 0.0001   |
|    n_updates       | 49300    |
---------------------------------
---------------------------------
| rollout/           |          |
|    ep_len_mean     | 76.3     |
|    ep_rew_mean     | 8.95     |
| time/              |          |
|    episodes        | 600      |
|    fps             | 0        |
|    time_elapsed    | 69504    |
|    total_timesteps | 51529    |
| train/             |          |
|    actor_loss      | -2.14    |
|    critic_loss     | 0.27     |
|    ent_coef        | 0.005    |
|    learning_rate   | 0.0001   |
|    n_updates       | 49528    |
---------------------------------
---------------------------------
| rollout/           |          |
|    ep_len_mean     | 75.1     |
|    ep_rew_mean     | 8.63     |
| time/              |          |
|    episodes        | 604      |
|    fps             | 0        |
|    time_elapsed    | 69882    |
|    total_timesteps | 51843    |
| train/             |          |
|    actor_loss      | -2.54    |
|    critic_loss     | 0.257    |
|    ent_coef        | 0.005    |
|    learning_rate   | 0.0001   |
|    n_updates       | 49842    |
---------------------------------
---------------------------------
| rollout/           |          |
|    ep_len_mean     | 75.6     |
|    ep_rew_mean     | 8.79     |
| time/              |          |
|    episodes        | 608      |
|    fps             | 0        |
|    time_elapsed    | 70195    |
|    total_timesteps | 52114    |
| train/             |          |
|    actor_loss      | -2.42    |
|    critic_loss     | 0.85     |
|    ent_coef        | 0.005    |
|    learning_rate   | 0.0001   |
|    n_updates       | 50113    |
---------------------------------
---------------------------------
| rollout/           |          |
|    ep_len_mean     | 75.9     |
|    ep_rew_mean     | 8.07     |
| time/              |          |
|    episodes        | 612      |
|    fps             | 0        |
|    time_elapsed    | 70569    |
|    total_timesteps | 52435    |
| train/             |          |
|    actor_loss      | -1.63    |
|    critic_loss     | 0.543    |
|    ent_coef        | 0.005    |
|    learning_rate   | 0.0001   |
|    n_updates       | 50434    |
---------------------------------
---------------------------------
| rollout/           |          |
|    ep_len_mean     | 75.2     |
|    ep_rew_mean     | 7.7      |
| time/              |          |
|    episodes        | 616      |
|    fps             | 0        |
|    time_elapsed    | 70891    |
|    total_timesteps | 52703    |
| train/             |          |
|    actor_loss      | -1.76    |
|    critic_loss     | 0.27     |
|    ent_coef        | 0.005    |
|    learning_rate   | 0.0001   |
|    n_updates       | 50702    |
---------------------------------
---------------------------------
| rollout/           |          |
|    ep_len_mean     | 74.1     |
|    ep_rew_mean     | 7.19     |
| time/              |          |
|    episodes        | 620      |
|    fps             | 0        |
|    time_elapsed    | 71239    |
|    total_timesteps | 52998    |
| train/             |          |
|    actor_loss      | -1.92    |
|    critic_loss     | 0.331    |
|    ent_coef        | 0.005    |
|    learning_rate   | 0.0001   |
|    n_updates       | 50997    |
---------------------------------
---------------------------------
| rollout/           |          |
|    ep_len_mean     | 73.5     |
|    ep_rew_mean     | 6.66     |
| time/              |          |
|    episodes        | 624      |
|    fps             | 0        |
|    time_elapsed    | 71530    |
|    total_timesteps | 53245    |
| train/             |          |
|    actor_loss      | -1.39    |
|    critic_loss     | 0.384    |
|    ent_coef        | 0.005    |
|    learning_rate   | 0.0001   |
|    n_updates       | 51244    |
---------------------------------
---------------------------------
| rollout/           |          |
|    ep_len_mean     | 75       |
|    ep_rew_mean     | 7.19     |
| time/              |          |
|    episodes        | 628      |
|    fps             | 0        |
|    time_elapsed    | 72056    |
|    total_timesteps | 53692    |
| train/             |          |
|    actor_loss      | -2.85    |
|    critic_loss     | 0.254    |
|    ent_coef        | 0.005    |
|    learning_rate   | 0.0001   |
|    n_updates       | 51691    |
---------------------------------
---------------------------------
| rollout/           |          |
|    ep_len_mean     | 74.6     |
|    ep_rew_mean     | 8.07     |
| time/              |          |
|    episodes        | 632      |
|    fps             | 0        |
|    time_elapsed    | 72404    |
|    total_timesteps | 53991    |
| train/             |          |
|    actor_loss      | -1.74    |
|    critic_loss     | 0.332    |
|    ent_coef        | 0.005    |
|    learning_rate   | 0.0001   |
|    n_updates       | 51990    |
---------------------------------
---------------------------------
| rollout/           |          |
|    ep_len_mean     | 72.8     |
|    ep_rew_mean     | 8.32     |
| time/              |          |
|    episodes        | 636      |
|    fps             | 0        |
|    time_elapsed    | 72666    |
|    total_timesteps | 54215    |
| train/             |          |
|    actor_loss      | -2.15    |
|    critic_loss     | 0.329    |
|    ent_coef        | 0.005    |
|    learning_rate   | 0.0001   |
|    n_updates       | 52214    |
---------------------------------
---------------------------------
| rollout/           |          |
|    ep_len_mean     | 72.4     |
|    ep_rew_mean     | 7.79     |
| time/              |          |
|    episodes        | 640      |
|    fps             | 0        |
|    time_elapsed    | 72974    |
|    total_timesteps | 54474    |
| train/             |          |
|    actor_loss      | -2.36    |
|    critic_loss     | 0.279    |
|    ent_coef        | 0.005    |
|    learning_rate   | 0.0001   |
|    n_updates       | 52473    |
---------------------------------
---------------------------------
| rollout/           |          |
|    ep_len_mean     | 72       |
|    ep_rew_mean     | 7.26     |
| time/              |          |
|    episodes        | 644      |
|    fps             | 0        |
|    time_elapsed    | 73345    |
|    total_timesteps | 54783    |
| train/             |          |
|    actor_loss      | -1.36    |
|    critic_loss     | 0.941    |
|    ent_coef        | 0.005    |
|    learning_rate   | 0.0001   |
|    n_updates       | 52782    |
---------------------------------
---------------------------------
| rollout/           |          |
|    ep_len_mean     | 73       |
|    ep_rew_mean     | 8.18     |
| time/              |          |
|    episodes        | 648      |
|    fps             | 0        |
|    time_elapsed    | 73730    |
|    total_timesteps | 55104    |
| train/             |          |
|    actor_loss      | -3.25    |
|    critic_loss     | 0.629    |
|    ent_coef        | 0.005    |
|    learning_rate   | 0.0001   |
|    n_updates       | 53103    |
---------------------------------
---------------------------------
| rollout/           |          |
|    ep_len_mean     | 72.6     |
|    ep_rew_mean     | 7.51     |
| time/              |          |
|    episodes        | 652      |
|    fps             | 0        |
|    time_elapsed    | 74107    |
|    total_timesteps | 55423    |
| train/             |          |
|    actor_loss      | -1.59    |
|    critic_loss     | 0.821    |
|    ent_coef        | 0.005    |
|    learning_rate   | 0.0001   |
|    n_updates       | 53422    |
---------------------------------
---------------------------------
| rollout/           |          |
|    ep_len_mean     | 72.2     |
|    ep_rew_mean     | 7.64     |
| time/              |          |
|    episodes        | 656      |
|    fps             | 0        |
|    time_elapsed    | 74434    |
|    total_timesteps | 55702    |
| train/             |          |
|    actor_loss      | -1.4     |
|    critic_loss     | 0.341    |
|    ent_coef        | 0.005    |
|    learning_rate   | 0.0001   |
|    n_updates       | 53701    |
---------------------------------
---------------------------------
| rollout/           |          |
|    ep_len_mean     | 72.6     |
|    ep_rew_mean     | 8.24     |
| time/              |          |
|    episodes        | 660      |
|    fps             | 0        |
|    time_elapsed    | 74818    |
|    total_timesteps | 56031    |
| train/             |          |
|    actor_loss      | -1.63    |
|    critic_loss     | 0.218    |
|    ent_coef        | 0.005    |
|    learning_rate   | 0.0001   |
|    n_updates       | 54030    |
---------------------------------
---------------------------------
| rollout/           |          |
|    ep_len_mean     | 72.1     |
|    ep_rew_mean     | 8.89     |
| time/              |          |
|    episodes        | 664      |
|    fps             | 0        |
|    time_elapsed    | 75186    |
|    total_timesteps | 56343    |
| train/             |          |
|    actor_loss      | -2.28    |
|    critic_loss     | 0.731    |
|    ent_coef        | 0.005    |
|    learning_rate   | 0.0001   |
|    n_updates       | 54342    |
---------------------------------
---------------------------------
| rollout/           |          |
|    ep_len_mean     | 72.3     |
|    ep_rew_mean     | 7.41     |
| time/              |          |
|    episodes        | 668      |
|    fps             | 0        |
|    time_elapsed    | 75605    |
|    total_timesteps | 56655    |
| train/             |          |
|    actor_loss      | -0.958   |
|    critic_loss     | 0.4      |
|    ent_coef        | 0.005    |
|    learning_rate   | 0.0001   |
|    n_updates       | 54654    |
---------------------------------
---------------------------------
| rollout/           |          |
|    ep_len_mean     | 73.8     |
|    ep_rew_mean     | 9.76     |
| time/              |          |
|    episodes        | 672      |
|    fps             | 0        |
|    time_elapsed    | 76025    |
|    total_timesteps | 56984    |
| train/             |          |
|    actor_loss      | -1.97    |
|    critic_loss     | 1.3      |
|    ent_coef        | 0.005    |
|    learning_rate   | 0.0001   |
|    n_updates       | 54983    |
---------------------------------
---------------------------------
| rollout/           |          |
|    ep_len_mean     | 75       |
|    ep_rew_mean     | 10.3     |
| time/              |          |
|    episodes        | 676      |
|    fps             | 0        |
|    time_elapsed    | 76460    |
|    total_timesteps | 57346    |
| train/             |          |
|    actor_loss      | -2.25    |
|    critic_loss     | 0.798    |
|    ent_coef        | 0.005    |
|    learning_rate   | 0.0001   |
|    n_updates       | 55345    |
---------------------------------
---------------------------------
| rollout/           |          |
|    ep_len_mean     | 75.1     |
|    ep_rew_mean     | 10.3     |
| time/              |          |
|    episodes        | 680      |
|    fps             | 0        |
|    time_elapsed    | 76833    |
|    total_timesteps | 57654    |
| train/             |          |
|    actor_loss      | -2.54    |
|    critic_loss     | 0.394    |
|    ent_coef        | 0.005    |
|    learning_rate   | 0.0001   |
|    n_updates       | 55653    |
---------------------------------
---------------------------------
| rollout/           |          |
|    ep_len_mean     | 75       |
|    ep_rew_mean     | 10.3     |
| time/              |          |
|    episodes        | 684      |
|    fps             | 0        |
|    time_elapsed    | 77075    |
|    total_timesteps | 57859    |
| train/             |          |
|    actor_loss      | -2.33    |
|    critic_loss     | 0.424    |
|    ent_coef        | 0.005    |
|    learning_rate   | 0.0001   |
|    n_updates       | 55858    |
---------------------------------
---------------------------------
| rollout/           |          |
|    ep_len_mean     | 75.4     |
|    ep_rew_mean     | 10.9     |
| time/              |          |
|    episodes        | 688      |
|    fps             | 0        |
|    time_elapsed    | 77456    |
|    total_timesteps | 58176    |
| train/             |          |
|    actor_loss      | -1.81    |
|    critic_loss     | 0.391    |
|    ent_coef        | 0.005    |
|    learning_rate   | 0.0001   |
|    n_updates       | 56175    |
---------------------------------
---------------------------------
| rollout/           |          |
|    ep_len_mean     | 75.2     |
|    ep_rew_mean     | 11.6     |
| time/              |          |
|    episodes        | 692      |
|    fps             | 0        |
|    time_elapsed    | 77806    |
|    total_timesteps | 58472    |
| train/             |          |
|    actor_loss      | -2.19    |
|    critic_loss     | 0.321    |
|    ent_coef        | 0.005    |
|    learning_rate   | 0.0001   |
|    n_updates       | 56471    |
---------------------------------
---------------------------------
| rollout/           |          |
|    ep_len_mean     | 74.7     |
|    ep_rew_mean     | 11.2     |
| time/              |          |
|    episodes        | 696      |
|    fps             | 0        |
|    time_elapsed    | 78236    |
|    total_timesteps | 58766    |
| train/             |          |
|    actor_loss      | -2.63    |
|    critic_loss     | 0.311    |
|    ent_coef        | 0.005    |
|    learning_rate   | 0.0001   |
|    n_updates       | 56765    |
---------------------------------
---------------------------------
| rollout/           |          |
|    ep_len_mean     | 75.4     |
|    ep_rew_mean     | 12.2     |
| time/              |          |
|    episodes        | 700      |
|    fps             | 0        |
|    time_elapsed    | 78796    |
|    total_timesteps | 59072    |
| train/             |          |
|    actor_loss      | -2.8     |
|    critic_loss     | 0.643    |
|    ent_coef        | 0.005    |
|    learning_rate   | 0.0001   |
|    n_updates       | 57071    |
---------------------------------
---------------------------------
| rollout/           |          |
|    ep_len_mean     | 74.5     |
|    ep_rew_mean     | 12.3     |
| time/              |          |
|    episodes        | 704      |
|    fps             | 0        |
|    time_elapsed    | 79152    |
|    total_timesteps | 59297    |
| train/             |          |
|    actor_loss      | -3.02    |
|    critic_loss     | 0.336    |
|    ent_coef        | 0.005    |
|    learning_rate   | 0.0001   |
|    n_updates       | 57296    |
---------------------------------
---------------------------------
| rollout/           |          |
|    ep_len_mean     | 75       |
|    ep_rew_mean     | 13       |
| time/              |          |
|    episodes        | 708      |
|    fps             | 0        |
|    time_elapsed    | 79648    |
|    total_timesteps | 59609    |
| train/             |          |
|    actor_loss      | -2.06    |
|    critic_loss     | 0.311    |
|    ent_coef        | 0.005    |
|    learning_rate   | 0.0001   |
|    n_updates       | 57608    |
---------------------------------
---------------------------------
| rollout/           |          |
|    ep_len_mean     | 75       |
|    ep_rew_mean     | 12.4     |
| time/              |          |
|    episodes        | 712      |
|    fps             | 0        |
|    time_elapsed    | 79993    |
|    total_timesteps | 59931    |
| train/             |          |
|    actor_loss      | -1.76    |
|    critic_loss     | 0.456    |
|    ent_coef        | 0.005    |
|    learning_rate   | 0.0001   |
|    n_updates       | 57930    |
---------------------------------
