Using cuda device
Wrapping the env in a DummyVecEnv.
Logging to D:\py\DRL2\logs\t7_retry1_20260911\sac_mpc_v3_bidirectional_262300\tensorboard\SAC_1
---------------------------------
| rollout/           |          |
|    ep_len_mean     | 44.8     |
|    ep_rew_mean     | -25.7    |
| time/              |          |
|    episodes        | 4        |
|    fps             | 0        |
|    time_elapsed    | 227      |
|    total_timesteps | 179      |
---------------------------------
---------------------------------
| rollout/           |          |
|    ep_len_mean     | 42.2     |
|    ep_rew_mean     | -26.6    |
| time/              |          |
|    episodes        | 8        |
|    fps             | 0        |
|    time_elapsed    | 411      |
|    total_timesteps | 338      |
---------------------------------
---------------------------------
| rollout/           |          |
|    ep_len_mean     | 39.9     |
|    ep_rew_mean     | -28.1    |
| time/              |          |
|    episodes        | 12       |
|    fps             | 0        |
|    time_elapsed    | 571      |
|    total_timesteps | 479      |
---------------------------------
---------------------------------
| rollout/           |          |
|    ep_len_mean     | 43.2     |
|    ep_rew_mean     | -27.3    |
| time/              |          |
|    episodes        | 16       |
|    fps             | 0        |
|    time_elapsed    | 806      |
|    total_timesteps | 692      |
---------------------------------
---------------------------------
| rollout/           |          |
|    ep_len_mean     | 41.4     |
|    ep_rew_mean     | -27.7    |
| time/              |          |
|    episodes        | 20       |
|    fps             | 0        |
|    time_elapsed    | 958      |
|    total_timesteps | 827      |
---------------------------------
---------------------------------
| rollout/           |          |
|    ep_len_mean     | 41.6     |
|    ep_rew_mean     | -26.6    |
| time/              |          |
|    episodes        | 24       |
|    fps             | 0        |
|    time_elapsed    | 1144     |
|    total_timesteps | 999      |
---------------------------------
---------------------------------
| rollout/           |          |
|    ep_len_mean     | 44.2     |
|    ep_rew_mean     | -26.2    |
| time/              |          |
|    episodes        | 28       |
|    fps             | 0        |
|    time_elapsed    | 1397     |
|    total_timesteps | 1238     |
---------------------------------
---------------------------------
| rollout/           |          |
|    ep_len_mean     | 45.3     |
|    ep_rew_mean     | -27.3    |
| time/              |          |
|    episodes        | 32       |
|    fps             | 0        |
|    time_elapsed    | 1622     |
|    total_timesteps | 1451     |
---------------------------------
---------------------------------
| rollout/           |          |
|    ep_len_mean     | 47.2     |
|    ep_rew_mean     | -26.6    |
| time/              |          |
|    episodes        | 36       |
|    fps             | 0        |
|    time_elapsed    | 1888     |
|    total_timesteps | 1701     |
---------------------------------
---------------------------------
| rollout/           |          |
|    ep_len_mean     | 45.8     |
|    ep_rew_mean     | -26.7    |
| time/              |          |
|    episodes        | 40       |
|    fps             | 0        |
|    time_elapsed    | 2028     |
|    total_timesteps | 1832     |
---------------------------------
---------------------------------
| rollout/           |          |
|    ep_len_mean     | 45       |
|    ep_rew_mean     | -26.3    |
| time/              |          |
|    episodes        | 44       |
|    fps             | 0        |
|    time_elapsed    | 2186     |
|    total_timesteps | 1978     |
---------------------------------
---------------------------------
| rollout/           |          |
|    ep_len_mean     | 49.1     |
|    ep_rew_mean     | -24.9    |
| time/              |          |
|    episodes        | 48       |
|    fps             | 0        |
|    time_elapsed    | 2631     |
|    total_timesteps | 2356     |
| train/             |          |
|    actor_loss      | 0.43     |
|    critic_loss     | 10.4     |
|    ent_coef        | 0.005    |
|    learning_rate   | 0.0001   |
|    n_updates       | 355      |
---------------------------------
---------------------------------
| rollout/           |          |
|    ep_len_mean     | 50.4     |
|    ep_rew_mean     | -24.9    |
| time/              |          |
|    episodes        | 52       |
|    fps             | 0        |
|    time_elapsed    | 2948     |
|    total_timesteps | 2623     |
| train/             |          |
|    actor_loss      | 0.767    |
|    critic_loss     | 6.05     |
|    ent_coef        | 0.005    |
|    learning_rate   | 0.0001   |
|    n_updates       | 622      |
---------------------------------
---------------------------------
| rollout/           |          |
|    ep_len_mean     | 52.7     |
|    ep_rew_mean     | -24.6    |
| time/              |          |
|    episodes        | 56       |
|    fps             | 0        |
|    time_elapsed    | 3332     |
|    total_timesteps | 2949     |
| train/             |          |
|    actor_loss      | 0.614    |
|    critic_loss     | 1.71     |
|    ent_coef        | 0.005    |
|    learning_rate   | 0.0001   |
|    n_updates       | 948      |
---------------------------------
---------------------------------
| rollout/           |          |
|    ep_len_mean     | 52.7     |
|    ep_rew_mean     | -24.6    |
| time/              |          |
|    episodes        | 60       |
|    fps             | 0        |
|    time_elapsed    | 3582     |
|    total_timesteps | 3164     |
| train/             |          |
|    actor_loss      | 0.738    |
|    critic_loss     | 0.89     |
|    ent_coef        | 0.005    |
|    learning_rate   | 0.0001   |
|    n_updates       | 1163     |
---------------------------------
---------------------------------
| rollout/           |          |
|    ep_len_mean     | 54.7     |
|    ep_rew_mean     | -24.2    |
| time/              |          |
|    episodes        | 64       |
|    fps             | 0        |
|    time_elapsed    | 3974     |
|    total_timesteps | 3498     |
| train/             |          |
|    actor_loss      | 0.64     |
|    critic_loss     | 0.931    |
|    ent_coef        | 0.005    |
|    learning_rate   | 0.0001   |
|    n_updates       | 1497     |
---------------------------------
---------------------------------
| rollout/           |          |
|    ep_len_mean     | 54.5     |
|    ep_rew_mean     | -24.2    |
| time/              |          |
|    episodes        | 68       |
|    fps             | 0        |
|    time_elapsed    | 4249     |
|    total_timesteps | 3708     |
| train/             |          |
|    actor_loss      | 0.75     |
|    critic_loss     | 0.614    |
|    ent_coef        | 0.005    |
|    learning_rate   | 0.0001   |
|    n_updates       | 1707     |
---------------------------------
---------------------------------
| rollout/           |          |
|    ep_len_mean     | 55.5     |
|    ep_rew_mean     | -24.1    |
| time/              |          |
|    episodes        | 72       |
|    fps             | 0        |
|    time_elapsed    | 4580     |
|    total_timesteps | 3999     |
| train/             |          |
|    actor_loss      | 0.722    |
|    critic_loss     | 0.608    |
|    ent_coef        | 0.005    |
|    learning_rate   | 0.0001   |
|    n_updates       | 1998     |
---------------------------------
---------------------------------
| rollout/           |          |
|    ep_len_mean     | 57.3     |
|    ep_rew_mean     | -23.4    |
| time/              |          |
|    episodes        | 76       |
|    fps             | 0        |
|    time_elapsed    | 4992     |
|    total_timesteps | 4357     |
| train/             |          |
|    actor_loss      | 1.14     |
|    critic_loss     | 1.58     |
|    ent_coef        | 0.005    |
|    learning_rate   | 0.0001   |
|    n_updates       | 2356     |
---------------------------------
---------------------------------
| rollout/           |          |
|    ep_len_mean     | 60.8     |
|    ep_rew_mean     | -22.4    |
| time/              |          |
|    episodes        | 80       |
|    fps             | 0        |
|    time_elapsed    | 5574     |
|    total_timesteps | 4860     |
| train/             |          |
|    actor_loss      | 1.22     |
|    critic_loss     | 0.607    |
|    ent_coef        | 0.005    |
|    learning_rate   | 0.0001   |
|    n_updates       | 2859     |
---------------------------------
---------------------------------
| rollout/           |          |
|    ep_len_mean     | 63.3     |
|    ep_rew_mean     | -22.3    |
| time/              |          |
|    episodes        | 84       |
|    fps             | 0        |
|    time_elapsed    | 6103     |
|    total_timesteps | 5320     |
| train/             |          |
|    actor_loss      | 1.17     |
|    critic_loss     | 0.606    |
|    ent_coef        | 0.005    |
|    learning_rate   | 0.0001   |
|    n_updates       | 3319     |
---------------------------------
---------------------------------
| rollout/           |          |
|    ep_len_mean     | 64.5     |
|    ep_rew_mean     | -22.4    |
| time/              |          |
|    episodes        | 88       |
|    fps             | 0        |
|    time_elapsed    | 6499     |
|    total_timesteps | 5673     |
| train/             |          |
|    actor_loss      | 1.14     |
|    critic_loss     | 1.96     |
|    ent_coef        | 0.005    |
|    learning_rate   | 0.0001   |
|    n_updates       | 3672     |
---------------------------------
---------------------------------
| rollout/           |          |
|    ep_len_mean     | 66.8     |
|    ep_rew_mean     | -21.9    |
| time/              |          |
|    episodes        | 92       |
|    fps             | 0        |
|    time_elapsed    | 7045     |
|    total_timesteps | 6149     |
| train/             |          |
|    actor_loss      | 0.859    |
|    critic_loss     | 0.35     |
|    ent_coef        | 0.005    |
|    learning_rate   | 0.0001   |
|    n_updates       | 4148     |
---------------------------------
---------------------------------
| rollout/           |          |
|    ep_len_mean     | 67.7     |
|    ep_rew_mean     | -21.6    |
| time/              |          |
|    episodes        | 96       |
|    fps             | 0        |
|    time_elapsed    | 7452     |
|    total_timesteps | 6496     |
| train/             |          |
|    actor_loss      | 0.999    |
|    critic_loss     | 0.479    |
|    ent_coef        | 0.005    |
|    learning_rate   | 0.0001   |
|    n_updates       | 4495     |
---------------------------------
---------------------------------
| rollout/           |          |
|    ep_len_mean     | 68.3     |
|    ep_rew_mean     | -21.3    |
| time/              |          |
|    episodes        | 100      |
|    fps             | 0        |
|    time_elapsed    | 7841     |
|    total_timesteps | 6834     |
| train/             |          |
|    actor_loss      | 1.11     |
|    critic_loss     | 0.345    |
|    ent_coef        | 0.005    |
|    learning_rate   | 0.0001   |
|    n_updates       | 4833     |
---------------------------------
---------------------------------
| rollout/           |          |
|    ep_len_mean     | 71.3     |
|    ep_rew_mean     | -20.5    |
| time/              |          |
|    episodes        | 104      |
|    fps             | 0        |
|    time_elapsed    | 8387     |
|    total_timesteps | 7305     |
| train/             |          |
|    actor_loss      | 0.913    |
|    critic_loss     | 0.57     |
|    ent_coef        | 0.005    |
|    learning_rate   | 0.0001   |
|    n_updates       | 5304     |
---------------------------------
---------------------------------
| rollout/           |          |
|    ep_len_mean     | 75       |
|    ep_rew_mean     | -19.5    |
| time/              |          |
|    episodes        | 108      |
|    fps             | 0        |
|    time_elapsed    | 9012     |
|    total_timesteps | 7843     |
| train/             |          |
|    actor_loss      | 1.08     |
|    critic_loss     | 0.202    |
|    ent_coef        | 0.005    |
|    learning_rate   | 0.0001   |
|    n_updates       | 5842     |
---------------------------------
---------------------------------
| rollout/           |          |
|    ep_len_mean     | 78       |
|    ep_rew_mean     | -19      |
| time/              |          |
|    episodes        | 112      |
|    fps             | 0        |
|    time_elapsed    | 9506     |
|    total_timesteps | 8276     |
| train/             |          |
|    actor_loss      | 1.2      |
|    critic_loss     | 0.399    |
|    ent_coef        | 0.005    |
|    learning_rate   | 0.0001   |
|    n_updates       | 6275     |
---------------------------------
---------------------------------
| rollout/           |          |
|    ep_len_mean     | 80.7     |
|    ep_rew_mean     | -18.4    |
| time/              |          |
|    episodes        | 116      |
|    fps             | 0        |
|    time_elapsed    | 10073    |
|    total_timesteps | 8763     |
| train/             |          |
|    actor_loss      | 0.911    |
|    critic_loss     | 0.149    |
|    ent_coef        | 0.005    |
|    learning_rate   | 0.0001   |
|    n_updates       | 6762     |
---------------------------------
---------------------------------
| rollout/           |          |
|    ep_len_mean     | 84       |
|    ep_rew_mean     | -17.7    |
| time/              |          |
|    episodes        | 120      |
|    fps             | 0        |
|    time_elapsed    | 10616    |
|    total_timesteps | 9228     |
| train/             |          |
|    actor_loss      | 1.12     |
|    critic_loss     | 0.425    |
|    ent_coef        | 0.005    |
|    learning_rate   | 0.0001   |
|    n_updates       | 7227     |
---------------------------------
---------------------------------
| rollout/           |          |
|    ep_len_mean     | 87.3     |
|    ep_rew_mean     | -17      |
| time/              |          |
|    episodes        | 124      |
|    fps             | 0        |
|    time_elapsed    | 11401    |
|    total_timesteps | 9732     |
| train/             |          |
|    actor_loss      | 0.99     |
|    critic_loss     | 0.153    |
|    ent_coef        | 0.005    |
|    learning_rate   | 0.0001   |
|    n_updates       | 7731     |
---------------------------------
---------------------------------
| rollout/           |          |
|    ep_len_mean     | 89.9     |
|    ep_rew_mean     | -16.2    |
| time/              |          |
|    episodes        | 128      |
|    fps             | 0        |
|    time_elapsed    | 12167    |
|    total_timesteps | 10225    |
| train/             |          |
|    actor_loss      | 1.12     |
|    critic_loss     | 0.132    |
|    ent_coef        | 0.005    |
|    learning_rate   | 0.0001   |
|    n_updates       | 8224     |
---------------------------------
---------------------------------
| rollout/           |          |
|    ep_len_mean     | 90.7     |
|    ep_rew_mean     | -15.4    |
| time/              |          |
|    episodes        | 132      |
|    fps             | 0        |
|    time_elapsed    | 12632    |
|    total_timesteps | 10523    |
| train/             |          |
|    actor_loss      | 1.28     |
|    critic_loss     | 0.303    |
|    ent_coef        | 0.005    |
|    learning_rate   | 0.0001   |
|    n_updates       | 8522     |
---------------------------------
---------------------------------
| rollout/           |          |
|    ep_len_mean     | 92.7     |
|    ep_rew_mean     | -18.3    |
| time/              |          |
|    episodes        | 136      |
|    fps             | 0        |
|    time_elapsed    | 13315    |
|    total_timesteps | 10972    |
| train/             |          |
|    actor_loss      | 2.04     |
|    critic_loss     | 0.479    |
|    ent_coef        | 0.005    |
|    learning_rate   | 0.0001   |
|    n_updates       | 8971     |
---------------------------------
---------------------------------
| rollout/           |          |
|    ep_len_mean     | 96.2     |
|    ep_rew_mean     | -18.5    |
| time/              |          |
|    episodes        | 140      |
|    fps             | 0        |
|    time_elapsed    | 14051    |
|    total_timesteps | 11448    |
| train/             |          |
|    actor_loss      | 1.3      |
|    critic_loss     | 0.535    |
|    ent_coef        | 0.005    |
|    learning_rate   | 0.0001   |
|    n_updates       | 9447     |
---------------------------------
---------------------------------
| rollout/           |          |
|    ep_len_mean     | 97.4     |
|    ep_rew_mean     | -18.9    |
| time/              |          |
|    episodes        | 144      |
|    fps             | 0        |
|    time_elapsed    | 14479    |
|    total_timesteps | 11720    |
| train/             |          |
|    actor_loss      | 1.76     |
|    critic_loss     | 0.481    |
|    ent_coef        | 0.005    |
|    learning_rate   | 0.0001   |
|    n_updates       | 9719     |
---------------------------------
---------------------------------
| rollout/           |          |
|    ep_len_mean     | 98.9     |
|    ep_rew_mean     | -19.9    |
| time/              |          |
|    episodes        | 148      |
|    fps             | 0        |
|    time_elapsed    | 15315    |
|    total_timesteps | 12245    |
| train/             |          |
|    actor_loss      | 1.54     |
|    critic_loss     | 0.976    |
|    ent_coef        | 0.005    |
|    learning_rate   | 0.0001   |
|    n_updates       | 10244    |
---------------------------------
---------------------------------
| rollout/           |          |
|    ep_len_mean     | 99.5     |
|    ep_rew_mean     | -20.6    |
| time/              |          |
|    episodes        | 152      |
|    fps             | 0        |
|    time_elapsed    | 15841    |
|    total_timesteps | 12574    |
| train/             |          |
|    actor_loss      | 1.71     |
|    critic_loss     | 0.466    |
|    ent_coef        | 0.005    |
|    learning_rate   | 0.0001   |
|    n_updates       | 10573    |
---------------------------------
---------------------------------
| rollout/           |          |
|    ep_len_mean     | 99.9     |
|    ep_rew_mean     | -20.6    |
| time/              |          |
|    episodes        | 156      |
|    fps             | 0        |
|    time_elapsed    | 16406    |
|    total_timesteps | 12940    |
| train/             |          |
|    actor_loss      | 2.48     |
|    critic_loss     | 0.617    |
|    ent_coef        | 0.005    |
|    learning_rate   | 0.0001   |
|    n_updates       | 10939    |
---------------------------------
---------------------------------
| rollout/           |          |
|    ep_len_mean     | 101      |
|    ep_rew_mean     | -20.8    |
| time/              |          |
|    episodes        | 160      |
|    fps             | 0        |
|    time_elapsed    | 16883    |
|    total_timesteps | 13243    |
| train/             |          |
|    actor_loss      | 1.66     |
|    critic_loss     | 0.656    |
|    ent_coef        | 0.005    |
|    learning_rate   | 0.0001   |
|    n_updates       | 11242    |
---------------------------------
---------------------------------
| rollout/           |          |
|    ep_len_mean     | 102      |
|    ep_rew_mean     | -22.1    |
| time/              |          |
|    episodes        | 164      |
|    fps             | 0        |
|    time_elapsed    | 17613    |
|    total_timesteps | 13712    |
| train/             |          |
|    actor_loss      | 1.91     |
|    critic_loss     | 1.32     |
|    ent_coef        | 0.005    |
|    learning_rate   | 0.0001   |
|    n_updates       | 11711    |
---------------------------------
---------------------------------
| rollout/           |          |
|    ep_len_mean     | 101      |
|    ep_rew_mean     | -22.2    |
| time/              |          |
|    episodes        | 168      |
|    fps             | 0        |
|    time_elapsed    | 17791    |
|    total_timesteps | 13830    |
| train/             |          |
|    actor_loss      | 2.37     |
|    critic_loss     | 1.49     |
|    ent_coef        | 0.005    |
|    learning_rate   | 0.0001   |
|    n_updates       | 11829    |
---------------------------------
---------------------------------
| rollout/           |          |
|    ep_len_mean     | 102      |
|    ep_rew_mean     | -21.9    |
| time/              |          |
|    episodes        | 172      |
|    fps             | 0        |
|    time_elapsed    | 18393    |
|    total_timesteps | 14220    |
| train/             |          |
|    actor_loss      | 2.48     |
|    critic_loss     | 1.3      |
|    ent_coef        | 0.005    |
|    learning_rate   | 0.0001   |
|    n_updates       | 12219    |
---------------------------------
---------------------------------
| rollout/           |          |
|    ep_len_mean     | 101      |
|    ep_rew_mean     | -21.7    |
| time/              |          |
|    episodes        | 176      |
|    fps             | 0        |
|    time_elapsed    | 18808    |
|    total_timesteps | 14501    |
| train/             |          |
|    actor_loss      | 1.84     |
|    critic_loss     | 0.457    |
|    ent_coef        | 0.005    |
|    learning_rate   | 0.0001   |
|    n_updates       | 12500    |
---------------------------------
---------------------------------
| rollout/           |          |
|    ep_len_mean     | 101      |
|    ep_rew_mean     | -22.7    |
| time/              |          |
|    episodes        | 180      |
|    fps             | 0        |
|    time_elapsed    | 19528    |
|    total_timesteps | 14914    |
| train/             |          |
|    actor_loss      | 2.08     |
|    critic_loss     | 0.498    |
|    ent_coef        | 0.005    |
|    learning_rate   | 0.0001   |
|    n_updates       | 12913    |
---------------------------------
---------------------------------
| rollout/           |          |
|    ep_len_mean     | 98.5     |
|    ep_rew_mean     | -22.5    |
| time/              |          |
|    episodes        | 184      |
|    fps             | 0        |
|    time_elapsed    | 19982    |
|    total_timesteps | 15169    |
| train/             |          |
|    actor_loss      | 2.89     |
|    critic_loss     | 1.19     |
|    ent_coef        | 0.005    |
|    learning_rate   | 0.0001   |
|    n_updates       | 13168    |
---------------------------------
---------------------------------
| rollout/           |          |
|    ep_len_mean     | 99.5     |
|    ep_rew_mean     | -21.7    |
| time/              |          |
|    episodes        | 188      |
|    fps             | 0        |
|    time_elapsed    | 20796    |
|    total_timesteps | 15623    |
| train/             |          |
|    actor_loss      | 2.4      |
|    critic_loss     | 1.18     |
|    ent_coef        | 0.005    |
|    learning_rate   | 0.0001   |
|    n_updates       | 13622    |
---------------------------------
---------------------------------
| rollout/           |          |
|    ep_len_mean     | 99.9     |
|    ep_rew_mean     | -21      |
| time/              |          |
|    episodes        | 192      |
|    fps             | 0        |
|    time_elapsed    | 21695    |
|    total_timesteps | 16135    |
| train/             |          |
|    actor_loss      | 2.31     |
|    critic_loss     | 0.828    |
|    ent_coef        | 0.005    |
|    learning_rate   | 0.0001   |
|    n_updates       | 14134    |
---------------------------------
---------------------------------
| rollout/           |          |
|    ep_len_mean     | 100      |
|    ep_rew_mean     | -20.1    |
| time/              |          |
|    episodes        | 196      |
|    fps             | 0        |
|    time_elapsed    | 22301    |
|    total_timesteps | 16502    |
| train/             |          |
|    actor_loss      | 3.24     |
|    critic_loss     | 1.47     |
|    ent_coef        | 0.005    |
|    learning_rate   | 0.0001   |
|    n_updates       | 14501    |
---------------------------------
---------------------------------
| rollout/           |          |
|    ep_len_mean     | 100      |
|    ep_rew_mean     | -20.7    |
| time/              |          |
|    episodes        | 200      |
|    fps             | 0        |
|    time_elapsed    | 22898    |
|    total_timesteps | 16867    |
| train/             |          |
|    actor_loss      | 2.07     |
|    critic_loss     | 1.09     |
|    ent_coef        | 0.005    |
|    learning_rate   | 0.0001   |
|    n_updates       | 14866    |
---------------------------------
---------------------------------
| rollout/           |          |
|    ep_len_mean     | 100      |
|    ep_rew_mean     | -21.3    |
| time/              |          |
|    episodes        | 204      |
|    fps             | 0        |
|    time_elapsed    | 23609    |
|    total_timesteps | 17305    |
| train/             |          |
|    actor_loss      | 2.66     |
|    critic_loss     | 1.45     |
|    ent_coef        | 0.005    |
|    learning_rate   | 0.0001   |
|    n_updates       | 15304    |
---------------------------------
---------------------------------
| rollout/           |          |
|    ep_len_mean     | 98       |
|    ep_rew_mean     | -21.4    |
| time/              |          |
|    episodes        | 208      |
|    fps             | 0        |
|    time_elapsed    | 24175    |
|    total_timesteps | 17647    |
| train/             |          |
|    actor_loss      | 3.07     |
|    critic_loss     | 0.923    |
|    ent_coef        | 0.005    |
|    learning_rate   | 0.0001   |
|    n_updates       | 15646    |
---------------------------------
---------------------------------
| rollout/           |          |
|    ep_len_mean     | 96.5     |
|    ep_rew_mean     | -20.5    |
| time/              |          |
|    episodes        | 212      |
|    fps             | 0        |
|    time_elapsed    | 24642    |
|    total_timesteps | 17922    |
| train/             |          |
|    actor_loss      | 3.08     |
|    critic_loss     | 1.38     |
|    ent_coef        | 0.005    |
|    learning_rate   | 0.0001   |
|    n_updates       | 15921    |
---------------------------------
---------------------------------
| rollout/           |          |
|    ep_len_mean     | 94.2     |
|    ep_rew_mean     | -20.5    |
| time/              |          |
|    episodes        | 216      |
|    fps             | 0        |
|    time_elapsed    | 25096    |
|    total_timesteps | 18186    |
| train/             |          |
|    actor_loss      | 2.13     |
|    critic_loss     | 1.94     |
|    ent_coef        | 0.005    |
|    learning_rate   | 0.0001   |
|    n_updates       | 16185    |
---------------------------------
---------------------------------
| rollout/           |          |
|    ep_len_mean     | 91.7     |
|    ep_rew_mean     | -21.3    |
| time/              |          |
|    episodes        | 220      |
|    fps             | 0        |
|    time_elapsed    | 25456    |
|    total_timesteps | 18396    |
| train/             |          |
|    actor_loss      | 2.66     |
|    critic_loss     | 2.31     |
|    ent_coef        | 0.005    |
|    learning_rate   | 0.0001   |
|    n_updates       | 16395    |
---------------------------------
---------------------------------
| rollout/           |          |
|    ep_len_mean     | 90.4     |
|    ep_rew_mean     | -21.5    |
| time/              |          |
|    episodes        | 224      |
|    fps             | 0        |
|    time_elapsed    | 26093    |
|    total_timesteps | 18769    |
| train/             |          |
|    actor_loss      | 1.7      |
|    critic_loss     | 0.786    |
|    ent_coef        | 0.005    |
|    learning_rate   | 0.0001   |
|    n_updates       | 16768    |
---------------------------------
---------------------------------
| rollout/           |          |
|    ep_len_mean     | 88.9     |
|    ep_rew_mean     | -21.9    |
| time/              |          |
|    episodes        | 228      |
|    fps             | 0        |
|    time_elapsed    | 26695    |
|    total_timesteps | 19115    |
| train/             |          |
|    actor_loss      | 2.77     |
|    critic_loss     | 1.56     |
|    ent_coef        | 0.005    |
|    learning_rate   | 0.0001   |
|    n_updates       | 17114    |
---------------------------------
---------------------------------
| rollout/           |          |
|    ep_len_mean     | 89.6     |
|    ep_rew_mean     | -21.5    |
| time/              |          |
|    episodes        | 232      |
|    fps             | 0        |
|    time_elapsed    | 27335    |
|    total_timesteps | 19483    |
| train/             |          |
|    actor_loss      | 2.2      |
|    critic_loss     | 0.884    |
|    ent_coef        | 0.005    |
|    learning_rate   | 0.0001   |
|    n_updates       | 17482    |
---------------------------------
---------------------------------
| rollout/           |          |
|    ep_len_mean     | 89.3     |
|    ep_rew_mean     | -17.6    |
| time/              |          |
|    episodes        | 236      |
|    fps             | 0        |
|    time_elapsed    | 28049    |
|    total_timesteps | 19899    |
| train/             |          |
|    actor_loss      | 2.29     |
|    critic_loss     | 1.64     |
|    ent_coef        | 0.005    |
|    learning_rate   | 0.0001   |
|    n_updates       | 17898    |
---------------------------------
---------------------------------
| rollout/           |          |
|    ep_len_mean     | 86.6     |
|    ep_rew_mean     | -17.1    |
| time/              |          |
|    episodes        | 240      |
|    fps             | 0        |
|    time_elapsed    | 28410    |
|    total_timesteps | 20111    |
| train/             |          |
|    actor_loss      | 2.66     |
|    critic_loss     | 1.82     |
|    ent_coef        | 0.005    |
|    learning_rate   | 0.0001   |
|    n_updates       | 18110    |
---------------------------------
---------------------------------
| rollout/           |          |
|    ep_len_mean     | 87.9     |
|    ep_rew_mean     | -15.5    |
| time/              |          |
|    episodes        | 244      |
|    fps             | 0        |
|    time_elapsed    | 29093    |
|    total_timesteps | 20513    |
| train/             |          |
|    actor_loss      | 2.89     |
|    critic_loss     | 0.832    |
|    ent_coef        | 0.005    |
|    learning_rate   | 0.0001   |
|    n_updates       | 18512    |
---------------------------------
---------------------------------
| rollout/           |          |
|    ep_len_mean     | 86.7     |
|    ep_rew_mean     | -14.6    |
| time/              |          |
|    episodes        | 248      |
|    fps             | 0        |
|    time_elapsed    | 29749    |
|    total_timesteps | 20910    |
| train/             |          |
|    actor_loss      | 2.72     |
|    critic_loss     | 1.42     |
|    ent_coef        | 0.005    |
|    learning_rate   | 0.0001   |
|    n_updates       | 18909    |
---------------------------------
---------------------------------
| rollout/           |          |
|    ep_len_mean     | 86.7     |
|    ep_rew_mean     | -13.6    |
| time/              |          |
|    episodes        | 252      |
|    fps             | 0        |
|    time_elapsed    | 30145    |
|    total_timesteps | 21239    |
| train/             |          |
|    actor_loss      | 1.99     |
|    critic_loss     | 0.574    |
|    ent_coef        | 0.005    |
|    learning_rate   | 0.0001   |
|    n_updates       | 19238    |
---------------------------------
---------------------------------
| rollout/           |          |
|    ep_len_mean     | 86.6     |
|    ep_rew_mean     | -13.5    |
| time/              |          |
|    episodes        | 256      |
|    fps             | 0        |
|    time_elapsed    | 30599    |
|    total_timesteps | 21603    |
| train/             |          |
|    actor_loss      | 2.2      |
|    critic_loss     | 0.596    |
|    ent_coef        | 0.005    |
|    learning_rate   | 0.0001   |
|    n_updates       | 19602    |
---------------------------------
---------------------------------
| rollout/           |          |
|    ep_len_mean     | 86.6     |
|    ep_rew_mean     | -12.7    |
| time/              |          |
|    episodes        | 260      |
|    fps             | 0        |
|    time_elapsed    | 31005    |
|    total_timesteps | 21900    |
| train/             |          |
|    actor_loss      | 3.18     |
|    critic_loss     | 0.814    |
|    ent_coef        | 0.005    |
|    learning_rate   | 0.0001   |
|    n_updates       | 19899    |
---------------------------------
---------------------------------
| rollout/           |          |
|    ep_len_mean     | 84.6     |
|    ep_rew_mean     | -11.3    |
| time/              |          |
|    episodes        | 264      |
|    fps             | 0        |
|    time_elapsed    | 31465    |
|    total_timesteps | 22173    |
| train/             |          |
|    actor_loss      | 2.42     |
|    critic_loss     | 1.41     |
|    ent_coef        | 0.005    |
|    learning_rate   | 0.0001   |
|    n_updates       | 20172    |
---------------------------------
---------------------------------
| rollout/           |          |
|    ep_len_mean     | 85.6     |
|    ep_rew_mean     | -10.9    |
| time/              |          |
|    episodes        | 268      |
|    fps             | 0        |
|    time_elapsed    | 31828    |
|    total_timesteps | 22391    |
| train/             |          |
|    actor_loss      | 2.96     |
|    critic_loss     | 0.844    |
|    ent_coef        | 0.005    |
|    learning_rate   | 0.0001   |
|    n_updates       | 20390    |
---------------------------------
---------------------------------
| rollout/           |          |
|    ep_len_mean     | 86.4     |
|    ep_rew_mean     | -10.4    |
| time/              |          |
|    episodes        | 272      |
|    fps             | 0        |
|    time_elapsed    | 32568    |
|    total_timesteps | 22858    |
| train/             |          |
|    actor_loss      | 2.33     |
|    critic_loss     | 0.635    |
|    ent_coef        | 0.005    |
|    learning_rate   | 0.0001   |
|    n_updates       | 20857    |
---------------------------------
---------------------------------
| rollout/           |          |
|    ep_len_mean     | 88.6     |
|    ep_rew_mean     | -10.1    |
| time/              |          |
|    episodes        | 276      |
|    fps             | 0        |
|    time_elapsed    | 33397    |
|    total_timesteps | 23359    |
| train/             |          |
|    actor_loss      | 2.58     |
|    critic_loss     | 0.397    |
|    ent_coef        | 0.005    |
|    learning_rate   | 0.0001   |
|    n_updates       | 21358    |
---------------------------------
---------------------------------
| rollout/           |          |
|    ep_len_mean     | 86.9     |
|    ep_rew_mean     | -9.69    |
| time/              |          |
|    episodes        | 280      |
|    fps             | 0        |
|    time_elapsed    | 33805    |
|    total_timesteps | 23608    |
| train/             |          |
|    actor_loss      | 1.93     |
|    critic_loss     | 1.7      |
|    ent_coef        | 0.005    |
|    learning_rate   | 0.0001   |
|    n_updates       | 21607    |
---------------------------------
---------------------------------
| rollout/           |          |
|    ep_len_mean     | 87       |
|    ep_rew_mean     | -10      |
| time/              |          |
|    episodes        | 284      |
|    fps             | 0        |
|    time_elapsed    | 34246    |
|    total_timesteps | 23870    |
| train/             |          |
|    actor_loss      | 3.29     |
|    critic_loss     | 0.932    |
|    ent_coef        | 0.005    |
|    learning_rate   | 0.0001   |
|    n_updates       | 21869    |
---------------------------------
---------------------------------
| rollout/           |          |
|    ep_len_mean     | 83.5     |
|    ep_rew_mean     | -11.1    |
| time/              |          |
|    episodes        | 288      |
|    fps             | 0        |
|    time_elapsed    | 34414    |
|    total_timesteps | 23970    |
| train/             |          |
|    actor_loss      | 2.47     |
|    critic_loss     | 0.599    |
|    ent_coef        | 0.005    |
|    learning_rate   | 0.0001   |
|    n_updates       | 21969    |
---------------------------------
---------------------------------
| rollout/           |          |
|    ep_len_mean     | 81.2     |
|    ep_rew_mean     | -11.8    |
| time/              |          |
|    episodes        | 292      |
|    fps             | 0        |
|    time_elapsed    | 34915    |
|    total_timesteps | 24253    |
| train/             |          |
|    actor_loss      | 2.31     |
|    critic_loss     | 0.734    |
|    ent_coef        | 0.005    |
|    learning_rate   | 0.0001   |
|    n_updates       | 22252    |
---------------------------------
---------------------------------
| rollout/           |          |
|    ep_len_mean     | 81.4     |
|    ep_rew_mean     | -12.6    |
| time/              |          |
|    episodes        | 296      |
|    fps             | 0        |
|    time_elapsed    | 35585    |
|    total_timesteps | 24638    |
| train/             |          |
|    actor_loss      | 2.12     |
|    critic_loss     | 1.25     |
|    ent_coef        | 0.005    |
|    learning_rate   | 0.0001   |
|    n_updates       | 22637    |
---------------------------------
---------------------------------
| rollout/           |          |
|    ep_len_mean     | 82.6     |
|    ep_rew_mean     | -11.5    |
| time/              |          |
|    episodes        | 300      |
|    fps             | 0        |
|    time_elapsed    | 36441    |
|    total_timesteps | 25128    |
| train/             |          |
|    actor_loss      | 2.41     |
|    critic_loss     | 1.33     |
|    ent_coef        | 0.005    |
|    learning_rate   | 0.0001   |
|    n_updates       | 23127    |
---------------------------------
---------------------------------
| rollout/           |          |
|    ep_len_mean     | 83       |
|    ep_rew_mean     | -10.9    |
| time/              |          |
|    episodes        | 304      |
|    fps             | 0        |
|    time_elapsed    | 37272    |
|    total_timesteps | 25603    |
| train/             |          |
|    actor_loss      | 2.09     |
|    critic_loss     | 0.313    |
|    ent_coef        | 0.005    |
|    learning_rate   | 0.0001   |
|    n_updates       | 23602    |
---------------------------------
---------------------------------
| rollout/           |          |
|    ep_len_mean     | 83.3     |
|    ep_rew_mean     | -11      |
| time/              |          |
|    episodes        | 308      |
|    fps             | 0        |
|    time_elapsed    | 37898    |
|    total_timesteps | 25980    |
| train/             |          |
|    actor_loss      | 2.9      |
|    critic_loss     | 0.739    |
|    ent_coef        | 0.005    |
|    learning_rate   | 0.0001   |
|    n_updates       | 23979    |
---------------------------------
---------------------------------
| rollout/           |          |
|    ep_len_mean     | 85.6     |
|    ep_rew_mean     | -10.5    |
| time/              |          |
|    episodes        | 312      |
|    fps             | 0        |
|    time_elapsed    | 38638    |
|    total_timesteps | 26485    |
| train/             |          |
|    actor_loss      | 2.3      |
|    critic_loss     | 0.655    |
|    ent_coef        | 0.005    |
|    learning_rate   | 0.0001   |
|    n_updates       | 24484    |
---------------------------------
---------------------------------
| rollout/           |          |
|    ep_len_mean     | 88.4     |
|    ep_rew_mean     | -9.86    |
| time/              |          |
|    episodes        | 316      |
|    fps             | 0        |
|    time_elapsed    | 39440    |
|    total_timesteps | 27028    |
| train/             |          |
|    actor_loss      | 2.34     |
|    critic_loss     | 0.263    |
|    ent_coef        | 0.005    |
|    learning_rate   | 0.0001   |
|    n_updates       | 25027    |
---------------------------------
---------------------------------
| rollout/           |          |
|    ep_len_mean     | 92.2     |
|    ep_rew_mean     | -8.13    |
| time/              |          |
|    episodes        | 320      |
|    fps             | 0        |
|    time_elapsed    | 40358    |
|    total_timesteps | 27614    |
| train/             |          |
|    actor_loss      | 2.59     |
|    critic_loss     | 0.968    |
|    ent_coef        | 0.005    |
|    learning_rate   | 0.0001   |
|    n_updates       | 25613    |
---------------------------------
---------------------------------
| rollout/           |          |
|    ep_len_mean     | 91.3     |
|    ep_rew_mean     | -8.01    |
| time/              |          |
|    episodes        | 324      |
|    fps             | 0        |
|    time_elapsed    | 40824    |
|    total_timesteps | 27898    |
| train/             |          |
|    actor_loss      | 2.67     |
|    critic_loss     | 0.492    |
|    ent_coef        | 0.005    |
|    learning_rate   | 0.0001   |
|    n_updates       | 25897    |
---------------------------------
---------------------------------
| rollout/           |          |
|    ep_len_mean     | 90.6     |
|    ep_rew_mean     | -8.19    |
| time/              |          |
|    episodes        | 328      |
|    fps             | 0        |
|    time_elapsed    | 41323    |
|    total_timesteps | 28178    |
| train/             |          |
|    actor_loss      | 2.71     |
|    critic_loss     | 0.36     |
|    ent_coef        | 0.005    |
|    learning_rate   | 0.0001   |
|    n_updates       | 26177    |
---------------------------------
---------------------------------
| rollout/           |          |
|    ep_len_mean     | 90.7     |
|    ep_rew_mean     | -8.53    |
| time/              |          |
|    episodes        | 332      |
|    fps             | 0        |
|    time_elapsed    | 42020    |
|    total_timesteps | 28556    |
| train/             |          |
|    actor_loss      | 2.69     |
|    critic_loss     | 0.509    |
|    ent_coef        | 0.005    |
|    learning_rate   | 0.0001   |
|    n_updates       | 26555    |
---------------------------------
---------------------------------
| rollout/           |          |
|    ep_len_mean     | 89.1     |
|    ep_rew_mean     | -9.44    |
| time/              |          |
|    episodes        | 336      |
|    fps             | 0        |
|    time_elapsed    | 42318    |
|    total_timesteps | 28809    |
| train/             |          |
|    actor_loss      | 2.51     |
|    critic_loss     | 0.458    |
|    ent_coef        | 0.005    |
|    learning_rate   | 0.0001   |
|    n_updates       | 26808    |
---------------------------------
---------------------------------
| rollout/           |          |
|    ep_len_mean     | 90.3     |
|    ep_rew_mean     | -9.38    |
| time/              |          |
|    episodes        | 340      |
|    fps             | 0        |
|    time_elapsed    | 42705    |
|    total_timesteps | 29145    |
| train/             |          |
|    actor_loss      | 2.94     |
|    critic_loss     | 0.763    |
|    ent_coef        | 0.005    |
|    learning_rate   | 0.0001   |
|    n_updates       | 27144    |
---------------------------------
---------------------------------
| rollout/           |          |
|    ep_len_mean     | 89.5     |
|    ep_rew_mean     | -10.5    |
| time/              |          |
|    episodes        | 344      |
|    fps             | 0        |
|    time_elapsed    | 43080    |
|    total_timesteps | 29466    |
| train/             |          |
|    actor_loss      | 2.82     |
|    critic_loss     | 0.337    |
|    ent_coef        | 0.005    |
|    learning_rate   | 0.0001   |
|    n_updates       | 27465    |
---------------------------------
---------------------------------
| rollout/           |          |
|    ep_len_mean     | 90.6     |
|    ep_rew_mean     | -10.4    |
| time/              |          |
|    episodes        | 348      |
|    fps             | 0        |
|    time_elapsed    | 43667    |
|    total_timesteps | 29968    |
| train/             |          |
|    actor_loss      | 2.73     |
|    critic_loss     | 0.417    |
|    ent_coef        | 0.005    |
|    learning_rate   | 0.0001   |
|    n_updates       | 27967    |
---------------------------------
---------------------------------
| rollout/           |          |
|    ep_len_mean     | 92.2     |
|    ep_rew_mean     | -9.83    |
| time/              |          |
|    episodes        | 352      |
|    fps             | 0        |
|    time_elapsed    | 44247    |
|    total_timesteps | 30458    |
| train/             |          |
|    actor_loss      | 2.45     |
|    critic_loss     | 0.393    |
|    ent_coef        | 0.005    |
|    learning_rate   | 0.0001   |
|    n_updates       | 28457    |
---------------------------------
---------------------------------
| rollout/           |          |
|    ep_len_mean     | 94       |
|    ep_rew_mean     | -8.97    |
| time/              |          |
|    episodes        | 356      |
|    fps             | 0        |
|    time_elapsed    | 44869    |
|    total_timesteps | 30999    |
| train/             |          |
|    actor_loss      | 2.15     |
|    critic_loss     | 0.442    |
|    ent_coef        | 0.005    |
|    learning_rate   | 0.0001   |
|    n_updates       | 28998    |
---------------------------------
---------------------------------
| rollout/           |          |
|    ep_len_mean     | 94.2     |
|    ep_rew_mean     | -9.19    |
| time/              |          |
|    episodes        | 360      |
|    fps             | 0        |
|    time_elapsed    | 45242    |
|    total_timesteps | 31321    |
| train/             |          |
|    actor_loss      | 1.8      |
|    critic_loss     | 0.232    |
|    ent_coef        | 0.005    |
|    learning_rate   | 0.0001   |
|    n_updates       | 29320    |
---------------------------------
---------------------------------
| rollout/           |          |
|    ep_len_mean     | 95.7     |
|    ep_rew_mean     | -8.28    |
| time/              |          |
|    episodes        | 364      |
|    fps             | 0        |
|    time_elapsed    | 45746    |
|    total_timesteps | 31745    |
| train/             |          |
|    actor_loss      | 2.08     |
|    critic_loss     | 0.437    |
|    ent_coef        | 0.005    |
|    learning_rate   | 0.0001   |
|    n_updates       | 29744    |
---------------------------------
---------------------------------
| rollout/           |          |
|    ep_len_mean     | 96.9     |
|    ep_rew_mean     | -8.84    |
| time/              |          |
|    episodes        | 368      |
|    fps             | 0        |
|    time_elapsed    | 46131    |
|    total_timesteps | 32082    |
| train/             |          |
|    actor_loss      | 2.33     |
|    critic_loss     | 0.374    |
|    ent_coef        | 0.005    |
|    learning_rate   | 0.0001   |
|    n_updates       | 30081    |
---------------------------------
---------------------------------
| rollout/           |          |
|    ep_len_mean     | 97.3     |
|    ep_rew_mean     | -8.75    |
| time/              |          |
|    episodes        | 372      |
|    fps             | 0        |
|    time_elapsed    | 46713    |
|    total_timesteps | 32588    |
| train/             |          |
|    actor_loss      | 2.67     |
|    critic_loss     | 1.4      |
|    ent_coef        | 0.005    |
|    learning_rate   | 0.0001   |
|    n_updates       | 30587    |
---------------------------------
---------------------------------
| rollout/           |          |
|    ep_len_mean     | 97.2     |
|    ep_rew_mean     | -8.95    |
| time/              |          |
|    episodes        | 376      |
|    fps             | 0        |
|    time_elapsed    | 47284    |
|    total_timesteps | 33074    |
| train/             |          |
|    actor_loss      | 2.68     |
|    critic_loss     | 0.468    |
|    ent_coef        | 0.005    |
|    learning_rate   | 0.0001   |
|    n_updates       | 31073    |
---------------------------------
---------------------------------
| rollout/           |          |
|    ep_len_mean     | 99.5     |
|    ep_rew_mean     | -8.65    |
| time/              |          |
|    episodes        | 380      |
|    fps             | 0        |
|    time_elapsed    | 47847    |
|    total_timesteps | 33559    |
| train/             |          |
|    actor_loss      | 2.57     |
|    critic_loss     | 0.359    |
|    ent_coef        | 0.005    |
|    learning_rate   | 0.0001   |
|    n_updates       | 31558    |
---------------------------------
---------------------------------
| rollout/           |          |
|    ep_len_mean     | 101      |
|    ep_rew_mean     | -8.31    |
| time/              |          |
|    episodes        | 384      |
|    fps             | 0        |
|    time_elapsed    | 48272    |
|    total_timesteps | 33930    |
| train/             |          |
|    actor_loss      | 2.07     |
|    critic_loss     | 0.306    |
|    ent_coef        | 0.005    |
|    learning_rate   | 0.0001   |
|    n_updates       | 31929    |
---------------------------------
---------------------------------
| rollout/           |          |
|    ep_len_mean     | 103      |
|    ep_rew_mean     | -7.8     |
| time/              |          |
|    episodes        | 388      |
|    fps             | 0        |
|    time_elapsed    | 48612    |
|    total_timesteps | 34224    |
| train/             |          |
|    actor_loss      | 2.86     |
|    critic_loss     | 0.328    |
|    ent_coef        | 0.005    |
|    learning_rate   | 0.0001   |
|    n_updates       | 32223    |
---------------------------------
---------------------------------
| rollout/           |          |
|    ep_len_mean     | 103      |
|    ep_rew_mean     | -7.98    |
| time/              |          |
|    episodes        | 392      |
|    fps             | 0        |
|    time_elapsed    | 49032    |
|    total_timesteps | 34586    |
| train/             |          |
|    actor_loss      | 2.94     |
|    critic_loss     | 0.47     |
|    ent_coef        | 0.005    |
|    learning_rate   | 0.0001   |
|    n_updates       | 32585    |
---------------------------------
---------------------------------
| rollout/           |          |
|    ep_len_mean     | 105      |
|    ep_rew_mean     | -6.99    |
| time/              |          |
|    episodes        | 396      |
|    fps             | 0        |
|    time_elapsed    | 49634    |
|    total_timesteps | 35093    |
| train/             |          |
|    actor_loss      | 2.17     |
|    critic_loss     | 0.602    |
|    ent_coef        | 0.005    |
|    learning_rate   | 0.0001   |
|    n_updates       | 33092    |
---------------------------------
---------------------------------
| rollout/           |          |
|    ep_len_mean     | 103      |
|    ep_rew_mean     | -7.26    |
| time/              |          |
|    episodes        | 400      |
|    fps             | 0        |
|    time_elapsed    | 49997    |
|    total_timesteps | 35404    |
| train/             |          |
|    actor_loss      | 3.13     |
|    critic_loss     | 0.571    |
|    ent_coef        | 0.005    |
|    learning_rate   | 0.0001   |
|    n_updates       | 33403    |
---------------------------------
---------------------------------
| rollout/           |          |
|    ep_len_mean     | 103      |
|    ep_rew_mean     | -7.07    |
| time/              |          |
|    episodes        | 404      |
|    fps             | 0        |
|    time_elapsed    | 50560    |
|    total_timesteps | 35883    |
| train/             |          |
|    actor_loss      | 2.6      |
|    critic_loss     | 0.504    |
|    ent_coef        | 0.005    |
|    learning_rate   | 0.0001   |
|    n_updates       | 33882    |
---------------------------------
---------------------------------
| rollout/           |          |
|    ep_len_mean     | 103      |
|    ep_rew_mean     | -7.18    |
| time/              |          |
|    episodes        | 408      |
|    fps             | 0        |
|    time_elapsed    | 50994    |
|    total_timesteps | 36255    |
| train/             |          |
|    actor_loss      | 2.17     |
|    critic_loss     | 0.396    |
|    ent_coef        | 0.005    |
|    learning_rate   | 0.0001   |
|    n_updates       | 34254    |
---------------------------------
---------------------------------
| rollout/           |          |
|    ep_len_mean     | 103      |
|    ep_rew_mean     | -7.32    |
| time/              |          |
|    episodes        | 412      |
|    fps             | 0        |
|    time_elapsed    | 51582    |
|    total_timesteps | 36755    |
| train/             |          |
|    actor_loss      | 2.56     |
|    critic_loss     | 0.329    |
|    ent_coef        | 0.005    |
|    learning_rate   | 0.0001   |
|    n_updates       | 34754    |
---------------------------------
---------------------------------
| rollout/           |          |
|    ep_len_mean     | 102      |
|    ep_rew_mean     | -7.09    |
| time/              |          |
|    episodes        | 416      |
|    fps             | 0        |
|    time_elapsed    | 52128    |
|    total_timesteps | 37220    |
| train/             |          |
|    actor_loss      | 2.89     |
|    critic_loss     | 0.343    |
|    ent_coef        | 0.005    |
|    learning_rate   | 0.0001   |
|    n_updates       | 35219    |
---------------------------------
---------------------------------
| rollout/           |          |
|    ep_len_mean     | 98.9     |
|    ep_rew_mean     | -8.05    |
| time/              |          |
|    episodes        | 420      |
|    fps             | 0        |
|    time_elapsed    | 52456    |
|    total_timesteps | 37507    |
| train/             |          |
|    actor_loss      | 2.34     |
|    critic_loss     | 0.762    |
|    ent_coef        | 0.005    |
|    learning_rate   | 0.0001   |
|    n_updates       | 35506    |
---------------------------------
---------------------------------
| rollout/           |          |
|    ep_len_mean     | 100      |
|    ep_rew_mean     | -7.71    |
| time/              |          |
|    episodes        | 424      |
|    fps             | 0        |
|    time_elapsed    | 52920    |
|    total_timesteps | 37904    |
| train/             |          |
|    actor_loss      | 1.76     |
|    critic_loss     | 1.06     |
|    ent_coef        | 0.005    |
|    learning_rate   | 0.0001   |
|    n_updates       | 35903    |
---------------------------------
---------------------------------
| rollout/           |          |
|    ep_len_mean     | 99.5     |
|    ep_rew_mean     | -7.16    |
| time/              |          |
|    episodes        | 428      |
|    fps             | 0        |
|    time_elapsed    | 53179    |
|    total_timesteps | 38125    |
| train/             |          |
|    actor_loss      | 2.18     |
|    critic_loss     | 0.325    |
|    ent_coef        | 0.005    |
|    learning_rate   | 0.0001   |
|    n_updates       | 36124    |
---------------------------------
---------------------------------
| rollout/           |          |
|    ep_len_mean     | 99.4     |
|    ep_rew_mean     | -5.64    |
| time/              |          |
|    episodes        | 432      |
|    fps             | 0        |
|    time_elapsed    | 53624    |
|    total_timesteps | 38500    |
| train/             |          |
|    actor_loss      | 2.25     |
|    critic_loss     | 0.252    |
|    ent_coef        | 0.005    |
|    learning_rate   | 0.0001   |
|    n_updates       | 36499    |
---------------------------------
---------------------------------
| rollout/           |          |
|    ep_len_mean     | 101      |
|    ep_rew_mean     | -4.61    |
| time/              |          |
|    episodes        | 436      |
|    fps             | 0        |
|    time_elapsed    | 54139    |
|    total_timesteps | 38946    |
| train/             |          |
|    actor_loss      | 2.73     |
|    critic_loss     | 0.404    |
|    ent_coef        | 0.005    |
|    learning_rate   | 0.0001   |
|    n_updates       | 36945    |
---------------------------------
---------------------------------
| rollout/           |          |
|    ep_len_mean     | 101      |
|    ep_rew_mean     | -4.19    |
| time/              |          |
|    episodes        | 440      |
|    fps             | 0        |
|    time_elapsed    | 54502    |
|    total_timesteps | 39258    |
| train/             |          |
|    actor_loss      | 2.11     |
|    critic_loss     | 0.427    |
|    ent_coef        | 0.005    |
|    learning_rate   | 0.0001   |
|    n_updates       | 37257    |
---------------------------------
---------------------------------
| rollout/           |          |
|    ep_len_mean     | 101      |
|    ep_rew_mean     | -3.47    |
| time/              |          |
|    episodes        | 444      |
|    fps             | 0        |
|    time_elapsed    | 54876    |
|    total_timesteps | 39583    |
| train/             |          |
|    actor_loss      | 2.55     |
|    critic_loss     | 0.358    |
|    ent_coef        | 0.005    |
|    learning_rate   | 0.0001   |
|    n_updates       | 37582    |
---------------------------------
---------------------------------
| rollout/           |          |
|    ep_len_mean     | 101      |
|    ep_rew_mean     | -3.01    |
| time/              |          |
|    episodes        | 448      |
|    fps             | 0        |
|    time_elapsed    | 55411    |
|    total_timesteps | 40037    |
| train/             |          |
|    actor_loss      | 2.52     |
|    critic_loss     | 0.316    |
|    ent_coef        | 0.005    |
|    learning_rate   | 0.0001   |
|    n_updates       | 38036    |
---------------------------------
---------------------------------
| rollout/           |          |
|    ep_len_mean     | 101      |
|    ep_rew_mean     | -2.29    |
| time/              |          |
|    episodes        | 452      |
|    fps             | 0        |
|    time_elapsed    | 56037    |
|    total_timesteps | 40569    |
| train/             |          |
|    actor_loss      | 2.52     |
|    critic_loss     | 0.346    |
|    ent_coef        | 0.005    |
|    learning_rate   | 0.0001   |
|    n_updates       | 38568    |
---------------------------------
---------------------------------
| rollout/           |          |
|    ep_len_mean     | 99.8     |
|    ep_rew_mean     | -2.81    |
| time/              |          |
|    episodes        | 456      |
|    fps             | 0        |
|    time_elapsed    | 56516    |
|    total_timesteps | 40978    |
| train/             |          |
|    actor_loss      | 1.67     |
|    critic_loss     | 0.284    |
|    ent_coef        | 0.005    |
|    learning_rate   | 0.0001   |
|    n_updates       | 38977    |
---------------------------------
---------------------------------
| rollout/           |          |
|    ep_len_mean     | 100      |
|    ep_rew_mean     | -1.7     |
| time/              |          |
|    episodes        | 460      |
|    fps             | 0        |
|    time_elapsed    | 56953    |
|    total_timesteps | 41350    |
| train/             |          |
|    actor_loss      | 2.02     |
|    critic_loss     | 1.01     |
|    ent_coef        | 0.005    |
|    learning_rate   | 0.0001   |
|    n_updates       | 39349    |
---------------------------------
---------------------------------
| rollout/           |          |
|    ep_len_mean     | 98.7     |
|    ep_rew_mean     | -2.77    |
| time/              |          |
|    episodes        | 464      |
|    fps             | 0        |
|    time_elapsed    | 57258    |
|    total_timesteps | 41613    |
| train/             |          |
|    actor_loss      | 1.31     |
|    critic_loss     | 0.363    |
|    ent_coef        | 0.005    |
|    learning_rate   | 0.0001   |
|    n_updates       | 39612    |
---------------------------------
---------------------------------
| rollout/           |          |
|    ep_len_mean     | 98.3     |
|    ep_rew_mean     | -1.85    |
| time/              |          |
|    episodes        | 468      |
|    fps             | 0        |
|    time_elapsed    | 57604    |
|    total_timesteps | 41912    |
| train/             |          |
|    actor_loss      | 2.41     |
|    critic_loss     | 0.661    |
|    ent_coef        | 0.005    |
|    learning_rate   | 0.0001   |
|    n_updates       | 39911    |
---------------------------------
---------------------------------
| rollout/           |          |
|    ep_len_mean     | 94.9     |
|    ep_rew_mean     | -2.86    |
| time/              |          |
|    episodes        | 472      |
|    fps             | 0        |
|    time_elapsed    | 57791    |
|    total_timesteps | 42078    |
| train/             |          |
|    actor_loss      | 3.28     |
|    critic_loss     | 0.308    |
|    ent_coef        | 0.005    |
|    learning_rate   | 0.0001   |
|    n_updates       | 40077    |
---------------------------------
---------------------------------
| rollout/           |          |
|    ep_len_mean     | 93.2     |
|    ep_rew_mean     | -2.93    |
| time/              |          |
|    episodes        | 476      |
|    fps             | 0        |
|    time_elapsed    | 58162    |
|    total_timesteps | 42397    |
| train/             |          |
|    actor_loss      | 2.55     |
|    critic_loss     | 0.546    |
|    ent_coef        | 0.005    |
|    learning_rate   | 0.0001   |
|    n_updates       | 40396    |
---------------------------------
---------------------------------
| rollout/           |          |
|    ep_len_mean     | 91.9     |
|    ep_rew_mean     | -2.18    |
| time/              |          |
|    episodes        | 480      |
|    fps             | 0        |
|    time_elapsed    | 58567    |
|    total_timesteps | 42747    |
| train/             |          |
|    actor_loss      | 1.6      |
|    critic_loss     | 0.488    |
|    ent_coef        | 0.005    |
|    learning_rate   | 0.0001   |
|    n_updates       | 40746    |
---------------------------------
---------------------------------
| rollout/           |          |
|    ep_len_mean     | 92.7     |
|    ep_rew_mean     | -1.61    |
| time/              |          |
|    episodes        | 484      |
|    fps             | 0        |
|    time_elapsed    | 59089    |
|    total_timesteps | 43204    |
| train/             |          |
|    actor_loss      | 2.41     |
|    critic_loss     | 0.826    |
|    ent_coef        | 0.005    |
|    learning_rate   | 0.0001   |
|    n_updates       | 41203    |
---------------------------------
---------------------------------
| rollout/           |          |
|    ep_len_mean     | 92.5     |
|    ep_rew_mean     | -1.72    |
| time/              |          |
|    episodes        | 488      |
|    fps             | 0        |
|    time_elapsed    | 59394    |
|    total_timesteps | 43473    |
| train/             |          |
|    actor_loss      | 1.85     |
|    critic_loss     | 0.296    |
|    ent_coef        | 0.005    |
|    learning_rate   | 0.0001   |
|    n_updates       | 41472    |
---------------------------------
---------------------------------
| rollout/           |          |
|    ep_len_mean     | 94.6     |
|    ep_rew_mean     | -1.04    |
| time/              |          |
|    episodes        | 492      |
|    fps             | 0        |
|    time_elapsed    | 60061    |
|    total_timesteps | 44043    |
| train/             |          |
|    actor_loss      | 2.58     |
|    critic_loss     | 1.32     |
|    ent_coef        | 0.005    |
|    learning_rate   | 0.0001   |
|    n_updates       | 42042    |
---------------------------------
---------------------------------
| rollout/           |          |
|    ep_len_mean     | 92       |
|    ep_rew_mean     | -2.3     |
| time/              |          |
|    episodes        | 496      |
|    fps             | 0        |
|    time_elapsed    | 60344    |
|    total_timesteps | 44293    |
| train/             |          |
|    actor_loss      | 1.87     |
|    critic_loss     | 0.502    |
|    ent_coef        | 0.005    |
|    learning_rate   | 0.0001   |
|    n_updates       | 42292    |
---------------------------------
---------------------------------
| rollout/           |          |
|    ep_len_mean     | 92.7     |
|    ep_rew_mean     | -2.19    |
| time/              |          |
|    episodes        | 500      |
|    fps             | 0        |
|    time_elapsed    | 60785    |
|    total_timesteps | 44674    |
| train/             |          |
|    actor_loss      | 1.86     |
|    critic_loss     | 0.206    |
|    ent_coef        | 0.005    |
|    learning_rate   | 0.0001   |
|    n_updates       | 42673    |
---------------------------------
---------------------------------
| rollout/           |          |
|    ep_len_mean     | 90.3     |
|    ep_rew_mean     | -2.79    |
| time/              |          |
|    episodes        | 504      |
|    fps             | 0        |
|    time_elapsed    | 61049    |
|    total_timesteps | 44910    |
| train/             |          |
|    actor_loss      | 2.3      |
|    critic_loss     | 0.439    |
|    ent_coef        | 0.005    |
|    learning_rate   | 0.0001   |
|    n_updates       | 42909    |
---------------------------------
---------------------------------
| rollout/           |          |
|    ep_len_mean     | 90.1     |
|    ep_rew_mean     | -2.84    |
| time/              |          |
|    episodes        | 508      |
|    fps             | 0        |
|    time_elapsed    | 61458    |
|    total_timesteps | 45262    |
| train/             |          |
|    actor_loss      | 2.18     |
|    critic_loss     | 0.422    |
|    ent_coef        | 0.005    |
|    learning_rate   | 0.0001   |
|    n_updates       | 43261    |
---------------------------------
---------------------------------
| rollout/           |          |
|    ep_len_mean     | 90.8     |
|    ep_rew_mean     | -2.89    |
| time/              |          |
|    episodes        | 512      |
|    fps             | 0        |
|    time_elapsed    | 62128    |
|    total_timesteps | 45834    |
| train/             |          |
|    actor_loss      | 2.21     |
|    critic_loss     | 0.403    |
|    ent_coef        | 0.005    |
|    learning_rate   | 0.0001   |
|    n_updates       | 43833    |
---------------------------------
---------------------------------
| rollout/           |          |
|    ep_len_mean     | 89.7     |
|    ep_rew_mean     | -2.44    |
| time/              |          |
|    episodes        | 516      |
|    fps             | 0        |
|    time_elapsed    | 62546    |
|    total_timesteps | 46194    |
| train/             |          |
|    actor_loss      | 1.79     |
|    critic_loss     | 0.543    |
|    ent_coef        | 0.005    |
|    learning_rate   | 0.0001   |
|    n_updates       | 44193    |
---------------------------------
---------------------------------
| rollout/           |          |
|    ep_len_mean     | 90       |
|    ep_rew_mean     | -1.55    |
| time/              |          |
|    episodes        | 520      |
|    fps             | 0        |
|    time_elapsed    | 62918    |
|    total_timesteps | 46512    |
| train/             |          |
|    actor_loss      | 2.81     |
|    critic_loss     | 0.919    |
|    ent_coef        | 0.005    |
|    learning_rate   | 0.0001   |
|    n_updates       | 44511    |
---------------------------------
---------------------------------
| rollout/           |          |
|    ep_len_mean     | 89.7     |
|    ep_rew_mean     | -1.11    |
| time/              |          |
|    episodes        | 524      |
|    fps             | 0        |
|    time_elapsed    | 63336    |
|    total_timesteps | 46872    |
| train/             |          |
|    actor_loss      | 3.1      |
|    critic_loss     | 0.405    |
|    ent_coef        | 0.005    |
|    learning_rate   | 0.0001   |
|    n_updates       | 44871    |
---------------------------------
---------------------------------
| rollout/           |          |
|    ep_len_mean     | 89.4     |
|    ep_rew_mean     | -1.14    |
| time/              |          |
|    episodes        | 528      |
|    fps             | 0        |
|    time_elapsed    | 63554    |
|    total_timesteps | 47063    |
| train/             |          |
|    actor_loss      | 1.83     |
|    critic_loss     | 0.564    |
|    ent_coef        | 0.005    |
|    learning_rate   | 0.0001   |
|    n_updates       | 45062    |
---------------------------------
---------------------------------
| rollout/           |          |
|    ep_len_mean     | 89.2     |
|    ep_rew_mean     | -2.23    |
| time/              |          |
|    episodes        | 532      |
|    fps             | 0        |
|    time_elapsed    | 63960    |
|    total_timesteps | 47416    |
| train/             |          |
|    actor_loss      | 2.35     |
|    critic_loss     | 0.408    |
|    ent_coef        | 0.005    |
|    learning_rate   | 0.0001   |
|    n_updates       | 45415    |
---------------------------------
---------------------------------
| rollout/           |          |
|    ep_len_mean     | 88       |
|    ep_rew_mean     | -2.59    |
| time/              |          |
|    episodes        | 536      |
|    fps             | 0        |
|    time_elapsed    | 64338    |
|    total_timesteps | 47744    |
| train/             |          |
|    actor_loss      | 1.94     |
|    critic_loss     | 0.368    |
|    ent_coef        | 0.005    |
|    learning_rate   | 0.0001   |
|    n_updates       | 45743    |
---------------------------------
---------------------------------
| rollout/           |          |
|    ep_len_mean     | 87.1     |
|    ep_rew_mean     | -2.24    |
| time/              |          |
|    episodes        | 540      |
|    fps             | 0        |
|    time_elapsed    | 64599    |
|    total_timesteps | 47970    |
| train/             |          |
|    actor_loss      | 1.91     |
|    critic_loss     | 0.363    |
|    ent_coef        | 0.005    |
|    learning_rate   | 0.0001   |
|    n_updates       | 45969    |
---------------------------------
---------------------------------
| rollout/           |          |
|    ep_len_mean     | 87.9     |
|    ep_rew_mean     | -2.05    |
| time/              |          |
|    episodes        | 544      |
|    fps             | 0        |
|    time_elapsed    | 65066    |
|    total_timesteps | 48374    |
| train/             |          |
|    actor_loss      | 2.76     |
|    critic_loss     | 0.272    |
|    ent_coef        | 0.005    |
|    learning_rate   | 0.0001   |
|    n_updates       | 46373    |
---------------------------------
---------------------------------
| rollout/           |          |
|    ep_len_mean     | 86.9     |
|    ep_rew_mean     | -1.94    |
| time/              |          |
|    episodes        | 548      |
|    fps             | 0        |
|    time_elapsed    | 65478    |
|    total_timesteps | 48724    |
| train/             |          |
|    actor_loss      | 1.99     |
|    critic_loss     | 1.05     |
|    ent_coef        | 0.005    |
|    learning_rate   | 0.0001   |
|    n_updates       | 46723    |
---------------------------------
---------------------------------
| rollout/           |          |
|    ep_len_mean     | 84.6     |
|    ep_rew_mean     | -2       |
| time/              |          |
|    episodes        | 552      |
|    fps             | 0        |
|    time_elapsed    | 65824    |
|    total_timesteps | 49026    |
| train/             |          |
|    actor_loss      | 1.78     |
|    critic_loss     | 0.458    |
|    ent_coef        | 0.005    |
|    learning_rate   | 0.0001   |
|    n_updates       | 47025    |
---------------------------------
---------------------------------
| rollout/           |          |
|    ep_len_mean     | 82.6     |
|    ep_rew_mean     | -2.13    |
| time/              |          |
|    episodes        | 556      |
|    fps             | 0        |
|    time_elapsed    | 66065    |
|    total_timesteps | 49236    |
| train/             |          |
|    actor_loss      | 1.62     |
|    critic_loss     | 0.832    |
|    ent_coef        | 0.005    |
|    learning_rate   | 0.0001   |
|    n_updates       | 47235    |
---------------------------------
---------------------------------
| rollout/           |          |
|    ep_len_mean     | 82.5     |
|    ep_rew_mean     | -2.17    |
| time/              |          |
|    episodes        | 560      |
|    fps             | 0        |
|    time_elapsed    | 66476    |
|    total_timesteps | 49598    |
| train/             |          |
|    actor_loss      | 2.35     |
|    critic_loss     | 0.706    |
|    ent_coef        | 0.005    |
|    learning_rate   | 0.0001   |
|    n_updates       | 47597    |
---------------------------------
---------------------------------
| rollout/           |          |
|    ep_len_mean     | 84.4     |
|    ep_rew_mean     | -1.21    |
| time/              |          |
|    episodes        | 564      |
|    fps             | 0        |
|    time_elapsed    | 66996    |
|    total_timesteps | 50055    |
| train/             |          |
|    actor_loss      | 1.72     |
|    critic_loss     | 0.663    |
|    ent_coef        | 0.005    |
|    learning_rate   | 0.0001   |
|    n_updates       | 48054    |
---------------------------------
---------------------------------
| rollout/           |          |
|    ep_len_mean     | 85.5     |
|    ep_rew_mean     | -0.266   |
| time/              |          |
|    episodes        | 568      |
|    fps             | 0        |
|    time_elapsed    | 67475    |
|    total_timesteps | 50463    |
| train/             |          |
|    actor_loss      | 1.87     |
|    critic_loss     | 0.258    |
|    ent_coef        | 0.005    |
|    learning_rate   | 0.0001   |
|    n_updates       | 48462    |
---------------------------------
---------------------------------
| rollout/           |          |
|    ep_len_mean     | 87.2     |
|    ep_rew_mean     | 0.0574   |
| time/              |          |
|    episodes        | 572      |
|    fps             | 0        |
|    time_elapsed    | 67858    |
|    total_timesteps | 50793    |
| train/             |          |
|    actor_loss      | 2.47     |
|    critic_loss     | 0.519    |
|    ent_coef        | 0.005    |
|    learning_rate   | 0.0001   |
|    n_updates       | 48792    |
---------------------------------
---------------------------------
| rollout/           |          |
|    ep_len_mean     | 87.4     |
|    ep_rew_mean     | 0.666    |
| time/              |          |
|    episodes        | 576      |
|    fps             | 0        |
|    time_elapsed    | 68256    |
|    total_timesteps | 51138    |
| train/             |          |
|    actor_loss      | 2.61     |
|    critic_loss     | 0.639    |
|    ent_coef        | 0.005    |
|    learning_rate   | 0.0001   |
|    n_updates       | 49137    |
---------------------------------
---------------------------------
| rollout/           |          |
|    ep_len_mean     | 87       |
|    ep_rew_mean     | -0.31    |
| time/              |          |
|    episodes        | 580      |
|    fps             | 0        |
|    time_elapsed    | 68609    |
|    total_timesteps | 51443    |
| train/             |          |
|    actor_loss      | 2.18     |
|    critic_loss     | 0.528    |
|    ent_coef        | 0.005    |
|    learning_rate   | 0.0001   |
|    n_updates       | 49442    |
---------------------------------
---------------------------------
| rollout/           |          |
|    ep_len_mean     | 86       |
|    ep_rew_mean     | 0.722    |
| time/              |          |
|    episodes        | 584      |
|    fps             | 0        |
|    time_elapsed    | 69038    |
|    total_timesteps | 51809    |
| train/             |          |
|    actor_loss      | 2.06     |
|    critic_loss     | 1.73     |
|    ent_coef        | 0.005    |
|    learning_rate   | 0.0001   |
|    n_updates       | 49808    |
---------------------------------
---------------------------------
| rollout/           |          |
|    ep_len_mean     | 85.9     |
|    ep_rew_mean     | 1.23     |
| time/              |          |
|    episodes        | 588      |
|    fps             | 0        |
|    time_elapsed    | 69328    |
|    total_timesteps | 52059    |
| train/             |          |
|    actor_loss      | 1.14     |
|    critic_loss     | 0.241    |
|    ent_coef        | 0.005    |
|    learning_rate   | 0.0001   |
|    n_updates       | 50058    |
---------------------------------
---------------------------------
| rollout/           |          |
|    ep_len_mean     | 82.8     |
|    ep_rew_mean     | 1.49     |
| time/              |          |
|    episodes        | 592      |
|    fps             | 0        |
|    time_elapsed    | 69640    |
|    total_timesteps | 52327    |
| train/             |          |
|    actor_loss      | 1.19     |
|    critic_loss     | 0.366    |
|    ent_coef        | 0.005    |
|    learning_rate   | 0.0001   |
|    n_updates       | 50326    |
---------------------------------
---------------------------------
| rollout/           |          |
|    ep_len_mean     | 83.6     |
|    ep_rew_mean     | 2.42     |
| time/              |          |
|    episodes        | 596      |
|    fps             | 0        |
|    time_elapsed    | 70016    |
|    total_timesteps | 52657    |
| train/             |          |
|    actor_loss      | 2.33     |
|    critic_loss     | 0.381    |
|    ent_coef        | 0.005    |
|    learning_rate   | 0.0001   |
|    n_updates       | 50656    |
---------------------------------
---------------------------------
| rollout/           |          |
|    ep_len_mean     | 82.5     |
|    ep_rew_mean     | 3.05     |
| time/              |          |
|    episodes        | 600      |
|    fps             | 0        |
|    time_elapsed    | 70334    |
|    total_timesteps | 52929    |
| train/             |          |
|    actor_loss      | 1.88     |
|    critic_loss     | 0.463    |
|    ent_coef        | 0.005    |
|    learning_rate   | 0.0001   |
|    n_updates       | 50928    |
---------------------------------
---------------------------------
| rollout/           |          |
|    ep_len_mean     | 83.6     |
|    ep_rew_mean     | 3.33     |
| time/              |          |
|    episodes        | 604      |
|    fps             | 0        |
|    time_elapsed    | 70729    |
|    total_timesteps | 53269    |
| train/             |          |
|    actor_loss      | 2        |
|    critic_loss     | 0.348    |
|    ent_coef        | 0.005    |
|    learning_rate   | 0.0001   |
|    n_updates       | 51268    |
---------------------------------
---------------------------------
| rollout/           |          |
|    ep_len_mean     | 82.7     |
|    ep_rew_mean     | 3.74     |
| time/              |          |
|    episodes        | 608      |
|    fps             | 0        |
|    time_elapsed    | 71037    |
|    total_timesteps | 53534    |
| train/             |          |
|    actor_loss      | 1.64     |
|    critic_loss     | 0.434    |
|    ent_coef        | 0.005    |
|    learning_rate   | 0.0001   |
|    n_updates       | 51533    |
---------------------------------
---------------------------------
| rollout/           |          |
|    ep_len_mean     | 80       |
|    ep_rew_mean     | 3.24     |
| time/              |          |
|    episodes        | 612      |
|    fps             | 0        |
|    time_elapsed    | 71380    |
|    total_timesteps | 53832    |
| train/             |          |
|    actor_loss      | 0.696    |
|    critic_loss     | 0.407    |
|    ent_coef        | 0.005    |
|    learning_rate   | 0.0001   |
|    n_updates       | 51831    |
---------------------------------
---------------------------------
| rollout/           |          |
|    ep_len_mean     | 78.9     |
|    ep_rew_mean     | 1.55     |
| time/              |          |
|    episodes        | 616      |
|    fps             | 0        |
|    time_elapsed    | 71670    |
|    total_timesteps | 54088    |
| train/             |          |
|    actor_loss      | 1.07     |
|    critic_loss     | 0.768    |
|    ent_coef        | 0.005    |
|    learning_rate   | 0.0001   |
|    n_updates       | 52087    |
---------------------------------
---------------------------------
| rollout/           |          |
|    ep_len_mean     | 79       |
|    ep_rew_mean     | 1.43     |
| time/              |          |
|    episodes        | 620      |
|    fps             | 0        |
|    time_elapsed    | 72042    |
|    total_timesteps | 54409    |
| train/             |          |
|    actor_loss      | 0.936    |
|    critic_loss     | 0.384    |
|    ent_coef        | 0.005    |
|    learning_rate   | 0.0001   |
|    n_updates       | 52408    |
---------------------------------
---------------------------------
| rollout/           |          |
|    ep_len_mean     | 78.5     |
|    ep_rew_mean     | 1.79     |
| time/              |          |
|    episodes        | 624      |
|    fps             | 0        |
|    time_elapsed    | 72410    |
|    total_timesteps | 54727    |
| train/             |          |
|    actor_loss      | 0.954    |
|    critic_loss     | 0.315    |
|    ent_coef        | 0.005    |
|    learning_rate   | 0.0001   |
|    n_updates       | 52726    |
---------------------------------
---------------------------------
| rollout/           |          |
|    ep_len_mean     | 80       |
|    ep_rew_mean     | 1.95     |
| time/              |          |
|    episodes        | 628      |
|    fps             | 0        |
|    time_elapsed    | 72802    |
|    total_timesteps | 55065    |
| train/             |          |
|    actor_loss      | 1.59     |
|    critic_loss     | 0.505    |
|    ent_coef        | 0.005    |
|    learning_rate   | 0.0001   |
|    n_updates       | 53064    |
---------------------------------
---------------------------------
| rollout/           |          |
|    ep_len_mean     | 79.2     |
|    ep_rew_mean     | 2.48     |
| time/              |          |
|    episodes        | 632      |
|    fps             | 0        |
|    time_elapsed    | 73118    |
|    total_timesteps | 55336    |
| train/             |          |
|    actor_loss      | 1.8      |
|    critic_loss     | 0.508    |
|    ent_coef        | 0.005    |
|    learning_rate   | 0.0001   |
|    n_updates       | 53335    |
---------------------------------
---------------------------------
| rollout/           |          |
|    ep_len_mean     | 80       |
|    ep_rew_mean     | 3.09     |
| time/              |          |
|    episodes        | 636      |
|    fps             | 0        |
|    time_elapsed    | 73597    |
|    total_timesteps | 55746    |
| train/             |          |
|    actor_loss      | 0.367    |
|    critic_loss     | 0.318    |
|    ent_coef        | 0.005    |
|    learning_rate   | 0.0001   |
|    n_updates       | 53745    |
---------------------------------
---------------------------------
| rollout/           |          |
|    ep_len_mean     | 80.3     |
|    ep_rew_mean     | 2.7      |
| time/              |          |
|    episodes        | 640      |
|    fps             | 0        |
|    time_elapsed    | 73888    |
|    total_timesteps | 56001    |
| train/             |          |
|    actor_loss      | 0.756    |
|    critic_loss     | 0.365    |
|    ent_coef        | 0.005    |
|    learning_rate   | 0.0001   |
|    n_updates       | 54000    |
---------------------------------
---------------------------------
| rollout/           |          |
|    ep_len_mean     | 79.3     |
|    ep_rew_mean     | 3.08     |
| time/              |          |
|    episodes        | 644      |
|    fps             | 0        |
|    time_elapsed    | 74240    |
|    total_timesteps | 56305    |
| train/             |          |
|    actor_loss      | 1.19     |
|    critic_loss     | 1.13     |
|    ent_coef        | 0.005    |
|    learning_rate   | 0.0001   |
|    n_updates       | 54304    |
---------------------------------
---------------------------------
| rollout/           |          |
|    ep_len_mean     | 78.8     |
|    ep_rew_mean     | 3.73     |
| time/              |          |
|    episodes        | 648      |
|    fps             | 0        |
|    time_elapsed    | 74578    |
|    total_timesteps | 56599    |
| train/             |          |
|    actor_loss      | 1.93     |
|    critic_loss     | 0.939    |
|    ent_coef        | 0.005    |
|    learning_rate   | 0.0001   |
|    n_updates       | 54598    |
---------------------------------
---------------------------------
| rollout/           |          |
|    ep_len_mean     | 78.2     |
|    ep_rew_mean     | 2.33     |
| time/              |          |
|    episodes        | 652      |
|    fps             | 0        |
|    time_elapsed    | 74853    |
|    total_timesteps | 56844    |
| train/             |          |
|    actor_loss      | 0.516    |
|    critic_loss     | 0.712    |
|    ent_coef        | 0.005    |
|    learning_rate   | 0.0001   |
|    n_updates       | 54843    |
---------------------------------
---------------------------------
| rollout/           |          |
|    ep_len_mean     | 79.1     |
|    ep_rew_mean     | 3.23     |
| time/              |          |
|    episodes        | 656      |
|    fps             | 0        |
|    time_elapsed    | 75204    |
|    total_timesteps | 57144    |
| train/             |          |
|    actor_loss      | 1.57     |
|    critic_loss     | 0.345    |
|    ent_coef        | 0.005    |
|    learning_rate   | 0.0001   |
|    n_updates       | 55143    |
---------------------------------
---------------------------------
| rollout/           |          |
|    ep_len_mean     | 77.5     |
|    ep_rew_mean     | 2.74     |
| time/              |          |
|    episodes        | 660      |
|    fps             | 0        |
|    time_elapsed    | 75450    |
|    total_timesteps | 57344    |
| train/             |          |
|    actor_loss      | 1.61     |
|    critic_loss     | 0.39     |
|    ent_coef        | 0.005    |
|    learning_rate   | 0.0001   |
|    n_updates       | 55343    |
---------------------------------
---------------------------------
| rollout/           |          |
|    ep_len_mean     | 76.9     |
|    ep_rew_mean     | 3.36     |
| time/              |          |
|    episodes        | 664      |
|    fps             | 0        |
|    time_elapsed    | 75982    |
|    total_timesteps | 57744    |
| train/             |          |
|    actor_loss      | 0.903    |
|    critic_loss     | 0.654    |
|    ent_coef        | 0.005    |
|    learning_rate   | 0.0001   |
|    n_updates       | 55743    |
---------------------------------
---------------------------------
| rollout/           |          |
|    ep_len_mean     | 76       |
|    ep_rew_mean     | 1.98     |
| time/              |          |
|    episodes        | 668      |
|    fps             | 0        |
|    time_elapsed    | 76353    |
|    total_timesteps | 58066    |
| train/             |          |
|    actor_loss      | 1.41     |
|    critic_loss     | 0.609    |
|    ent_coef        | 0.005    |
|    learning_rate   | 0.0001   |
|    n_updates       | 56065    |
---------------------------------
---------------------------------
| rollout/           |          |
|    ep_len_mean     | 74.9     |
|    ep_rew_mean     | 2.5      |
| time/              |          |
|    episodes        | 672      |
|    fps             | 0        |
|    time_elapsed    | 76613    |
|    total_timesteps | 58287    |
| train/             |          |
|    actor_loss      | 1.25     |
|    critic_loss     | 0.303    |
|    ent_coef        | 0.005    |
|    learning_rate   | 0.0001   |
|    n_updates       | 56286    |
---------------------------------
---------------------------------
| rollout/           |          |
|    ep_len_mean     | 74       |
|    ep_rew_mean     | 2.39     |
| time/              |          |
|    episodes        | 676      |
|    fps             | 0        |
|    time_elapsed    | 76900    |
|    total_timesteps | 58534    |
| train/             |          |
|    actor_loss      | 1.13     |
|    critic_loss     | 0.537    |
|    ent_coef        | 0.005    |
|    learning_rate   | 0.0001   |
|    n_updates       | 56533    |
---------------------------------
---------------------------------
| rollout/           |          |
|    ep_len_mean     | 73.4     |
|    ep_rew_mean     | 2.34     |
| time/              |          |
|    episodes        | 680      |
|    fps             | 0        |
|    time_elapsed    | 77192    |
|    total_timesteps | 58786    |
| train/             |          |
|    actor_loss      | 1.6      |
|    critic_loss     | 0.389    |
|    ent_coef        | 0.005    |
|    learning_rate   | 0.0001   |
|    n_updates       | 56785    |
---------------------------------
---------------------------------
| rollout/           |          |
|    ep_len_mean     | 73.2     |
|    ep_rew_mean     | 1.71     |
| time/              |          |
|    episodes        | 684      |
|    fps             | 0        |
|    time_elapsed    | 77587    |
|    total_timesteps | 59132    |
| train/             |          |
|    actor_loss      | 0.874    |
|    critic_loss     | 0.803    |
|    ent_coef        | 0.005    |
|    learning_rate   | 0.0001   |
|    n_updates       | 57131    |
---------------------------------
---------------------------------
| rollout/           |          |
|    ep_len_mean     | 73.7     |
|    ep_rew_mean     | 1.72     |
| time/              |          |
|    episodes        | 688      |
|    fps             | 0        |
|    time_elapsed    | 77916    |
|    total_timesteps | 59425    |
| train/             |          |
|    actor_loss      | 0.989    |
|    critic_loss     | 1.13     |
|    ent_coef        | 0.005    |
|    learning_rate   | 0.0001   |
|    n_updates       | 57424    |
---------------------------------
---------------------------------
| rollout/           |          |
|    ep_len_mean     | 75       |
|    ep_rew_mean     | 1.66     |
| time/              |          |
|    episodes        | 692      |
|    fps             | 0        |
|    time_elapsed    | 78586    |
|    total_timesteps | 59826    |
| train/             |          |
|    actor_loss      | 0.706    |
|    critic_loss     | 0.618    |
|    ent_coef        | 0.005    |
|    learning_rate   | 0.0001   |
|    n_updates       | 57825    |
---------------------------------
