Using cuda device
Wrapping the env in a DummyVecEnv.
Logging to D:\py\DRL2\logs\t7_retry1_20260911\sac_mpc_v2_arrival_262201\tensorboard\SAC_1
---------------------------------
| rollout/           |          |
|    ep_len_mean     | 39.2     |
|    ep_rew_mean     | -27.3    |
| time/              |          |
|    episodes        | 4        |
|    fps             | 0        |
|    time_elapsed    | 198      |
|    total_timesteps | 157      |
---------------------------------
---------------------------------
| rollout/           |          |
|    ep_len_mean     | 50.5     |
|    ep_rew_mean     | -27      |
| time/              |          |
|    episodes        | 8        |
|    fps             | 0        |
|    time_elapsed    | 477      |
|    total_timesteps | 404      |
---------------------------------
---------------------------------
| rollout/           |          |
|    ep_len_mean     | 54.5     |
|    ep_rew_mean     | -31.8    |
| time/              |          |
|    episodes        | 12       |
|    fps             | 0        |
|    time_elapsed    | 753      |
|    total_timesteps | 654      |
---------------------------------
---------------------------------
| rollout/           |          |
|    ep_len_mean     | 52.7     |
|    ep_rew_mean     | -30.9    |
| time/              |          |
|    episodes        | 16       |
|    fps             | 0        |
|    time_elapsed    | 964      |
|    total_timesteps | 843      |
---------------------------------
---------------------------------
| rollout/           |          |
|    ep_len_mean     | 50.1     |
|    ep_rew_mean     | -29.7    |
| time/              |          |
|    episodes        | 20       |
|    fps             | 0        |
|    time_elapsed    | 1136     |
|    total_timesteps | 1003     |
---------------------------------
---------------------------------
| rollout/           |          |
|    ep_len_mean     | 51.2     |
|    ep_rew_mean     | -28.4    |
| time/              |          |
|    episodes        | 24       |
|    fps             | 0        |
|    time_elapsed    | 1380     |
|    total_timesteps | 1228     |
---------------------------------
---------------------------------
| rollout/           |          |
|    ep_len_mean     | 51.6     |
|    ep_rew_mean     | -27.9    |
| time/              |          |
|    episodes        | 28       |
|    fps             | 0        |
|    time_elapsed    | 1613     |
|    total_timesteps | 1446     |
---------------------------------
---------------------------------
| rollout/           |          |
|    ep_len_mean     | 52.2     |
|    ep_rew_mean     | -26.9    |
| time/              |          |
|    episodes        | 32       |
|    fps             | 0        |
|    time_elapsed    | 1850     |
|    total_timesteps | 1671     |
---------------------------------
---------------------------------
| rollout/           |          |
|    ep_len_mean     | 50.9     |
|    ep_rew_mean     | -27.3    |
| time/              |          |
|    episodes        | 36       |
|    fps             | 0        |
|    time_elapsed    | 2018     |
|    total_timesteps | 1831     |
---------------------------------
---------------------------------
| rollout/           |          |
|    ep_len_mean     | 50       |
|    ep_rew_mean     | -26.8    |
| time/              |          |
|    episodes        | 40       |
|    fps             | 0        |
|    time_elapsed    | 2199     |
|    total_timesteps | 1999     |
---------------------------------
---------------------------------
| rollout/           |          |
|    ep_len_mean     | 53.2     |
|    ep_rew_mean     | -26.8    |
| time/              |          |
|    episodes        | 44       |
|    fps             | 0        |
|    time_elapsed    | 2602     |
|    total_timesteps | 2340     |
| train/             |          |
|    actor_loss      | 0.415    |
|    critic_loss     | 4.38     |
|    ent_coef        | 0.005    |
|    learning_rate   | 0.0001   |
|    n_updates       | 339      |
---------------------------------
---------------------------------
| rollout/           |          |
|    ep_len_mean     | 50.6     |
|    ep_rew_mean     | -26.7    |
| time/              |          |
|    episodes        | 48       |
|    fps             | 0        |
|    time_elapsed    | 2704     |
|    total_timesteps | 2430     |
| train/             |          |
|    actor_loss      | 0.748    |
|    critic_loss     | 5.82     |
|    ent_coef        | 0.005    |
|    learning_rate   | 0.0001   |
|    n_updates       | 429      |
---------------------------------
---------------------------------
| rollout/           |          |
|    ep_len_mean     | 57.6     |
|    ep_rew_mean     | -26.1    |
| time/              |          |
|    episodes        | 52       |
|    fps             | 0        |
|    time_elapsed    | 3368     |
|    total_timesteps | 2993     |
| train/             |          |
|    actor_loss      | 0.529    |
|    critic_loss     | 1.04     |
|    ent_coef        | 0.005    |
|    learning_rate   | 0.0001   |
|    n_updates       | 992      |
---------------------------------
---------------------------------
| rollout/           |          |
|    ep_len_mean     | 64.2     |
|    ep_rew_mean     | -24      |
| time/              |          |
|    episodes        | 56       |
|    fps             | 0        |
|    time_elapsed    | 4104     |
|    total_timesteps | 3593     |
| train/             |          |
|    actor_loss      | 0.887    |
|    critic_loss     | 1.4      |
|    ent_coef        | 0.005    |
|    learning_rate   | 0.0001   |
|    n_updates       | 1592     |
---------------------------------
---------------------------------
| rollout/           |          |
|    ep_len_mean     | 64.4     |
|    ep_rew_mean     | -23.8    |
| time/              |          |
|    episodes        | 60       |
|    fps             | 0        |
|    time_elapsed    | 4428     |
|    total_timesteps | 3865     |
| train/             |          |
|    actor_loss      | 0.638    |
|    critic_loss     | 0.964    |
|    ent_coef        | 0.005    |
|    learning_rate   | 0.0001   |
|    n_updates       | 1864     |
---------------------------------
---------------------------------
| rollout/           |          |
|    ep_len_mean     | 66       |
|    ep_rew_mean     | -23.9    |
| time/              |          |
|    episodes        | 64       |
|    fps             | 0        |
|    time_elapsed    | 4843     |
|    total_timesteps | 4222     |
| train/             |          |
|    actor_loss      | 0.632    |
|    critic_loss     | 0.243    |
|    ent_coef        | 0.005    |
|    learning_rate   | 0.0001   |
|    n_updates       | 2221     |
---------------------------------
---------------------------------
| rollout/           |          |
|    ep_len_mean     | 68.9     |
|    ep_rew_mean     | -23      |
| time/              |          |
|    episodes        | 68       |
|    fps             | 0        |
|    time_elapsed    | 5378     |
|    total_timesteps | 4685     |
| train/             |          |
|    actor_loss      | 0.73     |
|    critic_loss     | 0.358    |
|    ent_coef        | 0.005    |
|    learning_rate   | 0.0001   |
|    n_updates       | 2684     |
---------------------------------
---------------------------------
| rollout/           |          |
|    ep_len_mean     | 73.4     |
|    ep_rew_mean     | -21.6    |
| time/              |          |
|    episodes        | 72       |
|    fps             | 0        |
|    time_elapsed    | 6081     |
|    total_timesteps | 5285     |
| train/             |          |
|    actor_loss      | 0.953    |
|    critic_loss     | 0.126    |
|    ent_coef        | 0.005    |
|    learning_rate   | 0.0001   |
|    n_updates       | 3284     |
---------------------------------
---------------------------------
| rollout/           |          |
|    ep_len_mean     | 73.1     |
|    ep_rew_mean     | -22      |
| time/              |          |
|    episodes        | 76       |
|    fps             | 0        |
|    time_elapsed    | 6394     |
|    total_timesteps | 5558     |
| train/             |          |
|    actor_loss      | 1.01     |
|    critic_loss     | 0.526    |
|    ent_coef        | 0.005    |
|    learning_rate   | 0.0001   |
|    n_updates       | 3557     |
---------------------------------
---------------------------------
| rollout/           |          |
|    ep_len_mean     | 73.1     |
|    ep_rew_mean     | -21.9    |
| time/              |          |
|    episodes        | 80       |
|    fps             | 0        |
|    time_elapsed    | 6721     |
|    total_timesteps | 5845     |
| train/             |          |
|    actor_loss      | 0.911    |
|    critic_loss     | 1.91     |
|    ent_coef        | 0.005    |
|    learning_rate   | 0.0001   |
|    n_updates       | 3844     |
---------------------------------
---------------------------------
| rollout/           |          |
|    ep_len_mean     | 74.9     |
|    ep_rew_mean     | -21.6    |
| time/              |          |
|    episodes        | 84       |
|    fps             | 0        |
|    time_elapsed    | 7243     |
|    total_timesteps | 6293     |
| train/             |          |
|    actor_loss      | 0.578    |
|    critic_loss     | 0.126    |
|    ent_coef        | 0.005    |
|    learning_rate   | 0.0001   |
|    n_updates       | 4292     |
---------------------------------
---------------------------------
| rollout/           |          |
|    ep_len_mean     | 74.4     |
|    ep_rew_mean     | -21.3    |
| time/              |          |
|    episodes        | 88       |
|    fps             | 0        |
|    time_elapsed    | 7546     |
|    total_timesteps | 6547     |
| train/             |          |
|    actor_loss      | 1.19     |
|    critic_loss     | 1.28     |
|    ent_coef        | 0.005    |
|    learning_rate   | 0.0001   |
|    n_updates       | 4546     |
---------------------------------
---------------------------------
| rollout/           |          |
|    ep_len_mean     | 77       |
|    ep_rew_mean     | -20.5    |
| time/              |          |
|    episodes        | 92       |
|    fps             | 0        |
|    time_elapsed    | 8169     |
|    total_timesteps | 7081     |
| train/             |          |
|    actor_loss      | 1.05     |
|    critic_loss     | 1.9      |
|    ent_coef        | 0.005    |
|    learning_rate   | 0.0001   |
|    n_updates       | 5080     |
---------------------------------
---------------------------------
| rollout/           |          |
|    ep_len_mean     | 77.2     |
|    ep_rew_mean     | -20.3    |
| time/              |          |
|    episodes        | 96       |
|    fps             | 0        |
|    time_elapsed    | 8558     |
|    total_timesteps | 7412     |
| train/             |          |
|    actor_loss      | 1.36     |
|    critic_loss     | 2.06     |
|    ent_coef        | 0.005    |
|    learning_rate   | 0.0001   |
|    n_updates       | 5411     |
---------------------------------
---------------------------------
| rollout/           |          |
|    ep_len_mean     | 80       |
|    ep_rew_mean     | -19.6    |
| time/              |          |
|    episodes        | 100      |
|    fps             | 0        |
|    time_elapsed    | 9239     |
|    total_timesteps | 7995     |
| train/             |          |
|    actor_loss      | 1.29     |
|    critic_loss     | 0.487    |
|    ent_coef        | 0.005    |
|    learning_rate   | 0.0001   |
|    n_updates       | 5994     |
---------------------------------
---------------------------------
| rollout/           |          |
|    ep_len_mean     | 83.2     |
|    ep_rew_mean     | -18.6    |
| time/              |          |
|    episodes        | 104      |
|    fps             | 0        |
|    time_elapsed    | 9797     |
|    total_timesteps | 8475     |
| train/             |          |
|    actor_loss      | 1.37     |
|    critic_loss     | 0.48     |
|    ent_coef        | 0.005    |
|    learning_rate   | 0.0001   |
|    n_updates       | 6474     |
---------------------------------
---------------------------------
| rollout/           |          |
|    ep_len_mean     | 83.3     |
|    ep_rew_mean     | -19.1    |
| time/              |          |
|    episodes        | 108      |
|    fps             | 0        |
|    time_elapsed    | 10090    |
|    total_timesteps | 8739     |
| train/             |          |
|    actor_loss      | 1.32     |
|    critic_loss     | 0.373    |
|    ent_coef        | 0.005    |
|    learning_rate   | 0.0001   |
|    n_updates       | 6738     |
---------------------------------
---------------------------------
| rollout/           |          |
|    ep_len_mean     | 85.9     |
|    ep_rew_mean     | -17.5    |
| time/              |          |
|    episodes        | 112      |
|    fps             | 0        |
|    time_elapsed    | 10704    |
|    total_timesteps | 9241     |
| train/             |          |
|    actor_loss      | 1.12     |
|    critic_loss     | 0.104    |
|    ent_coef        | 0.005    |
|    learning_rate   | 0.0001   |
|    n_updates       | 7240     |
---------------------------------
---------------------------------
| rollout/           |          |
|    ep_len_mean     | 88.1     |
|    ep_rew_mean     | -16.8    |
| time/              |          |
|    episodes        | 116      |
|    fps             | 0        |
|    time_elapsed    | 11357    |
|    total_timesteps | 9653     |
| train/             |          |
|    actor_loss      | 1.2      |
|    critic_loss     | 0.714    |
|    ent_coef        | 0.005    |
|    learning_rate   | 0.0001   |
|    n_updates       | 7652     |
---------------------------------
---------------------------------
| rollout/           |          |
|    ep_len_mean     | 90.4     |
|    ep_rew_mean     | -16.2    |
| time/              |          |
|    episodes        | 120      |
|    fps             | 0        |
|    time_elapsed    | 11968    |
|    total_timesteps | 10045    |
| train/             |          |
|    actor_loss      | 1.28     |
|    critic_loss     | 0.228    |
|    ent_coef        | 0.005    |
|    learning_rate   | 0.0001   |
|    n_updates       | 8044     |
---------------------------------
---------------------------------
| rollout/           |          |
|    ep_len_mean     | 93       |
|    ep_rew_mean     | -15.5    |
| time/              |          |
|    episodes        | 124      |
|    fps             | 0        |
|    time_elapsed    | 12718    |
|    total_timesteps | 10523    |
| train/             |          |
|    actor_loss      | 1.09     |
|    critic_loss     | 0.272    |
|    ent_coef        | 0.005    |
|    learning_rate   | 0.0001   |
|    n_updates       | 8522     |
---------------------------------
---------------------------------
| rollout/           |          |
|    ep_len_mean     | 93.8     |
|    ep_rew_mean     | -15.3    |
| time/              |          |
|    episodes        | 128      |
|    fps             | 0        |
|    time_elapsed    | 13184    |
|    total_timesteps | 10826    |
| train/             |          |
|    actor_loss      | 1.6      |
|    critic_loss     | 0.181    |
|    ent_coef        | 0.005    |
|    learning_rate   | 0.0001   |
|    n_updates       | 8825     |
---------------------------------
---------------------------------
| rollout/           |          |
|    ep_len_mean     | 96       |
|    ep_rew_mean     | -15      |
| time/              |          |
|    episodes        | 132      |
|    fps             | 0        |
|    time_elapsed    | 13874    |
|    total_timesteps | 11269    |
| train/             |          |
|    actor_loss      | 1.85     |
|    critic_loss     | 0.833    |
|    ent_coef        | 0.005    |
|    learning_rate   | 0.0001   |
|    n_updates       | 9268     |
---------------------------------
---------------------------------
| rollout/           |          |
|    ep_len_mean     | 96.9     |
|    ep_rew_mean     | -14.6    |
| time/              |          |
|    episodes        | 136      |
|    fps             | 0        |
|    time_elapsed    | 14253    |
|    total_timesteps | 11517    |
| train/             |          |
|    actor_loss      | 1.76     |
|    critic_loss     | 1.14     |
|    ent_coef        | 0.005    |
|    learning_rate   | 0.0001   |
|    n_updates       | 9516     |
---------------------------------
---------------------------------
| rollout/           |          |
|    ep_len_mean     | 99.4     |
|    ep_rew_mean     | -14.1    |
| time/              |          |
|    episodes        | 140      |
|    fps             | 0        |
|    time_elapsed    | 14912    |
|    total_timesteps | 11936    |
| train/             |          |
|    actor_loss      | 1.5      |
|    critic_loss     | 0.164    |
|    ent_coef        | 0.005    |
|    learning_rate   | 0.0001   |
|    n_updates       | 9935     |
---------------------------------
---------------------------------
| rollout/           |          |
|    ep_len_mean     | 101      |
|    ep_rew_mean     | -13.4    |
| time/              |          |
|    episodes        | 144      |
|    fps             | 0        |
|    time_elapsed    | 15700    |
|    total_timesteps | 12423    |
| train/             |          |
|    actor_loss      | 1.9      |
|    critic_loss     | 0.615    |
|    ent_coef        | 0.005    |
|    learning_rate   | 0.0001   |
|    n_updates       | 10422    |
---------------------------------
---------------------------------
| rollout/           |          |
|    ep_len_mean     | 106      |
|    ep_rew_mean     | -12.7    |
| time/              |          |
|    episodes        | 148      |
|    fps             | 0        |
|    time_elapsed    | 16589    |
|    total_timesteps | 12999    |
| train/             |          |
|    actor_loss      | 2.13     |
|    critic_loss     | 0.609    |
|    ent_coef        | 0.005    |
|    learning_rate   | 0.0001   |
|    n_updates       | 10998    |
---------------------------------
---------------------------------
| rollout/           |          |
|    ep_len_mean     | 104      |
|    ep_rew_mean     | -12.5    |
| time/              |          |
|    episodes        | 152      |
|    fps             | 0        |
|    time_elapsed    | 17236    |
|    total_timesteps | 13413    |
| train/             |          |
|    actor_loss      | 1.43     |
|    critic_loss     | 0.243    |
|    ent_coef        | 0.005    |
|    learning_rate   | 0.0001   |
|    n_updates       | 11412    |
---------------------------------
---------------------------------
| rollout/           |          |
|    ep_len_mean     | 102      |
|    ep_rew_mean     | -13.6    |
| time/              |          |
|    episodes        | 156      |
|    fps             | 0        |
|    time_elapsed    | 17895    |
|    total_timesteps | 13833    |
| train/             |          |
|    actor_loss      | 1.47     |
|    critic_loss     | 0.657    |
|    ent_coef        | 0.005    |
|    learning_rate   | 0.0001   |
|    n_updates       | 11832    |
---------------------------------
---------------------------------
| rollout/           |          |
|    ep_len_mean     | 106      |
|    ep_rew_mean     | -12.6    |
| time/              |          |
|    episodes        | 160      |
|    fps             | 0        |
|    time_elapsed    | 18817    |
|    total_timesteps | 14433    |
| train/             |          |
|    actor_loss      | 1.2      |
|    critic_loss     | 0.147    |
|    ent_coef        | 0.005    |
|    learning_rate   | 0.0001   |
|    n_updates       | 12432    |
---------------------------------
---------------------------------
| rollout/           |          |
|    ep_len_mean     | 107      |
|    ep_rew_mean     | -11.7    |
| time/              |          |
|    episodes        | 164      |
|    fps             | 0        |
|    time_elapsed    | 19687    |
|    total_timesteps | 14928    |
| train/             |          |
|    actor_loss      | 1.58     |
|    critic_loss     | 0.29     |
|    ent_coef        | 0.005    |
|    learning_rate   | 0.0001   |
|    n_updates       | 12927    |
---------------------------------
---------------------------------
| rollout/           |          |
|    ep_len_mean     | 107      |
|    ep_rew_mean     | -11.5    |
| time/              |          |
|    episodes        | 168      |
|    fps             | 0        |
|    time_elapsed    | 20553    |
|    total_timesteps | 15409    |
| train/             |          |
|    actor_loss      | 1.23     |
|    critic_loss     | 0.224    |
|    ent_coef        | 0.005    |
|    learning_rate   | 0.0001   |
|    n_updates       | 13408    |
---------------------------------
---------------------------------
| rollout/           |          |
|    ep_len_mean     | 105      |
|    ep_rew_mean     | -12.4    |
| time/              |          |
|    episodes        | 172      |
|    fps             | 0        |
|    time_elapsed    | 21164    |
|    total_timesteps | 15757    |
| train/             |          |
|    actor_loss      | 1.72     |
|    critic_loss     | 0.22     |
|    ent_coef        | 0.005    |
|    learning_rate   | 0.0001   |
|    n_updates       | 13756    |
---------------------------------
---------------------------------
| rollout/           |          |
|    ep_len_mean     | 107      |
|    ep_rew_mean     | -11.8    |
| time/              |          |
|    episodes        | 176      |
|    fps             | 0        |
|    time_elapsed    | 22076    |
|    total_timesteps | 16292    |
| train/             |          |
|    actor_loss      | 1.64     |
|    critic_loss     | 0.212    |
|    ent_coef        | 0.005    |
|    learning_rate   | 0.0001   |
|    n_updates       | 14291    |
---------------------------------
---------------------------------
| rollout/           |          |
|    ep_len_mean     | 109      |
|    ep_rew_mean     | -11.1    |
| time/              |          |
|    episodes        | 180      |
|    fps             | 0        |
|    time_elapsed    | 22874    |
|    total_timesteps | 16776    |
| train/             |          |
|    actor_loss      | 0.912    |
|    critic_loss     | 0.173    |
|    ent_coef        | 0.005    |
|    learning_rate   | 0.0001   |
|    n_updates       | 14775    |
---------------------------------
---------------------------------
| rollout/           |          |
|    ep_len_mean     | 110      |
|    ep_rew_mean     | -10.9    |
| time/              |          |
|    episodes        | 184      |
|    fps             | 0        |
|    time_elapsed    | 23726    |
|    total_timesteps | 17290    |
| train/             |          |
|    actor_loss      | 2.2      |
|    critic_loss     | 0.512    |
|    ent_coef        | 0.005    |
|    learning_rate   | 0.0001   |
|    n_updates       | 15289    |
---------------------------------
---------------------------------
| rollout/           |          |
|    ep_len_mean     | 112      |
|    ep_rew_mean     | -10.6    |
| time/              |          |
|    episodes        | 188      |
|    fps             | 0        |
|    time_elapsed    | 24557    |
|    total_timesteps | 17784    |
| train/             |          |
|    actor_loss      | 1.64     |
|    critic_loss     | 0.31     |
|    ent_coef        | 0.005    |
|    learning_rate   | 0.0001   |
|    n_updates       | 15783    |
---------------------------------
---------------------------------
| rollout/           |          |
|    ep_len_mean     | 111      |
|    ep_rew_mean     | -11      |
| time/              |          |
|    episodes        | 192      |
|    fps             | 0        |
|    time_elapsed    | 25255    |
|    total_timesteps | 18195    |
| train/             |          |
|    actor_loss      | 1.74     |
|    critic_loss     | 0.275    |
|    ent_coef        | 0.005    |
|    learning_rate   | 0.0001   |
|    n_updates       | 16194    |
---------------------------------
---------------------------------
| rollout/           |          |
|    ep_len_mean     | 114      |
|    ep_rew_mean     | -10.3    |
| time/              |          |
|    episodes        | 196      |
|    fps             | 0        |
|    time_elapsed    | 26302    |
|    total_timesteps | 18795    |
| train/             |          |
|    actor_loss      | 1.65     |
|    critic_loss     | 0.194    |
|    ent_coef        | 0.005    |
|    learning_rate   | 0.0001   |
|    n_updates       | 16794    |
---------------------------------
---------------------------------
| rollout/           |          |
|    ep_len_mean     | 113      |
|    ep_rew_mean     | -10.3    |
| time/              |          |
|    episodes        | 200      |
|    fps             | 0        |
|    time_elapsed    | 27184    |
|    total_timesteps | 19302    |
| train/             |          |
|    actor_loss      | 1.95     |
|    critic_loss     | 0.212    |
|    ent_coef        | 0.005    |
|    learning_rate   | 0.0001   |
|    n_updates       | 17301    |
---------------------------------
---------------------------------
| rollout/           |          |
|    ep_len_mean     | 112      |
|    ep_rew_mean     | -10.9    |
| time/              |          |
|    episodes        | 204      |
|    fps             | 0        |
|    time_elapsed    | 27895    |
|    total_timesteps | 19712    |
| train/             |          |
|    actor_loss      | 1.91     |
|    critic_loss     | 0.226    |
|    ent_coef        | 0.005    |
|    learning_rate   | 0.0001   |
|    n_updates       | 17711    |
---------------------------------
---------------------------------
| rollout/           |          |
|    ep_len_mean     | 115      |
|    ep_rew_mean     | -9.54    |
| time/              |          |
|    episodes        | 208      |
|    fps             | 0        |
|    time_elapsed    | 28714    |
|    total_timesteps | 20193    |
| train/             |          |
|    actor_loss      | 1.47     |
|    critic_loss     | 0.145    |
|    ent_coef        | 0.005    |
|    learning_rate   | 0.0001   |
|    n_updates       | 18192    |
---------------------------------
---------------------------------
| rollout/           |          |
|    ep_len_mean     | 113      |
|    ep_rew_mean     | -10.1    |
| time/              |          |
|    episodes        | 212      |
|    fps             | 0        |
|    time_elapsed    | 29309    |
|    total_timesteps | 20548    |
| train/             |          |
|    actor_loss      | 1.3      |
|    critic_loss     | 0.178    |
|    ent_coef        | 0.005    |
|    learning_rate   | 0.0001   |
|    n_updates       | 18547    |
---------------------------------
---------------------------------
| rollout/           |          |
|    ep_len_mean     | 113      |
|    ep_rew_mean     | -10.8    |
| time/              |          |
|    episodes        | 216      |
|    fps             | 0        |
|    time_elapsed    | 29868    |
|    total_timesteps | 20908    |
| train/             |          |
|    actor_loss      | 1.81     |
|    critic_loss     | 0.208    |
|    ent_coef        | 0.005    |
|    learning_rate   | 0.0001   |
|    n_updates       | 18907    |
---------------------------------
---------------------------------
| rollout/           |          |
|    ep_len_mean     | 114      |
|    ep_rew_mean     | -10.6    |
| time/              |          |
|    episodes        | 220      |
|    fps             | 0        |
|    time_elapsed    | 30507    |
|    total_timesteps | 21420    |
| train/             |          |
|    actor_loss      | 2.2      |
|    critic_loss     | 0.25     |
|    ent_coef        | 0.005    |
|    learning_rate   | 0.0001   |
|    n_updates       | 19419    |
---------------------------------
---------------------------------
| rollout/           |          |
|    ep_len_mean     | 111      |
|    ep_rew_mean     | -11.2    |
| time/              |          |
|    episodes        | 224      |
|    fps             | 0        |
|    time_elapsed    | 30802    |
|    total_timesteps | 21667    |
| train/             |          |
|    actor_loss      | 1.78     |
|    critic_loss     | 0.721    |
|    ent_coef        | 0.005    |
|    learning_rate   | 0.0001   |
|    n_updates       | 19666    |
---------------------------------
---------------------------------
| rollout/           |          |
|    ep_len_mean     | 114      |
|    ep_rew_mean     | -10.5    |
| time/              |          |
|    episodes        | 228      |
|    fps             | 0        |
|    time_elapsed    | 31807    |
|    total_timesteps | 22267    |
| train/             |          |
|    actor_loss      | 1.82     |
|    critic_loss     | 0.397    |
|    ent_coef        | 0.005    |
|    learning_rate   | 0.0001   |
|    n_updates       | 20266    |
---------------------------------
---------------------------------
| rollout/           |          |
|    ep_len_mean     | 114      |
|    ep_rew_mean     | -10.4    |
| time/              |          |
|    episodes        | 232      |
|    fps             | 0        |
|    time_elapsed    | 32425    |
|    total_timesteps | 22656    |
| train/             |          |
|    actor_loss      | 2.01     |
|    critic_loss     | 0.323    |
|    ent_coef        | 0.005    |
|    learning_rate   | 0.0001   |
|    n_updates       | 20655    |
---------------------------------
---------------------------------
| rollout/           |          |
|    ep_len_mean     | 114      |
|    ep_rew_mean     | -10.3    |
| time/              |          |
|    episodes        | 236      |
|    fps             | 0        |
|    time_elapsed    | 32872    |
|    total_timesteps | 22939    |
| train/             |          |
|    actor_loss      | 1.91     |
|    critic_loss     | 0.271    |
|    ent_coef        | 0.005    |
|    learning_rate   | 0.0001   |
|    n_updates       | 20938    |
---------------------------------
---------------------------------
| rollout/           |          |
|    ep_len_mean     | 113      |
|    ep_rew_mean     | -11      |
| time/              |          |
|    episodes        | 240      |
|    fps             | 0        |
|    time_elapsed    | 33283    |
|    total_timesteps | 23192    |
| train/             |          |
|    actor_loss      | 2.23     |
|    critic_loss     | 0.537    |
|    ent_coef        | 0.005    |
|    learning_rate   | 0.0001   |
|    n_updates       | 21191    |
---------------------------------
---------------------------------
| rollout/           |          |
|    ep_len_mean     | 111      |
|    ep_rew_mean     | -11.3    |
| time/              |          |
|    episodes        | 244      |
|    fps             | 0        |
|    time_elapsed    | 33915    |
|    total_timesteps | 23572    |
| train/             |          |
|    actor_loss      | 1.97     |
|    critic_loss     | 0.398    |
|    ent_coef        | 0.005    |
|    learning_rate   | 0.0001   |
|    n_updates       | 21571    |
---------------------------------
---------------------------------
| rollout/           |          |
|    ep_len_mean     | 111      |
|    ep_rew_mean     | -11      |
| time/              |          |
|    episodes        | 248      |
|    fps             | 0        |
|    time_elapsed    | 34794    |
|    total_timesteps | 24074    |
| train/             |          |
|    actor_loss      | 2.54     |
|    critic_loss     | 0.482    |
|    ent_coef        | 0.005    |
|    learning_rate   | 0.0001   |
|    n_updates       | 22073    |
---------------------------------
---------------------------------
| rollout/           |          |
|    ep_len_mean     | 111      |
|    ep_rew_mean     | -11.2    |
| time/              |          |
|    episodes        | 252      |
|    fps             | 0        |
|    time_elapsed    | 35475    |
|    total_timesteps | 24470    |
| train/             |          |
|    actor_loss      | 2.33     |
|    critic_loss     | 0.276    |
|    ent_coef        | 0.005    |
|    learning_rate   | 0.0001   |
|    n_updates       | 22469    |
---------------------------------
---------------------------------
| rollout/           |          |
|    ep_len_mean     | 111      |
|    ep_rew_mean     | -10.3    |
| time/              |          |
|    episodes        | 256      |
|    fps             | 0        |
|    time_elapsed    | 36358    |
|    total_timesteps | 24973    |
| train/             |          |
|    actor_loss      | 2.3      |
|    critic_loss     | 0.315    |
|    ent_coef        | 0.005    |
|    learning_rate   | 0.0001   |
|    n_updates       | 22972    |
---------------------------------
---------------------------------
| rollout/           |          |
|    ep_len_mean     | 109      |
|    ep_rew_mean     | -11.1    |
| time/              |          |
|    episodes        | 260      |
|    fps             | 0        |
|    time_elapsed    | 37033    |
|    total_timesteps | 25368    |
| train/             |          |
|    actor_loss      | 1.98     |
|    critic_loss     | 0.117    |
|    ent_coef        | 0.005    |
|    learning_rate   | 0.0001   |
|    n_updates       | 23367    |
---------------------------------
---------------------------------
| rollout/           |          |
|    ep_len_mean     | 109      |
|    ep_rew_mean     | -11.2    |
| time/              |          |
|    episodes        | 264      |
|    fps             | 0        |
|    time_elapsed    | 37850    |
|    total_timesteps | 25848    |
| train/             |          |
|    actor_loss      | 2.52     |
|    critic_loss     | 0.449    |
|    ent_coef        | 0.005    |
|    learning_rate   | 0.0001   |
|    n_updates       | 23847    |
---------------------------------
---------------------------------
| rollout/           |          |
|    ep_len_mean     | 109      |
|    ep_rew_mean     | -11.4    |
| time/              |          |
|    episodes        | 268      |
|    fps             | 0        |
|    time_elapsed    | 38540    |
|    total_timesteps | 26319    |
| train/             |          |
|    actor_loss      | 2.1      |
|    critic_loss     | 0.216    |
|    ent_coef        | 0.005    |
|    learning_rate   | 0.0001   |
|    n_updates       | 24318    |
---------------------------------
---------------------------------
| rollout/           |          |
|    ep_len_mean     | 110      |
|    ep_rew_mean     | -10.8    |
| time/              |          |
|    episodes        | 272      |
|    fps             | 0        |
|    time_elapsed    | 39159    |
|    total_timesteps | 26761    |
| train/             |          |
|    actor_loss      | 1.84     |
|    critic_loss     | 1.6      |
|    ent_coef        | 0.005    |
|    learning_rate   | 0.0001   |
|    n_updates       | 24760    |
---------------------------------
---------------------------------
| rollout/           |          |
|    ep_len_mean     | 110      |
|    ep_rew_mean     | -10.5    |
| time/              |          |
|    episodes        | 276      |
|    fps             | 0        |
|    time_elapsed    | 39994    |
|    total_timesteps | 27284    |
| train/             |          |
|    actor_loss      | 1.69     |
|    critic_loss     | 0.119    |
|    ent_coef        | 0.005    |
|    learning_rate   | 0.0001   |
|    n_updates       | 25283    |
---------------------------------
---------------------------------
| rollout/           |          |
|    ep_len_mean     | 111      |
|    ep_rew_mean     | -10.2    |
| time/              |          |
|    episodes        | 280      |
|    fps             | 0        |
|    time_elapsed    | 40984    |
|    total_timesteps | 27884    |
| train/             |          |
|    actor_loss      | 1.75     |
|    critic_loss     | 0.113    |
|    ent_coef        | 0.005    |
|    learning_rate   | 0.0001   |
|    n_updates       | 25883    |
---------------------------------
---------------------------------
| rollout/           |          |
|    ep_len_mean     | 109      |
|    ep_rew_mean     | -10.7    |
| time/              |          |
|    episodes        | 284      |
|    fps             | 0        |
|    time_elapsed    | 41500    |
|    total_timesteps | 28172    |
| train/             |          |
|    actor_loss      | 1.87     |
|    critic_loss     | 0.134    |
|    ent_coef        | 0.005    |
|    learning_rate   | 0.0001   |
|    n_updates       | 26171    |
---------------------------------
---------------------------------
| rollout/           |          |
|    ep_len_mean     | 108      |
|    ep_rew_mean     | -10.8    |
| time/              |          |
|    episodes        | 288      |
|    fps             | 0        |
|    time_elapsed    | 42180    |
|    total_timesteps | 28585    |
| train/             |          |
|    actor_loss      | 2.03     |
|    critic_loss     | 0.205    |
|    ent_coef        | 0.005    |
|    learning_rate   | 0.0001   |
|    n_updates       | 26584    |
---------------------------------
---------------------------------
| rollout/           |          |
|    ep_len_mean     | 110      |
|    ep_rew_mean     | -10.2    |
| time/              |          |
|    episodes        | 292      |
|    fps             | 0        |
|    time_elapsed    | 42884    |
|    total_timesteps | 29185    |
| train/             |          |
|    actor_loss      | 1.52     |
|    critic_loss     | 0.141    |
|    ent_coef        | 0.005    |
|    learning_rate   | 0.0001   |
|    n_updates       | 27184    |
---------------------------------
---------------------------------
| rollout/           |          |
|    ep_len_mean     | 109      |
|    ep_rew_mean     | -10.4    |
| time/              |          |
|    episodes        | 296      |
|    fps             | 0        |
|    time_elapsed    | 43457    |
|    total_timesteps | 29672    |
| train/             |          |
|    actor_loss      | 2.39     |
|    critic_loss     | 0.408    |
|    ent_coef        | 0.005    |
|    learning_rate   | 0.0001   |
|    n_updates       | 27671    |
---------------------------------
---------------------------------
| rollout/           |          |
|    ep_len_mean     | 108      |
|    ep_rew_mean     | -10.8    |
| time/              |          |
|    episodes        | 300      |
|    fps             | 0        |
|    time_elapsed    | 43984    |
|    total_timesteps | 30114    |
| train/             |          |
|    actor_loss      | 1.81     |
|    critic_loss     | 0.132    |
|    ent_coef        | 0.005    |
|    learning_rate   | 0.0001   |
|    n_updates       | 28113    |
---------------------------------
---------------------------------
| rollout/           |          |
|    ep_len_mean     | 108      |
|    ep_rew_mean     | -10.7    |
| time/              |          |
|    episodes        | 304      |
|    fps             | 0        |
|    time_elapsed    | 44436    |
|    total_timesteps | 30498    |
| train/             |          |
|    actor_loss      | 1.81     |
|    critic_loss     | 0.146    |
|    ent_coef        | 0.005    |
|    learning_rate   | 0.0001   |
|    n_updates       | 28497    |
---------------------------------
---------------------------------
| rollout/           |          |
|    ep_len_mean     | 106      |
|    ep_rew_mean     | -11.3    |
| time/              |          |
|    episodes        | 308      |
|    fps             | 0        |
|    time_elapsed    | 44753    |
|    total_timesteps | 30772    |
| train/             |          |
|    actor_loss      | 2.32     |
|    critic_loss     | 0.129    |
|    ent_coef        | 0.005    |
|    learning_rate   | 0.0001   |
|    n_updates       | 28771    |
---------------------------------
---------------------------------
| rollout/           |          |
|    ep_len_mean     | 107      |
|    ep_rew_mean     | -11      |
| time/              |          |
|    episodes        | 312      |
|    fps             | 0        |
|    time_elapsed    | 45328    |
|    total_timesteps | 31261    |
| train/             |          |
|    actor_loss      | 2.38     |
|    critic_loss     | 0.267    |
|    ent_coef        | 0.005    |
|    learning_rate   | 0.0001   |
|    n_updates       | 29260    |
---------------------------------
---------------------------------
| rollout/           |          |
|    ep_len_mean     | 108      |
|    ep_rew_mean     | -10.1    |
| time/              |          |
|    episodes        | 316      |
|    fps             | 0        |
|    time_elapsed    | 45896    |
|    total_timesteps | 31735    |
| train/             |          |
|    actor_loss      | 2.44     |
|    critic_loss     | 0.531    |
|    ent_coef        | 0.005    |
|    learning_rate   | 0.0001   |
|    n_updates       | 29734    |
---------------------------------
---------------------------------
| rollout/           |          |
|    ep_len_mean     | 106      |
|    ep_rew_mean     | -10.4    |
| time/              |          |
|    episodes        | 320      |
|    fps             | 0        |
|    time_elapsed    | 46283    |
|    total_timesteps | 32070    |
| train/             |          |
|    actor_loss      | 2.62     |
|    critic_loss     | 0.552    |
|    ent_coef        | 0.005    |
|    learning_rate   | 0.0001   |
|    n_updates       | 30069    |
---------------------------------
---------------------------------
| rollout/           |          |
|    ep_len_mean     | 110      |
|    ep_rew_mean     | -9.54    |
| time/              |          |
|    episodes        | 324      |
|    fps             | 0        |
|    time_elapsed    | 46991    |
|    total_timesteps | 32670    |
| train/             |          |
|    actor_loss      | 1.86     |
|    critic_loss     | 0.23     |
|    ent_coef        | 0.005    |
|    learning_rate   | 0.0001   |
|    n_updates       | 30669    |
---------------------------------
---------------------------------
| rollout/           |          |
|    ep_len_mean     | 108      |
|    ep_rew_mean     | -10.4    |
| time/              |          |
|    episodes        | 328      |
|    fps             | 0        |
|    time_elapsed    | 47424    |
|    total_timesteps | 33035    |
| train/             |          |
|    actor_loss      | 1.78     |
|    critic_loss     | 0.139    |
|    ent_coef        | 0.005    |
|    learning_rate   | 0.0001   |
|    n_updates       | 31034    |
---------------------------------
---------------------------------
| rollout/           |          |
|    ep_len_mean     | 108      |
|    ep_rew_mean     | -10.8    |
| time/              |          |
|    episodes        | 332      |
|    fps             | 0        |
|    time_elapsed    | 47865    |
|    total_timesteps | 33416    |
| train/             |          |
|    actor_loss      | 2.38     |
|    critic_loss     | 0.0855   |
|    ent_coef        | 0.005    |
|    learning_rate   | 0.0001   |
|    n_updates       | 31415    |
---------------------------------
---------------------------------
| rollout/           |          |
|    ep_len_mean     | 108      |
|    ep_rew_mean     | -10.5    |
| time/              |          |
|    episodes        | 336      |
|    fps             | 0        |
|    time_elapsed    | 48286    |
|    total_timesteps | 33779    |
| train/             |          |
|    actor_loss      | 2.59     |
|    critic_loss     | 0.572    |
|    ent_coef        | 0.005    |
|    learning_rate   | 0.0001   |
|    n_updates       | 31778    |
---------------------------------
---------------------------------
| rollout/           |          |
|    ep_len_mean     | 110      |
|    ep_rew_mean     | -10.4    |
| time/              |          |
|    episodes        | 340      |
|    fps             | 0        |
|    time_elapsed    | 48722    |
|    total_timesteps | 34160    |
| train/             |          |
|    actor_loss      | 2.53     |
|    critic_loss     | 0.453    |
|    ent_coef        | 0.005    |
|    learning_rate   | 0.0001   |
|    n_updates       | 32159    |
---------------------------------
---------------------------------
| rollout/           |          |
|    ep_len_mean     | 111      |
|    ep_rew_mean     | -10.2    |
| time/              |          |
|    episodes        | 344      |
|    fps             | 0        |
|    time_elapsed    | 49364    |
|    total_timesteps | 34702    |
| train/             |          |
|    actor_loss      | 2.48     |
|    critic_loss     | 0.37     |
|    ent_coef        | 0.005    |
|    learning_rate   | 0.0001   |
|    n_updates       | 32701    |
---------------------------------
---------------------------------
| rollout/           |          |
|    ep_len_mean     | 110      |
|    ep_rew_mean     | -10.8    |
| time/              |          |
|    episodes        | 348      |
|    fps             | 0        |
|    time_elapsed    | 49793    |
|    total_timesteps | 35081    |
| train/             |          |
|    actor_loss      | 2.36     |
|    critic_loss     | 0.145    |
|    ent_coef        | 0.005    |
|    learning_rate   | 0.0001   |
|    n_updates       | 33080    |
---------------------------------
---------------------------------
| rollout/           |          |
|    ep_len_mean     | 112      |
|    ep_rew_mean     | -10.1    |
| time/              |          |
|    episodes        | 352      |
|    fps             | 0        |
|    time_elapsed    | 50510    |
|    total_timesteps | 35681    |
| train/             |          |
|    actor_loss      | 2.1      |
|    critic_loss     | 0.101    |
|    ent_coef        | 0.005    |
|    learning_rate   | 0.0001   |
|    n_updates       | 33680    |
---------------------------------
---------------------------------
| rollout/           |          |
|    ep_len_mean     | 112      |
|    ep_rew_mean     | -10.3    |
| time/              |          |
|    episodes        | 356      |
|    fps             | 0        |
|    time_elapsed    | 51079    |
|    total_timesteps | 36165    |
| train/             |          |
|    actor_loss      | 2.83     |
|    critic_loss     | 0.227    |
|    ent_coef        | 0.005    |
|    learning_rate   | 0.0001   |
|    n_updates       | 34164    |
---------------------------------
---------------------------------
| rollout/           |          |
|    ep_len_mean     | 114      |
|    ep_rew_mean     | -9.47    |
| time/              |          |
|    episodes        | 360      |
|    fps             | 0        |
|    time_elapsed    | 51796    |
|    total_timesteps | 36765    |
| train/             |          |
|    actor_loss      | 2.6      |
|    critic_loss     | 0.307    |
|    ent_coef        | 0.005    |
|    learning_rate   | 0.0001   |
|    n_updates       | 34764    |
---------------------------------
---------------------------------
| rollout/           |          |
|    ep_len_mean     | 113      |
|    ep_rew_mean     | -9.71    |
| time/              |          |
|    episodes        | 364      |
|    fps             | 0        |
|    time_elapsed    | 52288    |
|    total_timesteps | 37182    |
| train/             |          |
|    actor_loss      | 2.02     |
|    critic_loss     | 0.166    |
|    ent_coef        | 0.005    |
|    learning_rate   | 0.0001   |
|    n_updates       | 35181    |
---------------------------------
---------------------------------
| rollout/           |          |
|    ep_len_mean     | 113      |
|    ep_rew_mean     | -9.57    |
| time/              |          |
|    episodes        | 368      |
|    fps             | 0        |
|    time_elapsed    | 52858    |
|    total_timesteps | 37666    |
| train/             |          |
|    actor_loss      | 1.69     |
|    critic_loss     | 0.145    |
|    ent_coef        | 0.005    |
|    learning_rate   | 0.0001   |
|    n_updates       | 35665    |
---------------------------------
---------------------------------
| rollout/           |          |
|    ep_len_mean     | 115      |
|    ep_rew_mean     | -9.07    |
| time/              |          |
|    episodes        | 372      |
|    fps             | 0        |
|    time_elapsed    | 53570    |
|    total_timesteps | 38266    |
| train/             |          |
|    actor_loss      | 2.4      |
|    critic_loss     | 0.706    |
|    ent_coef        | 0.005    |
|    learning_rate   | 0.0001   |
|    n_updates       | 36265    |
---------------------------------
---------------------------------
| rollout/           |          |
|    ep_len_mean     | 115      |
|    ep_rew_mean     | -9.05    |
| time/              |          |
|    episodes        | 376      |
|    fps             | 0        |
|    time_elapsed    | 54209    |
|    total_timesteps | 38818    |
| train/             |          |
|    actor_loss      | 1.82     |
|    critic_loss     | 0.961    |
|    ent_coef        | 0.005    |
|    learning_rate   | 0.0001   |
|    n_updates       | 36817    |
---------------------------------
---------------------------------
| rollout/           |          |
|    ep_len_mean     | 113      |
|    ep_rew_mean     | -9.54    |
| time/              |          |
|    episodes        | 380      |
|    fps             | 0        |
|    time_elapsed    | 54628    |
|    total_timesteps | 39171    |
| train/             |          |
|    actor_loss      | 2.07     |
|    critic_loss     | 0.253    |
|    ent_coef        | 0.005    |
|    learning_rate   | 0.0001   |
|    n_updates       | 37170    |
---------------------------------
---------------------------------
| rollout/           |          |
|    ep_len_mean     | 113      |
|    ep_rew_mean     | -9.32    |
| time/              |          |
|    episodes        | 384      |
|    fps             | 0        |
|    time_elapsed    | 55028    |
|    total_timesteps | 39516    |
| train/             |          |
|    actor_loss      | 2.07     |
|    critic_loss     | 0.336    |
|    ent_coef        | 0.005    |
|    learning_rate   | 0.0001   |
|    n_updates       | 37515    |
---------------------------------
---------------------------------
| rollout/           |          |
|    ep_len_mean     | 114      |
|    ep_rew_mean     | -9.11    |
| time/              |          |
|    episodes        | 388      |
|    fps             | 0        |
|    time_elapsed    | 55586    |
|    total_timesteps | 39989    |
| train/             |          |
|    actor_loss      | 1.99     |
|    critic_loss     | 0.119    |
|    ent_coef        | 0.005    |
|    learning_rate   | 0.0001   |
|    n_updates       | 37988    |
---------------------------------
---------------------------------
| rollout/           |          |
|    ep_len_mean     | 114      |
|    ep_rew_mean     | -9.07    |
| time/              |          |
|    episodes        | 392      |
|    fps             | 0        |
|    time_elapsed    | 56291    |
|    total_timesteps | 40589    |
| train/             |          |
|    actor_loss      | 1.75     |
|    critic_loss     | 0.0926   |
|    ent_coef        | 0.005    |
|    learning_rate   | 0.0001   |
|    n_updates       | 38588    |
---------------------------------
---------------------------------
| rollout/           |          |
|    ep_len_mean     | 112      |
|    ep_rew_mean     | -9.48    |
| time/              |          |
|    episodes        | 396      |
|    fps             | 0        |
|    time_elapsed    | 56679    |
|    total_timesteps | 40921    |
| train/             |          |
|    actor_loss      | 2.43     |
|    critic_loss     | 0.534    |
|    ent_coef        | 0.005    |
|    learning_rate   | 0.0001   |
|    n_updates       | 38920    |
---------------------------------
---------------------------------
| rollout/           |          |
|    ep_len_mean     | 112      |
|    ep_rew_mean     | -9.26    |
| time/              |          |
|    episodes        | 400      |
|    fps             | 0        |
|    time_elapsed    | 57157    |
|    total_timesteps | 41320    |
| train/             |          |
|    actor_loss      | 2.59     |
|    critic_loss     | 0.175    |
|    ent_coef        | 0.005    |
|    learning_rate   | 0.0001   |
|    n_updates       | 39319    |
---------------------------------
---------------------------------
| rollout/           |          |
|    ep_len_mean     | 112      |
|    ep_rew_mean     | -9.59    |
| time/              |          |
|    episodes        | 404      |
|    fps             | 0        |
|    time_elapsed    | 57555    |
|    total_timesteps | 41669    |
| train/             |          |
|    actor_loss      | 2.07     |
|    critic_loss     | 0.138    |
|    ent_coef        | 0.005    |
|    learning_rate   | 0.0001   |
|    n_updates       | 39668    |
---------------------------------
---------------------------------
| rollout/           |          |
|    ep_len_mean     | 114      |
|    ep_rew_mean     | -9.17    |
| time/              |          |
|    episodes        | 408      |
|    fps             | 0        |
|    time_elapsed    | 58099    |
|    total_timesteps | 42137    |
| train/             |          |
|    actor_loss      | 2.67     |
|    critic_loss     | 0.346    |
|    ent_coef        | 0.005    |
|    learning_rate   | 0.0001   |
|    n_updates       | 40136    |
---------------------------------
---------------------------------
| rollout/           |          |
|    ep_len_mean     | 112      |
|    ep_rew_mean     | -9.66    |
| time/              |          |
|    episodes        | 412      |
|    fps             | 0        |
|    time_elapsed    | 58517    |
|    total_timesteps | 42492    |
| train/             |          |
|    actor_loss      | 2.19     |
|    critic_loss     | 2.48     |
|    ent_coef        | 0.005    |
|    learning_rate   | 0.0001   |
|    n_updates       | 40491    |
---------------------------------
---------------------------------
| rollout/           |          |
|    ep_len_mean     | 114      |
|    ep_rew_mean     | -9.29    |
| time/              |          |
|    episodes        | 416      |
|    fps             | 0        |
|    time_elapsed    | 59223    |
|    total_timesteps | 43092    |
| train/             |          |
|    actor_loss      | 2.39     |
|    critic_loss     | 0.127    |
|    ent_coef        | 0.005    |
|    learning_rate   | 0.0001   |
|    n_updates       | 41091    |
---------------------------------
---------------------------------
| rollout/           |          |
|    ep_len_mean     | 115      |
|    ep_rew_mean     | -9.07    |
| time/              |          |
|    episodes        | 420      |
|    fps             | 0        |
|    time_elapsed    | 59775    |
|    total_timesteps | 43562    |
| train/             |          |
|    actor_loss      | 2.45     |
|    critic_loss     | 0.0848   |
|    ent_coef        | 0.005    |
|    learning_rate   | 0.0001   |
|    n_updates       | 41561    |
---------------------------------
---------------------------------
| rollout/           |          |
|    ep_len_mean     | 115      |
|    ep_rew_mean     | -9.09    |
| time/              |          |
|    episodes        | 424      |
|    fps             | 0        |
|    time_elapsed    | 60479    |
|    total_timesteps | 44162    |
| train/             |          |
|    actor_loss      | 2.93     |
|    critic_loss     | 3.12     |
|    ent_coef        | 0.005    |
|    learning_rate   | 0.0001   |
|    n_updates       | 42161    |
---------------------------------
---------------------------------
| rollout/           |          |
|    ep_len_mean     | 116      |
|    ep_rew_mean     | -8.25    |
| time/              |          |
|    episodes        | 428      |
|    fps             | 0        |
|    time_elapsed    | 61036    |
|    total_timesteps | 44634    |
| train/             |          |
|    actor_loss      | 2.18     |
|    critic_loss     | 0.126    |
|    ent_coef        | 0.005    |
|    learning_rate   | 0.0001   |
|    n_updates       | 42633    |
---------------------------------
---------------------------------
| rollout/           |          |
|    ep_len_mean     | 115      |
|    ep_rew_mean     | -8.26    |
| time/              |          |
|    episodes        | 432      |
|    fps             | 0        |
|    time_elapsed    | 61317    |
|    total_timesteps | 44878    |
| train/             |          |
|    actor_loss      | 2.63     |
|    critic_loss     | 0.265    |
|    ent_coef        | 0.005    |
|    learning_rate   | 0.0001   |
|    n_updates       | 42877    |
---------------------------------
---------------------------------
| rollout/           |          |
|    ep_len_mean     | 117      |
|    ep_rew_mean     | -7.79    |
| time/              |          |
|    episodes        | 436      |
|    fps             | 0        |
|    time_elapsed    | 62027    |
|    total_timesteps | 45478    |
| train/             |          |
|    actor_loss      | 2.02     |
|    critic_loss     | 0.184    |
|    ent_coef        | 0.005    |
|    learning_rate   | 0.0001   |
|    n_updates       | 43477    |
---------------------------------
---------------------------------
| rollout/           |          |
|    ep_len_mean     | 118      |
|    ep_rew_mean     | -7.02    |
| time/              |          |
|    episodes        | 440      |
|    fps             | 0        |
|    time_elapsed    | 62587    |
|    total_timesteps | 45957    |
| train/             |          |
|    actor_loss      | 2.31     |
|    critic_loss     | 0.132    |
|    ent_coef        | 0.005    |
|    learning_rate   | 0.0001   |
|    n_updates       | 43956    |
---------------------------------
---------------------------------
| rollout/           |          |
|    ep_len_mean     | 118      |
|    ep_rew_mean     | -6.8     |
| time/              |          |
|    episodes        | 444      |
|    fps             | 0        |
|    time_elapsed    | 63218    |
|    total_timesteps | 46495    |
| train/             |          |
|    actor_loss      | 2.16     |
|    critic_loss     | 0.437    |
|    ent_coef        | 0.005    |
|    learning_rate   | 0.0001   |
|    n_updates       | 44494    |
---------------------------------
---------------------------------
| rollout/           |          |
|    ep_len_mean     | 118      |
|    ep_rew_mean     | -6.49    |
| time/              |          |
|    episodes        | 448      |
|    fps             | 0        |
|    time_elapsed    | 63660    |
|    total_timesteps | 46872    |
| train/             |          |
|    actor_loss      | 2.36     |
|    critic_loss     | 0.165    |
|    ent_coef        | 0.005    |
|    learning_rate   | 0.0001   |
|    n_updates       | 44871    |
---------------------------------
---------------------------------
| rollout/           |          |
|    ep_len_mean     | 115      |
|    ep_rew_mean     | -7.25    |
| time/              |          |
|    episodes        | 452      |
|    fps             | 0        |
|    time_elapsed    | 64061    |
|    total_timesteps | 47212    |
| train/             |          |
|    actor_loss      | 2.18     |
|    critic_loss     | 0.123    |
|    ent_coef        | 0.005    |
|    learning_rate   | 0.0001   |
|    n_updates       | 45211    |
---------------------------------
---------------------------------
| rollout/           |          |
|    ep_len_mean     | 116      |
|    ep_rew_mean     | -7.06    |
| time/              |          |
|    episodes        | 456      |
|    fps             | 0        |
|    time_elapsed    | 64656    |
|    total_timesteps | 47721    |
| train/             |          |
|    actor_loss      | 2.6      |
|    critic_loss     | 0.251    |
|    ent_coef        | 0.005    |
|    learning_rate   | 0.0001   |
|    n_updates       | 45720    |
---------------------------------
---------------------------------
| rollout/           |          |
|    ep_len_mean     | 114      |
|    ep_rew_mean     | -7.52    |
| time/              |          |
|    episodes        | 460      |
|    fps             | 0        |
|    time_elapsed    | 65227    |
|    total_timesteps | 48206    |
| train/             |          |
|    actor_loss      | 2.4      |
|    critic_loss     | 0.555    |
|    ent_coef        | 0.005    |
|    learning_rate   | 0.0001   |
|    n_updates       | 46205    |
---------------------------------
---------------------------------
| rollout/           |          |
|    ep_len_mean     | 116      |
|    ep_rew_mean     | -6.95    |
| time/              |          |
|    episodes        | 464      |
|    fps             | 0        |
|    time_elapsed    | 65937    |
|    total_timesteps | 48806    |
| train/             |          |
|    actor_loss      | 2.36     |
|    critic_loss     | 0.146    |
|    ent_coef        | 0.005    |
|    learning_rate   | 0.0001   |
|    n_updates       | 46805    |
---------------------------------
---------------------------------
| rollout/           |          |
|    ep_len_mean     | 117      |
|    ep_rew_mean     | -6.87    |
| time/              |          |
|    episodes        | 468      |
|    fps             | 0        |
|    time_elapsed    | 66627    |
|    total_timesteps | 49406    |
| train/             |          |
|    actor_loss      | 2.29     |
|    critic_loss     | 0.221    |
|    ent_coef        | 0.005    |
|    learning_rate   | 0.0001   |
|    n_updates       | 47405    |
---------------------------------
---------------------------------
| rollout/           |          |
|    ep_len_mean     | 116      |
|    ep_rew_mean     | -7.49    |
| time/              |          |
|    episodes        | 472      |
|    fps             | 0        |
|    time_elapsed    | 67205    |
|    total_timesteps | 49900    |
| train/             |          |
|    actor_loss      | 2.08     |
|    critic_loss     | 0.117    |
|    ent_coef        | 0.005    |
|    learning_rate   | 0.0001   |
|    n_updates       | 47899    |
---------------------------------
---------------------------------
| rollout/           |          |
|    ep_len_mean     | 115      |
|    ep_rew_mean     | -8.09    |
| time/              |          |
|    episodes        | 476      |
|    fps             | 0        |
|    time_elapsed    | 67676    |
|    total_timesteps | 50301    |
| train/             |          |
|    actor_loss      | 2.35     |
|    critic_loss     | 0.208    |
|    ent_coef        | 0.005    |
|    learning_rate   | 0.0001   |
|    n_updates       | 48300    |
---------------------------------
---------------------------------
| rollout/           |          |
|    ep_len_mean     | 116      |
|    ep_rew_mean     | -7.83    |
| time/              |          |
|    episodes        | 480      |
|    fps             | 0        |
|    time_elapsed    | 68290    |
|    total_timesteps | 50818    |
| train/             |          |
|    actor_loss      | 2.65     |
|    critic_loss     | 0.339    |
|    ent_coef        | 0.005    |
|    learning_rate   | 0.0001   |
|    n_updates       | 48817    |
---------------------------------
---------------------------------
| rollout/           |          |
|    ep_len_mean     | 116      |
|    ep_rew_mean     | -7.9     |
| time/              |          |
|    episodes        | 484      |
|    fps             | 0        |
|    time_elapsed    | 68585    |
|    total_timesteps | 51078    |
| train/             |          |
|    actor_loss      | 2.14     |
|    critic_loss     | 0.651    |
|    ent_coef        | 0.005    |
|    learning_rate   | 0.0001   |
|    n_updates       | 49077    |
---------------------------------
---------------------------------
| rollout/           |          |
|    ep_len_mean     | 116      |
|    ep_rew_mean     | -7.7     |
| time/              |          |
|    episodes        | 488      |
|    fps             | 0        |
|    time_elapsed    | 69148    |
|    total_timesteps | 51557    |
| train/             |          |
|    actor_loss      | 2.38     |
|    critic_loss     | 0.591    |
|    ent_coef        | 0.005    |
|    learning_rate   | 0.0001   |
|    n_updates       | 49556    |
---------------------------------
---------------------------------
| rollout/           |          |
|    ep_len_mean     | 116      |
|    ep_rew_mean     | -7.71    |
| time/              |          |
|    episodes        | 492      |
|    fps             | 0        |
|    time_elapsed    | 69863    |
|    total_timesteps | 52157    |
| train/             |          |
|    actor_loss      | 2.7      |
|    critic_loss     | 0.123    |
|    ent_coef        | 0.005    |
|    learning_rate   | 0.0001   |
|    n_updates       | 50156    |
---------------------------------
---------------------------------
| rollout/           |          |
|    ep_len_mean     | 116      |
|    ep_rew_mean     | -7.98    |
| time/              |          |
|    episodes        | 496      |
|    fps             | 0        |
|    time_elapsed    | 70278    |
|    total_timesteps | 52518    |
| train/             |          |
|    actor_loss      | 2.9      |
|    critic_loss     | 0.3      |
|    ent_coef        | 0.005    |
|    learning_rate   | 0.0001   |
|    n_updates       | 50517    |
---------------------------------
---------------------------------
| rollout/           |          |
|    ep_len_mean     | 117      |
|    ep_rew_mean     | -7.91    |
| time/              |          |
|    episodes        | 500      |
|    fps             | 0        |
|    time_elapsed    | 70854    |
|    total_timesteps | 53001    |
| train/             |          |
|    actor_loss      | 2.67     |
|    critic_loss     | 0.804    |
|    ent_coef        | 0.005    |
|    learning_rate   | 0.0001   |
|    n_updates       | 51000    |
---------------------------------
---------------------------------
| rollout/           |          |
|    ep_len_mean     | 118      |
|    ep_rew_mean     | -7.66    |
| time/              |          |
|    episodes        | 504      |
|    fps             | 0        |
|    time_elapsed    | 71422    |
|    total_timesteps | 53486    |
| train/             |          |
|    actor_loss      | 2.66     |
|    critic_loss     | 1        |
|    ent_coef        | 0.005    |
|    learning_rate   | 0.0001   |
|    n_updates       | 51485    |
---------------------------------
---------------------------------
| rollout/           |          |
|    ep_len_mean     | 117      |
|    ep_rew_mean     | -8.16    |
| time/              |          |
|    episodes        | 508      |
|    fps             | 0        |
|    time_elapsed    | 71879    |
|    total_timesteps | 53876    |
| train/             |          |
|    actor_loss      | 2.61     |
|    critic_loss     | 3.42     |
|    ent_coef        | 0.005    |
|    learning_rate   | 0.0001   |
|    n_updates       | 51875    |
---------------------------------
---------------------------------
| rollout/           |          |
|    ep_len_mean     | 117      |
|    ep_rew_mean     | -7.84    |
| time/              |          |
|    episodes        | 512      |
|    fps             | 0        |
|    time_elapsed    | 72273    |
|    total_timesteps | 54214    |
| train/             |          |
|    actor_loss      | 2.28     |
|    critic_loss     | 0.216    |
|    ent_coef        | 0.005    |
|    learning_rate   | 0.0001   |
|    n_updates       | 52213    |
---------------------------------
---------------------------------
| rollout/           |          |
|    ep_len_mean     | 117      |
|    ep_rew_mean     | -8.18    |
| time/              |          |
|    episodes        | 516      |
|    fps             | 0        |
|    time_elapsed    | 72949    |
|    total_timesteps | 54794    |
| train/             |          |
|    actor_loss      | 2.53     |
|    critic_loss     | 0.277    |
|    ent_coef        | 0.005    |
|    learning_rate   | 0.0001   |
|    n_updates       | 52793    |
---------------------------------
---------------------------------
| rollout/           |          |
|    ep_len_mean     | 117      |
|    ep_rew_mean     | -8.59    |
| time/              |          |
|    episodes        | 520      |
|    fps             | 0        |
|    time_elapsed    | 73522    |
|    total_timesteps | 55281    |
| train/             |          |
|    actor_loss      | 2.57     |
|    critic_loss     | 0.112    |
|    ent_coef        | 0.005    |
|    learning_rate   | 0.0001   |
|    n_updates       | 53280    |
---------------------------------
---------------------------------
| rollout/           |          |
|    ep_len_mean     | 116      |
|    ep_rew_mean     | -9.02    |
| time/              |          |
|    episodes        | 524      |
|    fps             | 0        |
|    time_elapsed    | 74069    |
|    total_timesteps | 55745    |
| train/             |          |
|    actor_loss      | 2.84     |
|    critic_loss     | 0.153    |
|    ent_coef        | 0.005    |
|    learning_rate   | 0.0001   |
|    n_updates       | 53744    |
---------------------------------
---------------------------------
| rollout/           |          |
|    ep_len_mean     | 116      |
|    ep_rew_mean     | -9.13    |
| time/              |          |
|    episodes        | 528      |
|    fps             | 0        |
|    time_elapsed    | 74614    |
|    total_timesteps | 56210    |
| train/             |          |
|    actor_loss      | 2.46     |
|    critic_loss     | 0.309    |
|    ent_coef        | 0.005    |
|    learning_rate   | 0.0001   |
|    n_updates       | 54209    |
---------------------------------
---------------------------------
| rollout/           |          |
|    ep_len_mean     | 118      |
|    ep_rew_mean     | -8.42    |
| time/              |          |
|    episodes        | 532      |
|    fps             | 0        |
|    time_elapsed    | 75161    |
|    total_timesteps | 56681    |
| train/             |          |
|    actor_loss      | 2.56     |
|    critic_loss     | 1.01     |
|    ent_coef        | 0.005    |
|    learning_rate   | 0.0001   |
|    n_updates       | 54680    |
---------------------------------
---------------------------------
| rollout/           |          |
|    ep_len_mean     | 116      |
|    ep_rew_mean     | -8.91    |
| time/              |          |
|    episodes        | 536      |
|    fps             | 0        |
|    time_elapsed    | 75631    |
|    total_timesteps | 57034    |
| train/             |          |
|    actor_loss      | 3.08     |
|    critic_loss     | 0.368    |
|    ent_coef        | 0.005    |
|    learning_rate   | 0.0001   |
|    n_updates       | 55033    |
---------------------------------
---------------------------------
| rollout/           |          |
|    ep_len_mean     | 116      |
|    ep_rew_mean     | -9.23    |
| time/              |          |
|    episodes        | 540      |
|    fps             | 0        |
|    time_elapsed    | 76231    |
|    total_timesteps | 57519    |
| train/             |          |
|    actor_loss      | 2.48     |
|    critic_loss     | 0.374    |
|    ent_coef        | 0.005    |
|    learning_rate   | 0.0001   |
|    n_updates       | 55518    |
---------------------------------
---------------------------------
| rollout/           |          |
|    ep_len_mean     | 115      |
|    ep_rew_mean     | -9.16    |
| time/              |          |
|    episodes        | 544      |
|    fps             | 0        |
|    time_elapsed    | 76801    |
|    total_timesteps | 57998    |
| train/             |          |
|    actor_loss      | 2.57     |
|    critic_loss     | 0.186    |
|    ent_coef        | 0.005    |
|    learning_rate   | 0.0001   |
|    n_updates       | 55997    |
---------------------------------
---------------------------------
| rollout/           |          |
|    ep_len_mean     | 117      |
|    ep_rew_mean     | -8.67    |
| time/              |          |
|    episodes        | 548      |
|    fps             | 0        |
|    time_elapsed    | 77518    |
|    total_timesteps | 58598    |
| train/             |          |
|    actor_loss      | 2.75     |
|    critic_loss     | 0.102    |
|    ent_coef        | 0.005    |
|    learning_rate   | 0.0001   |
|    n_updates       | 56597    |
---------------------------------
---------------------------------
| rollout/           |          |
|    ep_len_mean     | 119      |
|    ep_rew_mean     | -8.3     |
| time/              |          |
|    episodes        | 552      |
|    fps             | 0        |
|    time_elapsed    | 78197    |
|    total_timesteps | 59122    |
| train/             |          |
|    actor_loss      | 2.36     |
|    critic_loss     | 0.154    |
|    ent_coef        | 0.005    |
|    learning_rate   | 0.0001   |
|    n_updates       | 57121    |
---------------------------------
---------------------------------
| rollout/           |          |
|    ep_len_mean     | 119      |
|    ep_rew_mean     | -8.52    |
| time/              |          |
|    episodes        | 556      |
|    fps             | 0        |
|    time_elapsed    | 79034    |
|    total_timesteps | 59601    |
| train/             |          |
|    actor_loss      | 2.67     |
|    critic_loss     | 1.52     |
|    ent_coef        | 0.005    |
|    learning_rate   | 0.0001   |
|    n_updates       | 57600    |
---------------------------------
