Using cuda device
Wrapping the env in a DummyVecEnv.
Logging to D:\py\DRL2\logs\t7_retry1_20260911\sac_mpc_v3_bidirectional_262301\tensorboard\SAC_1
---------------------------------
| rollout/           |          |
|    ep_len_mean     | 41.8     |
|    ep_rew_mean     | -27.7    |
| time/              |          |
|    episodes        | 4        |
|    fps             | 0        |
|    time_elapsed    | 213      |
|    total_timesteps | 167      |
---------------------------------
---------------------------------
| rollout/           |          |
|    ep_len_mean     | 40.5     |
|    ep_rew_mean     | -25.8    |
| time/              |          |
|    episodes        | 8        |
|    fps             | 0        |
|    time_elapsed    | 392      |
|    total_timesteps | 324      |
---------------------------------
---------------------------------
| rollout/           |          |
|    ep_len_mean     | 39.1     |
|    ep_rew_mean     | -25.5    |
| time/              |          |
|    episodes        | 12       |
|    fps             | 0        |
|    time_elapsed    | 557      |
|    total_timesteps | 469      |
---------------------------------
---------------------------------
| rollout/           |          |
|    ep_len_mean     | 40.3     |
|    ep_rew_mean     | -25.3    |
| time/              |          |
|    episodes        | 16       |
|    fps             | 0        |
|    time_elapsed    | 756      |
|    total_timesteps | 645      |
---------------------------------
---------------------------------
| rollout/           |          |
|    ep_len_mean     | 39.9     |
|    ep_rew_mean     | -25.8    |
| time/              |          |
|    episodes        | 20       |
|    fps             | 0        |
|    time_elapsed    | 928      |
|    total_timesteps | 798      |
---------------------------------
---------------------------------
| rollout/           |          |
|    ep_len_mean     | 38.5     |
|    ep_rew_mean     | -25      |
| time/              |          |
|    episodes        | 24       |
|    fps             | 0        |
|    time_elapsed    | 1069     |
|    total_timesteps | 925      |
---------------------------------
---------------------------------
| rollout/           |          |
|    ep_len_mean     | 39.2     |
|    ep_rew_mean     | -24.9    |
| time/              |          |
|    episodes        | 28       |
|    fps             | 0        |
|    time_elapsed    | 1255     |
|    total_timesteps | 1099     |
---------------------------------
---------------------------------
| rollout/           |          |
|    ep_len_mean     | 39       |
|    ep_rew_mean     | -25.2    |
| time/              |          |
|    episodes        | 32       |
|    fps             | 0        |
|    time_elapsed    | 1412     |
|    total_timesteps | 1248     |
---------------------------------
---------------------------------
| rollout/           |          |
|    ep_len_mean     | 39.8     |
|    ep_rew_mean     | -25.4    |
| time/              |          |
|    episodes        | 36       |
|    fps             | 0        |
|    time_elapsed    | 1610     |
|    total_timesteps | 1434     |
---------------------------------
---------------------------------
| rollout/           |          |
|    ep_len_mean     | 39.7     |
|    ep_rew_mean     | -25.7    |
| time/              |          |
|    episodes        | 40       |
|    fps             | 0        |
|    time_elapsed    | 1775     |
|    total_timesteps | 1589     |
---------------------------------
---------------------------------
| rollout/           |          |
|    ep_len_mean     | 39.8     |
|    ep_rew_mean     | -26.5    |
| time/              |          |
|    episodes        | 44       |
|    fps             | 0        |
|    time_elapsed    | 1945     |
|    total_timesteps | 1752     |
---------------------------------
---------------------------------
| rollout/           |          |
|    ep_len_mean     | 39.5     |
|    ep_rew_mean     | -26.4    |
| time/              |          |
|    episodes        | 48       |
|    fps             | 0        |
|    time_elapsed    | 2093     |
|    total_timesteps | 1894     |
---------------------------------
---------------------------------
| rollout/           |          |
|    ep_len_mean     | 39.6     |
|    ep_rew_mean     | -26.6    |
| time/              |          |
|    episodes        | 52       |
|    fps             | 0        |
|    time_elapsed    | 2276     |
|    total_timesteps | 2060     |
| train/             |          |
|    actor_loss      | 0.694    |
|    critic_loss     | 13       |
|    ent_coef        | 0.005    |
|    learning_rate   | 0.0001   |
|    n_updates       | 59       |
---------------------------------
---------------------------------
| rollout/           |          |
|    ep_len_mean     | 42       |
|    ep_rew_mean     | -26.5    |
| time/              |          |
|    episodes        | 56       |
|    fps             | 0        |
|    time_elapsed    | 2613     |
|    total_timesteps | 2352     |
| train/             |          |
|    actor_loss      | 0.453    |
|    critic_loss     | 7.33     |
|    ent_coef        | 0.005    |
|    learning_rate   | 0.0001   |
|    n_updates       | 351      |
---------------------------------
---------------------------------
| rollout/           |          |
|    ep_len_mean     | 43.2     |
|    ep_rew_mean     | -25.9    |
| time/              |          |
|    episodes        | 60       |
|    fps             | 0        |
|    time_elapsed    | 2900     |
|    total_timesteps | 2592     |
| train/             |          |
|    actor_loss      | 0.72     |
|    critic_loss     | 8.17     |
|    ent_coef        | 0.005    |
|    learning_rate   | 0.0001   |
|    n_updates       | 591      |
---------------------------------
---------------------------------
| rollout/           |          |
|    ep_len_mean     | 46.8     |
|    ep_rew_mean     | -24.9    |
| time/              |          |
|    episodes        | 64       |
|    fps             | 0        |
|    time_elapsed    | 3384     |
|    total_timesteps | 2995     |
| train/             |          |
|    actor_loss      | 0.829    |
|    critic_loss     | 0.935    |
|    ent_coef        | 0.005    |
|    learning_rate   | 0.0001   |
|    n_updates       | 994      |
---------------------------------
---------------------------------
| rollout/           |          |
|    ep_len_mean     | 51.1     |
|    ep_rew_mean     | -23.7    |
| time/              |          |
|    episodes        | 68       |
|    fps             | 0        |
|    time_elapsed    | 3954     |
|    total_timesteps | 3473     |
| train/             |          |
|    actor_loss      | 0.77     |
|    critic_loss     | 0.398    |
|    ent_coef        | 0.005    |
|    learning_rate   | 0.0001   |
|    n_updates       | 1472     |
---------------------------------
---------------------------------
| rollout/           |          |
|    ep_len_mean     | 56.6     |
|    ep_rew_mean     | -22.3    |
| time/              |          |
|    episodes        | 72       |
|    fps             | 0        |
|    time_elapsed    | 4687     |
|    total_timesteps | 4073     |
| train/             |          |
|    actor_loss      | 0.872    |
|    critic_loss     | 1.34     |
|    ent_coef        | 0.005    |
|    learning_rate   | 0.0001   |
|    n_updates       | 2072     |
---------------------------------
---------------------------------
| rollout/           |          |
|    ep_len_mean     | 61.5     |
|    ep_rew_mean     | -21.2    |
| time/              |          |
|    episodes        | 76       |
|    fps             | 0        |
|    time_elapsed    | 5390     |
|    total_timesteps | 4673     |
| train/             |          |
|    actor_loss      | 0.491    |
|    critic_loss     | 0.482    |
|    ent_coef        | 0.005    |
|    learning_rate   | 0.0001   |
|    n_updates       | 2672     |
---------------------------------
---------------------------------
| rollout/           |          |
|    ep_len_mean     | 64.1     |
|    ep_rew_mean     | -20.7    |
| time/              |          |
|    episodes        | 80       |
|    fps             | 0        |
|    time_elapsed    | 5921     |
|    total_timesteps | 5131     |
| train/             |          |
|    actor_loss      | 0.565    |
|    critic_loss     | 0.229    |
|    ent_coef        | 0.005    |
|    learning_rate   | 0.0001   |
|    n_updates       | 3130     |
---------------------------------
---------------------------------
| rollout/           |          |
|    ep_len_mean     | 68.2     |
|    ep_rew_mean     | -19.6    |
| time/              |          |
|    episodes        | 84       |
|    fps             | 0        |
|    time_elapsed    | 6615     |
|    total_timesteps | 5731     |
| train/             |          |
|    actor_loss      | 0.568    |
|    critic_loss     | 0.196    |
|    ent_coef        | 0.005    |
|    learning_rate   | 0.0001   |
|    n_updates       | 3730     |
---------------------------------
---------------------------------
| rollout/           |          |
|    ep_len_mean     | 70.7     |
|    ep_rew_mean     | -19      |
| time/              |          |
|    episodes        | 88       |
|    fps             | 0        |
|    time_elapsed    | 7183     |
|    total_timesteps | 6221     |
| train/             |          |
|    actor_loss      | 0.546    |
|    critic_loss     | 0.17     |
|    ent_coef        | 0.005    |
|    learning_rate   | 0.0001   |
|    n_updates       | 4220     |
---------------------------------
---------------------------------
| rollout/           |          |
|    ep_len_mean     | 72.8     |
|    ep_rew_mean     | -18.3    |
| time/              |          |
|    episodes        | 92       |
|    fps             | 0        |
|    time_elapsed    | 7735     |
|    total_timesteps | 6693     |
| train/             |          |
|    actor_loss      | 0.68     |
|    critic_loss     | 0.306    |
|    ent_coef        | 0.005    |
|    learning_rate   | 0.0001   |
|    n_updates       | 4692     |
---------------------------------
---------------------------------
| rollout/           |          |
|    ep_len_mean     | 74.6     |
|    ep_rew_mean     | -17.9    |
| time/              |          |
|    episodes        | 96       |
|    fps             | 0        |
|    time_elapsed    | 8283     |
|    total_timesteps | 7166     |
| train/             |          |
|    actor_loss      | 0.724    |
|    critic_loss     | 0.116    |
|    ent_coef        | 0.005    |
|    learning_rate   | 0.0001   |
|    n_updates       | 5165     |
---------------------------------
---------------------------------
| rollout/           |          |
|    ep_len_mean     | 76.5     |
|    ep_rew_mean     | -17.5    |
| time/              |          |
|    episodes        | 100      |
|    fps             | 0        |
|    time_elapsed    | 8844     |
|    total_timesteps | 7646     |
| train/             |          |
|    actor_loss      | 0.767    |
|    critic_loss     | 0.193    |
|    ent_coef        | 0.005    |
|    learning_rate   | 0.0001   |
|    n_updates       | 5645     |
---------------------------------
---------------------------------
| rollout/           |          |
|    ep_len_mean     | 80       |
|    ep_rew_mean     | -16.6    |
| time/              |          |
|    episodes        | 104      |
|    fps             | 0        |
|    time_elapsed    | 9449     |
|    total_timesteps | 8172     |
| train/             |          |
|    actor_loss      | 0.617    |
|    critic_loss     | 0.214    |
|    ent_coef        | 0.005    |
|    learning_rate   | 0.0001   |
|    n_updates       | 6171     |
---------------------------------
---------------------------------
| rollout/           |          |
|    ep_len_mean     | 81.2     |
|    ep_rew_mean     | -16.4    |
| time/              |          |
|    episodes        | 108      |
|    fps             | 0        |
|    time_elapsed    | 9772     |
|    total_timesteps | 8444     |
| train/             |          |
|    actor_loss      | 0.676    |
|    critic_loss     | 0.129    |
|    ent_coef        | 0.005    |
|    learning_rate   | 0.0001   |
|    n_updates       | 6443     |
---------------------------------
---------------------------------
| rollout/           |          |
|    ep_len_mean     | 85.8     |
|    ep_rew_mean     | -15.3    |
| time/              |          |
|    episodes        | 112      |
|    fps             | 0        |
|    time_elapsed    | 10476    |
|    total_timesteps | 9044     |
| train/             |          |
|    actor_loss      | 0.793    |
|    critic_loss     | 0.239    |
|    ent_coef        | 0.005    |
|    learning_rate   | 0.0001   |
|    n_updates       | 7043     |
---------------------------------
---------------------------------
| rollout/           |          |
|    ep_len_mean     | 88.4     |
|    ep_rew_mean     | -15.8    |
| time/              |          |
|    episodes        | 116      |
|    fps             | 0        |
|    time_elapsed    | 11107    |
|    total_timesteps | 9481     |
| train/             |          |
|    actor_loss      | 0.66     |
|    critic_loss     | 0.305    |
|    ent_coef        | 0.005    |
|    learning_rate   | 0.0001   |
|    n_updates       | 7480     |
---------------------------------
---------------------------------
| rollout/           |          |
|    ep_len_mean     | 91.3     |
|    ep_rew_mean     | -15.3    |
| time/              |          |
|    episodes        | 120      |
|    fps             | 0        |
|    time_elapsed    | 11810    |
|    total_timesteps | 9930     |
| train/             |          |
|    actor_loss      | 0.774    |
|    critic_loss     | 0.0866   |
|    ent_coef        | 0.005    |
|    learning_rate   | 0.0001   |
|    n_updates       | 7929     |
---------------------------------
---------------------------------
| rollout/           |          |
|    ep_len_mean     | 94.5     |
|    ep_rew_mean     | -15.4    |
| time/              |          |
|    episodes        | 124      |
|    fps             | 0        |
|    time_elapsed    | 12509    |
|    total_timesteps | 10371    |
| train/             |          |
|    actor_loss      | 0.772    |
|    critic_loss     | 0.689    |
|    ent_coef        | 0.005    |
|    learning_rate   | 0.0001   |
|    n_updates       | 8370     |
---------------------------------
---------------------------------
| rollout/           |          |
|    ep_len_mean     | 97.6     |
|    ep_rew_mean     | -14.7    |
| time/              |          |
|    episodes        | 128      |
|    fps             | 0        |
|    time_elapsed    | 13282    |
|    total_timesteps | 10860    |
| train/             |          |
|    actor_loss      | 1.09     |
|    critic_loss     | 0.218    |
|    ent_coef        | 0.005    |
|    learning_rate   | 0.0001   |
|    n_updates       | 8859     |
---------------------------------
---------------------------------
| rollout/           |          |
|    ep_len_mean     | 100      |
|    ep_rew_mean     | -14.3    |
| time/              |          |
|    episodes        | 132      |
|    fps             | 0        |
|    time_elapsed    | 13903    |
|    total_timesteps | 11259    |
| train/             |          |
|    actor_loss      | 1.12     |
|    critic_loss     | 0.555    |
|    ent_coef        | 0.005    |
|    learning_rate   | 0.0001   |
|    n_updates       | 9258     |
---------------------------------
---------------------------------
| rollout/           |          |
|    ep_len_mean     | 101      |
|    ep_rew_mean     | -14.5    |
| time/              |          |
|    episodes        | 136      |
|    fps             | 0        |
|    time_elapsed    | 14279    |
|    total_timesteps | 11503    |
| train/             |          |
|    actor_loss      | 1.18     |
|    critic_loss     | 3.17     |
|    ent_coef        | 0.005    |
|    learning_rate   | 0.0001   |
|    n_updates       | 9502     |
---------------------------------
---------------------------------
| rollout/           |          |
|    ep_len_mean     | 103      |
|    ep_rew_mean     | -13.7    |
| time/              |          |
|    episodes        | 140      |
|    fps             | 0        |
|    time_elapsed    | 14860    |
|    total_timesteps | 11872    |
| train/             |          |
|    actor_loss      | 1.06     |
|    critic_loss     | 0.582    |
|    ent_coef        | 0.005    |
|    learning_rate   | 0.0001   |
|    n_updates       | 9871     |
---------------------------------
---------------------------------
| rollout/           |          |
|    ep_len_mean     | 106      |
|    ep_rew_mean     | -12.7    |
| time/              |          |
|    episodes        | 144      |
|    fps             | 0        |
|    time_elapsed    | 15666    |
|    total_timesteps | 12375    |
| train/             |          |
|    actor_loss      | 0.846    |
|    critic_loss     | 0.124    |
|    ent_coef        | 0.005    |
|    learning_rate   | 0.0001   |
|    n_updates       | 10374    |
---------------------------------
---------------------------------
| rollout/           |          |
|    ep_len_mean     | 109      |
|    ep_rew_mean     | -12.2    |
| time/              |          |
|    episodes        | 148      |
|    fps             | 0        |
|    time_elapsed    | 16262    |
|    total_timesteps | 12753    |
| train/             |          |
|    actor_loss      | 0.987    |
|    critic_loss     | 0.0848   |
|    ent_coef        | 0.005    |
|    learning_rate   | 0.0001   |
|    n_updates       | 10752    |
---------------------------------
---------------------------------
| rollout/           |          |
|    ep_len_mean     | 111      |
|    ep_rew_mean     | -11.6    |
| time/              |          |
|    episodes        | 152      |
|    fps             | 0        |
|    time_elapsed    | 16970    |
|    total_timesteps | 13208    |
| train/             |          |
|    actor_loss      | 1.24     |
|    critic_loss     | 0.102    |
|    ent_coef        | 0.005    |
|    learning_rate   | 0.0001   |
|    n_updates       | 11207    |
---------------------------------
---------------------------------
| rollout/           |          |
|    ep_len_mean     | 113      |
|    ep_rew_mean     | -11      |
| time/              |          |
|    episodes        | 156      |
|    fps             | 0        |
|    time_elapsed    | 17697    |
|    total_timesteps | 13673    |
| train/             |          |
|    actor_loss      | 1.26     |
|    critic_loss     | 0.153    |
|    ent_coef        | 0.005    |
|    learning_rate   | 0.0001   |
|    n_updates       | 11672    |
---------------------------------
---------------------------------
| rollout/           |          |
|    ep_len_mean     | 116      |
|    ep_rew_mean     | -11.1    |
| time/              |          |
|    episodes        | 160      |
|    fps             | 0        |
|    time_elapsed    | 18552    |
|    total_timesteps | 14226    |
| train/             |          |
|    actor_loss      | 1.83     |
|    critic_loss     | 0.903    |
|    ent_coef        | 0.005    |
|    learning_rate   | 0.0001   |
|    n_updates       | 12225    |
---------------------------------
---------------------------------
| rollout/           |          |
|    ep_len_mean     | 115      |
|    ep_rew_mean     | -11.3    |
| time/              |          |
|    episodes        | 164      |
|    fps             | 0        |
|    time_elapsed    | 19022    |
|    total_timesteps | 14536    |
| train/             |          |
|    actor_loss      | 0.861    |
|    critic_loss     | 0.517    |
|    ent_coef        | 0.005    |
|    learning_rate   | 0.0001   |
|    n_updates       | 12535    |
---------------------------------
---------------------------------
| rollout/           |          |
|    ep_len_mean     | 113      |
|    ep_rew_mean     | -12.3    |
| time/              |          |
|    episodes        | 168      |
|    fps             | 0        |
|    time_elapsed    | 19479    |
|    total_timesteps | 14794    |
| train/             |          |
|    actor_loss      | 1.39     |
|    critic_loss     | 0.973    |
|    ent_coef        | 0.005    |
|    learning_rate   | 0.0001   |
|    n_updates       | 12793    |
---------------------------------
---------------------------------
| rollout/           |          |
|    ep_len_mean     | 112      |
|    ep_rew_mean     | -12.6    |
| time/              |          |
|    episodes        | 172      |
|    fps             | 0        |
|    time_elapsed    | 20239    |
|    total_timesteps | 15227    |
| train/             |          |
|    actor_loss      | 1.15     |
|    critic_loss     | 0.107    |
|    ent_coef        | 0.005    |
|    learning_rate   | 0.0001   |
|    n_updates       | 13226    |
---------------------------------
---------------------------------
| rollout/           |          |
|    ep_len_mean     | 111      |
|    ep_rew_mean     | -12.8    |
| time/              |          |
|    episodes        | 176      |
|    fps             | 0        |
|    time_elapsed    | 21163    |
|    total_timesteps | 15748    |
| train/             |          |
|    actor_loss      | 1.34     |
|    critic_loss     | 0.413    |
|    ent_coef        | 0.005    |
|    learning_rate   | 0.0001   |
|    n_updates       | 13747    |
---------------------------------
---------------------------------
| rollout/           |          |
|    ep_len_mean     | 110      |
|    ep_rew_mean     | -12.7    |
| time/              |          |
|    episodes        | 180      |
|    fps             | 0        |
|    time_elapsed    | 21853    |
|    total_timesteps | 16145    |
| train/             |          |
|    actor_loss      | 1.39     |
|    critic_loss     | 0.288    |
|    ent_coef        | 0.005    |
|    learning_rate   | 0.0001   |
|    n_updates       | 14144    |
---------------------------------
---------------------------------
| rollout/           |          |
|    ep_len_mean     | 109      |
|    ep_rew_mean     | -13.1    |
| time/              |          |
|    episodes        | 184      |
|    fps             | 0        |
|    time_elapsed    | 22619    |
|    total_timesteps | 16611    |
| train/             |          |
|    actor_loss      | 1.29     |
|    critic_loss     | 0.0783   |
|    ent_coef        | 0.005    |
|    learning_rate   | 0.0001   |
|    n_updates       | 14610    |
---------------------------------
---------------------------------
| rollout/           |          |
|    ep_len_mean     | 109      |
|    ep_rew_mean     | -13.1    |
| time/              |          |
|    episodes        | 188      |
|    fps             | 0        |
|    time_elapsed    | 23399    |
|    total_timesteps | 17081    |
| train/             |          |
|    actor_loss      | 1.33     |
|    critic_loss     | 0.447    |
|    ent_coef        | 0.005    |
|    learning_rate   | 0.0001   |
|    n_updates       | 15080    |
---------------------------------
---------------------------------
| rollout/           |          |
|    ep_len_mean     | 108      |
|    ep_rew_mean     | -13.5    |
| time/              |          |
|    episodes        | 192      |
|    fps             | 0        |
|    time_elapsed    | 24015    |
|    total_timesteps | 17453    |
| train/             |          |
|    actor_loss      | 1.42     |
|    critic_loss     | 0.12     |
|    ent_coef        | 0.005    |
|    learning_rate   | 0.0001   |
|    n_updates       | 15452    |
---------------------------------
---------------------------------
| rollout/           |          |
|    ep_len_mean     | 108      |
|    ep_rew_mean     | -13.6    |
| time/              |          |
|    episodes        | 196      |
|    fps             | 0        |
|    time_elapsed    | 24836    |
|    total_timesteps | 17936    |
| train/             |          |
|    actor_loss      | 1.57     |
|    critic_loss     | 1.2      |
|    ent_coef        | 0.005    |
|    learning_rate   | 0.0001   |
|    n_updates       | 15935    |
---------------------------------
---------------------------------
| rollout/           |          |
|    ep_len_mean     | 109      |
|    ep_rew_mean     | -13.2    |
| time/              |          |
|    episodes        | 200      |
|    fps             | 0        |
|    time_elapsed    | 25891    |
|    total_timesteps | 18536    |
| train/             |          |
|    actor_loss      | 2.2      |
|    critic_loss     | 0.39     |
|    ent_coef        | 0.005    |
|    learning_rate   | 0.0001   |
|    n_updates       | 16535    |
---------------------------------
---------------------------------
| rollout/           |          |
|    ep_len_mean     | 108      |
|    ep_rew_mean     | -13.3    |
| time/              |          |
|    episodes        | 204      |
|    fps             | 0        |
|    time_elapsed    | 26723    |
|    total_timesteps | 19011    |
| train/             |          |
|    actor_loss      | 1.5      |
|    critic_loss     | 0.133    |
|    ent_coef        | 0.005    |
|    learning_rate   | 0.0001   |
|    n_updates       | 17010    |
---------------------------------
---------------------------------
| rollout/           |          |
|    ep_len_mean     | 110      |
|    ep_rew_mean     | -12.7    |
| time/              |          |
|    episodes        | 208      |
|    fps             | 0        |
|    time_elapsed    | 27539    |
|    total_timesteps | 19479    |
| train/             |          |
|    actor_loss      | 1.51     |
|    critic_loss     | 1.96     |
|    ent_coef        | 0.005    |
|    learning_rate   | 0.0001   |
|    n_updates       | 17478    |
---------------------------------
---------------------------------
| rollout/           |          |
|    ep_len_mean     | 109      |
|    ep_rew_mean     | -13.1    |
| time/              |          |
|    episodes        | 212      |
|    fps             | 0        |
|    time_elapsed    | 28324    |
|    total_timesteps | 19942    |
| train/             |          |
|    actor_loss      | 1.47     |
|    critic_loss     | 0.148    |
|    ent_coef        | 0.005    |
|    learning_rate   | 0.0001   |
|    n_updates       | 17941    |
---------------------------------
---------------------------------
| rollout/           |          |
|    ep_len_mean     | 108      |
|    ep_rew_mean     | -12.7    |
| time/              |          |
|    episodes        | 216      |
|    fps             | 0        |
|    time_elapsed    | 28853    |
|    total_timesteps | 20258    |
| train/             |          |
|    actor_loss      | 1.74     |
|    critic_loss     | 0.25     |
|    ent_coef        | 0.005    |
|    learning_rate   | 0.0001   |
|    n_updates       | 18257    |
---------------------------------
---------------------------------
| rollout/           |          |
|    ep_len_mean     | 108      |
|    ep_rew_mean     | -12.3    |
| time/              |          |
|    episodes        | 220      |
|    fps             | 0        |
|    time_elapsed    | 29713    |
|    total_timesteps | 20770    |
| train/             |          |
|    actor_loss      | 1.36     |
|    critic_loss     | 0.341    |
|    ent_coef        | 0.005    |
|    learning_rate   | 0.0001   |
|    n_updates       | 18769    |
---------------------------------
---------------------------------
| rollout/           |          |
|    ep_len_mean     | 108      |
|    ep_rew_mean     | -12.2    |
| time/              |          |
|    episodes        | 224      |
|    fps             | 0        |
|    time_elapsed    | 30175    |
|    total_timesteps | 21139    |
| train/             |          |
|    actor_loss      | 1.08     |
|    critic_loss     | 0.294    |
|    ent_coef        | 0.005    |
|    learning_rate   | 0.0001   |
|    n_updates       | 19138    |
---------------------------------
---------------------------------
| rollout/           |          |
|    ep_len_mean     | 107      |
|    ep_rew_mean     | -12.1    |
| time/              |          |
|    episodes        | 228      |
|    fps             | 0        |
|    time_elapsed    | 30755    |
|    total_timesteps | 21606    |
| train/             |          |
|    actor_loss      | 2.35     |
|    critic_loss     | 0.73     |
|    ent_coef        | 0.005    |
|    learning_rate   | 0.0001   |
|    n_updates       | 19605    |
---------------------------------
---------------------------------
| rollout/           |          |
|    ep_len_mean     | 107      |
|    ep_rew_mean     | -11.8    |
| time/              |          |
|    episodes        | 232      |
|    fps             | 0        |
|    time_elapsed    | 31381    |
|    total_timesteps | 22000    |
| train/             |          |
|    actor_loss      | 2.07     |
|    critic_loss     | 0.444    |
|    ent_coef        | 0.005    |
|    learning_rate   | 0.0001   |
|    n_updates       | 19999    |
---------------------------------
---------------------------------
| rollout/           |          |
|    ep_len_mean     | 108      |
|    ep_rew_mean     | -11.3    |
| time/              |          |
|    episodes        | 236      |
|    fps             | 0        |
|    time_elapsed    | 31879    |
|    total_timesteps | 22306    |
| train/             |          |
|    actor_loss      | 2.4      |
|    critic_loss     | 0.606    |
|    ent_coef        | 0.005    |
|    learning_rate   | 0.0001   |
|    n_updates       | 20305    |
---------------------------------
---------------------------------
| rollout/           |          |
|    ep_len_mean     | 110      |
|    ep_rew_mean     | -11.1    |
| time/              |          |
|    episodes        | 240      |
|    fps             | 0        |
|    time_elapsed    | 32719    |
|    total_timesteps | 22833    |
| train/             |          |
|    actor_loss      | 2.48     |
|    critic_loss     | 0.557    |
|    ent_coef        | 0.005    |
|    learning_rate   | 0.0001   |
|    n_updates       | 20832    |
---------------------------------
---------------------------------
| rollout/           |          |
|    ep_len_mean     | 108      |
|    ep_rew_mean     | -11.3    |
| time/              |          |
|    episodes        | 244      |
|    fps             | 0        |
|    time_elapsed    | 33358    |
|    total_timesteps | 23223    |
| train/             |          |
|    actor_loss      | 2.15     |
|    critic_loss     | 0.477    |
|    ent_coef        | 0.005    |
|    learning_rate   | 0.0001   |
|    n_updates       | 21222    |
---------------------------------
---------------------------------
| rollout/           |          |
|    ep_len_mean     | 110      |
|    ep_rew_mean     | -11.2    |
| time/              |          |
|    episodes        | 248      |
|    fps             | 0        |
|    time_elapsed    | 34186    |
|    total_timesteps | 23708    |
| train/             |          |
|    actor_loss      | 1.68     |
|    critic_loss     | 0.223    |
|    ent_coef        | 0.005    |
|    learning_rate   | 0.0001   |
|    n_updates       | 21707    |
---------------------------------
---------------------------------
| rollout/           |          |
|    ep_len_mean     | 109      |
|    ep_rew_mean     | -10.9    |
| time/              |          |
|    episodes        | 252      |
|    fps             | 0        |
|    time_elapsed    | 34880    |
|    total_timesteps | 24111    |
| train/             |          |
|    actor_loss      | 1.83     |
|    critic_loss     | 0.209    |
|    ent_coef        | 0.005    |
|    learning_rate   | 0.0001   |
|    n_updates       | 22110    |
---------------------------------
---------------------------------
| rollout/           |          |
|    ep_len_mean     | 109      |
|    ep_rew_mean     | -10.6    |
| time/              |          |
|    episodes        | 256      |
|    fps             | 0        |
|    time_elapsed    | 35728    |
|    total_timesteps | 24609    |
| train/             |          |
|    actor_loss      | 1.77     |
|    critic_loss     | 0.288    |
|    ent_coef        | 0.005    |
|    learning_rate   | 0.0001   |
|    n_updates       | 22608    |
---------------------------------
---------------------------------
| rollout/           |          |
|    ep_len_mean     | 110      |
|    ep_rew_mean     | -9.71    |
| time/              |          |
|    episodes        | 260      |
|    fps             | 0        |
|    time_elapsed    | 36775    |
|    total_timesteps | 25209    |
| train/             |          |
|    actor_loss      | 1.74     |
|    critic_loss     | 0.133    |
|    ent_coef        | 0.005    |
|    learning_rate   | 0.0001   |
|    n_updates       | 23208    |
---------------------------------
---------------------------------
| rollout/           |          |
|    ep_len_mean     | 112      |
|    ep_rew_mean     | -9.24    |
| time/              |          |
|    episodes        | 264      |
|    fps             | 0        |
|    time_elapsed    | 37678    |
|    total_timesteps | 25730    |
| train/             |          |
|    actor_loss      | 2.25     |
|    critic_loss     | 0.173    |
|    ent_coef        | 0.005    |
|    learning_rate   | 0.0001   |
|    n_updates       | 23729    |
---------------------------------
---------------------------------
| rollout/           |          |
|    ep_len_mean     | 114      |
|    ep_rew_mean     | -8.38    |
| time/              |          |
|    episodes        | 268      |
|    fps             | 0        |
|    time_elapsed    | 38373    |
|    total_timesteps | 26200    |
| train/             |          |
|    actor_loss      | 2.25     |
|    critic_loss     | 0.111    |
|    ent_coef        | 0.005    |
|    learning_rate   | 0.0001   |
|    n_updates       | 24199    |
---------------------------------
---------------------------------
| rollout/           |          |
|    ep_len_mean     | 114      |
|    ep_rew_mean     | -8.57    |
| time/              |          |
|    episodes        | 272      |
|    fps             | 0        |
|    time_elapsed    | 38896    |
|    total_timesteps | 26586    |
| train/             |          |
|    actor_loss      | 2.31     |
|    critic_loss     | 1.55     |
|    ent_coef        | 0.005    |
|    learning_rate   | 0.0001   |
|    n_updates       | 24585    |
---------------------------------
---------------------------------
| rollout/           |          |
|    ep_len_mean     | 111      |
|    ep_rew_mean     | -9.35    |
| time/              |          |
|    episodes        | 276      |
|    fps             | 0        |
|    time_elapsed    | 39233    |
|    total_timesteps | 26805    |
| train/             |          |
|    actor_loss      | 2.52     |
|    critic_loss     | 0.904    |
|    ent_coef        | 0.005    |
|    learning_rate   | 0.0001   |
|    n_updates       | 24804    |
---------------------------------
---------------------------------
| rollout/           |          |
|    ep_len_mean     | 110      |
|    ep_rew_mean     | -9.77    |
| time/              |          |
|    episodes        | 280      |
|    fps             | 0        |
|    time_elapsed    | 39774    |
|    total_timesteps | 27154    |
| train/             |          |
|    actor_loss      | 1.99     |
|    critic_loss     | 0.281    |
|    ent_coef        | 0.005    |
|    learning_rate   | 0.0001   |
|    n_updates       | 25153    |
---------------------------------
---------------------------------
| rollout/           |          |
|    ep_len_mean     | 111      |
|    ep_rew_mean     | -9.4     |
| time/              |          |
|    episodes        | 284      |
|    fps             | 0        |
|    time_elapsed    | 40726    |
|    total_timesteps | 27754    |
| train/             |          |
|    actor_loss      | 1.99     |
|    critic_loss     | 0.548    |
|    ent_coef        | 0.005    |
|    learning_rate   | 0.0001   |
|    n_updates       | 25753    |
---------------------------------
---------------------------------
| rollout/           |          |
|    ep_len_mean     | 111      |
|    ep_rew_mean     | -9.87    |
| time/              |          |
|    episodes        | 288      |
|    fps             | 0        |
|    time_elapsed    | 41576    |
|    total_timesteps | 28220    |
| train/             |          |
|    actor_loss      | 2.37     |
|    critic_loss     | 0.143    |
|    ent_coef        | 0.005    |
|    learning_rate   | 0.0001   |
|    n_updates       | 26219    |
---------------------------------
---------------------------------
| rollout/           |          |
|    ep_len_mean     | 112      |
|    ep_rew_mean     | -9.67    |
| time/              |          |
|    episodes        | 292      |
|    fps             | 0        |
|    time_elapsed    | 42217    |
|    total_timesteps | 28620    |
| train/             |          |
|    actor_loss      | 1.99     |
|    critic_loss     | 0.341    |
|    ent_coef        | 0.005    |
|    learning_rate   | 0.0001   |
|    n_updates       | 26619    |
---------------------------------
---------------------------------
| rollout/           |          |
|    ep_len_mean     | 111      |
|    ep_rew_mean     | -10.4    |
| time/              |          |
|    episodes        | 296      |
|    fps             | 0        |
|    time_elapsed    | 42713    |
|    total_timesteps | 29050    |
| train/             |          |
|    actor_loss      | 2.72     |
|    critic_loss     | 1.08     |
|    ent_coef        | 0.005    |
|    learning_rate   | 0.0001   |
|    n_updates       | 27049    |
---------------------------------
---------------------------------
| rollout/           |          |
|    ep_len_mean     | 110      |
|    ep_rew_mean     | -10.9    |
| time/              |          |
|    episodes        | 300      |
|    fps             | 0        |
|    time_elapsed    | 43269    |
|    total_timesteps | 29526    |
| train/             |          |
|    actor_loss      | 1.97     |
|    critic_loss     | 0.0872   |
|    ent_coef        | 0.005    |
|    learning_rate   | 0.0001   |
|    n_updates       | 27525    |
---------------------------------
---------------------------------
| rollout/           |          |
|    ep_len_mean     | 110      |
|    ep_rew_mean     | -10.9    |
| time/              |          |
|    episodes        | 304      |
|    fps             | 0        |
|    time_elapsed    | 43826    |
|    total_timesteps | 30005    |
| train/             |          |
|    actor_loss      | 2.53     |
|    critic_loss     | 0.606    |
|    ent_coef        | 0.005    |
|    learning_rate   | 0.0001   |
|    n_updates       | 28004    |
---------------------------------
---------------------------------
| rollout/           |          |
|    ep_len_mean     | 111      |
|    ep_rew_mean     | -10.7    |
| time/              |          |
|    episodes        | 308      |
|    fps             | 0        |
|    time_elapsed    | 44533    |
|    total_timesteps | 30605    |
| train/             |          |
|    actor_loss      | 2.05     |
|    critic_loss     | 0.603    |
|    ent_coef        | 0.005    |
|    learning_rate   | 0.0001   |
|    n_updates       | 28604    |
---------------------------------
---------------------------------
| rollout/           |          |
|    ep_len_mean     | 113      |
|    ep_rew_mean     | -10.3    |
| time/              |          |
|    episodes        | 312      |
|    fps             | 0        |
|    time_elapsed    | 45235    |
|    total_timesteps | 31205    |
| train/             |          |
|    actor_loss      | 2.51     |
|    critic_loss     | 0.417    |
|    ent_coef        | 0.005    |
|    learning_rate   | 0.0001   |
|    n_updates       | 29204    |
---------------------------------
---------------------------------
| rollout/           |          |
|    ep_len_mean     | 114      |
|    ep_rew_mean     | -9.57    |
| time/              |          |
|    episodes        | 316      |
|    fps             | 0        |
|    time_elapsed    | 45814    |
|    total_timesteps | 31697    |
| train/             |          |
|    actor_loss      | 1.71     |
|    critic_loss     | 0.153    |
|    ent_coef        | 0.005    |
|    learning_rate   | 0.0001   |
|    n_updates       | 29696    |
---------------------------------
---------------------------------
| rollout/           |          |
|    ep_len_mean     | 113      |
|    ep_rew_mean     | -9.81    |
| time/              |          |
|    episodes        | 320      |
|    fps             | 0        |
|    time_elapsed    | 46244    |
|    total_timesteps | 32072    |
| train/             |          |
|    actor_loss      | 2.14     |
|    critic_loss     | 0.103    |
|    ent_coef        | 0.005    |
|    learning_rate   | 0.0001   |
|    n_updates       | 30071    |
---------------------------------
---------------------------------
| rollout/           |          |
|    ep_len_mean     | 114      |
|    ep_rew_mean     | -9.09    |
| time/              |          |
|    episodes        | 324      |
|    fps             | 0        |
|    time_elapsed    | 46818    |
|    total_timesteps | 32556    |
| train/             |          |
|    actor_loss      | 2.45     |
|    critic_loss     | 0.156    |
|    ent_coef        | 0.005    |
|    learning_rate   | 0.0001   |
|    n_updates       | 30555    |
---------------------------------
---------------------------------
| rollout/           |          |
|    ep_len_mean     | 113      |
|    ep_rew_mean     | -9.55    |
| time/              |          |
|    episodes        | 328      |
|    fps             | 0        |
|    time_elapsed    | 47234    |
|    total_timesteps | 32917    |
| train/             |          |
|    actor_loss      | 2        |
|    critic_loss     | 0.197    |
|    ent_coef        | 0.005    |
|    learning_rate   | 0.0001   |
|    n_updates       | 30916    |
---------------------------------
---------------------------------
| rollout/           |          |
|    ep_len_mean     | 112      |
|    ep_rew_mean     | -10.3    |
| time/              |          |
|    episodes        | 332      |
|    fps             | 0        |
|    time_elapsed    | 47523    |
|    total_timesteps | 33168    |
| train/             |          |
|    actor_loss      | 2.58     |
|    critic_loss     | 0.505    |
|    ent_coef        | 0.005    |
|    learning_rate   | 0.0001   |
|    n_updates       | 31167    |
---------------------------------
---------------------------------
| rollout/           |          |
|    ep_len_mean     | 115      |
|    ep_rew_mean     | -9.5     |
| time/              |          |
|    episodes        | 336      |
|    fps             | 0        |
|    time_elapsed    | 48215    |
|    total_timesteps | 33768    |
| train/             |          |
|    actor_loss      | 3.09     |
|    critic_loss     | 0.319    |
|    ent_coef        | 0.005    |
|    learning_rate   | 0.0001   |
|    n_updates       | 31767    |
---------------------------------
---------------------------------
| rollout/           |          |
|    ep_len_mean     | 114      |
|    ep_rew_mean     | -9.79    |
| time/              |          |
|    episodes        | 340      |
|    fps             | 0        |
|    time_elapsed    | 48727    |
|    total_timesteps | 34209    |
| train/             |          |
|    actor_loss      | 2.27     |
|    critic_loss     | 0.096    |
|    ent_coef        | 0.005    |
|    learning_rate   | 0.0001   |
|    n_updates       | 32208    |
---------------------------------
---------------------------------
| rollout/           |          |
|    ep_len_mean     | 116      |
|    ep_rew_mean     | -9.14    |
| time/              |          |
|    episodes        | 344      |
|    fps             | 0        |
|    time_elapsed    | 49431    |
|    total_timesteps | 34809    |
| train/             |          |
|    actor_loss      | 2.32     |
|    critic_loss     | 0.177    |
|    ent_coef        | 0.005    |
|    learning_rate   | 0.0001   |
|    n_updates       | 32808    |
---------------------------------
---------------------------------
| rollout/           |          |
|    ep_len_mean     | 114      |
|    ep_rew_mean     | -9.68    |
| time/              |          |
|    episodes        | 348      |
|    fps             | 0        |
|    time_elapsed    | 49761    |
|    total_timesteps | 35097    |
| train/             |          |
|    actor_loss      | 2.15     |
|    critic_loss     | 0.182    |
|    ent_coef        | 0.005    |
|    learning_rate   | 0.0001   |
|    n_updates       | 33096    |
---------------------------------
---------------------------------
| rollout/           |          |
|    ep_len_mean     | 115      |
|    ep_rew_mean     | -9.56    |
| time/              |          |
|    episodes        | 352      |
|    fps             | 0        |
|    time_elapsed    | 50327    |
|    total_timesteps | 35567    |
| train/             |          |
|    actor_loss      | 2.79     |
|    critic_loss     | 0.756    |
|    ent_coef        | 0.005    |
|    learning_rate   | 0.0001   |
|    n_updates       | 33566    |
---------------------------------
---------------------------------
| rollout/           |          |
|    ep_len_mean     | 114      |
|    ep_rew_mean     | -9.62    |
| time/              |          |
|    episodes        | 356      |
|    fps             | 0        |
|    time_elapsed    | 50907    |
|    total_timesteps | 36058    |
| train/             |          |
|    actor_loss      | 2.4      |
|    critic_loss     | 0.425    |
|    ent_coef        | 0.005    |
|    learning_rate   | 0.0001   |
|    n_updates       | 34057    |
---------------------------------
---------------------------------
| rollout/           |          |
|    ep_len_mean     | 114      |
|    ep_rew_mean     | -10.2    |
| time/              |          |
|    episodes        | 360      |
|    fps             | 0        |
|    time_elapsed    | 51494    |
|    total_timesteps | 36560    |
| train/             |          |
|    actor_loss      | 2.69     |
|    critic_loss     | 0.398    |
|    ent_coef        | 0.005    |
|    learning_rate   | 0.0001   |
|    n_updates       | 34559    |
---------------------------------
---------------------------------
| rollout/           |          |
|    ep_len_mean     | 111      |
|    ep_rew_mean     | -11      |
| time/              |          |
|    episodes        | 364      |
|    fps             | 0        |
|    time_elapsed    | 51777    |
|    total_timesteps | 36805    |
| train/             |          |
|    actor_loss      | 2.46     |
|    critic_loss     | 0.355    |
|    ent_coef        | 0.005    |
|    learning_rate   | 0.0001   |
|    n_updates       | 34804    |
---------------------------------
---------------------------------
| rollout/           |          |
|    ep_len_mean     | 111      |
|    ep_rew_mean     | -10.9    |
| time/              |          |
|    episodes        | 368      |
|    fps             | 0        |
|    time_elapsed    | 52329    |
|    total_timesteps | 37280    |
| train/             |          |
|    actor_loss      | 2.88     |
|    critic_loss     | 0.797    |
|    ent_coef        | 0.005    |
|    learning_rate   | 0.0001   |
|    n_updates       | 35279    |
---------------------------------
---------------------------------
| rollout/           |          |
|    ep_len_mean     | 113      |
|    ep_rew_mean     | -10.3    |
| time/              |          |
|    episodes        | 372      |
|    fps             | 0        |
|    time_elapsed    | 53034    |
|    total_timesteps | 37880    |
| train/             |          |
|    actor_loss      | 2.39     |
|    critic_loss     | 0.653    |
|    ent_coef        | 0.005    |
|    learning_rate   | 0.0001   |
|    n_updates       | 35879    |
---------------------------------
---------------------------------
| rollout/           |          |
|    ep_len_mean     | 114      |
|    ep_rew_mean     | -9.91    |
| time/              |          |
|    episodes        | 376      |
|    fps             | 0        |
|    time_elapsed    | 53471    |
|    total_timesteps | 38242    |
| train/             |          |
|    actor_loss      | 1.78     |
|    critic_loss     | 0.248    |
|    ent_coef        | 0.005    |
|    learning_rate   | 0.0001   |
|    n_updates       | 36241    |
---------------------------------
---------------------------------
| rollout/           |          |
|    ep_len_mean     | 117      |
|    ep_rew_mean     | -8.99    |
| time/              |          |
|    episodes        | 380      |
|    fps             | 0        |
|    time_elapsed    | 54169    |
|    total_timesteps | 38842    |
| train/             |          |
|    actor_loss      | 2.44     |
|    critic_loss     | 0.152    |
|    ent_coef        | 0.005    |
|    learning_rate   | 0.0001   |
|    n_updates       | 36841    |
---------------------------------
---------------------------------
| rollout/           |          |
|    ep_len_mean     | 113      |
|    ep_rew_mean     | -9.91    |
| time/              |          |
|    episodes        | 384      |
|    fps             | 0        |
|    time_elapsed    | 54452    |
|    total_timesteps | 39088    |
| train/             |          |
|    actor_loss      | 2.93     |
|    critic_loss     | 0.282    |
|    ent_coef        | 0.005    |
|    learning_rate   | 0.0001   |
|    n_updates       | 37087    |
---------------------------------
---------------------------------
| rollout/           |          |
|    ep_len_mean     | 114      |
|    ep_rew_mean     | -9.43    |
| time/              |          |
|    episodes        | 388      |
|    fps             | 0        |
|    time_elapsed    | 55019    |
|    total_timesteps | 39570    |
| train/             |          |
|    actor_loss      | 2.56     |
|    critic_loss     | 0.0959   |
|    ent_coef        | 0.005    |
|    learning_rate   | 0.0001   |
|    n_updates       | 37569    |
---------------------------------
---------------------------------
| rollout/           |          |
|    ep_len_mean     | 116      |
|    ep_rew_mean     | -8.98    |
| time/              |          |
|    episodes        | 392      |
|    fps             | 0        |
|    time_elapsed    | 55717    |
|    total_timesteps | 40170    |
| train/             |          |
|    actor_loss      | 2.61     |
|    critic_loss     | 0.523    |
|    ent_coef        | 0.005    |
|    learning_rate   | 0.0001   |
|    n_updates       | 38169    |
---------------------------------
---------------------------------
| rollout/           |          |
|    ep_len_mean     | 116      |
|    ep_rew_mean     | -7.92    |
| time/              |          |
|    episodes        | 396      |
|    fps             | 0        |
|    time_elapsed    | 56290    |
|    total_timesteps | 40665    |
| train/             |          |
|    actor_loss      | 2.72     |
|    critic_loss     | 0.173    |
|    ent_coef        | 0.005    |
|    learning_rate   | 0.0001   |
|    n_updates       | 38664    |
---------------------------------
---------------------------------
| rollout/           |          |
|    ep_len_mean     | 115      |
|    ep_rew_mean     | -8.14    |
| time/              |          |
|    episodes        | 400      |
|    fps             | 0        |
|    time_elapsed    | 56763    |
|    total_timesteps | 41071    |
| train/             |          |
|    actor_loss      | 3.08     |
|    critic_loss     | 0.142    |
|    ent_coef        | 0.005    |
|    learning_rate   | 0.0001   |
|    n_updates       | 39070    |
---------------------------------
---------------------------------
| rollout/           |          |
|    ep_len_mean     | 117      |
|    ep_rew_mean     | -7.67    |
| time/              |          |
|    episodes        | 404      |
|    fps             | 0        |
|    time_elapsed    | 57469    |
|    total_timesteps | 41671    |
| train/             |          |
|    actor_loss      | 2.68     |
|    critic_loss     | 0.438    |
|    ent_coef        | 0.005    |
|    learning_rate   | 0.0001   |
|    n_updates       | 39670    |
---------------------------------
---------------------------------
| rollout/           |          |
|    ep_len_mean     | 115      |
|    ep_rew_mean     | -8.06    |
| time/              |          |
|    episodes        | 408      |
|    fps             | 0        |
|    time_elapsed    | 58013    |
|    total_timesteps | 42147    |
| train/             |          |
|    actor_loss      | 3.28     |
|    critic_loss     | 0.248    |
|    ent_coef        | 0.005    |
|    learning_rate   | 0.0001   |
|    n_updates       | 40146    |
---------------------------------
---------------------------------
| rollout/           |          |
|    ep_len_mean     | 115      |
|    ep_rew_mean     | -8.3     |
| time/              |          |
|    episodes        | 412      |
|    fps             | 0        |
|    time_elapsed    | 58644    |
|    total_timesteps | 42680    |
| train/             |          |
|    actor_loss      | 2.77     |
|    critic_loss     | 0.295    |
|    ent_coef        | 0.005    |
|    learning_rate   | 0.0001   |
|    n_updates       | 40679    |
---------------------------------
---------------------------------
| rollout/           |          |
|    ep_len_mean     | 115      |
|    ep_rew_mean     | -8.26    |
| time/              |          |
|    episodes        | 416      |
|    fps             | 0        |
|    time_elapsed    | 59193    |
|    total_timesteps | 43152    |
| train/             |          |
|    actor_loss      | 2.69     |
|    critic_loss     | 0.341    |
|    ent_coef        | 0.005    |
|    learning_rate   | 0.0001   |
|    n_updates       | 41151    |
---------------------------------
---------------------------------
| rollout/           |          |
|    ep_len_mean     | 116      |
|    ep_rew_mean     | -7.98    |
| time/              |          |
|    episodes        | 420      |
|    fps             | 0        |
|    time_elapsed    | 59775    |
|    total_timesteps | 43652    |
| train/             |          |
|    actor_loss      | 2.85     |
|    critic_loss     | 0.268    |
|    ent_coef        | 0.005    |
|    learning_rate   | 0.0001   |
|    n_updates       | 41651    |
---------------------------------
---------------------------------
| rollout/           |          |
|    ep_len_mean     | 117      |
|    ep_rew_mean     | -7.75    |
| time/              |          |
|    episodes        | 424      |
|    fps             | 0        |
|    time_elapsed    | 60480    |
|    total_timesteps | 44252    |
| train/             |          |
|    actor_loss      | 2.6      |
|    critic_loss     | 0.18     |
|    ent_coef        | 0.005    |
|    learning_rate   | 0.0001   |
|    n_updates       | 42251    |
---------------------------------
---------------------------------
| rollout/           |          |
|    ep_len_mean     | 116      |
|    ep_rew_mean     | -8.02    |
| time/              |          |
|    episodes        | 428      |
|    fps             | 0        |
|    time_elapsed    | 60758    |
|    total_timesteps | 44491    |
| train/             |          |
|    actor_loss      | 2.8      |
|    critic_loss     | 0.16     |
|    ent_coef        | 0.005    |
|    learning_rate   | 0.0001   |
|    n_updates       | 42490    |
---------------------------------
---------------------------------
| rollout/           |          |
|    ep_len_mean     | 118      |
|    ep_rew_mean     | -7.44    |
| time/              |          |
|    episodes        | 432      |
|    fps             | 0        |
|    time_elapsed    | 61339    |
|    total_timesteps | 44991    |
| train/             |          |
|    actor_loss      | 2.86     |
|    critic_loss     | 0.178    |
|    ent_coef        | 0.005    |
|    learning_rate   | 0.0001   |
|    n_updates       | 42990    |
---------------------------------
---------------------------------
| rollout/           |          |
|    ep_len_mean     | 118      |
|    ep_rew_mean     | -7.34    |
| time/              |          |
|    episodes        | 436      |
|    fps             | 0        |
|    time_elapsed    | 62046    |
|    total_timesteps | 45591    |
| train/             |          |
|    actor_loss      | 2.67     |
|    critic_loss     | 0.135    |
|    ent_coef        | 0.005    |
|    learning_rate   | 0.0001   |
|    n_updates       | 43590    |
---------------------------------
---------------------------------
| rollout/           |          |
|    ep_len_mean     | 119      |
|    ep_rew_mean     | -7.13    |
| time/              |          |
|    episodes        | 440      |
|    fps             | 0        |
|    time_elapsed    | 62603    |
|    total_timesteps | 46067    |
| train/             |          |
|    actor_loss      | 2.62     |
|    critic_loss     | 0.11     |
|    ent_coef        | 0.005    |
|    learning_rate   | 0.0001   |
|    n_updates       | 44066    |
---------------------------------
---------------------------------
| rollout/           |          |
|    ep_len_mean     | 119      |
|    ep_rew_mean     | -7.11    |
| time/              |          |
|    episodes        | 444      |
|    fps             | 0        |
|    time_elapsed    | 63308    |
|    total_timesteps | 46667    |
| train/             |          |
|    actor_loss      | 3.36     |
|    critic_loss     | 0.609    |
|    ent_coef        | 0.005    |
|    learning_rate   | 0.0001   |
|    n_updates       | 44666    |
---------------------------------
---------------------------------
| rollout/           |          |
|    ep_len_mean     | 122      |
|    ep_rew_mean     | -6.05    |
| time/              |          |
|    episodes        | 448      |
|    fps             | 0        |
|    time_elapsed    | 64019    |
|    total_timesteps | 47267    |
| train/             |          |
|    actor_loss      | 2.8      |
|    critic_loss     | 0.742    |
|    ent_coef        | 0.005    |
|    learning_rate   | 0.0001   |
|    n_updates       | 45266    |
---------------------------------
---------------------------------
| rollout/           |          |
|    ep_len_mean     | 121      |
|    ep_rew_mean     | -6.4     |
| time/              |          |
|    episodes        | 452      |
|    fps             | 0        |
|    time_elapsed    | 64480    |
|    total_timesteps | 47668    |
| train/             |          |
|    actor_loss      | 2.3      |
|    critic_loss     | 0.121    |
|    ent_coef        | 0.005    |
|    learning_rate   | 0.0001   |
|    n_updates       | 45667    |
---------------------------------
---------------------------------
| rollout/           |          |
|    ep_len_mean     | 122      |
|    ep_rew_mean     | -6.13    |
| time/              |          |
|    episodes        | 456      |
|    fps             | 0        |
|    time_elapsed    | 65182    |
|    total_timesteps | 48268    |
| train/             |          |
|    actor_loss      | 1.92     |
|    critic_loss     | 0.0711   |
|    ent_coef        | 0.005    |
|    learning_rate   | 0.0001   |
|    n_updates       | 46267    |
---------------------------------
---------------------------------
| rollout/           |          |
|    ep_len_mean     | 123      |
|    ep_rew_mean     | -5.61    |
| time/              |          |
|    episodes        | 460      |
|    fps             | 0        |
|    time_elapsed    | 65884    |
|    total_timesteps | 48868    |
| train/             |          |
|    actor_loss      | 2.21     |
|    critic_loss     | 0.0835   |
|    ent_coef        | 0.005    |
|    learning_rate   | 0.0001   |
|    n_updates       | 46867    |
---------------------------------
---------------------------------
| rollout/           |          |
|    ep_len_mean     | 126      |
|    ep_rew_mean     | -4.73    |
| time/              |          |
|    episodes        | 464      |
|    fps             | 0        |
|    time_elapsed    | 66453    |
|    total_timesteps | 49360    |
| train/             |          |
|    actor_loss      | 2.79     |
|    critic_loss     | 0.18     |
|    ent_coef        | 0.005    |
|    learning_rate   | 0.0001   |
|    n_updates       | 47359    |
---------------------------------
---------------------------------
| rollout/           |          |
|    ep_len_mean     | 127      |
|    ep_rew_mean     | -4.48    |
| time/              |          |
|    episodes        | 468      |
|    fps             | 0        |
|    time_elapsed    | 67152    |
|    total_timesteps | 49960    |
| train/             |          |
|    actor_loss      | 2.43     |
|    critic_loss     | 0.0984   |
|    ent_coef        | 0.005    |
|    learning_rate   | 0.0001   |
|    n_updates       | 47959    |
---------------------------------
---------------------------------
| rollout/           |          |
|    ep_len_mean     | 123      |
|    ep_rew_mean     | -5.4     |
| time/              |          |
|    episodes        | 472      |
|    fps             | 0        |
|    time_elapsed    | 67431    |
|    total_timesteps | 50199    |
| train/             |          |
|    actor_loss      | 2.86     |
|    critic_loss     | 0.142    |
|    ent_coef        | 0.005    |
|    learning_rate   | 0.0001   |
|    n_updates       | 48198    |
---------------------------------
---------------------------------
| rollout/           |          |
|    ep_len_mean     | 123      |
|    ep_rew_mean     | -5.23    |
| time/              |          |
|    episodes        | 476      |
|    fps             | 0        |
|    time_elapsed    | 67853    |
|    total_timesteps | 50556    |
| train/             |          |
|    actor_loss      | 2.58     |
|    critic_loss     | 0.195    |
|    ent_coef        | 0.005    |
|    learning_rate   | 0.0001   |
|    n_updates       | 48555    |
---------------------------------
---------------------------------
| rollout/           |          |
|    ep_len_mean     | 122      |
|    ep_rew_mean     | -5.62    |
| time/              |          |
|    episodes        | 480      |
|    fps             | 0        |
|    time_elapsed    | 68401    |
|    total_timesteps | 51021    |
| train/             |          |
|    actor_loss      | 2.52     |
|    critic_loss     | 0.212    |
|    ent_coef        | 0.005    |
|    learning_rate   | 0.0001   |
|    n_updates       | 49020    |
---------------------------------
---------------------------------
| rollout/           |          |
|    ep_len_mean     | 125      |
|    ep_rew_mean     | -4.71    |
| time/              |          |
|    episodes        | 484      |
|    fps             | 0        |
|    time_elapsed    | 69106    |
|    total_timesteps | 51621    |
| train/             |          |
|    actor_loss      | 2.43     |
|    critic_loss     | 0.221    |
|    ent_coef        | 0.005    |
|    learning_rate   | 0.0001   |
|    n_updates       | 49620    |
---------------------------------
---------------------------------
| rollout/           |          |
|    ep_len_mean     | 124      |
|    ep_rew_mean     | -5.18    |
| time/              |          |
|    episodes        | 488      |
|    fps             | 0        |
|    time_elapsed    | 69516    |
|    total_timesteps | 51980    |
| train/             |          |
|    actor_loss      | 2.91     |
|    critic_loss     | 0.13     |
|    ent_coef        | 0.005    |
|    learning_rate   | 0.0001   |
|    n_updates       | 49979    |
---------------------------------
---------------------------------
| rollout/           |          |
|    ep_len_mean     | 123      |
|    ep_rew_mean     | -5.7     |
| time/              |          |
|    episodes        | 492      |
|    fps             | 0        |
|    time_elapsed    | 70095    |
|    total_timesteps | 52472    |
| train/             |          |
|    actor_loss      | 3.06     |
|    critic_loss     | 0.207    |
|    ent_coef        | 0.005    |
|    learning_rate   | 0.0001   |
|    n_updates       | 50471    |
---------------------------------
---------------------------------
| rollout/           |          |
|    ep_len_mean     | 121      |
|    ep_rew_mean     | -6.17    |
| time/              |          |
|    episodes        | 496      |
|    fps             | 0        |
|    time_elapsed    | 70436    |
|    total_timesteps | 52769    |
| train/             |          |
|    actor_loss      | 2.63     |
|    critic_loss     | 0.117    |
|    ent_coef        | 0.005    |
|    learning_rate   | 0.0001   |
|    n_updates       | 50768    |
---------------------------------
---------------------------------
| rollout/           |          |
|    ep_len_mean     | 121      |
|    ep_rew_mean     | -6.61    |
| time/              |          |
|    episodes        | 500      |
|    fps             | 0        |
|    time_elapsed    | 70942    |
|    total_timesteps | 53200    |
| train/             |          |
|    actor_loss      | 2.79     |
|    critic_loss     | 0.281    |
|    ent_coef        | 0.005    |
|    learning_rate   | 0.0001   |
|    n_updates       | 51199    |
---------------------------------
---------------------------------
| rollout/           |          |
|    ep_len_mean     | 119      |
|    ep_rew_mean     | -7.38    |
| time/              |          |
|    episodes        | 504      |
|    fps             | 0        |
|    time_elapsed    | 71362    |
|    total_timesteps | 53566    |
| train/             |          |
|    actor_loss      | 3.12     |
|    critic_loss     | 0.194    |
|    ent_coef        | 0.005    |
|    learning_rate   | 0.0001   |
|    n_updates       | 51565    |
---------------------------------
---------------------------------
| rollout/           |          |
|    ep_len_mean     | 118      |
|    ep_rew_mean     | -7.72    |
| time/              |          |
|    episodes        | 508      |
|    fps             | 0        |
|    time_elapsed    | 71783    |
|    total_timesteps | 53927    |
| train/             |          |
|    actor_loss      | 2.53     |
|    critic_loss     | 0.12     |
|    ent_coef        | 0.005    |
|    learning_rate   | 0.0001   |
|    n_updates       | 51926    |
---------------------------------
---------------------------------
| rollout/           |          |
|    ep_len_mean     | 117      |
|    ep_rew_mean     | -8.33    |
| time/              |          |
|    episodes        | 512      |
|    fps             | 0        |
|    time_elapsed    | 72341    |
|    total_timesteps | 54413    |
| train/             |          |
|    actor_loss      | 2.41     |
|    critic_loss     | 0.205    |
|    ent_coef        | 0.005    |
|    learning_rate   | 0.0001   |
|    n_updates       | 52412    |
---------------------------------
---------------------------------
| rollout/           |          |
|    ep_len_mean     | 115      |
|    ep_rew_mean     | -8.67    |
| time/              |          |
|    episodes        | 516      |
|    fps             | 0        |
|    time_elapsed    | 72672    |
|    total_timesteps | 54701    |
| train/             |          |
|    actor_loss      | 2.3      |
|    critic_loss     | 0.434    |
|    ent_coef        | 0.005    |
|    learning_rate   | 0.0001   |
|    n_updates       | 52700    |
---------------------------------
---------------------------------
| rollout/           |          |
|    ep_len_mean     | 116      |
|    ep_rew_mean     | -8.68    |
| time/              |          |
|    episodes        | 520      |
|    fps             | 0        |
|    time_elapsed    | 73318    |
|    total_timesteps | 55249    |
| train/             |          |
|    actor_loss      | 2.81     |
|    critic_loss     | 0.128    |
|    ent_coef        | 0.005    |
|    learning_rate   | 0.0001   |
|    n_updates       | 53248    |
---------------------------------
---------------------------------
| rollout/           |          |
|    ep_len_mean     | 115      |
|    ep_rew_mean     | -9.35    |
| time/              |          |
|    episodes        | 524      |
|    fps             | 0        |
|    time_elapsed    | 73859    |
|    total_timesteps | 55711    |
| train/             |          |
|    actor_loss      | 3.23     |
|    critic_loss     | 0.3      |
|    ent_coef        | 0.005    |
|    learning_rate   | 0.0001   |
|    n_updates       | 53710    |
---------------------------------
---------------------------------
| rollout/           |          |
|    ep_len_mean     | 116      |
|    ep_rew_mean     | -8.95    |
| time/              |          |
|    episodes        | 528      |
|    fps             | 0        |
|    time_elapsed    | 74292    |
|    total_timesteps | 56084    |
| train/             |          |
|    actor_loss      | 2.74     |
|    critic_loss     | 0.259    |
|    ent_coef        | 0.005    |
|    learning_rate   | 0.0001   |
|    n_updates       | 54083    |
---------------------------------
---------------------------------
| rollout/           |          |
|    ep_len_mean     | 116      |
|    ep_rew_mean     | -8.72    |
| time/              |          |
|    episodes        | 532      |
|    fps             | 0        |
|    time_elapsed    | 74844    |
|    total_timesteps | 56567    |
| train/             |          |
|    actor_loss      | 2.72     |
|    critic_loss     | 0.222    |
|    ent_coef        | 0.005    |
|    learning_rate   | 0.0001   |
|    n_updates       | 54566    |
---------------------------------
---------------------------------
| rollout/           |          |
|    ep_len_mean     | 115      |
|    ep_rew_mean     | -8.94    |
| time/              |          |
|    episodes        | 536      |
|    fps             | 0        |
|    time_elapsed    | 75455    |
|    total_timesteps | 57069    |
| train/             |          |
|    actor_loss      | 2.66     |
|    critic_loss     | 0.181    |
|    ent_coef        | 0.005    |
|    learning_rate   | 0.0001   |
|    n_updates       | 55068    |
---------------------------------
---------------------------------
| rollout/           |          |
|    ep_len_mean     | 115      |
|    ep_rew_mean     | -8.87    |
| time/              |          |
|    episodes        | 540      |
|    fps             | 0        |
|    time_elapsed    | 76153    |
|    total_timesteps | 57609    |
| train/             |          |
|    actor_loss      | 2.34     |
|    critic_loss     | 0.105    |
|    ent_coef        | 0.005    |
|    learning_rate   | 0.0001   |
|    n_updates       | 55608    |
---------------------------------
---------------------------------
| rollout/           |          |
|    ep_len_mean     | 115      |
|    ep_rew_mean     | -9.27    |
| time/              |          |
|    episodes        | 544      |
|    fps             | 0        |
|    time_elapsed    | 76768    |
|    total_timesteps | 58131    |
| train/             |          |
|    actor_loss      | 2.6      |
|    critic_loss     | 0.139    |
|    ent_coef        | 0.005    |
|    learning_rate   | 0.0001   |
|    n_updates       | 56130    |
---------------------------------
---------------------------------
| rollout/           |          |
|    ep_len_mean     | 114      |
|    ep_rew_mean     | -9.6     |
| time/              |          |
|    episodes        | 548      |
|    fps             | 0        |
|    time_elapsed    | 77373    |
|    total_timesteps | 58643    |
| train/             |          |
|    actor_loss      | 2.55     |
|    critic_loss     | 0.26     |
|    ent_coef        | 0.005    |
|    learning_rate   | 0.0001   |
|    n_updates       | 56642    |
---------------------------------
---------------------------------
| rollout/           |          |
|    ep_len_mean     | 113      |
|    ep_rew_mean     | -10      |
| time/              |          |
|    episodes        | 552      |
|    fps             | 0        |
|    time_elapsed    | 77768    |
|    total_timesteps | 58983    |
| train/             |          |
|    actor_loss      | 2.67     |
|    critic_loss     | 0.265    |
|    ent_coef        | 0.005    |
|    learning_rate   | 0.0001   |
|    n_updates       | 56982    |
---------------------------------
---------------------------------
| rollout/           |          |
|    ep_len_mean     | 112      |
|    ep_rew_mean     | -10.2    |
| time/              |          |
|    episodes        | 556      |
|    fps             | 0        |
|    time_elapsed    | 78532    |
|    total_timesteps | 59477    |
| train/             |          |
|    actor_loss      | 2.63     |
|    critic_loss     | 0.268    |
|    ent_coef        | 0.005    |
|    learning_rate   | 0.0001   |
|    n_updates       | 57476    |
---------------------------------
---------------------------------
| rollout/           |          |
|    ep_len_mean     | 111      |
|    ep_rew_mean     | -10.6    |
| time/              |          |
|    episodes        | 560      |
|    fps             | 0        |
|    time_elapsed    | 79310    |
|    total_timesteps | 59950    |
| train/             |          |
|    actor_loss      | 3.42     |
|    critic_loss     | 0.126    |
|    ent_coef        | 0.005    |
|    learning_rate   | 0.0001   |
|    n_updates       | 57949    |
---------------------------------
