{
 "verdict": "VALUE_RULE_DOES_NOT_HOLD",
 "problems": [],
 "value": {
  "262430": [
   {
    "pure": 39,
    "method": 36
   },
   2,
   5,
   false
  ],
  "262431": [
   {
    "pure": 39,
    "method": 38
   },
   1,
   2,
   false
  ],
  "262432": [
   {
    "pure": 39,
    "method": 38
   },
   1,
   2,
   false
  ]
 },
 "stopping_head": {
  "262430": [
   {
    "pure": 39,
    "method": 36
   },
   2,
   5
  ],
  "262431": [
   {
    "pure": 39,
    "method": 36
   },
   1,
   4
  ],
  "262432": [
   {
    "pure": 39,
    "method": 36
   },
   2,
   5
  ]
 }
}
