Using cuda device
Wrapping the env in a DummyVecEnv.
Logging to D:\py\DRL2\logs\t12_train\sac_mpc_arrival_262401\tensorboard\SAC_1
---------------------------------
| rollout/           |          |
|    ep_len_mean     | 96.5     |
|    ep_rew_mean     | -18.1    |
| time/              |          |
|    episodes        | 4        |
|    fps             | 0        |
|    time_elapsed    | 1049     |
|    total_timesteps | 386      |
---------------------------------
---------------------------------
| rollout/           |          |
|    ep_len_mean     | 85.4     |
|    ep_rew_mean     | -17.7    |
| time/              |          |
|    episodes        | 8        |
|    fps             | 0        |
|    time_elapsed    | 1744     |
|    total_timesteps | 683      |
---------------------------------
---------------------------------
| rollout/           |          |
|    ep_len_mean     | 73       |
|    ep_rew_mean     | -26.2    |
| time/              |          |
|    episodes        | 12       |
|    fps             | 0        |
|    time_elapsed    | 2261     |
|    total_timesteps | 876      |
---------------------------------
---------------------------------
| rollout/           |          |
|    ep_len_mean     | 69.3     |
|    ep_rew_mean     | -23.7    |
| time/              |          |
|    episodes        | 16       |
|    fps             | 0        |
|    time_elapsed    | 2793     |
|    total_timesteps | 1109     |
---------------------------------
---------------------------------
| rollout/           |          |
|    ep_len_mean     | 76.8     |
|    ep_rew_mean     | -19.9    |
| time/              |          |
|    episodes        | 20       |
|    fps             | 0        |
|    time_elapsed    | 3904     |
|    total_timesteps | 1535     |
---------------------------------
---------------------------------
| rollout/           |          |
|    ep_len_mean     | 77.1     |
|    ep_rew_mean     | -24.4    |
| time/              |          |
|    episodes        | 24       |
|    fps             | 0        |
|    time_elapsed    | 4768     |
|    total_timesteps | 1850     |
---------------------------------
---------------------------------
| rollout/           |          |
|    ep_len_mean     | 79.5     |
|    ep_rew_mean     | -25.4    |
| time/              |          |
|    episodes        | 28       |
|    fps             | 0        |
|    time_elapsed    | 5826     |
|    total_timesteps | 2227     |
| train/             |          |
|    actor_loss      | -0.063   |
|    critic_loss     | 9.82     |
|    ent_coef        | 0.005    |
|    learning_rate   | 0.0001   |
|    n_updates       | 226      |
---------------------------------
---------------------------------
| rollout/           |          |
|    ep_len_mean     | 81.2     |
|    ep_rew_mean     | -21.6    |
| time/              |          |
|    episodes        | 32       |
|    fps             | 0        |
|    time_elapsed    | 6878     |
|    total_timesteps | 2600     |
| train/             |          |
|    actor_loss      | 0.395    |
|    critic_loss     | 2.22     |
|    ent_coef        | 0.005    |
|    learning_rate   | 0.0001   |
|    n_updates       | 599      |
---------------------------------
---------------------------------
| rollout/           |          |
|    ep_len_mean     | 88.9     |
|    ep_rew_mean     | -18.9    |
| time/              |          |
|    episodes        | 36       |
|    fps             | 0        |
|    time_elapsed    | 8578     |
|    total_timesteps | 3200     |
| train/             |          |
|    actor_loss      | -0.147   |
|    critic_loss     | 1.93     |
|    ent_coef        | 0.005    |
|    learning_rate   | 0.0001   |
|    n_updates       | 1199     |
---------------------------------
---------------------------------
| rollout/           |          |
|    ep_len_mean     | 89.3     |
|    ep_rew_mean     | -19.9    |
| time/              |          |
|    episodes        | 40       |
|    fps             | 0        |
|    time_elapsed    | 9598     |
|    total_timesteps | 3571     |
| train/             |          |
|    actor_loss      | 0.147    |
|    critic_loss     | 1.21     |
|    ent_coef        | 0.005    |
|    learning_rate   | 0.0001   |
|    n_updates       | 1570     |
---------------------------------
---------------------------------
| rollout/           |          |
|    ep_len_mean     | 94       |
|    ep_rew_mean     | -18.4    |
| time/              |          |
|    episodes        | 44       |
|    fps             | 0        |
|    time_elapsed    | 11238    |
|    total_timesteps | 4137     |
| train/             |          |
|    actor_loss      | -0.138   |
|    critic_loss     | 1.52     |
|    ent_coef        | 0.005    |
|    learning_rate   | 0.0001   |
|    n_updates       | 2136     |
---------------------------------
---------------------------------
| rollout/           |          |
|    ep_len_mean     | 98.7     |
|    ep_rew_mean     | -16.9    |
| time/              |          |
|    episodes        | 48       |
|    fps             | 0        |
|    time_elapsed    | 12967    |
|    total_timesteps | 4737     |
| train/             |          |
|    actor_loss      | -0.312   |
|    critic_loss     | 0.81     |
|    ent_coef        | 0.005    |
|    learning_rate   | 0.0001   |
|    n_updates       | 2736     |
---------------------------------
---------------------------------
| rollout/           |          |
|    ep_len_mean     | 97.3     |
|    ep_rew_mean     | -17.7    |
| time/              |          |
|    episodes        | 52       |
|    fps             | 0        |
|    time_elapsed    | 13881    |
|    total_timesteps | 5059     |
| train/             |          |
|    actor_loss      | -0.299   |
|    critic_loss     | 0.225    |
|    ent_coef        | 0.005    |
|    learning_rate   | 0.0001   |
|    n_updates       | 3058     |
---------------------------------
---------------------------------
| rollout/           |          |
|    ep_len_mean     | 99.6     |
|    ep_rew_mean     | -17.8    |
| time/              |          |
|    episodes        | 56       |
|    fps             | 0        |
|    time_elapsed    | 15331    |
|    total_timesteps | 5579     |
| train/             |          |
|    actor_loss      | -0.416   |
|    critic_loss     | 0.244    |
|    ent_coef        | 0.005    |
|    learning_rate   | 0.0001   |
|    n_updates       | 3578     |
---------------------------------
---------------------------------
| rollout/           |          |
|    ep_len_mean     | 102      |
|    ep_rew_mean     | -16.9    |
| time/              |          |
|    episodes        | 60       |
|    fps             | 0        |
|    time_elapsed    | 16763    |
|    total_timesteps | 6095     |
| train/             |          |
|    actor_loss      | -0.456   |
|    critic_loss     | 0.451    |
|    ent_coef        | 0.005    |
|    learning_rate   | 0.0001   |
|    n_updates       | 4094     |
---------------------------------
---------------------------------
| rollout/           |          |
|    ep_len_mean     | 105      |
|    ep_rew_mean     | -16      |
| time/              |          |
|    episodes        | 64       |
|    fps             | 0        |
|    time_elapsed    | 18420    |
|    total_timesteps | 6695     |
| train/             |          |
|    actor_loss      | -0.238   |
|    critic_loss     | 1.12     |
|    ent_coef        | 0.005    |
|    learning_rate   | 0.0001   |
|    n_updates       | 4694     |
---------------------------------
---------------------------------
| rollout/           |          |
|    ep_len_mean     | 107      |
|    ep_rew_mean     | -14.8    |
| time/              |          |
|    episodes        | 68       |
|    fps             | 0        |
|    time_elapsed    | 20096    |
|    total_timesteps | 7295     |
| train/             |          |
|    actor_loss      | -0.718   |
|    critic_loss     | 0.18     |
|    ent_coef        | 0.005    |
|    learning_rate   | 0.0001   |
|    n_updates       | 5294     |
---------------------------------
---------------------------------
| rollout/           |          |
|    ep_len_mean     | 110      |
|    ep_rew_mean     | -13.9    |
| time/              |          |
|    episodes        | 72       |
|    fps             | 0        |
|    time_elapsed    | 21761    |
|    total_timesteps | 7895     |
| train/             |          |
|    actor_loss      | -0.977   |
|    critic_loss     | 0.203    |
|    ent_coef        | 0.005    |
|    learning_rate   | 0.0001   |
|    n_updates       | 5894     |
---------------------------------
---------------------------------
| rollout/           |          |
|    ep_len_mean     | 112      |
|    ep_rew_mean     | -13.1    |
| time/              |          |
|    episodes        | 76       |
|    fps             | 0        |
|    time_elapsed    | 23423    |
|    total_timesteps | 8495     |
| train/             |          |
|    actor_loss      | -1.37    |
|    critic_loss     | 0.398    |
|    ent_coef        | 0.005    |
|    learning_rate   | 0.0001   |
|    n_updates       | 6494     |
---------------------------------
---------------------------------
| rollout/           |          |
|    ep_len_mean     | 112      |
|    ep_rew_mean     | -13.5    |
| time/              |          |
|    episodes        | 80       |
|    fps             | 0        |
|    time_elapsed    | 24671    |
|    total_timesteps | 8956     |
| train/             |          |
|    actor_loss      | -0.958   |
|    critic_loss     | 1.79     |
|    ent_coef        | 0.005    |
|    learning_rate   | 0.0001   |
|    n_updates       | 6955     |
---------------------------------
---------------------------------
| rollout/           |          |
|    ep_len_mean     | 113      |
|    ep_rew_mean     | -13.5    |
| time/              |          |
|    episodes        | 84       |
|    fps             | 0        |
|    time_elapsed    | 26042    |
|    total_timesteps | 9460     |
| train/             |          |
|    actor_loss      | -1.27    |
|    critic_loss     | 0.175    |
|    ent_coef        | 0.005    |
|    learning_rate   | 0.0001   |
|    n_updates       | 7459     |
---------------------------------
---------------------------------
| rollout/           |          |
|    ep_len_mean     | 113      |
|    ep_rew_mean     | -13.7    |
| time/              |          |
|    episodes        | 88       |
|    fps             | 0        |
|    time_elapsed    | 27403    |
|    total_timesteps | 9955     |
| train/             |          |
|    actor_loss      | -1.5     |
|    critic_loss     | 0.546    |
|    ent_coef        | 0.005    |
|    learning_rate   | 0.0001   |
|    n_updates       | 7954     |
---------------------------------
---------------------------------
| rollout/           |          |
|    ep_len_mean     | 115      |
|    ep_rew_mean     | -13.2    |
| time/              |          |
|    episodes        | 92       |
|    fps             | 0        |
|    time_elapsed    | 29033    |
|    total_timesteps | 10555    |
| train/             |          |
|    actor_loss      | -1.17    |
|    critic_loss     | 0.8      |
|    ent_coef        | 0.005    |
|    learning_rate   | 0.0001   |
|    n_updates       | 8554     |
---------------------------------
---------------------------------
| rollout/           |          |
|    ep_len_mean     | 115      |
|    ep_rew_mean     | -12.9    |
| time/              |          |
|    episodes        | 96       |
|    fps             | 0        |
|    time_elapsed    | 30483    |
|    total_timesteps | 11083    |
| train/             |          |
|    actor_loss      | -1.32    |
|    critic_loss     | 0.13     |
|    ent_coef        | 0.005    |
|    learning_rate   | 0.0001   |
|    n_updates       | 9082     |
---------------------------------
---------------------------------
| rollout/           |          |
|    ep_len_mean     | 117      |
|    ep_rew_mean     | -13.6    |
| time/              |          |
|    episodes        | 100      |
|    fps             | 0        |
|    time_elapsed    | 32141    |
|    total_timesteps | 11683    |
| train/             |          |
|    actor_loss      | -1.99    |
|    critic_loss     | 1.06     |
|    ent_coef        | 0.005    |
|    learning_rate   | 0.0001   |
|    n_updates       | 9682     |
---------------------------------
---------------------------------
| rollout/           |          |
|    ep_len_mean     | 118      |
|    ep_rew_mean     | -12.8    |
| time/              |          |
|    episodes        | 104      |
|    fps             | 0        |
|    time_elapsed    | 33588    |
|    total_timesteps | 12213    |
| train/             |          |
|    actor_loss      | -2.08    |
|    critic_loss     | 0.296    |
|    ent_coef        | 0.005    |
|    learning_rate   | 0.0001   |
|    n_updates       | 10212    |
---------------------------------
---------------------------------
| rollout/           |          |
|    ep_len_mean     | 121      |
|    ep_rew_mean     | -12      |
| time/              |          |
|    episodes        | 108      |
|    fps             | 0        |
|    time_elapsed    | 35245    |
|    total_timesteps | 12813    |
| train/             |          |
|    actor_loss      | -1.92    |
|    critic_loss     | 0.458    |
|    ent_coef        | 0.005    |
|    learning_rate   | 0.0001   |
|    n_updates       | 10812    |
---------------------------------
---------------------------------
| rollout/           |          |
|    ep_len_mean     | 125      |
|    ep_rew_mean     | -10.4    |
| time/              |          |
|    episodes        | 112      |
|    fps             | 0        |
|    time_elapsed    | 36830    |
|    total_timesteps | 13354    |
| train/             |          |
|    actor_loss      | -1.3     |
|    critic_loss     | 0.26     |
|    ent_coef        | 0.005    |
|    learning_rate   | 0.0001   |
|    n_updates       | 11353    |
---------------------------------
---------------------------------
| rollout/           |          |
|    ep_len_mean     | 128      |
|    ep_rew_mean     | -9.78    |
| time/              |          |
|    episodes        | 116      |
|    fps             | 0        |
|    time_elapsed    | 38373    |
|    total_timesteps | 13878    |
| train/             |          |
|    actor_loss      | -1.71    |
|    critic_loss     | 0.132    |
|    ent_coef        | 0.005    |
|    learning_rate   | 0.0001   |
|    n_updates       | 11877    |
---------------------------------
---------------------------------
| rollout/           |          |
|    ep_len_mean     | 129      |
|    ep_rew_mean     | -9.93    |
| time/              |          |
|    episodes        | 120      |
|    fps             | 0        |
|    time_elapsed    | 40105    |
|    total_timesteps | 14455    |
| train/             |          |
|    actor_loss      | -2.44    |
|    critic_loss     | 0.179    |
|    ent_coef        | 0.005    |
|    learning_rate   | 0.0001   |
|    n_updates       | 12454    |
---------------------------------
---------------------------------
| rollout/           |          |
|    ep_len_mean     | 131      |
|    ep_rew_mean     | -8.06    |
| time/              |          |
|    episodes        | 124      |
|    fps             | 0        |
|    time_elapsed    | 41714    |
|    total_timesteps | 14994    |
| train/             |          |
|    actor_loss      | -2.43    |
|    critic_loss     | 0.282    |
|    ent_coef        | 0.005    |
|    learning_rate   | 0.0001   |
|    n_updates       | 12993    |
---------------------------------
---------------------------------
| rollout/           |          |
|    ep_len_mean     | 133      |
|    ep_rew_mean     | -6.86    |
| time/              |          |
|    episodes        | 128      |
|    fps             | 0        |
|    time_elapsed    | 42995    |
|    total_timesteps | 15526    |
| train/             |          |
|    actor_loss      | -1.39    |
|    critic_loss     | 0.299    |
|    ent_coef        | 0.005    |
|    learning_rate   | 0.0001   |
|    n_updates       | 13525    |
---------------------------------
---------------------------------
| rollout/           |          |
|    ep_len_mean     | 135      |
|    ep_rew_mean     | -7.98    |
| time/              |          |
|    episodes        | 132      |
|    fps             | 0        |
|    time_elapsed    | 44416    |
|    total_timesteps | 16125    |
| train/             |          |
|    actor_loss      | -2.21    |
|    critic_loss     | 0.294    |
|    ent_coef        | 0.005    |
|    learning_rate   | 0.0001   |
|    n_updates       | 14124    |
---------------------------------
---------------------------------
| rollout/           |          |
|    ep_len_mean     | 134      |
|    ep_rew_mean     | -9.04    |
| time/              |          |
|    episodes        | 136      |
|    fps             | 0        |
|    time_elapsed    | 45977    |
|    total_timesteps | 16648    |
| train/             |          |
|    actor_loss      | -2.13    |
|    critic_loss     | 0.355    |
|    ent_coef        | 0.005    |
|    learning_rate   | 0.0001   |
|    n_updates       | 14647    |
---------------------------------
---------------------------------
| rollout/           |          |
|    ep_len_mean     | 136      |
|    ep_rew_mean     | -8.04    |
| time/              |          |
|    episodes        | 140      |
|    fps             | 0        |
|    time_elapsed    | 47525    |
|    total_timesteps | 17168    |
| train/             |          |
|    actor_loss      | -2.03    |
|    critic_loss     | 0.28     |
|    ent_coef        | 0.005    |
|    learning_rate   | 0.0001   |
|    n_updates       | 15167    |
---------------------------------
---------------------------------
| rollout/           |          |
|    ep_len_mean     | 133      |
|    ep_rew_mean     | -8.13    |
| time/              |          |
|    episodes        | 144      |
|    fps             | 0        |
|    time_elapsed    | 48204    |
|    total_timesteps | 17432    |
| train/             |          |
|    actor_loss      | -1.66    |
|    critic_loss     | 0.229    |
|    ent_coef        | 0.005    |
|    learning_rate   | 0.0001   |
|    n_updates       | 15431    |
---------------------------------
---------------------------------
| rollout/           |          |
|    ep_len_mean     | 132      |
|    ep_rew_mean     | -8.44    |
| time/              |          |
|    episodes        | 148      |
|    fps             | 0        |
|    time_elapsed    | 49354    |
|    total_timesteps | 17955    |
| train/             |          |
|    actor_loss      | -2.11    |
|    critic_loss     | 0.189    |
|    ent_coef        | 0.005    |
|    learning_rate   | 0.0001   |
|    n_updates       | 15954    |
---------------------------------
---------------------------------
| rollout/           |          |
|    ep_len_mean     | 135      |
|    ep_rew_mean     | -7.24    |
| time/              |          |
|    episodes        | 152      |
|    fps             | 0        |
|    time_elapsed    | 50697    |
|    total_timesteps | 18555    |
| train/             |          |
|    actor_loss      | -1.88    |
|    critic_loss     | 0.141    |
|    ent_coef        | 0.005    |
|    learning_rate   | 0.0001   |
|    n_updates       | 16554    |
---------------------------------
---------------------------------
| rollout/           |          |
|    ep_len_mean     | 134      |
|    ep_rew_mean     | -6.65    |
| time/              |          |
|    episodes        | 156      |
|    fps             | 0        |
|    time_elapsed    | 51988    |
|    total_timesteps | 19029    |
| train/             |          |
|    actor_loss      | -1.96    |
|    critic_loss     | 0.158    |
|    ent_coef        | 0.005    |
|    learning_rate   | 0.0001   |
|    n_updates       | 17028    |
---------------------------------
---------------------------------
| rollout/           |          |
|    ep_len_mean     | 135      |
|    ep_rew_mean     | -6.48    |
| time/              |          |
|    episodes        | 160      |
|    fps             | 0        |
|    time_elapsed    | 53652    |
|    total_timesteps | 19619    |
| train/             |          |
|    actor_loss      | -1.85    |
|    critic_loss     | 0.193    |
|    ent_coef        | 0.005    |
|    learning_rate   | 0.0001   |
|    n_updates       | 17618    |
---------------------------------
---------------------------------
| rollout/           |          |
|    ep_len_mean     | 133      |
|    ep_rew_mean     | -6.4     |
| time/              |          |
|    episodes        | 164      |
|    fps             | 0        |
|    time_elapsed    | 54502    |
|    total_timesteps | 20034    |
| train/             |          |
|    actor_loss      | -1.87    |
|    critic_loss     | 0.188    |
|    ent_coef        | 0.005    |
|    learning_rate   | 0.0001   |
|    n_updates       | 18033    |
---------------------------------
---------------------------------
| rollout/           |          |
|    ep_len_mean     | 132      |
|    ep_rew_mean     | -7.4     |
| time/              |          |
|    episodes        | 168      |
|    fps             | 0        |
|    time_elapsed    | 55515    |
|    total_timesteps | 20528    |
| train/             |          |
|    actor_loss      | -1.82    |
|    critic_loss     | 0.285    |
|    ent_coef        | 0.005    |
|    learning_rate   | 0.0001   |
|    n_updates       | 18527    |
---------------------------------
---------------------------------
| rollout/           |          |
|    ep_len_mean     | 132      |
|    ep_rew_mean     | -7.08    |
| time/              |          |
|    episodes        | 172      |
|    fps             | 0        |
|    time_elapsed    | 56647    |
|    total_timesteps | 21080    |
| train/             |          |
|    actor_loss      | -2.43    |
|    critic_loss     | 0.197    |
|    ent_coef        | 0.005    |
|    learning_rate   | 0.0001   |
|    n_updates       | 19079    |
---------------------------------
---------------------------------
| rollout/           |          |
|    ep_len_mean     | 131      |
|    ep_rew_mean     | -7.51    |
| time/              |          |
|    episodes        | 176      |
|    fps             | 0        |
|    time_elapsed    | 57760    |
|    total_timesteps | 21630    |
| train/             |          |
|    actor_loss      | -2.33    |
|    critic_loss     | 0.133    |
|    ent_coef        | 0.005    |
|    learning_rate   | 0.0001   |
|    n_updates       | 19629    |
---------------------------------
---------------------------------
| rollout/           |          |
|    ep_len_mean     | 132      |
|    ep_rew_mean     | -6.97    |
| time/              |          |
|    episodes        | 180      |
|    fps             | 0        |
|    time_elapsed    | 58757    |
|    total_timesteps | 22111    |
| train/             |          |
|    actor_loss      | -2.37    |
|    critic_loss     | 0.203    |
|    ent_coef        | 0.005    |
|    learning_rate   | 0.0001   |
|    n_updates       | 20110    |
---------------------------------
---------------------------------
| rollout/           |          |
|    ep_len_mean     | 131      |
|    ep_rew_mean     | -6.95    |
| time/              |          |
|    episodes        | 184      |
|    fps             | 0        |
|    time_elapsed    | 59673    |
|    total_timesteps | 22555    |
| train/             |          |
|    actor_loss      | -2.35    |
|    critic_loss     | 0.175    |
|    ent_coef        | 0.005    |
|    learning_rate   | 0.0001   |
|    n_updates       | 20554    |
---------------------------------
---------------------------------
| rollout/           |          |
|    ep_len_mean     | 132      |
|    ep_rew_mean     | -5.95    |
| time/              |          |
|    episodes        | 188      |
|    fps             | 0        |
|    time_elapsed    | 60837    |
|    total_timesteps | 23124    |
| train/             |          |
|    actor_loss      | -2.68    |
|    critic_loss     | 0.352    |
|    ent_coef        | 0.005    |
|    learning_rate   | 0.0001   |
|    n_updates       | 21123    |
---------------------------------
---------------------------------
| rollout/           |          |
|    ep_len_mean     | 131      |
|    ep_rew_mean     | -5.62    |
| time/              |          |
|    episodes        | 192      |
|    fps             | 0        |
|    time_elapsed    | 61880    |
|    total_timesteps | 23635    |
| train/             |          |
|    actor_loss      | -2.55    |
|    critic_loss     | 0.189    |
|    ent_coef        | 0.005    |
|    learning_rate   | 0.0001   |
|    n_updates       | 21634    |
---------------------------------
---------------------------------
| rollout/           |          |
|    ep_len_mean     | 130      |
|    ep_rew_mean     | -5.78    |
| time/              |          |
|    episodes        | 196      |
|    fps             | 0        |
|    time_elapsed    | 62889    |
|    total_timesteps | 24120    |
| train/             |          |
|    actor_loss      | -2.71    |
|    critic_loss     | 0.301    |
|    ent_coef        | 0.005    |
|    learning_rate   | 0.0001   |
|    n_updates       | 22119    |
---------------------------------
---------------------------------
| rollout/           |          |
|    ep_len_mean     | 130      |
|    ep_rew_mean     | -4.44    |
| time/              |          |
|    episodes        | 200      |
|    fps             | 0        |
|    time_elapsed    | 63961    |
|    total_timesteps | 24643    |
| train/             |          |
|    actor_loss      | -2.72    |
|    critic_loss     | 0.361    |
|    ent_coef        | 0.005    |
|    learning_rate   | 0.0001   |
|    n_updates       | 22642    |
---------------------------------
---------------------------------
| rollout/           |          |
|    ep_len_mean     | 128      |
|    ep_rew_mean     | -4.88    |
| time/              |          |
|    episodes        | 204      |
|    fps             | 0        |
|    time_elapsed    | 64807    |
|    total_timesteps | 25055    |
| train/             |          |
|    actor_loss      | -2.63    |
|    critic_loss     | 0.181    |
|    ent_coef        | 0.005    |
|    learning_rate   | 0.0001   |
|    n_updates       | 23054    |
---------------------------------
---------------------------------
| rollout/           |          |
|    ep_len_mean     | 126      |
|    ep_rew_mean     | -5.36    |
| time/              |          |
|    episodes        | 208      |
|    fps             | 0        |
|    time_elapsed    | 65619    |
|    total_timesteps | 25452    |
| train/             |          |
|    actor_loss      | -2.71    |
|    critic_loss     | 0.359    |
|    ent_coef        | 0.005    |
|    learning_rate   | 0.0001   |
|    n_updates       | 23451    |
---------------------------------
---------------------------------
| rollout/           |          |
|    ep_len_mean     | 126      |
|    ep_rew_mean     | -6.51    |
| time/              |          |
|    episodes        | 212      |
|    fps             | 0        |
|    time_elapsed    | 66624    |
|    total_timesteps | 25940    |
| train/             |          |
|    actor_loss      | -2.42    |
|    critic_loss     | 0.312    |
|    ent_coef        | 0.005    |
|    learning_rate   | 0.0001   |
|    n_updates       | 23939    |
---------------------------------
---------------------------------
| rollout/           |          |
|    ep_len_mean     | 124      |
|    ep_rew_mean     | -7.72    |
| time/              |          |
|    episodes        | 216      |
|    fps             | 0        |
|    time_elapsed    | 67389    |
|    total_timesteps | 26310    |
| train/             |          |
|    actor_loss      | -2.38    |
|    critic_loss     | 0.179    |
|    ent_coef        | 0.005    |
|    learning_rate   | 0.0001   |
|    n_updates       | 24309    |
---------------------------------
---------------------------------
| rollout/           |          |
|    ep_len_mean     | 123      |
|    ep_rew_mean     | -7.58    |
| time/              |          |
|    episodes        | 220      |
|    fps             | 0        |
|    time_elapsed    | 68226    |
|    total_timesteps | 26712    |
| train/             |          |
|    actor_loss      | -2.03    |
|    critic_loss     | 0.453    |
|    ent_coef        | 0.005    |
|    learning_rate   | 0.0001   |
|    n_updates       | 24711    |
---------------------------------
---------------------------------
| rollout/           |          |
|    ep_len_mean     | 120      |
|    ep_rew_mean     | -8.58    |
| time/              |          |
|    episodes        | 224      |
|    fps             | 0        |
|    time_elapsed    | 68831    |
|    total_timesteps | 27010    |
| train/             |          |
|    actor_loss      | -3.13    |
|    critic_loss     | 0.208    |
|    ent_coef        | 0.005    |
|    learning_rate   | 0.0001   |
|    n_updates       | 25009    |
---------------------------------
---------------------------------
| rollout/           |          |
|    ep_len_mean     | 120      |
|    ep_rew_mean     | -8.42    |
| time/              |          |
|    episodes        | 228      |
|    fps             | 0        |
|    time_elapsed    | 69968    |
|    total_timesteps | 27566    |
| train/             |          |
|    actor_loss      | -2.45    |
|    critic_loss     | 0.453    |
|    ent_coef        | 0.005    |
|    learning_rate   | 0.0001   |
|    n_updates       | 25565    |
---------------------------------
---------------------------------
| rollout/           |          |
|    ep_len_mean     | 120      |
|    ep_rew_mean     | -7.16    |
| time/              |          |
|    episodes        | 232      |
|    fps             | 0        |
|    time_elapsed    | 71089    |
|    total_timesteps | 28109    |
| train/             |          |
|    actor_loss      | -2.62    |
|    critic_loss     | 0.217    |
|    ent_coef        | 0.005    |
|    learning_rate   | 0.0001   |
|    n_updates       | 26108    |
---------------------------------
---------------------------------
| rollout/           |          |
|    ep_len_mean     | 120      |
|    ep_rew_mean     | -7.68    |
| time/              |          |
|    episodes        | 236      |
|    fps             | 0        |
|    time_elapsed    | 72211    |
|    total_timesteps | 28648    |
| train/             |          |
|    actor_loss      | -2.8     |
|    critic_loss     | 0.239    |
|    ent_coef        | 0.005    |
|    learning_rate   | 0.0001   |
|    n_updates       | 26647    |
---------------------------------
---------------------------------
| rollout/           |          |
|    ep_len_mean     | 120      |
|    ep_rew_mean     | -8.06    |
| time/              |          |
|    episodes        | 240      |
|    fps             | 0        |
|    time_elapsed    | 73305    |
|    total_timesteps | 29181    |
| train/             |          |
|    actor_loss      | -3.15    |
|    critic_loss     | 0.367    |
|    ent_coef        | 0.005    |
|    learning_rate   | 0.0001   |
|    n_updates       | 27180    |
---------------------------------
---------------------------------
| rollout/           |          |
|    ep_len_mean     | 123      |
|    ep_rew_mean     | -7.71    |
| time/              |          |
|    episodes        | 244      |
|    fps             | 0        |
|    time_elapsed    | 74503    |
|    total_timesteps | 29760    |
| train/             |          |
|    actor_loss      | -2.76    |
|    critic_loss     | 0.456    |
|    ent_coef        | 0.005    |
|    learning_rate   | 0.0001   |
|    n_updates       | 27759    |
---------------------------------
---------------------------------
| rollout/           |          |
|    ep_len_mean     | 123      |
|    ep_rew_mean     | -7.2     |
| time/              |          |
|    episodes        | 248      |
|    fps             | 0        |
|    time_elapsed    | 75616    |
|    total_timesteps | 30295    |
| train/             |          |
|    actor_loss      | -2.75    |
|    critic_loss     | 0.19     |
|    ent_coef        | 0.005    |
|    learning_rate   | 0.0001   |
|    n_updates       | 28294    |
---------------------------------
---------------------------------
| rollout/           |          |
|    ep_len_mean     | 122      |
|    ep_rew_mean     | -6.91    |
| time/              |          |
|    episodes        | 252      |
|    fps             | 0        |
|    time_elapsed    | 76516    |
|    total_timesteps | 30728    |
| train/             |          |
|    actor_loss      | -3.2     |
|    critic_loss     | 0.355    |
|    ent_coef        | 0.005    |
|    learning_rate   | 0.0001   |
|    n_updates       | 28727    |
---------------------------------
---------------------------------
| rollout/           |          |
|    ep_len_mean     | 122      |
|    ep_rew_mean     | -6.35    |
| time/              |          |
|    episodes        | 256      |
|    fps             | 0        |
|    time_elapsed    | 77665    |
|    total_timesteps | 31276    |
| train/             |          |
|    actor_loss      | -3.57    |
|    critic_loss     | 0.247    |
|    ent_coef        | 0.005    |
|    learning_rate   | 0.0001   |
|    n_updates       | 29275    |
---------------------------------
---------------------------------
| rollout/           |          |
|    ep_len_mean     | 121      |
|    ep_rew_mean     | -6.64    |
| time/              |          |
|    episodes        | 260      |
|    fps             | 0        |
|    time_elapsed    | 78496    |
|    total_timesteps | 31678    |
| train/             |          |
|    actor_loss      | -3.81    |
|    critic_loss     | 0.498    |
|    ent_coef        | 0.005    |
|    learning_rate   | 0.0001   |
|    n_updates       | 29677    |
---------------------------------
---------------------------------
| rollout/           |          |
|    ep_len_mean     | 120      |
|    ep_rew_mean     | -7.53    |
| time/              |          |
|    episodes        | 264      |
|    fps             | 0        |
|    time_elapsed    | 79262    |
|    total_timesteps | 32050    |
| train/             |          |
|    actor_loss      | -3.61    |
|    critic_loss     | 0.496    |
|    ent_coef        | 0.005    |
|    learning_rate   | 0.0001   |
|    n_updates       | 30049    |
---------------------------------
---------------------------------
| rollout/           |          |
|    ep_len_mean     | 120      |
|    ep_rew_mean     | -6.76    |
| time/              |          |
|    episodes        | 268      |
|    fps             | 0        |
|    time_elapsed    | 80221    |
|    total_timesteps | 32504    |
| train/             |          |
|    actor_loss      | -3.33    |
|    critic_loss     | 0.32     |
|    ent_coef        | 0.005    |
|    learning_rate   | 0.0001   |
|    n_updates       | 30503    |
---------------------------------
---------------------------------
| rollout/           |          |
|    ep_len_mean     | 119      |
|    ep_rew_mean     | -6.99    |
| time/              |          |
|    episodes        | 272      |
|    fps             | 0        |
|    time_elapsed    | 81131    |
|    total_timesteps | 32940    |
| train/             |          |
|    actor_loss      | -3.14    |
|    critic_loss     | 0.406    |
|    ent_coef        | 0.005    |
|    learning_rate   | 0.0001   |
|    n_updates       | 30939    |
---------------------------------
---------------------------------
| rollout/           |          |
|    ep_len_mean     | 118      |
|    ep_rew_mean     | -7.12    |
| time/              |          |
|    episodes        | 276      |
|    fps             | 0        |
|    time_elapsed    | 82072    |
|    total_timesteps | 33389    |
| train/             |          |
|    actor_loss      | -4.21    |
|    critic_loss     | 0.415    |
|    ent_coef        | 0.005    |
|    learning_rate   | 0.0001   |
|    n_updates       | 31388    |
---------------------------------
---------------------------------
| rollout/           |          |
|    ep_len_mean     | 117      |
|    ep_rew_mean     | -6.72    |
| time/              |          |
|    episodes        | 280      |
|    fps             | 0        |
|    time_elapsed    | 82985    |
|    total_timesteps | 33822    |
| train/             |          |
|    actor_loss      | -3.37    |
|    critic_loss     | 0.389    |
|    ent_coef        | 0.005    |
|    learning_rate   | 0.0001   |
|    n_updates       | 31821    |
---------------------------------
---------------------------------
| rollout/           |          |
|    ep_len_mean     | 117      |
|    ep_rew_mean     | -6.9     |
| time/              |          |
|    episodes        | 284      |
|    fps             | 0        |
|    time_elapsed    | 83830    |
|    total_timesteps | 34223    |
| train/             |          |
|    actor_loss      | -4.36    |
|    critic_loss     | 0.201    |
|    ent_coef        | 0.005    |
|    learning_rate   | 0.0001   |
|    n_updates       | 32222    |
---------------------------------
---------------------------------
| rollout/           |          |
|    ep_len_mean     | 116      |
|    ep_rew_mean     | -7.05    |
| time/              |          |
|    episodes        | 288      |
|    fps             | 0        |
|    time_elapsed    | 84883    |
|    total_timesteps | 34732    |
| train/             |          |
|    actor_loss      | -3.81    |
|    critic_loss     | 0.325    |
|    ent_coef        | 0.005    |
|    learning_rate   | 0.0001   |
|    n_updates       | 32731    |
---------------------------------
---------------------------------
| rollout/           |          |
|    ep_len_mean     | 115      |
|    ep_rew_mean     | -8.42    |
| time/              |          |
|    episodes        | 292      |
|    fps             | 0        |
|    time_elapsed    | 85827    |
|    total_timesteps | 35183    |
| train/             |          |
|    actor_loss      | -3.17    |
|    critic_loss     | 0.767    |
|    ent_coef        | 0.005    |
|    learning_rate   | 0.0001   |
|    n_updates       | 33182    |
---------------------------------
---------------------------------
| rollout/           |          |
|    ep_len_mean     | 115      |
|    ep_rew_mean     | -7.83    |
| time/              |          |
|    episodes        | 296      |
|    fps             | 0        |
|    time_elapsed    | 86760    |
|    total_timesteps | 35632    |
| train/             |          |
|    actor_loss      | -3.07    |
|    critic_loss     | 0.354    |
|    ent_coef        | 0.005    |
|    learning_rate   | 0.0001   |
|    n_updates       | 33631    |
---------------------------------
---------------------------------
| rollout/           |          |
|    ep_len_mean     | 115      |
|    ep_rew_mean     | -7.48    |
| time/              |          |
|    episodes        | 300      |
|    fps             | 0        |
|    time_elapsed    | 87816    |
|    total_timesteps | 36124    |
| train/             |          |
|    actor_loss      | -3.92    |
|    critic_loss     | 0.345    |
|    ent_coef        | 0.005    |
|    learning_rate   | 0.0001   |
|    n_updates       | 34123    |
---------------------------------
---------------------------------
| rollout/           |          |
|    ep_len_mean     | 116      |
|    ep_rew_mean     | -7.05    |
| time/              |          |
|    episodes        | 304      |
|    fps             | 0        |
|    time_elapsed    | 89449    |
|    total_timesteps | 36698    |
| train/             |          |
|    actor_loss      | -4.53    |
|    critic_loss     | 0.566    |
|    ent_coef        | 0.005    |
|    learning_rate   | 0.0001   |
|    n_updates       | 34697    |
---------------------------------
---------------------------------
| rollout/           |          |
|    ep_len_mean     | 118      |
|    ep_rew_mean     | -6.49    |
| time/              |          |
|    episodes        | 308      |
|    fps             | 0        |
|    time_elapsed    | 91119    |
|    total_timesteps | 37240    |
| train/             |          |
|    actor_loss      | -4.43    |
|    critic_loss     | 0.292    |
|    ent_coef        | 0.005    |
|    learning_rate   | 0.0001   |
|    n_updates       | 35239    |
---------------------------------
---------------------------------
| rollout/           |          |
|    ep_len_mean     | 117      |
|    ep_rew_mean     | -6.15    |
| time/              |          |
|    episodes        | 312      |
|    fps             | 0        |
|    time_elapsed    | 92270    |
|    total_timesteps | 37625    |
| train/             |          |
|    actor_loss      | -2.95    |
|    critic_loss     | 0.29     |
|    ent_coef        | 0.005    |
|    learning_rate   | 0.0001   |
|    n_updates       | 35624    |
---------------------------------
---------------------------------
| rollout/           |          |
|    ep_len_mean     | 119      |
|    ep_rew_mean     | -4.85    |
| time/              |          |
|    episodes        | 316      |
|    fps             | 0        |
|    time_elapsed    | 94044    |
|    total_timesteps | 38225    |
| train/             |          |
|    actor_loss      | -3.96    |
|    critic_loss     | 0.282    |
|    ent_coef        | 0.005    |
|    learning_rate   | 0.0001   |
|    n_updates       | 36224    |
---------------------------------
---------------------------------
| rollout/           |          |
|    ep_len_mean     | 118      |
|    ep_rew_mean     | -5.2     |
| time/              |          |
|    episodes        | 320      |
|    fps             | 0        |
|    time_elapsed    | 94982    |
|    total_timesteps | 38554    |
| train/             |          |
|    actor_loss      | -3.62    |
|    critic_loss     | 0.37     |
|    ent_coef        | 0.005    |
|    learning_rate   | 0.0001   |
|    n_updates       | 36553    |
---------------------------------
---------------------------------
| rollout/           |          |
|    ep_len_mean     | 119      |
|    ep_rew_mean     | -5.33    |
| time/              |          |
|    episodes        | 324      |
|    fps             | 0        |
|    time_elapsed    | 95774    |
|    total_timesteps | 38929    |
| train/             |          |
|    actor_loss      | -4.02    |
|    critic_loss     | 0.6      |
|    ent_coef        | 0.005    |
|    learning_rate   | 0.0001   |
|    n_updates       | 36928    |
---------------------------------
---------------------------------
| rollout/           |          |
|    ep_len_mean     | 118      |
|    ep_rew_mean     | -6.26    |
| time/              |          |
|    episodes        | 328      |
|    fps             | 0        |
|    time_elapsed    | 96766    |
|    total_timesteps | 39395    |
| train/             |          |
|    actor_loss      | -3.88    |
|    critic_loss     | 0.504    |
|    ent_coef        | 0.005    |
|    learning_rate   | 0.0001   |
|    n_updates       | 37394    |
---------------------------------
---------------------------------
| rollout/           |          |
|    ep_len_mean     | 118      |
|    ep_rew_mean     | -7.26    |
| time/              |          |
|    episodes        | 332      |
|    fps             | 0        |
|    time_elapsed    | 97826    |
|    total_timesteps | 39886    |
| train/             |          |
|    actor_loss      | -3.69    |
|    critic_loss     | 0.467    |
|    ent_coef        | 0.005    |
|    learning_rate   | 0.0001   |
|    n_updates       | 37885    |
---------------------------------
---------------------------------
| rollout/           |          |
|    ep_len_mean     | 115      |
|    ep_rew_mean     | -6.39    |
| time/              |          |
|    episodes        | 336      |
|    fps             | 0        |
|    time_elapsed    | 98550    |
|    total_timesteps | 40172    |
| train/             |          |
|    actor_loss      | -3.54    |
|    critic_loss     | 0.313    |
|    ent_coef        | 0.005    |
|    learning_rate   | 0.0001   |
|    n_updates       | 38171    |
---------------------------------
---------------------------------
| rollout/           |          |
|    ep_len_mean     | 115      |
|    ep_rew_mean     | -6.53    |
| time/              |          |
|    episodes        | 340      |
|    fps             | 0        |
|    time_elapsed    | 99998    |
|    total_timesteps | 40663    |
| train/             |          |
|    actor_loss      | -4.03    |
|    critic_loss     | 0.511    |
|    ent_coef        | 0.005    |
|    learning_rate   | 0.0001   |
|    n_updates       | 38662    |
---------------------------------
---------------------------------
| rollout/           |          |
|    ep_len_mean     | 113      |
|    ep_rew_mean     | -8       |
| time/              |          |
|    episodes        | 344      |
|    fps             | 0        |
|    time_elapsed    | 101036   |
|    total_timesteps | 41016    |
| train/             |          |
|    actor_loss      | -4.4     |
|    critic_loss     | 0.403    |
|    ent_coef        | 0.005    |
|    learning_rate   | 0.0001   |
|    n_updates       | 39015    |
---------------------------------
---------------------------------
| rollout/           |          |
|    ep_len_mean     | 111      |
|    ep_rew_mean     | -8.99    |
| time/              |          |
|    episodes        | 348      |
|    fps             | 0        |
|    time_elapsed    | 102192   |
|    total_timesteps | 41412    |
| train/             |          |
|    actor_loss      | -4.21    |
|    critic_loss     | 0.355    |
|    ent_coef        | 0.005    |
|    learning_rate   | 0.0001   |
|    n_updates       | 39411    |
---------------------------------
---------------------------------
| rollout/           |          |
|    ep_len_mean     | 111      |
|    ep_rew_mean     | -10      |
| time/              |          |
|    episodes        | 352      |
|    fps             | 0        |
|    time_elapsed    | 103299   |
|    total_timesteps | 41783    |
| train/             |          |
|    actor_loss      | -5.03    |
|    critic_loss     | 0.334    |
|    ent_coef        | 0.005    |
|    learning_rate   | 0.0001   |
|    n_updates       | 39782    |
---------------------------------
---------------------------------
| rollout/           |          |
|    ep_len_mean     | 109      |
|    ep_rew_mean     | -10.9    |
| time/              |          |
|    episodes        | 356      |
|    fps             | 0        |
|    time_elapsed    | 104343   |
|    total_timesteps | 42163    |
| train/             |          |
|    actor_loss      | -3.12    |
|    critic_loss     | 0.687    |
|    ent_coef        | 0.005    |
|    learning_rate   | 0.0001   |
|    n_updates       | 40162    |
---------------------------------
---------------------------------
| rollout/           |          |
|    ep_len_mean     | 109      |
|    ep_rew_mean     | -11.4    |
| time/              |          |
|    episodes        | 360      |
|    fps             | 0        |
|    time_elapsed    | 105186   |
|    total_timesteps | 42565    |
| train/             |          |
|    actor_loss      | -3.82    |
|    critic_loss     | 0.384    |
|    ent_coef        | 0.005    |
|    learning_rate   | 0.0001   |
|    n_updates       | 40564    |
---------------------------------
---------------------------------
| rollout/           |          |
|    ep_len_mean     | 110      |
|    ep_rew_mean     | -10.7    |
| time/              |          |
|    episodes        | 364      |
|    fps             | 0        |
|    time_elapsed    | 106220   |
|    total_timesteps | 43048    |
| train/             |          |
|    actor_loss      | -4.53    |
|    critic_loss     | 0.293    |
|    ent_coef        | 0.005    |
|    learning_rate   | 0.0001   |
|    n_updates       | 41047    |
---------------------------------
---------------------------------
| rollout/           |          |
|    ep_len_mean     | 109      |
|    ep_rew_mean     | -10.8    |
| time/              |          |
|    episodes        | 368      |
|    fps             | 0        |
|    time_elapsed    | 107054   |
|    total_timesteps | 43445    |
| train/             |          |
|    actor_loss      | -4.44    |
|    critic_loss     | 0.505    |
|    ent_coef        | 0.005    |
|    learning_rate   | 0.0001   |
|    n_updates       | 41444    |
---------------------------------
---------------------------------
| rollout/           |          |
|    ep_len_mean     | 109      |
|    ep_rew_mean     | -11.7    |
| time/              |          |
|    episodes        | 372      |
|    fps             | 0        |
|    time_elapsed    | 107933   |
|    total_timesteps | 43864    |
| train/             |          |
|    actor_loss      | -3.46    |
|    critic_loss     | 0.749    |
|    ent_coef        | 0.005    |
|    learning_rate   | 0.0001   |
|    n_updates       | 41863    |
---------------------------------
---------------------------------
| rollout/           |          |
|    ep_len_mean     | 109      |
|    ep_rew_mean     | -11.8    |
| time/              |          |
|    episodes        | 376      |
|    fps             | 0        |
|    time_elapsed    | 108753   |
|    total_timesteps | 44254    |
| train/             |          |
|    actor_loss      | -4.09    |
|    critic_loss     | 0.817    |
|    ent_coef        | 0.005    |
|    learning_rate   | 0.0001   |
|    n_updates       | 42253    |
---------------------------------
---------------------------------
| rollout/           |          |
|    ep_len_mean     | 108      |
|    ep_rew_mean     | -12.8    |
| time/              |          |
|    episodes        | 380      |
|    fps             | 0        |
|    time_elapsed    | 109605   |
|    total_timesteps | 44657    |
| train/             |          |
|    actor_loss      | -4.71    |
|    critic_loss     | 0.566    |
|    ent_coef        | 0.005    |
|    learning_rate   | 0.0001   |
|    n_updates       | 42656    |
---------------------------------
---------------------------------
| rollout/           |          |
|    ep_len_mean     | 108      |
|    ep_rew_mean     | -12.9    |
| time/              |          |
|    episodes        | 384      |
|    fps             | 0        |
|    time_elapsed    | 110275   |
|    total_timesteps | 44983    |
| train/             |          |
|    actor_loss      | -3.86    |
|    critic_loss     | 0.444    |
|    ent_coef        | 0.005    |
|    learning_rate   | 0.0001   |
|    n_updates       | 42982    |
---------------------------------
---------------------------------
| rollout/           |          |
|    ep_len_mean     | 105      |
|    ep_rew_mean     | -13.5    |
| time/              |          |
|    episodes        | 388      |
|    fps             | 0        |
|    time_elapsed    | 110826   |
|    total_timesteps | 45251    |
| train/             |          |
|    actor_loss      | -3.8     |
|    critic_loss     | 0.206    |
|    ent_coef        | 0.005    |
|    learning_rate   | 0.0001   |
|    n_updates       | 43250    |
---------------------------------
---------------------------------
| rollout/           |          |
|    ep_len_mean     | 105      |
|    ep_rew_mean     | -12.5    |
| time/              |          |
|    episodes        | 392      |
|    fps             | 0        |
|    time_elapsed    | 111794   |
|    total_timesteps | 45712    |
| train/             |          |
|    actor_loss      | -4.29    |
|    critic_loss     | 0.354    |
|    ent_coef        | 0.005    |
|    learning_rate   | 0.0001   |
|    n_updates       | 43711    |
---------------------------------
---------------------------------
| rollout/           |          |
|    ep_len_mean     | 105      |
|    ep_rew_mean     | -12.2    |
| time/              |          |
|    episodes        | 396      |
|    fps             | 0        |
|    time_elapsed    | 112748   |
|    total_timesteps | 46174    |
| train/             |          |
|    actor_loss      | -3.27    |
|    critic_loss     | 2.84     |
|    ent_coef        | 0.005    |
|    learning_rate   | 0.0001   |
|    n_updates       | 44173    |
---------------------------------
---------------------------------
| rollout/           |          |
|    ep_len_mean     | 106      |
|    ep_rew_mean     | -12.3    |
| time/              |          |
|    episodes        | 400      |
|    fps             | 0        |
|    time_elapsed    | 113852   |
|    total_timesteps | 46698    |
| train/             |          |
|    actor_loss      | -4.51    |
|    critic_loss     | 0.324    |
|    ent_coef        | 0.005    |
|    learning_rate   | 0.0001   |
|    n_updates       | 44697    |
---------------------------------
---------------------------------
| rollout/           |          |
|    ep_len_mean     | 104      |
|    ep_rew_mean     | -12.8    |
| time/              |          |
|    episodes        | 404      |
|    fps             | 0        |
|    time_elapsed    | 114594   |
|    total_timesteps | 47055    |
| train/             |          |
|    actor_loss      | -5.15    |
|    critic_loss     | 0.408    |
|    ent_coef        | 0.005    |
|    learning_rate   | 0.0001   |
|    n_updates       | 45054    |
---------------------------------
---------------------------------
| rollout/           |          |
|    ep_len_mean     | 102      |
|    ep_rew_mean     | -14.3    |
| time/              |          |
|    episodes        | 408      |
|    fps             | 0        |
|    time_elapsed    | 115408   |
|    total_timesteps | 47449    |
| train/             |          |
|    actor_loss      | -4.81    |
|    critic_loss     | 0.873    |
|    ent_coef        | 0.005    |
|    learning_rate   | 0.0001   |
|    n_updates       | 45448    |
---------------------------------
---------------------------------
| rollout/           |          |
|    ep_len_mean     | 101      |
|    ep_rew_mean     | -13.9    |
| time/              |          |
|    episodes        | 412      |
|    fps             | 0        |
|    time_elapsed    | 116012   |
|    total_timesteps | 47739    |
| train/             |          |
|    actor_loss      | -4.58    |
|    critic_loss     | 0.529    |
|    ent_coef        | 0.005    |
|    learning_rate   | 0.0001   |
|    n_updates       | 45738    |
---------------------------------
---------------------------------
| rollout/           |          |
|    ep_len_mean     | 98.6     |
|    ep_rew_mean     | -14.7    |
| time/              |          |
|    episodes        | 416      |
|    fps             | 0        |
|    time_elapsed    | 116739   |
|    total_timesteps | 48085    |
| train/             |          |
|    actor_loss      | -4.48    |
|    critic_loss     | 0.347    |
|    ent_coef        | 0.005    |
|    learning_rate   | 0.0001   |
|    n_updates       | 46084    |
---------------------------------
---------------------------------
| rollout/           |          |
|    ep_len_mean     | 98.6     |
|    ep_rew_mean     | -15.4    |
| time/              |          |
|    episodes        | 420      |
|    fps             | 0        |
|    time_elapsed    | 117407   |
|    total_timesteps | 48411    |
| train/             |          |
|    actor_loss      | -4.81    |
|    critic_loss     | 1.18     |
|    ent_coef        | 0.005    |
|    learning_rate   | 0.0001   |
|    n_updates       | 46410    |
---------------------------------
---------------------------------
| rollout/           |          |
|    ep_len_mean     | 96.6     |
|    ep_rew_mean     | -15.9    |
| time/              |          |
|    episodes        | 424      |
|    fps             | 0        |
|    time_elapsed    | 117783   |
|    total_timesteps | 48592    |
| train/             |          |
|    actor_loss      | -4.21    |
|    critic_loss     | 0.865    |
|    ent_coef        | 0.005    |
|    learning_rate   | 0.0001   |
|    n_updates       | 46591    |
---------------------------------
---------------------------------
| rollout/           |          |
|    ep_len_mean     | 97.7     |
|    ep_rew_mean     | -15      |
| time/              |          |
|    episodes        | 428      |
|    fps             | 0        |
|    time_elapsed    | 119003   |
|    total_timesteps | 49164    |
| train/             |          |
|    actor_loss      | -4.84    |
|    critic_loss     | 0.402    |
|    ent_coef        | 0.005    |
|    learning_rate   | 0.0001   |
|    n_updates       | 47163    |
---------------------------------
---------------------------------
| rollout/           |          |
|    ep_len_mean     | 96.6     |
|    ep_rew_mean     | -14.6    |
| time/              |          |
|    episodes        | 432      |
|    fps             | 0        |
|    time_elapsed    | 119819   |
|    total_timesteps | 49547    |
| train/             |          |
|    actor_loss      | -5.3     |
|    critic_loss     | 0.411    |
|    ent_coef        | 0.005    |
|    learning_rate   | 0.0001   |
|    n_updates       | 47546    |
---------------------------------
---------------------------------
| rollout/           |          |
|    ep_len_mean     | 98.5     |
|    ep_rew_mean     | -14.1    |
| time/              |          |
|    episodes        | 436      |
|    fps             | 0        |
|    time_elapsed    | 120808   |
|    total_timesteps | 50018    |
| train/             |          |
|    actor_loss      | -5.3     |
|    critic_loss     | 0.431    |
|    ent_coef        | 0.005    |
|    learning_rate   | 0.0001   |
|    n_updates       | 48017    |
---------------------------------
---------------------------------
| rollout/           |          |
|    ep_len_mean     | 97.8     |
|    ep_rew_mean     | -13.6    |
| time/              |          |
|    episodes        | 440      |
|    fps             | 0        |
|    time_elapsed    | 122013   |
|    total_timesteps | 50444    |
| train/             |          |
|    actor_loss      | -4.68    |
|    critic_loss     | 0.516    |
|    ent_coef        | 0.005    |
|    learning_rate   | 0.0001   |
|    n_updates       | 48443    |
---------------------------------
---------------------------------
| rollout/           |          |
|    ep_len_mean     | 96.9     |
|    ep_rew_mean     | -13.9    |
| time/              |          |
|    episodes        | 444      |
|    fps             | 0        |
|    time_elapsed    | 122761   |
|    total_timesteps | 50704    |
| train/             |          |
|    actor_loss      | -4.81    |
|    critic_loss     | 0.409    |
|    ent_coef        | 0.005    |
|    learning_rate   | 0.0001   |
|    n_updates       | 48703    |
---------------------------------
---------------------------------
| rollout/           |          |
|    ep_len_mean     | 96.4     |
|    ep_rew_mean     | -13.5    |
| time/              |          |
|    episodes        | 448      |
|    fps             | 0        |
|    time_elapsed    | 123765   |
|    total_timesteps | 51051    |
| train/             |          |
|    actor_loss      | -4.37    |
|    critic_loss     | 0.341    |
|    ent_coef        | 0.005    |
|    learning_rate   | 0.0001   |
|    n_updates       | 49050    |
---------------------------------
---------------------------------
| rollout/           |          |
|    ep_len_mean     | 95.2     |
|    ep_rew_mean     | -13.7    |
| time/              |          |
|    episodes        | 452      |
|    fps             | 0        |
|    time_elapsed    | 124483   |
|    total_timesteps | 51299    |
| train/             |          |
|    actor_loss      | -4.56    |
|    critic_loss     | 0.535    |
|    ent_coef        | 0.005    |
|    learning_rate   | 0.0001   |
|    n_updates       | 49298    |
---------------------------------
---------------------------------
| rollout/           |          |
|    ep_len_mean     | 95       |
|    ep_rew_mean     | -14.3    |
| time/              |          |
|    episodes        | 456      |
|    fps             | 0        |
|    time_elapsed    | 125527   |
|    total_timesteps | 51660    |
| train/             |          |
|    actor_loss      | -4.6     |
|    critic_loss     | 1.13     |
|    ent_coef        | 0.005    |
|    learning_rate   | 0.0001   |
|    n_updates       | 49659    |
---------------------------------
---------------------------------
| rollout/           |          |
|    ep_len_mean     | 95.9     |
|    ep_rew_mean     | -13.3    |
| time/              |          |
|    episodes        | 460      |
|    fps             | 0        |
|    time_elapsed    | 126966   |
|    total_timesteps | 52154    |
| train/             |          |
|    actor_loss      | -4.31    |
|    critic_loss     | 0.645    |
|    ent_coef        | 0.005    |
|    learning_rate   | 0.0001   |
|    n_updates       | 50153    |
---------------------------------
---------------------------------
| rollout/           |          |
|    ep_len_mean     | 95.6     |
|    ep_rew_mean     | -13.6    |
| time/              |          |
|    episodes        | 464      |
|    fps             | 0        |
|    time_elapsed    | 128367   |
|    total_timesteps | 52609    |
| train/             |          |
|    actor_loss      | -5.06    |
|    critic_loss     | 0.359    |
|    ent_coef        | 0.005    |
|    learning_rate   | 0.0001   |
|    n_updates       | 50608    |
---------------------------------
---------------------------------
| rollout/           |          |
|    ep_len_mean     | 93.9     |
|    ep_rew_mean     | -15.9    |
| time/              |          |
|    episodes        | 468      |
|    fps             | 0        |
|    time_elapsed    | 128862   |
|    total_timesteps | 52839    |
| train/             |          |
|    actor_loss      | -4.01    |
|    critic_loss     | 0.411    |
|    ent_coef        | 0.005    |
|    learning_rate   | 0.0001   |
|    n_updates       | 50838    |
---------------------------------
---------------------------------
| rollout/           |          |
|    ep_len_mean     | 92.8     |
|    ep_rew_mean     | -16.2    |
| time/              |          |
|    episodes        | 472      |
|    fps             | 0        |
|    time_elapsed    | 129533   |
|    total_timesteps | 53146    |
| train/             |          |
|    actor_loss      | -4.74    |
|    critic_loss     | 1.46     |
|    ent_coef        | 0.005    |
|    learning_rate   | 0.0001   |
|    n_updates       | 51145    |
---------------------------------
---------------------------------
| rollout/           |          |
|    ep_len_mean     | 93       |
|    ep_rew_mean     | -16      |
| time/              |          |
|    episodes        | 476      |
|    fps             | 0        |
|    time_elapsed    | 130401   |
|    total_timesteps | 53549    |
| train/             |          |
|    actor_loss      | -4.87    |
|    critic_loss     | 0.687    |
|    ent_coef        | 0.005    |
|    learning_rate   | 0.0001   |
|    n_updates       | 51548    |
---------------------------------
---------------------------------
| rollout/           |          |
|    ep_len_mean     | 91.9     |
|    ep_rew_mean     | -15.4    |
| time/              |          |
|    episodes        | 480      |
|    fps             | 0        |
|    time_elapsed    | 131046   |
|    total_timesteps | 53849    |
| train/             |          |
|    actor_loss      | -4.37    |
|    critic_loss     | 0.946    |
|    ent_coef        | 0.005    |
|    learning_rate   | 0.0001   |
|    n_updates       | 51848    |
---------------------------------
---------------------------------
| rollout/           |          |
|    ep_len_mean     | 92.8     |
|    ep_rew_mean     | -15.1    |
| time/              |          |
|    episodes        | 484      |
|    fps             | 0        |
|    time_elapsed    | 131966   |
|    total_timesteps | 54263    |
| train/             |          |
|    actor_loss      | -4.6     |
|    critic_loss     | 1.09     |
|    ent_coef        | 0.005    |
|    learning_rate   | 0.0001   |
|    n_updates       | 52262    |
---------------------------------
---------------------------------
| rollout/           |          |
|    ep_len_mean     | 92.6     |
|    ep_rew_mean     | -15.6    |
| time/              |          |
|    episodes        | 488      |
|    fps             | 0        |
|    time_elapsed    | 132504   |
|    total_timesteps | 54511    |
| train/             |          |
|    actor_loss      | -5.32    |
|    critic_loss     | 0.713    |
|    ent_coef        | 0.005    |
|    learning_rate   | 0.0001   |
|    n_updates       | 52510    |
---------------------------------
---------------------------------
| rollout/           |          |
|    ep_len_mean     | 90.1     |
|    ep_rew_mean     | -17.6    |
| time/              |          |
|    episodes        | 492      |
|    fps             | 0        |
|    time_elapsed    | 132953   |
|    total_timesteps | 54721    |
| train/             |          |
|    actor_loss      | -3.99    |
|    critic_loss     | 0.66     |
|    ent_coef        | 0.005    |
|    learning_rate   | 0.0001   |
|    n_updates       | 52720    |
---------------------------------
---------------------------------
| rollout/           |          |
|    ep_len_mean     | 89.9     |
|    ep_rew_mean     | -18.7    |
| time/              |          |
|    episodes        | 496      |
|    fps             | 0        |
|    time_elapsed    | 133950   |
|    total_timesteps | 55168    |
| train/             |          |
|    actor_loss      | -5.42    |
|    critic_loss     | 0.454    |
|    ent_coef        | 0.005    |
|    learning_rate   | 0.0001   |
|    n_updates       | 53167    |
---------------------------------
---------------------------------
| rollout/           |          |
|    ep_len_mean     | 88       |
|    ep_rew_mean     | -20.2    |
| time/              |          |
|    episodes        | 500      |
|    fps             | 0        |
|    time_elapsed    | 134682   |
|    total_timesteps | 55496    |
| train/             |          |
|    actor_loss      | -4.14    |
|    critic_loss     | 0.784    |
|    ent_coef        | 0.005    |
|    learning_rate   | 0.0001   |
|    n_updates       | 53495    |
---------------------------------
---------------------------------
| rollout/           |          |
|    ep_len_mean     | 87.2     |
|    ep_rew_mean     | -20.6    |
| time/              |          |
|    episodes        | 504      |
|    fps             | 0        |
|    time_elapsed    | 135273   |
|    total_timesteps | 55770    |
| train/             |          |
|    actor_loss      | -4.89    |
|    critic_loss     | 0.718    |
|    ent_coef        | 0.005    |
|    learning_rate   | 0.0001   |
|    n_updates       | 53769    |
---------------------------------
---------------------------------
| rollout/           |          |
|    ep_len_mean     | 87.4     |
|    ep_rew_mean     | -20.2    |
| time/              |          |
|    episodes        | 508      |
|    fps             | 0        |
|    time_elapsed    | 136251   |
|    total_timesteps | 56188    |
| train/             |          |
|    actor_loss      | -4.65    |
|    critic_loss     | 0.562    |
|    ent_coef        | 0.005    |
|    learning_rate   | 0.0001   |
|    n_updates       | 54187    |
---------------------------------
---------------------------------
| rollout/           |          |
|    ep_len_mean     | 88.8     |
|    ep_rew_mean     | -20.7    |
| time/              |          |
|    episodes        | 512      |
|    fps             | 0        |
|    time_elapsed    | 137211   |
|    total_timesteps | 56617    |
| train/             |          |
|    actor_loss      | -4.47    |
|    critic_loss     | 0.974    |
|    ent_coef        | 0.005    |
|    learning_rate   | 0.0001   |
|    n_updates       | 54616    |
---------------------------------
---------------------------------
| rollout/           |          |
|    ep_len_mean     | 88.2     |
|    ep_rew_mean     | -20.7    |
| time/              |          |
|    episodes        | 516      |
|    fps             | 0        |
|    time_elapsed    | 137859   |
|    total_timesteps | 56910    |
| train/             |          |
|    actor_loss      | -4.71    |
|    critic_loss     | 0.623    |
|    ent_coef        | 0.005    |
|    learning_rate   | 0.0001   |
|    n_updates       | 54909    |
---------------------------------
---------------------------------
| rollout/           |          |
|    ep_len_mean     | 87.7     |
|    ep_rew_mean     | -21.9    |
| time/              |          |
|    episodes        | 520      |
|    fps             | 0        |
|    time_elapsed    | 138491   |
|    total_timesteps | 57179    |
| train/             |          |
|    actor_loss      | -4.96    |
|    critic_loss     | 0.604    |
|    ent_coef        | 0.005    |
|    learning_rate   | 0.0001   |
|    n_updates       | 55178    |
---------------------------------
---------------------------------
| rollout/           |          |
|    ep_len_mean     | 90.2     |
|    ep_rew_mean     | -20.9    |
| time/              |          |
|    episodes        | 524      |
|    fps             | 0        |
|    time_elapsed    | 139424   |
|    total_timesteps | 57611    |
| train/             |          |
|    actor_loss      | -4.32    |
|    critic_loss     | 0.514    |
|    ent_coef        | 0.005    |
|    learning_rate   | 0.0001   |
|    n_updates       | 55610    |
---------------------------------
---------------------------------
| rollout/           |          |
|    ep_len_mean     | 87.8     |
|    ep_rew_mean     | -22.3    |
| time/              |          |
|    episodes        | 528      |
|    fps             | 0        |
|    time_elapsed    | 140157   |
|    total_timesteps | 57947    |
| train/             |          |
|    actor_loss      | -4.61    |
|    critic_loss     | 0.96     |
|    ent_coef        | 0.005    |
|    learning_rate   | 0.0001   |
|    n_updates       | 55946    |
---------------------------------
---------------------------------
| rollout/           |          |
|    ep_len_mean     | 88.1     |
|    ep_rew_mean     | -22.8    |
| time/              |          |
|    episodes        | 532      |
|    fps             | 0        |
|    time_elapsed    | 141038   |
|    total_timesteps | 58360    |
| train/             |          |
|    actor_loss      | -4.7     |
|    critic_loss     | 0.473    |
|    ent_coef        | 0.005    |
|    learning_rate   | 0.0001   |
|    n_updates       | 56359    |
---------------------------------
---------------------------------
| rollout/           |          |
|    ep_len_mean     | 86.2     |
|    ep_rew_mean     | -24.6    |
| time/              |          |
|    episodes        | 536      |
|    fps             | 0        |
|    time_elapsed    | 141631   |
|    total_timesteps | 58634    |
| train/             |          |
|    actor_loss      | -4.84    |
|    critic_loss     | 1.24     |
|    ent_coef        | 0.005    |
|    learning_rate   | 0.0001   |
|    n_updates       | 56633    |
---------------------------------
---------------------------------
| rollout/           |          |
|    ep_len_mean     | 85       |
|    ep_rew_mean     | -24.3    |
| time/              |          |
|    episodes        | 540      |
|    fps             | 0        |
|    time_elapsed    | 142292   |
|    total_timesteps | 58942    |
| train/             |          |
|    actor_loss      | -4.65    |
|    critic_loss     | 1.82     |
|    ent_coef        | 0.005    |
|    learning_rate   | 0.0001   |
|    n_updates       | 56941    |
---------------------------------
---------------------------------
| rollout/           |          |
|    ep_len_mean     | 88.1     |
|    ep_rew_mean     | -22.4    |
| time/              |          |
|    episodes        | 544      |
|    fps             | 0        |
|    time_elapsed    | 143477   |
|    total_timesteps | 59517    |
| train/             |          |
|    actor_loss      | -4.28    |
|    critic_loss     | 0.76     |
|    ent_coef        | 0.005    |
|    learning_rate   | 0.0001   |
|    n_updates       | 57516    |
---------------------------------
---------------------------------
| rollout/           |          |
|    ep_len_mean     | 87.1     |
|    ep_rew_mean     | -23.2    |
| time/              |          |
|    episodes        | 548      |
|    fps             | 0        |
|    time_elapsed    | 143931   |
|    total_timesteps | 59762    |
| train/             |          |
|    actor_loss      | -4.24    |
|    critic_loss     | 0.71     |
|    ent_coef        | 0.005    |
|    learning_rate   | 0.0001   |
|    n_updates       | 57761    |
---------------------------------
