Using cuda device
Wrapping the env in a DummyVecEnv.
Logging to D:\py\DRL2\logs\t12_train\sac_mpc_radial_262500\tensorboard\SAC_1
---------------------------------
| rollout/           |          |
|    ep_len_mean     | 41       |
|    ep_rew_mean     | -24.4    |
| time/              |          |
|    episodes        | 4        |
|    fps             | 0        |
|    time_elapsed    | 424      |
|    total_timesteps | 164      |
---------------------------------
---------------------------------
| rollout/           |          |
|    ep_len_mean     | 47.5     |
|    ep_rew_mean     | -23.6    |
| time/              |          |
|    episodes        | 8        |
|    fps             | 0        |
|    time_elapsed    | 967      |
|    total_timesteps | 380      |
---------------------------------
---------------------------------
| rollout/           |          |
|    ep_len_mean     | 45.8     |
|    ep_rew_mean     | -23      |
| time/              |          |
|    episodes        | 12       |
|    fps             | 0        |
|    time_elapsed    | 1347     |
|    total_timesteps | 549      |
---------------------------------
---------------------------------
| rollout/           |          |
|    ep_len_mean     | 44.8     |
|    ep_rew_mean     | -22.9    |
| time/              |          |
|    episodes        | 16       |
|    fps             | 0        |
|    time_elapsed    | 1711     |
|    total_timesteps | 716      |
---------------------------------
---------------------------------
| rollout/           |          |
|    ep_len_mean     | 43.2     |
|    ep_rew_mean     | -23.3    |
| time/              |          |
|    episodes        | 20       |
|    fps             | 0        |
|    time_elapsed    | 2097     |
|    total_timesteps | 865      |
---------------------------------
---------------------------------
| rollout/           |          |
|    ep_len_mean     | 44.5     |
|    ep_rew_mean     | -23.1    |
| time/              |          |
|    episodes        | 24       |
|    fps             | 0        |
|    time_elapsed    | 2592     |
|    total_timesteps | 1069     |
---------------------------------
---------------------------------
| rollout/           |          |
|    ep_len_mean     | 43       |
|    ep_rew_mean     | -23.3    |
| time/              |          |
|    episodes        | 28       |
|    fps             | 0        |
|    time_elapsed    | 2858     |
|    total_timesteps | 1203     |
---------------------------------
---------------------------------
| rollout/           |          |
|    ep_len_mean     | 44.7     |
|    ep_rew_mean     | -23.5    |
| time/              |          |
|    episodes        | 32       |
|    fps             | 0        |
|    time_elapsed    | 3392     |
|    total_timesteps | 1429     |
---------------------------------
---------------------------------
| rollout/           |          |
|    ep_len_mean     | 42.7     |
|    ep_rew_mean     | -23.3    |
| time/              |          |
|    episodes        | 36       |
|    fps             | 0        |
|    time_elapsed    | 3679     |
|    total_timesteps | 1538     |
---------------------------------
---------------------------------
| rollout/           |          |
|    ep_len_mean     | 43.4     |
|    ep_rew_mean     | -23.3    |
| time/              |          |
|    episodes        | 40       |
|    fps             | 0        |
|    time_elapsed    | 4198     |
|    total_timesteps | 1736     |
---------------------------------
---------------------------------
| rollout/           |          |
|    ep_len_mean     | 44.4     |
|    ep_rew_mean     | -23.3    |
| time/              |          |
|    episodes        | 44       |
|    fps             | 0        |
|    time_elapsed    | 4774     |
|    total_timesteps | 1952     |
---------------------------------
---------------------------------
| rollout/           |          |
|    ep_len_mean     | 44.5     |
|    ep_rew_mean     | -23.1    |
| time/              |          |
|    episodes        | 48       |
|    fps             | 0        |
|    time_elapsed    | 5267     |
|    total_timesteps | 2136     |
| train/             |          |
|    actor_loss      | 0.246    |
|    critic_loss     | 4.45     |
|    ent_coef        | 0.005    |
|    learning_rate   | 0.0001   |
|    n_updates       | 135      |
---------------------------------
---------------------------------
| rollout/           |          |
|    ep_len_mean     | 45.8     |
|    ep_rew_mean     | -23      |
| time/              |          |
|    episodes        | 52       |
|    fps             | 0        |
|    time_elapsed    | 5945     |
|    total_timesteps | 2379     |
| train/             |          |
|    actor_loss      | 0.559    |
|    critic_loss     | 4.51     |
|    ent_coef        | 0.005    |
|    learning_rate   | 0.0001   |
|    n_updates       | 378      |
---------------------------------
---------------------------------
| rollout/           |          |
|    ep_len_mean     | 44.8     |
|    ep_rew_mean     | -23      |
| time/              |          |
|    episodes        | 56       |
|    fps             | 0        |
|    time_elapsed    | 6301     |
|    total_timesteps | 2508     |
| train/             |          |
|    actor_loss      | 0.413    |
|    critic_loss     | 4.73     |
|    ent_coef        | 0.005    |
|    learning_rate   | 0.0001   |
|    n_updates       | 507      |
---------------------------------
---------------------------------
| rollout/           |          |
|    ep_len_mean     | 44.3     |
|    ep_rew_mean     | -22.9    |
| time/              |          |
|    episodes        | 60       |
|    fps             | 0        |
|    time_elapsed    | 6708     |
|    total_timesteps | 2656     |
| train/             |          |
|    actor_loss      | 0.855    |
|    critic_loss     | 2.82     |
|    ent_coef        | 0.005    |
|    learning_rate   | 0.0001   |
|    n_updates       | 655      |
---------------------------------
---------------------------------
| rollout/           |          |
|    ep_len_mean     | 45.5     |
|    ep_rew_mean     | -22.8    |
| time/              |          |
|    episodes        | 64       |
|    fps             | 0        |
|    time_elapsed    | 7440     |
|    total_timesteps | 2912     |
| train/             |          |
|    actor_loss      | 0.803    |
|    critic_loss     | 5.05     |
|    ent_coef        | 0.005    |
|    learning_rate   | 0.0001   |
|    n_updates       | 911      |
---------------------------------
---------------------------------
| rollout/           |          |
|    ep_len_mean     | 46       |
|    ep_rew_mean     | -22.7    |
| time/              |          |
|    episodes        | 68       |
|    fps             | 0        |
|    time_elapsed    | 8012     |
|    total_timesteps | 3127     |
| train/             |          |
|    actor_loss      | 0.91     |
|    critic_loss     | 0.8      |
|    ent_coef        | 0.005    |
|    learning_rate   | 0.0001   |
|    n_updates       | 1126     |
---------------------------------
---------------------------------
| rollout/           |          |
|    ep_len_mean     | 46.6     |
|    ep_rew_mean     | -22.7    |
| time/              |          |
|    episodes        | 72       |
|    fps             | 0        |
|    time_elapsed    | 8628     |
|    total_timesteps | 3353     |
| train/             |          |
|    actor_loss      | 0.895    |
|    critic_loss     | 5.35     |
|    ent_coef        | 0.005    |
|    learning_rate   | 0.0001   |
|    n_updates       | 1352     |
---------------------------------
---------------------------------
| rollout/           |          |
|    ep_len_mean     | 45.7     |
|    ep_rew_mean     | -22.6    |
| time/              |          |
|    episodes        | 76       |
|    fps             | 0        |
|    time_elapsed    | 8949     |
|    total_timesteps | 3471     |
| train/             |          |
|    actor_loss      | 0.922    |
|    critic_loss     | 0.474    |
|    ent_coef        | 0.005    |
|    learning_rate   | 0.0001   |
|    n_updates       | 1470     |
---------------------------------
---------------------------------
| rollout/           |          |
|    ep_len_mean     | 44.8     |
|    ep_rew_mean     | -22.6    |
| time/              |          |
|    episodes        | 80       |
|    fps             | 0        |
|    time_elapsed    | 9242     |
|    total_timesteps | 3581     |
| train/             |          |
|    actor_loss      | 1.16     |
|    critic_loss     | 1.92     |
|    ent_coef        | 0.005    |
|    learning_rate   | 0.0001   |
|    n_updates       | 1580     |
---------------------------------
---------------------------------
| rollout/           |          |
|    ep_len_mean     | 44.6     |
|    ep_rew_mean     | -22.5    |
| time/              |          |
|    episodes        | 84       |
|    fps             | 0        |
|    time_elapsed    | 9708     |
|    total_timesteps | 3749     |
| train/             |          |
|    actor_loss      | 0.891    |
|    critic_loss     | 3.09     |
|    ent_coef        | 0.005    |
|    learning_rate   | 0.0001   |
|    n_updates       | 1748     |
---------------------------------
---------------------------------
| rollout/           |          |
|    ep_len_mean     | 45.3     |
|    ep_rew_mean     | -22.4    |
| time/              |          |
|    episodes        | 88       |
|    fps             | 0        |
|    time_elapsed    | 10387    |
|    total_timesteps | 3988     |
| train/             |          |
|    actor_loss      | 1.02     |
|    critic_loss     | 1.4      |
|    ent_coef        | 0.005    |
|    learning_rate   | 0.0001   |
|    n_updates       | 1987     |
---------------------------------
---------------------------------
| rollout/           |          |
|    ep_len_mean     | 45.9     |
|    ep_rew_mean     | -22.4    |
| time/              |          |
|    episodes        | 92       |
|    fps             | 0        |
|    time_elapsed    | 11046    |
|    total_timesteps | 4224     |
| train/             |          |
|    actor_loss      | 1.04     |
|    critic_loss     | 1.87     |
|    ent_coef        | 0.005    |
|    learning_rate   | 0.0001   |
|    n_updates       | 2223     |
---------------------------------
---------------------------------
| rollout/           |          |
|    ep_len_mean     | 47.1     |
|    ep_rew_mean     | -22.8    |
| time/              |          |
|    episodes        | 96       |
|    fps             | 0        |
|    time_elapsed    | 11888    |
|    total_timesteps | 4522     |
| train/             |          |
|    actor_loss      | 0.967    |
|    critic_loss     | 0.92     |
|    ent_coef        | 0.005    |
|    learning_rate   | 0.0001   |
|    n_updates       | 2521     |
---------------------------------
---------------------------------
| rollout/           |          |
|    ep_len_mean     | 46.9     |
|    ep_rew_mean     | -22.8    |
| time/              |          |
|    episodes        | 100      |
|    fps             | 0        |
|    time_elapsed    | 12372    |
|    total_timesteps | 4694     |
| train/             |          |
|    actor_loss      | 1.03     |
|    critic_loss     | 2.53     |
|    ent_coef        | 0.005    |
|    learning_rate   | 0.0001   |
|    n_updates       | 2693     |
---------------------------------
---------------------------------
| rollout/           |          |
|    ep_len_mean     | 47.2     |
|    ep_rew_mean     | -22.6    |
| time/              |          |
|    episodes        | 104      |
|    fps             | 0        |
|    time_elapsed    | 12903    |
|    total_timesteps | 4884     |
| train/             |          |
|    actor_loss      | 0.901    |
|    critic_loss     | 0.367    |
|    ent_coef        | 0.005    |
|    learning_rate   | 0.0001   |
|    n_updates       | 2883     |
---------------------------------
---------------------------------
| rollout/           |          |
|    ep_len_mean     | 49.7     |
|    ep_rew_mean     | -22.5    |
| time/              |          |
|    episodes        | 108      |
|    fps             | 0        |
|    time_elapsed    | 14195    |
|    total_timesteps | 5348     |
| train/             |          |
|    actor_loss      | 1.24     |
|    critic_loss     | 0.539    |
|    ent_coef        | 0.005    |
|    learning_rate   | 0.0001   |
|    n_updates       | 3347     |
---------------------------------
---------------------------------
| rollout/           |          |
|    ep_len_mean     | 51.4     |
|    ep_rew_mean     | -22.4    |
| time/              |          |
|    episodes        | 112      |
|    fps             | 0        |
|    time_elapsed    | 15120    |
|    total_timesteps | 5691     |
| train/             |          |
|    actor_loss      | 1.25     |
|    critic_loss     | 0.468    |
|    ent_coef        | 0.005    |
|    learning_rate   | 0.0001   |
|    n_updates       | 3690     |
---------------------------------
---------------------------------
| rollout/           |          |
|    ep_len_mean     | 52       |
|    ep_rew_mean     | -22.4    |
| time/              |          |
|    episodes        | 116      |
|    fps             | 0        |
|    time_elapsed    | 15735    |
|    total_timesteps | 5919     |
| train/             |          |
|    actor_loss      | 1.42     |
|    critic_loss     | 0.535    |
|    ent_coef        | 0.005    |
|    learning_rate   | 0.0001   |
|    n_updates       | 3918     |
---------------------------------
---------------------------------
| rollout/           |          |
|    ep_len_mean     | 53.8     |
|    ep_rew_mean     | -22.1    |
| time/              |          |
|    episodes        | 120      |
|    fps             | 0        |
|    time_elapsed    | 16616    |
|    total_timesteps | 6247     |
| train/             |          |
|    actor_loss      | 1.29     |
|    critic_loss     | 0.53     |
|    ent_coef        | 0.005    |
|    learning_rate   | 0.0001   |
|    n_updates       | 4246     |
---------------------------------
---------------------------------
| rollout/           |          |
|    ep_len_mean     | 53.7     |
|    ep_rew_mean     | -22.1    |
| time/              |          |
|    episodes        | 124      |
|    fps             | 0        |
|    time_elapsed    | 17136    |
|    total_timesteps | 6442     |
| train/             |          |
|    actor_loss      | 1.35     |
|    critic_loss     | 0.673    |
|    ent_coef        | 0.005    |
|    learning_rate   | 0.0001   |
|    n_updates       | 4441     |
---------------------------------
---------------------------------
| rollout/           |          |
|    ep_len_mean     | 54.9     |
|    ep_rew_mean     | -21.9    |
| time/              |          |
|    episodes        | 128      |
|    fps             | 0        |
|    time_elapsed    | 17806    |
|    total_timesteps | 6691     |
| train/             |          |
|    actor_loss      | 1.41     |
|    critic_loss     | 0.476    |
|    ent_coef        | 0.005    |
|    learning_rate   | 0.0001   |
|    n_updates       | 4690     |
---------------------------------
---------------------------------
| rollout/           |          |
|    ep_len_mean     | 56.3     |
|    ep_rew_mean     | -21.7    |
| time/              |          |
|    episodes        | 132      |
|    fps             | 0        |
|    time_elapsed    | 18798    |
|    total_timesteps | 7055     |
| train/             |          |
|    actor_loss      | 1.31     |
|    critic_loss     | 0.321    |
|    ent_coef        | 0.005    |
|    learning_rate   | 0.0001   |
|    n_updates       | 5054     |
---------------------------------
---------------------------------
| rollout/           |          |
|    ep_len_mean     | 58.4     |
|    ep_rew_mean     | -21.5    |
| time/              |          |
|    episodes        | 136      |
|    fps             | 0        |
|    time_elapsed    | 19658    |
|    total_timesteps | 7377     |
| train/             |          |
|    actor_loss      | 1.29     |
|    critic_loss     | 0.381    |
|    ent_coef        | 0.005    |
|    learning_rate   | 0.0001   |
|    n_updates       | 5376     |
---------------------------------
---------------------------------
| rollout/           |          |
|    ep_len_mean     | 60.2     |
|    ep_rew_mean     | -20.9    |
| time/              |          |
|    episodes        | 140      |
|    fps             | 0        |
|    time_elapsed    | 20688    |
|    total_timesteps | 7759     |
| train/             |          |
|    actor_loss      | 1.33     |
|    critic_loss     | 0.216    |
|    ent_coef        | 0.005    |
|    learning_rate   | 0.0001   |
|    n_updates       | 5758     |
---------------------------------
---------------------------------
| rollout/           |          |
|    ep_len_mean     | 61.4     |
|    ep_rew_mean     | -20.7    |
| time/              |          |
|    episodes        | 144      |
|    fps             | 0        |
|    time_elapsed    | 21564    |
|    total_timesteps | 8090     |
| train/             |          |
|    actor_loss      | 1.36     |
|    critic_loss     | 0.273    |
|    ent_coef        | 0.005    |
|    learning_rate   | 0.0001   |
|    n_updates       | 6089     |
---------------------------------
---------------------------------
| rollout/           |          |
|    ep_len_mean     | 64.2     |
|    ep_rew_mean     | -20.4    |
| time/              |          |
|    episodes        | 148      |
|    fps             | 0        |
|    time_elapsed    | 22811    |
|    total_timesteps | 8551     |
| train/             |          |
|    actor_loss      | 1.48     |
|    critic_loss     | 0.563    |
|    ent_coef        | 0.005    |
|    learning_rate   | 0.0001   |
|    n_updates       | 6550     |
---------------------------------
---------------------------------
| rollout/           |          |
|    ep_len_mean     | 65.4     |
|    ep_rew_mean     | -24      |
| time/              |          |
|    episodes        | 152      |
|    fps             | 0        |
|    time_elapsed    | 23793    |
|    total_timesteps | 8919     |
| train/             |          |
|    actor_loss      | 1.4      |
|    critic_loss     | 0.488    |
|    ent_coef        | 0.005    |
|    learning_rate   | 0.0001   |
|    n_updates       | 6918     |
---------------------------------
---------------------------------
| rollout/           |          |
|    ep_len_mean     | 67.7     |
|    ep_rew_mean     | -23.7    |
| time/              |          |
|    episodes        | 156      |
|    fps             | 0        |
|    time_elapsed    | 24750    |
|    total_timesteps | 9275     |
| train/             |          |
|    actor_loss      | 1.85     |
|    critic_loss     | 0.405    |
|    ent_coef        | 0.005    |
|    learning_rate   | 0.0001   |
|    n_updates       | 7274     |
---------------------------------
---------------------------------
| rollout/           |          |
|    ep_len_mean     | 70.3     |
|    ep_rew_mean     | -23.4    |
| time/              |          |
|    episodes        | 160      |
|    fps             | 0        |
|    time_elapsed    | 25848    |
|    total_timesteps | 9684     |
| train/             |          |
|    actor_loss      | 1.6      |
|    critic_loss     | 0.441    |
|    ent_coef        | 0.005    |
|    learning_rate   | 0.0001   |
|    n_updates       | 7683     |
---------------------------------
---------------------------------
| rollout/           |          |
|    ep_len_mean     | 72.2     |
|    ep_rew_mean     | -23      |
| time/              |          |
|    episodes        | 164      |
|    fps             | 0        |
|    time_elapsed    | 27059    |
|    total_timesteps | 10130    |
| train/             |          |
|    actor_loss      | 1.73     |
|    critic_loss     | 0.488    |
|    ent_coef        | 0.005    |
|    learning_rate   | 0.0001   |
|    n_updates       | 8129     |
---------------------------------
---------------------------------
| rollout/           |          |
|    ep_len_mean     | 72.7     |
|    ep_rew_mean     | -22.7    |
| time/              |          |
|    episodes        | 168      |
|    fps             | 0        |
|    time_elapsed    | 27766    |
|    total_timesteps | 10393    |
| train/             |          |
|    actor_loss      | 1.6      |
|    critic_loss     | 0.219    |
|    ent_coef        | 0.005    |
|    learning_rate   | 0.0001   |
|    n_updates       | 8392     |
---------------------------------
---------------------------------
| rollout/           |          |
|    ep_len_mean     | 74.3     |
|    ep_rew_mean     | -22.2    |
| time/              |          |
|    episodes        | 172      |
|    fps             | 0        |
|    time_elapsed    | 28814    |
|    total_timesteps | 10783    |
| train/             |          |
|    actor_loss      | 1.6      |
|    critic_loss     | 0.416    |
|    ent_coef        | 0.005    |
|    learning_rate   | 0.0001   |
|    n_updates       | 8782     |
---------------------------------
---------------------------------
| rollout/           |          |
|    ep_len_mean     | 76       |
|    ep_rew_mean     | -22.1    |
| time/              |          |
|    episodes        | 176      |
|    fps             | 0        |
|    time_elapsed    | 29590    |
|    total_timesteps | 11072    |
| train/             |          |
|    actor_loss      | 1.81     |
|    critic_loss     | 0.36     |
|    ent_coef        | 0.005    |
|    learning_rate   | 0.0001   |
|    n_updates       | 9071     |
---------------------------------
---------------------------------
| rollout/           |          |
|    ep_len_mean     | 78.3     |
|    ep_rew_mean     | -21.8    |
| time/              |          |
|    episodes        | 180      |
|    fps             | 0        |
|    time_elapsed    | 30502    |
|    total_timesteps | 11410    |
| train/             |          |
|    actor_loss      | 1.65     |
|    critic_loss     | 0.286    |
|    ent_coef        | 0.005    |
|    learning_rate   | 0.0001   |
|    n_updates       | 9409     |
---------------------------------
---------------------------------
| rollout/           |          |
|    ep_len_mean     | 82.2     |
|    ep_rew_mean     | -21.4    |
| time/              |          |
|    episodes        | 184      |
|    fps             | 0        |
|    time_elapsed    | 32020    |
|    total_timesteps | 11968    |
| train/             |          |
|    actor_loss      | 1.85     |
|    critic_loss     | 0.917    |
|    ent_coef        | 0.005    |
|    learning_rate   | 0.0001   |
|    n_updates       | 9967     |
---------------------------------
---------------------------------
| rollout/           |          |
|    ep_len_mean     | 83       |
|    ep_rew_mean     | -22.3    |
| time/              |          |
|    episodes        | 188      |
|    fps             | 0        |
|    time_elapsed    | 32894    |
|    total_timesteps | 12292    |
| train/             |          |
|    actor_loss      | 1.09     |
|    critic_loss     | 0.338    |
|    ent_coef        | 0.005    |
|    learning_rate   | 0.0001   |
|    n_updates       | 10291    |
---------------------------------
---------------------------------
| rollout/           |          |
|    ep_len_mean     | 84.8     |
|    ep_rew_mean     | -22      |
| time/              |          |
|    episodes        | 192      |
|    fps             | 0        |
|    time_elapsed    | 34005    |
|    total_timesteps | 12705    |
| train/             |          |
|    actor_loss      | 1.51     |
|    critic_loss     | 0.222    |
|    ent_coef        | 0.005    |
|    learning_rate   | 0.0001   |
|    n_updates       | 10704    |
---------------------------------
---------------------------------
| rollout/           |          |
|    ep_len_mean     | 85.8     |
|    ep_rew_mean     | -21.6    |
| time/              |          |
|    episodes        | 196      |
|    fps             | 0        |
|    time_elapsed    | 35069    |
|    total_timesteps | 13102    |
| train/             |          |
|    actor_loss      | 1.87     |
|    critic_loss     | 0.339    |
|    ent_coef        | 0.005    |
|    learning_rate   | 0.0001   |
|    n_updates       | 11101    |
---------------------------------
---------------------------------
| rollout/           |          |
|    ep_len_mean     | 87.2     |
|    ep_rew_mean     | -21.3    |
| time/              |          |
|    episodes        | 200      |
|    fps             | 0        |
|    time_elapsed    | 35951    |
|    total_timesteps | 13414    |
| train/             |          |
|    actor_loss      | 1.9      |
|    critic_loss     | 0.668    |
|    ent_coef        | 0.005    |
|    learning_rate   | 0.0001   |
|    n_updates       | 11413    |
---------------------------------
---------------------------------
| rollout/           |          |
|    ep_len_mean     | 89.9     |
|    ep_rew_mean     | -20.9    |
| time/              |          |
|    episodes        | 204      |
|    fps             | 0        |
|    time_elapsed    | 37281    |
|    total_timesteps | 13870    |
| train/             |          |
|    actor_loss      | 2.43     |
|    critic_loss     | 0.337    |
|    ent_coef        | 0.005    |
|    learning_rate   | 0.0001   |
|    n_updates       | 11869    |
---------------------------------
---------------------------------
| rollout/           |          |
|    ep_len_mean     | 90.1     |
|    ep_rew_mean     | -20.4    |
| time/              |          |
|    episodes        | 208      |
|    fps             | 0        |
|    time_elapsed    | 38727    |
|    total_timesteps | 14359    |
| train/             |          |
|    actor_loss      | 2.45     |
|    critic_loss     | 0.264    |
|    ent_coef        | 0.005    |
|    learning_rate   | 0.0001   |
|    n_updates       | 12358    |
---------------------------------
---------------------------------
| rollout/           |          |
|    ep_len_mean     | 92       |
|    ep_rew_mean     | -19.8    |
| time/              |          |
|    episodes        | 212      |
|    fps             | 0        |
|    time_elapsed    | 40315    |
|    total_timesteps | 14894    |
| train/             |          |
|    actor_loss      | 1.85     |
|    critic_loss     | 0.355    |
|    ent_coef        | 0.005    |
|    learning_rate   | 0.0001   |
|    n_updates       | 12893    |
---------------------------------
---------------------------------
| rollout/           |          |
|    ep_len_mean     | 94.3     |
|    ep_rew_mean     | -19.3    |
| time/              |          |
|    episodes        | 216      |
|    fps             | 0        |
|    time_elapsed    | 41656    |
|    total_timesteps | 15351    |
| train/             |          |
|    actor_loss      | 1.71     |
|    critic_loss     | 0.192    |
|    ent_coef        | 0.005    |
|    learning_rate   | 0.0001   |
|    n_updates       | 13350    |
---------------------------------
---------------------------------
| rollout/           |          |
|    ep_len_mean     | 94.7     |
|    ep_rew_mean     | -19.2    |
| time/              |          |
|    episodes        | 220      |
|    fps             | 0        |
|    time_elapsed    | 42564    |
|    total_timesteps | 15714    |
| train/             |          |
|    actor_loss      | 1.78     |
|    critic_loss     | 0.562    |
|    ent_coef        | 0.005    |
|    learning_rate   | 0.0001   |
|    n_updates       | 13713    |
---------------------------------
---------------------------------
| rollout/           |          |
|    ep_len_mean     | 98       |
|    ep_rew_mean     | -18.5    |
| time/              |          |
|    episodes        | 224      |
|    fps             | 0        |
|    time_elapsed    | 43699    |
|    total_timesteps | 16238    |
| train/             |          |
|    actor_loss      | 1.53     |
|    critic_loss     | 0.223    |
|    ent_coef        | 0.005    |
|    learning_rate   | 0.0001   |
|    n_updates       | 14237    |
---------------------------------
---------------------------------
| rollout/           |          |
|    ep_len_mean     | 100      |
|    ep_rew_mean     | -18      |
| time/              |          |
|    episodes        | 228      |
|    fps             | 0        |
|    time_elapsed    | 44948    |
|    total_timesteps | 16699    |
| train/             |          |
|    actor_loss      | 2.02     |
|    critic_loss     | 0.348    |
|    ent_coef        | 0.005    |
|    learning_rate   | 0.0001   |
|    n_updates       | 14698    |
---------------------------------
---------------------------------
| rollout/           |          |
|    ep_len_mean     | 102      |
|    ep_rew_mean     | -17.1    |
| time/              |          |
|    episodes        | 232      |
|    fps             | 0        |
|    time_elapsed    | 46737    |
|    total_timesteps | 17299    |
| train/             |          |
|    actor_loss      | 1.92     |
|    critic_loss     | 0.634    |
|    ent_coef        | 0.005    |
|    learning_rate   | 0.0001   |
|    n_updates       | 15298    |
---------------------------------
---------------------------------
| rollout/           |          |
|    ep_len_mean     | 104      |
|    ep_rew_mean     | -17.3    |
| time/              |          |
|    episodes        | 236      |
|    fps             | 0        |
|    time_elapsed    | 47998    |
|    total_timesteps | 17736    |
| train/             |          |
|    actor_loss      | 1.56     |
|    critic_loss     | 0.2      |
|    ent_coef        | 0.005    |
|    learning_rate   | 0.0001   |
|    n_updates       | 15735    |
---------------------------------
---------------------------------
| rollout/           |          |
|    ep_len_mean     | 103      |
|    ep_rew_mean     | -17.5    |
| time/              |          |
|    episodes        | 240      |
|    fps             | 0        |
|    time_elapsed    | 48701    |
|    total_timesteps | 18060    |
| train/             |          |
|    actor_loss      | 1.25     |
|    critic_loss     | 0.23     |
|    ent_coef        | 0.005    |
|    learning_rate   | 0.0001   |
|    n_updates       | 16059    |
---------------------------------
---------------------------------
| rollout/           |          |
|    ep_len_mean     | 105      |
|    ep_rew_mean     | -17      |
| time/              |          |
|    episodes        | 244      |
|    fps             | 0        |
|    time_elapsed    | 49798    |
|    total_timesteps | 18570    |
| train/             |          |
|    actor_loss      | 1.23     |
|    critic_loss     | 0.153    |
|    ent_coef        | 0.005    |
|    learning_rate   | 0.0001   |
|    n_updates       | 16569    |
---------------------------------
---------------------------------
| rollout/           |          |
|    ep_len_mean     | 106      |
|    ep_rew_mean     | -16.3    |
| time/              |          |
|    episodes        | 248      |
|    fps             | 0        |
|    time_elapsed    | 51110    |
|    total_timesteps | 19170    |
| train/             |          |
|    actor_loss      | 1.54     |
|    critic_loss     | 0.231    |
|    ent_coef        | 0.005    |
|    learning_rate   | 0.0001   |
|    n_updates       | 17169    |
---------------------------------
---------------------------------
| rollout/           |          |
|    ep_len_mean     | 107      |
|    ep_rew_mean     | -12.5    |
| time/              |          |
|    episodes        | 252      |
|    fps             | 0        |
|    time_elapsed    | 52630    |
|    total_timesteps | 19668    |
| train/             |          |
|    actor_loss      | 1.51     |
|    critic_loss     | 0.22     |
|    ent_coef        | 0.005    |
|    learning_rate   | 0.0001   |
|    n_updates       | 17667    |
---------------------------------
---------------------------------
| rollout/           |          |
|    ep_len_mean     | 108      |
|    ep_rew_mean     | -12.8    |
| time/              |          |
|    episodes        | 256      |
|    fps             | 0        |
|    time_elapsed    | 53774    |
|    total_timesteps | 20118    |
| train/             |          |
|    actor_loss      | 1.49     |
|    critic_loss     | 0.106    |
|    ent_coef        | 0.005    |
|    learning_rate   | 0.0001   |
|    n_updates       | 18117    |
---------------------------------
---------------------------------
| rollout/           |          |
|    ep_len_mean     | 109      |
|    ep_rew_mean     | -12.6    |
| time/              |          |
|    episodes        | 260      |
|    fps             | 0        |
|    time_elapsed    | 54813    |
|    total_timesteps | 20627    |
| train/             |          |
|    actor_loss      | 1.69     |
|    critic_loss     | 0.235    |
|    ent_coef        | 0.005    |
|    learning_rate   | 0.0001   |
|    n_updates       | 18626    |
---------------------------------
---------------------------------
| rollout/           |          |
|    ep_len_mean     | 111      |
|    ep_rew_mean     | -12.2    |
| time/              |          |
|    episodes        | 264      |
|    fps             | 0        |
|    time_elapsed    | 56027    |
|    total_timesteps | 21227    |
| train/             |          |
|    actor_loss      | 1.36     |
|    critic_loss     | 0.167    |
|    ent_coef        | 0.005    |
|    learning_rate   | 0.0001   |
|    n_updates       | 19226    |
---------------------------------
---------------------------------
| rollout/           |          |
|    ep_len_mean     | 114      |
|    ep_rew_mean     | -11.7    |
| time/              |          |
|    episodes        | 268      |
|    fps             | 0        |
|    time_elapsed    | 57213    |
|    total_timesteps | 21805    |
| train/             |          |
|    actor_loss      | 1.66     |
|    critic_loss     | 0.197    |
|    ent_coef        | 0.005    |
|    learning_rate   | 0.0001   |
|    n_updates       | 19804    |
---------------------------------
---------------------------------
| rollout/           |          |
|    ep_len_mean     | 116      |
|    ep_rew_mean     | -11.3    |
| time/              |          |
|    episodes        | 272      |
|    fps             | 0        |
|    time_elapsed    | 58421    |
|    total_timesteps | 22405    |
| train/             |          |
|    actor_loss      | 1.83     |
|    critic_loss     | 0.268    |
|    ent_coef        | 0.005    |
|    learning_rate   | 0.0001   |
|    n_updates       | 20404    |
---------------------------------
---------------------------------
| rollout/           |          |
|    ep_len_mean     | 119      |
|    ep_rew_mean     | -10.8    |
| time/              |          |
|    episodes        | 276      |
|    fps             | 0        |
|    time_elapsed    | 59640    |
|    total_timesteps | 23005    |
| train/             |          |
|    actor_loss      | 1.08     |
|    critic_loss     | 0.149    |
|    ent_coef        | 0.005    |
|    learning_rate   | 0.0001   |
|    n_updates       | 21004    |
---------------------------------
---------------------------------
| rollout/           |          |
|    ep_len_mean     | 121      |
|    ep_rew_mean     | -10.3    |
| time/              |          |
|    episodes        | 280      |
|    fps             | 0        |
|    time_elapsed    | 60739    |
|    total_timesteps | 23550    |
| train/             |          |
|    actor_loss      | 0.947    |
|    critic_loss     | 0.107    |
|    ent_coef        | 0.005    |
|    learning_rate   | 0.0001   |
|    n_updates       | 21549    |
---------------------------------
---------------------------------
| rollout/           |          |
|    ep_len_mean     | 121      |
|    ep_rew_mean     | -11      |
| time/              |          |
|    episodes        | 284      |
|    fps             | 0        |
|    time_elapsed    | 61805    |
|    total_timesteps | 24073    |
| train/             |          |
|    actor_loss      | 1.32     |
|    critic_loss     | 0.184    |
|    ent_coef        | 0.005    |
|    learning_rate   | 0.0001   |
|    n_updates       | 22072    |
---------------------------------
---------------------------------
| rollout/           |          |
|    ep_len_mean     | 124      |
|    ep_rew_mean     | -9.19    |
| time/              |          |
|    episodes        | 288      |
|    fps             | 0        |
|    time_elapsed    | 63048    |
|    total_timesteps | 24673    |
| train/             |          |
|    actor_loss      | 0.927    |
|    critic_loss     | 0.104    |
|    ent_coef        | 0.005    |
|    learning_rate   | 0.0001   |
|    n_updates       | 22672    |
---------------------------------
---------------------------------
| rollout/           |          |
|    ep_len_mean     | 124      |
|    ep_rew_mean     | -9.14    |
| time/              |          |
|    episodes        | 292      |
|    fps             | 0        |
|    time_elapsed    | 63939    |
|    total_timesteps | 25107    |
| train/             |          |
|    actor_loss      | 1.44     |
|    critic_loss     | 0.233    |
|    ent_coef        | 0.005    |
|    learning_rate   | 0.0001   |
|    n_updates       | 23106    |
---------------------------------
---------------------------------
| rollout/           |          |
|    ep_len_mean     | 125      |
|    ep_rew_mean     | -9.89    |
| time/              |          |
|    episodes        | 296      |
|    fps             | 0        |
|    time_elapsed    | 64984    |
|    total_timesteps | 25608    |
| train/             |          |
|    actor_loss      | 1.52     |
|    critic_loss     | 0.272    |
|    ent_coef        | 0.005    |
|    learning_rate   | 0.0001   |
|    n_updates       | 23607    |
---------------------------------
---------------------------------
| rollout/           |          |
|    ep_len_mean     | 127      |
|    ep_rew_mean     | -9.37    |
| time/              |          |
|    episodes        | 300      |
|    fps             | 0        |
|    time_elapsed    | 66014    |
|    total_timesteps | 26110    |
| train/             |          |
|    actor_loss      | 1.44     |
|    critic_loss     | 0.168    |
|    ent_coef        | 0.005    |
|    learning_rate   | 0.0001   |
|    n_updates       | 24109    |
---------------------------------
---------------------------------
| rollout/           |          |
|    ep_len_mean     | 128      |
|    ep_rew_mean     | -10.2    |
| time/              |          |
|    episodes        | 304      |
|    fps             | 0        |
|    time_elapsed    | 67082    |
|    total_timesteps | 26636    |
| train/             |          |
|    actor_loss      | 1.41     |
|    critic_loss     | 0.448    |
|    ent_coef        | 0.005    |
|    learning_rate   | 0.0001   |
|    n_updates       | 24635    |
---------------------------------
---------------------------------
| rollout/           |          |
|    ep_len_mean     | 129      |
|    ep_rew_mean     | -10.5    |
| time/              |          |
|    episodes        | 308      |
|    fps             | 0        |
|    time_elapsed    | 68311    |
|    total_timesteps | 27236    |
| train/             |          |
|    actor_loss      | 1.04     |
|    critic_loss     | 0.143    |
|    ent_coef        | 0.005    |
|    learning_rate   | 0.0001   |
|    n_updates       | 25235    |
---------------------------------
---------------------------------
| rollout/           |          |
|    ep_len_mean     | 129      |
|    ep_rew_mean     | -10.4    |
| time/              |          |
|    episodes        | 312      |
|    fps             | 0        |
|    time_elapsed    | 69546    |
|    total_timesteps | 27836    |
| train/             |          |
|    actor_loss      | 1.16     |
|    critic_loss     | 0.185    |
|    ent_coef        | 0.005    |
|    learning_rate   | 0.0001   |
|    n_updates       | 25835    |
---------------------------------
---------------------------------
| rollout/           |          |
|    ep_len_mean     | 129      |
|    ep_rew_mean     | -10.5    |
| time/              |          |
|    episodes        | 316      |
|    fps             | 0        |
|    time_elapsed    | 70353    |
|    total_timesteps | 28232    |
| train/             |          |
|    actor_loss      | 1.5      |
|    critic_loss     | 0.18     |
|    ent_coef        | 0.005    |
|    learning_rate   | 0.0001   |
|    n_updates       | 26231    |
---------------------------------
---------------------------------
| rollout/           |          |
|    ep_len_mean     | 131      |
|    ep_rew_mean     | -10.6    |
| time/              |          |
|    episodes        | 320      |
|    fps             | 0        |
|    time_elapsed    | 71467    |
|    total_timesteps | 28779    |
| train/             |          |
|    actor_loss      | 1.06     |
|    critic_loss     | 0.448    |
|    ent_coef        | 0.005    |
|    learning_rate   | 0.0001   |
|    n_updates       | 26778    |
---------------------------------
---------------------------------
| rollout/           |          |
|    ep_len_mean     | 131      |
|    ep_rew_mean     | -10.6    |
| time/              |          |
|    episodes        | 324      |
|    fps             | 0        |
|    time_elapsed    | 72533    |
|    total_timesteps | 29298    |
| train/             |          |
|    actor_loss      | 1.18     |
|    critic_loss     | 0.2      |
|    ent_coef        | 0.005    |
|    learning_rate   | 0.0001   |
|    n_updates       | 27297    |
---------------------------------
---------------------------------
| rollout/           |          |
|    ep_len_mean     | 131      |
|    ep_rew_mean     | -10.6    |
| time/              |          |
|    episodes        | 328      |
|    fps             | 0        |
|    time_elapsed    | 73599    |
|    total_timesteps | 29818    |
| train/             |          |
|    actor_loss      | 1.12     |
|    critic_loss     | 0.137    |
|    ent_coef        | 0.005    |
|    learning_rate   | 0.0001   |
|    n_updates       | 27817    |
---------------------------------
---------------------------------
| rollout/           |          |
|    ep_len_mean     | 129      |
|    ep_rew_mean     | -11.2    |
| time/              |          |
|    episodes        | 332      |
|    fps             | 0        |
|    time_elapsed    | 74463    |
|    total_timesteps | 30237    |
| train/             |          |
|    actor_loss      | 1.09     |
|    critic_loss     | 0.128    |
|    ent_coef        | 0.005    |
|    learning_rate   | 0.0001   |
|    n_updates       | 28236    |
---------------------------------
---------------------------------
| rollout/           |          |
|    ep_len_mean     | 130      |
|    ep_rew_mean     | -10.8    |
| time/              |          |
|    episodes        | 336      |
|    fps             | 0        |
|    time_elapsed    | 75549    |
|    total_timesteps | 30761    |
| train/             |          |
|    actor_loss      | 1.69     |
|    critic_loss     | 0.19     |
|    ent_coef        | 0.005    |
|    learning_rate   | 0.0001   |
|    n_updates       | 28760    |
---------------------------------
---------------------------------
| rollout/           |          |
|    ep_len_mean     | 132      |
|    ep_rew_mean     | -10.5    |
| time/              |          |
|    episodes        | 340      |
|    fps             | 0        |
|    time_elapsed    | 76521    |
|    total_timesteps | 31232    |
| train/             |          |
|    actor_loss      | 1.14     |
|    critic_loss     | 0.141    |
|    ent_coef        | 0.005    |
|    learning_rate   | 0.0001   |
|    n_updates       | 29231    |
---------------------------------
---------------------------------
| rollout/           |          |
|    ep_len_mean     | 132      |
|    ep_rew_mean     | -10.7    |
| time/              |          |
|    episodes        | 344      |
|    fps             | 0        |
|    time_elapsed    | 77603    |
|    total_timesteps | 31757    |
| train/             |          |
|    actor_loss      | 1.11     |
|    critic_loss     | 0.16     |
|    ent_coef        | 0.005    |
|    learning_rate   | 0.0001   |
|    n_updates       | 29756    |
---------------------------------
---------------------------------
| rollout/           |          |
|    ep_len_mean     | 130      |
|    ep_rew_mean     | -11.6    |
| time/              |          |
|    episodes        | 348      |
|    fps             | 0        |
|    time_elapsed    | 78349    |
|    total_timesteps | 32121    |
| train/             |          |
|    actor_loss      | 1.23     |
|    critic_loss     | 0.658    |
|    ent_coef        | 0.005    |
|    learning_rate   | 0.0001   |
|    n_updates       | 30120    |
---------------------------------
---------------------------------
| rollout/           |          |
|    ep_len_mean     | 131      |
|    ep_rew_mean     | -11.5    |
| time/              |          |
|    episodes        | 352      |
|    fps             | 0        |
|    time_elapsed    | 79587    |
|    total_timesteps | 32721    |
| train/             |          |
|    actor_loss      | 1.08     |
|    critic_loss     | 0.272    |
|    ent_coef        | 0.005    |
|    learning_rate   | 0.0001   |
|    n_updates       | 30720    |
---------------------------------
---------------------------------
| rollout/           |          |
|    ep_len_mean     | 131      |
|    ep_rew_mean     | -11      |
| time/              |          |
|    episodes        | 356      |
|    fps             | 0        |
|    time_elapsed    | 80528    |
|    total_timesteps | 33175    |
| train/             |          |
|    actor_loss      | 1.18     |
|    critic_loss     | 0.146    |
|    ent_coef        | 0.005    |
|    learning_rate   | 0.0001   |
|    n_updates       | 31174    |
---------------------------------
---------------------------------
| rollout/           |          |
|    ep_len_mean     | 130      |
|    ep_rew_mean     | -11.8    |
| time/              |          |
|    episodes        | 360      |
|    fps             | 0        |
|    time_elapsed    | 81487    |
|    total_timesteps | 33639    |
| train/             |          |
|    actor_loss      | 0.936    |
|    critic_loss     | 0.183    |
|    ent_coef        | 0.005    |
|    learning_rate   | 0.0001   |
|    n_updates       | 31638    |
---------------------------------
---------------------------------
| rollout/           |          |
|    ep_len_mean     | 130      |
|    ep_rew_mean     | -11.8    |
| time/              |          |
|    episodes        | 364      |
|    fps             | 0        |
|    time_elapsed    | 82720    |
|    total_timesteps | 34239    |
| train/             |          |
|    actor_loss      | 1.68     |
|    critic_loss     | 0.145    |
|    ent_coef        | 0.005    |
|    learning_rate   | 0.0001   |
|    n_updates       | 32238    |
---------------------------------
---------------------------------
| rollout/           |          |
|    ep_len_mean     | 130      |
|    ep_rew_mean     | -11.5    |
| time/              |          |
|    episodes        | 368      |
|    fps             | 0        |
|    time_elapsed    | 83963    |
|    total_timesteps | 34839    |
| train/             |          |
|    actor_loss      | 1.98     |
|    critic_loss     | 0.397    |
|    ent_coef        | 0.005    |
|    learning_rate   | 0.0001   |
|    n_updates       | 32838    |
---------------------------------
---------------------------------
| rollout/           |          |
|    ep_len_mean     | 129      |
|    ep_rew_mean     | -11.9    |
| time/              |          |
|    episodes        | 372      |
|    fps             | 0        |
|    time_elapsed    | 84842    |
|    total_timesteps | 35267    |
| train/             |          |
|    actor_loss      | 1.44     |
|    critic_loss     | 0.267    |
|    ent_coef        | 0.005    |
|    learning_rate   | 0.0001   |
|    n_updates       | 33266    |
---------------------------------
---------------------------------
| rollout/           |          |
|    ep_len_mean     | 127      |
|    ep_rew_mean     | -11.9    |
| time/              |          |
|    episodes        | 376      |
|    fps             | 0        |
|    time_elapsed    | 85828    |
|    total_timesteps | 35750    |
| train/             |          |
|    actor_loss      | 1.79     |
|    critic_loss     | 0.313    |
|    ent_coef        | 0.005    |
|    learning_rate   | 0.0001   |
|    n_updates       | 33749    |
---------------------------------
---------------------------------
| rollout/           |          |
|    ep_len_mean     | 127      |
|    ep_rew_mean     | -12.2    |
| time/              |          |
|    episodes        | 380      |
|    fps             | 0        |
|    time_elapsed    | 86858    |
|    total_timesteps | 36251    |
| train/             |          |
|    actor_loss      | 1.38     |
|    critic_loss     | 0.153    |
|    ent_coef        | 0.005    |
|    learning_rate   | 0.0001   |
|    n_updates       | 34250    |
---------------------------------
---------------------------------
| rollout/           |          |
|    ep_len_mean     | 126      |
|    ep_rew_mean     | -11.5    |
| time/              |          |
|    episodes        | 384      |
|    fps             | 0        |
|    time_elapsed    | 87675    |
|    total_timesteps | 36636    |
| train/             |          |
|    actor_loss      | 0.693    |
|    critic_loss     | 0.151    |
|    ent_coef        | 0.005    |
|    learning_rate   | 0.0001   |
|    n_updates       | 34635    |
---------------------------------
---------------------------------
| rollout/           |          |
|    ep_len_mean     | 124      |
|    ep_rew_mean     | -12      |
| time/              |          |
|    episodes        | 388      |
|    fps             | 0        |
|    time_elapsed    | 88947    |
|    total_timesteps | 37114    |
| train/             |          |
|    actor_loss      | 0.825    |
|    critic_loss     | 0.157    |
|    ent_coef        | 0.005    |
|    learning_rate   | 0.0001   |
|    n_updates       | 35113    |
---------------------------------
---------------------------------
| rollout/           |          |
|    ep_len_mean     | 126      |
|    ep_rew_mean     | -11.3    |
| time/              |          |
|    episodes        | 392      |
|    fps             | 0        |
|    time_elapsed    | 90749    |
|    total_timesteps | 37714    |
| train/             |          |
|    actor_loss      | 1.4      |
|    critic_loss     | 0.119    |
|    ent_coef        | 0.005    |
|    learning_rate   | 0.0001   |
|    n_updates       | 35713    |
---------------------------------
---------------------------------
| rollout/           |          |
|    ep_len_mean     | 127      |
|    ep_rew_mean     | -10.2    |
| time/              |          |
|    episodes        | 396      |
|    fps             | 0        |
|    time_elapsed    | 92418    |
|    total_timesteps | 38281    |
| train/             |          |
|    actor_loss      | 1.35     |
|    critic_loss     | 0.146    |
|    ent_coef        | 0.005    |
|    learning_rate   | 0.0001   |
|    n_updates       | 36280    |
---------------------------------
---------------------------------
| rollout/           |          |
|    ep_len_mean     | 128      |
|    ep_rew_mean     | -10.1    |
| time/              |          |
|    episodes        | 400      |
|    fps             | 0        |
|    time_elapsed    | 94148    |
|    total_timesteps | 38881    |
| train/             |          |
|    actor_loss      | 1.02     |
|    critic_loss     | 0.136    |
|    ent_coef        | 0.005    |
|    learning_rate   | 0.0001   |
|    n_updates       | 36880    |
---------------------------------
---------------------------------
| rollout/           |          |
|    ep_len_mean     | 128      |
|    ep_rew_mean     | -8.96    |
| time/              |          |
|    episodes        | 404      |
|    fps             | 0        |
|    time_elapsed    | 95627    |
|    total_timesteps | 39481    |
| train/             |          |
|    actor_loss      | 1.07     |
|    critic_loss     | 0.11     |
|    ent_coef        | 0.005    |
|    learning_rate   | 0.0001   |
|    n_updates       | 37480    |
---------------------------------
---------------------------------
| rollout/           |          |
|    ep_len_mean     | 128      |
|    ep_rew_mean     | -8.81    |
| time/              |          |
|    episodes        | 408      |
|    fps             | 0        |
|    time_elapsed    | 96718    |
|    total_timesteps | 40003    |
| train/             |          |
|    actor_loss      | 0.916    |
|    critic_loss     | 0.252    |
|    ent_coef        | 0.005    |
|    learning_rate   | 0.0001   |
|    n_updates       | 38002    |
---------------------------------
---------------------------------
| rollout/           |          |
|    ep_len_mean     | 128      |
|    ep_rew_mean     | -8.63    |
| time/              |          |
|    episodes        | 412      |
|    fps             | 0        |
|    time_elapsed    | 97966    |
|    total_timesteps | 40603    |
| train/             |          |
|    actor_loss      | 1.13     |
|    critic_loss     | 0.215    |
|    ent_coef        | 0.005    |
|    learning_rate   | 0.0001   |
|    n_updates       | 38602    |
---------------------------------
---------------------------------
| rollout/           |          |
|    ep_len_mean     | 128      |
|    ep_rew_mean     | -8.49    |
| time/              |          |
|    episodes        | 416      |
|    fps             | 0        |
|    time_elapsed    | 99214    |
|    total_timesteps | 41054    |
| train/             |          |
|    actor_loss      | 0.719    |
|    critic_loss     | 0.0941   |
|    ent_coef        | 0.005    |
|    learning_rate   | 0.0001   |
|    n_updates       | 39053    |
---------------------------------
---------------------------------
| rollout/           |          |
|    ep_len_mean     | 127      |
|    ep_rew_mean     | -8.37    |
| time/              |          |
|    episodes        | 420      |
|    fps             | 0        |
|    time_elapsed    | 100457   |
|    total_timesteps | 41492    |
| train/             |          |
|    actor_loss      | 1.51     |
|    critic_loss     | 0.306    |
|    ent_coef        | 0.005    |
|    learning_rate   | 0.0001   |
|    n_updates       | 39491    |
---------------------------------
---------------------------------
| rollout/           |          |
|    ep_len_mean     | 125      |
|    ep_rew_mean     | -8.88    |
| time/              |          |
|    episodes        | 424      |
|    fps             | 0        |
|    time_elapsed    | 101372   |
|    total_timesteps | 41808    |
| train/             |          |
|    actor_loss      | 1.19     |
|    critic_loss     | 0.0898   |
|    ent_coef        | 0.005    |
|    learning_rate   | 0.0001   |
|    n_updates       | 39807    |
---------------------------------
---------------------------------
| rollout/           |          |
|    ep_len_mean     | 125      |
|    ep_rew_mean     | -9.15    |
| time/              |          |
|    episodes        | 428      |
|    fps             | 0        |
|    time_elapsed    | 102739   |
|    total_timesteps | 42275    |
| train/             |          |
|    actor_loss      | 1.04     |
|    critic_loss     | 0.241    |
|    ent_coef        | 0.005    |
|    learning_rate   | 0.0001   |
|    n_updates       | 40274    |
---------------------------------
---------------------------------
| rollout/           |          |
|    ep_len_mean     | 126      |
|    ep_rew_mean     | -8.71    |
| time/              |          |
|    episodes        | 432      |
|    fps             | 0        |
|    time_elapsed    | 104199   |
|    total_timesteps | 42788    |
| train/             |          |
|    actor_loss      | 1.28     |
|    critic_loss     | 0.277    |
|    ent_coef        | 0.005    |
|    learning_rate   | 0.0001   |
|    n_updates       | 40787    |
---------------------------------
---------------------------------
| rollout/           |          |
|    ep_len_mean     | 125      |
|    ep_rew_mean     | -8.52    |
| time/              |          |
|    episodes        | 436      |
|    fps             | 0        |
|    time_elapsed    | 105183   |
|    total_timesteps | 43263    |
| train/             |          |
|    actor_loss      | 1.07     |
|    critic_loss     | 1.67     |
|    ent_coef        | 0.005    |
|    learning_rate   | 0.0001   |
|    n_updates       | 41262    |
---------------------------------
---------------------------------
| rollout/           |          |
|    ep_len_mean     | 124      |
|    ep_rew_mean     | -8.55    |
| time/              |          |
|    episodes        | 440      |
|    fps             | 0        |
|    time_elapsed    | 106039   |
|    total_timesteps | 43679    |
| train/             |          |
|    actor_loss      | 1.14     |
|    critic_loss     | 0.111    |
|    ent_coef        | 0.005    |
|    learning_rate   | 0.0001   |
|    n_updates       | 41678    |
---------------------------------
---------------------------------
| rollout/           |          |
|    ep_len_mean     | 124      |
|    ep_rew_mean     | -8.56    |
| time/              |          |
|    episodes        | 444      |
|    fps             | 0        |
|    time_elapsed    | 106926   |
|    total_timesteps | 44109    |
| train/             |          |
|    actor_loss      | 1.08     |
|    critic_loss     | 0.805    |
|    ent_coef        | 0.005    |
|    learning_rate   | 0.0001   |
|    n_updates       | 42108    |
---------------------------------
---------------------------------
| rollout/           |          |
|    ep_len_mean     | 124      |
|    ep_rew_mean     | -8.35    |
| time/              |          |
|    episodes        | 448      |
|    fps             | 0        |
|    time_elapsed    | 107681   |
|    total_timesteps | 44476    |
| train/             |          |
|    actor_loss      | 1.28     |
|    critic_loss     | 0.295    |
|    ent_coef        | 0.005    |
|    learning_rate   | 0.0001   |
|    n_updates       | 42475    |
---------------------------------
---------------------------------
| rollout/           |          |
|    ep_len_mean     | 123      |
|    ep_rew_mean     | -8.31    |
| time/              |          |
|    episodes        | 452      |
|    fps             | 0        |
|    time_elapsed    | 108733   |
|    total_timesteps | 44986    |
| train/             |          |
|    actor_loss      | 1.07     |
|    critic_loss     | 0.284    |
|    ent_coef        | 0.005    |
|    learning_rate   | 0.0001   |
|    n_updates       | 42985    |
---------------------------------
---------------------------------
| rollout/           |          |
|    ep_len_mean     | 123      |
|    ep_rew_mean     | -8.31    |
| time/              |          |
|    episodes        | 456      |
|    fps             | 0        |
|    time_elapsed    | 109641   |
|    total_timesteps | 45429    |
| train/             |          |
|    actor_loss      | 0.702    |
|    critic_loss     | 0.0968   |
|    ent_coef        | 0.005    |
|    learning_rate   | 0.0001   |
|    n_updates       | 43428    |
---------------------------------
---------------------------------
| rollout/           |          |
|    ep_len_mean     | 121      |
|    ep_rew_mean     | -7.72    |
| time/              |          |
|    episodes        | 460      |
|    fps             | 0        |
|    time_elapsed    | 110325   |
|    total_timesteps | 45765    |
| train/             |          |
|    actor_loss      | 1.35     |
|    critic_loss     | 0.395    |
|    ent_coef        | 0.005    |
|    learning_rate   | 0.0001   |
|    n_updates       | 43764    |
---------------------------------
---------------------------------
| rollout/           |          |
|    ep_len_mean     | 120      |
|    ep_rew_mean     | -8.19    |
| time/              |          |
|    episodes        | 464      |
|    fps             | 0        |
|    time_elapsed    | 111344   |
|    total_timesteps | 46261    |
| train/             |          |
|    actor_loss      | 1.57     |
|    critic_loss     | 0.446    |
|    ent_coef        | 0.005    |
|    learning_rate   | 0.0001   |
|    n_updates       | 44260    |
---------------------------------
---------------------------------
| rollout/           |          |
|    ep_len_mean     | 119      |
|    ep_rew_mean     | -8.41    |
| time/              |          |
|    episodes        | 468      |
|    fps             | 0        |
|    time_elapsed    | 112404   |
|    total_timesteps | 46778    |
| train/             |          |
|    actor_loss      | 0.848    |
|    critic_loss     | 0.0998   |
|    ent_coef        | 0.005    |
|    learning_rate   | 0.0001   |
|    n_updates       | 44777    |
---------------------------------
---------------------------------
| rollout/           |          |
|    ep_len_mean     | 120      |
|    ep_rew_mean     | -8.18    |
| time/              |          |
|    episodes        | 472      |
|    fps             | 0        |
|    time_elapsed    | 113445   |
|    total_timesteps | 47282    |
| train/             |          |
|    actor_loss      | 1.34     |
|    critic_loss     | 0.191    |
|    ent_coef        | 0.005    |
|    learning_rate   | 0.0001   |
|    n_updates       | 45281    |
---------------------------------
---------------------------------
| rollout/           |          |
|    ep_len_mean     | 121      |
|    ep_rew_mean     | -7.98    |
| time/              |          |
|    episodes        | 476      |
|    fps             | 0        |
|    time_elapsed    | 114566   |
|    total_timesteps | 47829    |
| train/             |          |
|    actor_loss      | 0.816    |
|    critic_loss     | 0.111    |
|    ent_coef        | 0.005    |
|    learning_rate   | 0.0001   |
|    n_updates       | 45828    |
---------------------------------
---------------------------------
| rollout/           |          |
|    ep_len_mean     | 121      |
|    ep_rew_mean     | -7.72    |
| time/              |          |
|    episodes        | 480      |
|    fps             | 0        |
|    time_elapsed    | 115674   |
|    total_timesteps | 48370    |
| train/             |          |
|    actor_loss      | 0.753    |
|    critic_loss     | 0.171    |
|    ent_coef        | 0.005    |
|    learning_rate   | 0.0001   |
|    n_updates       | 46369    |
---------------------------------
---------------------------------
| rollout/           |          |
|    ep_len_mean     | 121      |
|    ep_rew_mean     | -7.96    |
| time/              |          |
|    episodes        | 484      |
|    fps             | 0        |
|    time_elapsed    | 116435   |
|    total_timesteps | 48739    |
| train/             |          |
|    actor_loss      | 1.75     |
|    critic_loss     | 0.231    |
|    ent_coef        | 0.005    |
|    learning_rate   | 0.0001   |
|    n_updates       | 46738    |
---------------------------------
---------------------------------
| rollout/           |          |
|    ep_len_mean     | 121      |
|    ep_rew_mean     | -8       |
| time/              |          |
|    episodes        | 488      |
|    fps             | 0        |
|    time_elapsed    | 117381   |
|    total_timesteps | 49199    |
| train/             |          |
|    actor_loss      | 0.819    |
|    critic_loss     | 0.154    |
|    ent_coef        | 0.005    |
|    learning_rate   | 0.0001   |
|    n_updates       | 47198    |
---------------------------------
---------------------------------
| rollout/           |          |
|    ep_len_mean     | 120      |
|    ep_rew_mean     | -8.46    |
| time/              |          |
|    episodes        | 492      |
|    fps             | 0        |
|    time_elapsed    | 118416   |
|    total_timesteps | 49705    |
| train/             |          |
|    actor_loss      | 0.727    |
|    critic_loss     | 0.228    |
|    ent_coef        | 0.005    |
|    learning_rate   | 0.0001   |
|    n_updates       | 47704    |
---------------------------------
---------------------------------
| rollout/           |          |
|    ep_len_mean     | 120      |
|    ep_rew_mean     | -7.84    |
| time/              |          |
|    episodes        | 496      |
|    fps             | 0        |
|    time_elapsed    | 119690   |
|    total_timesteps | 50305    |
| train/             |          |
|    actor_loss      | 1.42     |
|    critic_loss     | 0.155    |
|    ent_coef        | 0.005    |
|    learning_rate   | 0.0001   |
|    n_updates       | 48304    |
---------------------------------
---------------------------------
| rollout/           |          |
|    ep_len_mean     | 120      |
|    ep_rew_mean     | -7.84    |
| time/              |          |
|    episodes        | 500      |
|    fps             | 0        |
|    time_elapsed    | 120791   |
|    total_timesteps | 50836    |
| train/             |          |
|    actor_loss      | 1.21     |
|    critic_loss     | 0.157    |
|    ent_coef        | 0.005    |
|    learning_rate   | 0.0001   |
|    n_updates       | 48835    |
---------------------------------
---------------------------------
| rollout/           |          |
|    ep_len_mean     | 117      |
|    ep_rew_mean     | -8.36    |
| time/              |          |
|    episodes        | 504      |
|    fps             | 0        |
|    time_elapsed    | 121766   |
|    total_timesteps | 51196    |
| train/             |          |
|    actor_loss      | 0.797    |
|    critic_loss     | 0.113    |
|    ent_coef        | 0.005    |
|    learning_rate   | 0.0001   |
|    n_updates       | 49195    |
---------------------------------
---------------------------------
| rollout/           |          |
|    ep_len_mean     | 117      |
|    ep_rew_mean     | -8.56    |
| time/              |          |
|    episodes        | 508      |
|    fps             | 0        |
|    time_elapsed    | 123266   |
|    total_timesteps | 51719    |
| train/             |          |
|    actor_loss      | 1.2      |
|    critic_loss     | 0.122    |
|    ent_coef        | 0.005    |
|    learning_rate   | 0.0001   |
|    n_updates       | 49718    |
---------------------------------
---------------------------------
| rollout/           |          |
|    ep_len_mean     | 117      |
|    ep_rew_mean     | -8.54    |
| time/              |          |
|    episodes        | 512      |
|    fps             | 0        |
|    time_elapsed    | 124991   |
|    total_timesteps | 52319    |
| train/             |          |
|    actor_loss      | 0.866    |
|    critic_loss     | 0.193    |
|    ent_coef        | 0.005    |
|    learning_rate   | 0.0001   |
|    n_updates       | 50318    |
---------------------------------
---------------------------------
| rollout/           |          |
|    ep_len_mean     | 119      |
|    ep_rew_mean     | -8.09    |
| time/              |          |
|    episodes        | 516      |
|    fps             | 0        |
|    time_elapsed    | 126684   |
|    total_timesteps | 52919    |
| train/             |          |
|    actor_loss      | 1.01     |
|    critic_loss     | 0.0956   |
|    ent_coef        | 0.005    |
|    learning_rate   | 0.0001   |
|    n_updates       | 50918    |
---------------------------------
---------------------------------
| rollout/           |          |
|    ep_len_mean     | 119      |
|    ep_rew_mean     | -8.51    |
| time/              |          |
|    episodes        | 520      |
|    fps             | 0        |
|    time_elapsed    | 128189   |
|    total_timesteps | 53410    |
| train/             |          |
|    actor_loss      | 1.31     |
|    critic_loss     | 0.435    |
|    ent_coef        | 0.005    |
|    learning_rate   | 0.0001   |
|    n_updates       | 51409    |
---------------------------------
---------------------------------
| rollout/           |          |
|    ep_len_mean     | 121      |
|    ep_rew_mean     | -7.92    |
| time/              |          |
|    episodes        | 524      |
|    fps             | 0        |
|    time_elapsed    | 129269   |
|    total_timesteps | 53909    |
| train/             |          |
|    actor_loss      | 1.16     |
|    critic_loss     | 0.116    |
|    ent_coef        | 0.005    |
|    learning_rate   | 0.0001   |
|    n_updates       | 51908    |
---------------------------------
---------------------------------
| rollout/           |          |
|    ep_len_mean     | 122      |
|    ep_rew_mean     | -7.48    |
| time/              |          |
|    episodes        | 528      |
|    fps             | 0        |
|    time_elapsed    | 130496   |
|    total_timesteps | 54485    |
| train/             |          |
|    actor_loss      | 0.778    |
|    critic_loss     | 0.141    |
|    ent_coef        | 0.005    |
|    learning_rate   | 0.0001   |
|    n_updates       | 52484    |
---------------------------------
---------------------------------
| rollout/           |          |
|    ep_len_mean     | 123      |
|    ep_rew_mean     | -7.26    |
| time/              |          |
|    episodes        | 532      |
|    fps             | 0        |
|    time_elapsed    | 131797   |
|    total_timesteps | 55085    |
| train/             |          |
|    actor_loss      | 1.34     |
|    critic_loss     | 0.241    |
|    ent_coef        | 0.005    |
|    learning_rate   | 0.0001   |
|    n_updates       | 53084    |
---------------------------------
---------------------------------
| rollout/           |          |
|    ep_len_mean     | 124      |
|    ep_rew_mean     | -6.91    |
| time/              |          |
|    episodes        | 536      |
|    fps             | 0        |
|    time_elapsed    | 133090   |
|    total_timesteps | 55685    |
| train/             |          |
|    actor_loss      | 1.16     |
|    critic_loss     | 0.162    |
|    ent_coef        | 0.005    |
|    learning_rate   | 0.0001   |
|    n_updates       | 53684    |
---------------------------------
---------------------------------
| rollout/           |          |
|    ep_len_mean     | 126      |
|    ep_rew_mean     | -6.4     |
| time/              |          |
|    episodes        | 540      |
|    fps             | 0        |
|    time_elapsed    | 134393   |
|    total_timesteps | 56285    |
| train/             |          |
|    actor_loss      | 0.861    |
|    critic_loss     | 0.178    |
|    ent_coef        | 0.005    |
|    learning_rate   | 0.0001   |
|    n_updates       | 54284    |
---------------------------------
---------------------------------
| rollout/           |          |
|    ep_len_mean     | 127      |
|    ep_rew_mean     | -6.15    |
| time/              |          |
|    episodes        | 544      |
|    fps             | 0        |
|    time_elapsed    | 135435   |
|    total_timesteps | 56764    |
| train/             |          |
|    actor_loss      | 1.06     |
|    critic_loss     | 0.122    |
|    ent_coef        | 0.005    |
|    learning_rate   | 0.0001   |
|    n_updates       | 54763    |
---------------------------------
---------------------------------
| rollout/           |          |
|    ep_len_mean     | 126      |
|    ep_rew_mean     | -6.15    |
| time/              |          |
|    episodes        | 548      |
|    fps             | 0        |
|    time_elapsed    | 136239   |
|    total_timesteps | 57111    |
| train/             |          |
|    actor_loss      | 0.671    |
|    critic_loss     | 0.138    |
|    ent_coef        | 0.005    |
|    learning_rate   | 0.0001   |
|    n_updates       | 55110    |
---------------------------------
---------------------------------
| rollout/           |          |
|    ep_len_mean     | 127      |
|    ep_rew_mean     | -6.9     |
| time/              |          |
|    episodes        | 552      |
|    fps             | 0        |
|    time_elapsed    | 137386   |
|    total_timesteps | 57641    |
| train/             |          |
|    actor_loss      | 0.784    |
|    critic_loss     | 0.853    |
|    ent_coef        | 0.005    |
|    learning_rate   | 0.0001   |
|    n_updates       | 55640    |
---------------------------------
---------------------------------
| rollout/           |          |
|    ep_len_mean     | 127      |
|    ep_rew_mean     | -6.65    |
| time/              |          |
|    episodes        | 556      |
|    fps             | 0        |
|    time_elapsed    | 138493   |
|    total_timesteps | 58131    |
| train/             |          |
|    actor_loss      | 1.18     |
|    critic_loss     | 0.267    |
|    ent_coef        | 0.005    |
|    learning_rate   | 0.0001   |
|    n_updates       | 56130    |
---------------------------------
---------------------------------
| rollout/           |          |
|    ep_len_mean     | 129      |
|    ep_rew_mean     | -6.15    |
| time/              |          |
|    episodes        | 560      |
|    fps             | 0        |
|    time_elapsed    | 139643   |
|    total_timesteps | 58670    |
| train/             |          |
|    actor_loss      | 1.39     |
|    critic_loss     | 0.192    |
|    ent_coef        | 0.005    |
|    learning_rate   | 0.0001   |
|    n_updates       | 56669    |
---------------------------------
---------------------------------
| rollout/           |          |
|    ep_len_mean     | 129      |
|    ep_rew_mean     | -6.18    |
| time/              |          |
|    episodes        | 564      |
|    fps             | 0        |
|    time_elapsed    | 140716   |
|    total_timesteps | 59176    |
| train/             |          |
|    actor_loss      | 1.08     |
|    critic_loss     | 0.132    |
|    ent_coef        | 0.005    |
|    learning_rate   | 0.0001   |
|    n_updates       | 57175    |
---------------------------------
---------------------------------
| rollout/           |          |
|    ep_len_mean     | 128      |
|    ep_rew_mean     | -6.44    |
| time/              |          |
|    episodes        | 568      |
|    fps             | 0        |
|    time_elapsed    | 141675   |
|    total_timesteps | 59626    |
| train/             |          |
|    actor_loss      | 1.4      |
|    critic_loss     | 0.115    |
|    ent_coef        | 0.005    |
|    learning_rate   | 0.0001   |
|    n_updates       | 57625    |
---------------------------------
