Using cuda device
Wrapping the env in a DummyVecEnv.
Logging to D:\py\DRL2\logs\t12_train\sac_mpc_radial_262502\tensorboard\SAC_1
---------------------------------
| rollout/           |          |
|    ep_len_mean     | 58.2     |
|    ep_rew_mean     | -59.5    |
| time/              |          |
|    episodes        | 4        |
|    fps             | 0        |
|    time_elapsed    | 599      |
|    total_timesteps | 233      |
---------------------------------
---------------------------------
| rollout/           |          |
|    ep_len_mean     | 43.9     |
|    ep_rew_mean     | -41      |
| time/              |          |
|    episodes        | 8        |
|    fps             | 0        |
|    time_elapsed    | 891      |
|    total_timesteps | 351      |
---------------------------------
---------------------------------
| rollout/           |          |
|    ep_len_mean     | 43.1     |
|    ep_rew_mean     | -34.6    |
| time/              |          |
|    episodes        | 12       |
|    fps             | 0        |
|    time_elapsed    | 1281     |
|    total_timesteps | 517      |
---------------------------------
---------------------------------
| rollout/           |          |
|    ep_len_mean     | 41.1     |
|    ep_rew_mean     | -31.4    |
| time/              |          |
|    episodes        | 16       |
|    fps             | 0        |
|    time_elapsed    | 1560     |
|    total_timesteps | 658      |
---------------------------------
---------------------------------
| rollout/           |          |
|    ep_len_mean     | 40.5     |
|    ep_rew_mean     | -29.6    |
| time/              |          |
|    episodes        | 20       |
|    fps             | 0        |
|    time_elapsed    | 1965     |
|    total_timesteps | 810      |
---------------------------------
---------------------------------
| rollout/           |          |
|    ep_len_mean     | 43.5     |
|    ep_rew_mean     | -28.2    |
| time/              |          |
|    episodes        | 24       |
|    fps             | 0        |
|    time_elapsed    | 2548     |
|    total_timesteps | 1043     |
---------------------------------
---------------------------------
| rollout/           |          |
|    ep_len_mean     | 45.9     |
|    ep_rew_mean     | -27.3    |
| time/              |          |
|    episodes        | 28       |
|    fps             | 0        |
|    time_elapsed    | 3023     |
|    total_timesteps | 1284     |
---------------------------------
---------------------------------
| rollout/           |          |
|    ep_len_mean     | 47.8     |
|    ep_rew_mean     | -27.7    |
| time/              |          |
|    episodes        | 32       |
|    fps             | 0        |
|    time_elapsed    | 3679     |
|    total_timesteps | 1530     |
---------------------------------
---------------------------------
| rollout/           |          |
|    ep_len_mean     | 47.6     |
|    ep_rew_mean     | -27.1    |
| time/              |          |
|    episodes        | 36       |
|    fps             | 0        |
|    time_elapsed    | 4165     |
|    total_timesteps | 1714     |
---------------------------------
---------------------------------
| rollout/           |          |
|    ep_len_mean     | 47.5     |
|    ep_rew_mean     | -26.6    |
| time/              |          |
|    episodes        | 40       |
|    fps             | 0        |
|    time_elapsed    | 4654     |
|    total_timesteps | 1899     |
---------------------------------
---------------------------------
| rollout/           |          |
|    ep_len_mean     | 47.1     |
|    ep_rew_mean     | -26.3    |
| time/              |          |
|    episodes        | 44       |
|    fps             | 0        |
|    time_elapsed    | 5110     |
|    total_timesteps | 2072     |
| train/             |          |
|    actor_loss      | 0.733    |
|    critic_loss     | 11.2     |
|    ent_coef        | 0.005    |
|    learning_rate   | 0.0001   |
|    n_updates       | 71       |
---------------------------------
---------------------------------
| rollout/           |          |
|    ep_len_mean     | 48       |
|    ep_rew_mean     | -25.4    |
| time/              |          |
|    episodes        | 48       |
|    fps             | 0        |
|    time_elapsed    | 5763     |
|    total_timesteps | 2303     |
| train/             |          |
|    actor_loss      | 0.413    |
|    critic_loss     | 3.94     |
|    ent_coef        | 0.005    |
|    learning_rate   | 0.0001   |
|    n_updates       | 302      |
---------------------------------
---------------------------------
| rollout/           |          |
|    ep_len_mean     | 47.8     |
|    ep_rew_mean     | -25.2    |
| time/              |          |
|    episodes        | 52       |
|    fps             | 0        |
|    time_elapsed    | 6271     |
|    total_timesteps | 2484     |
| train/             |          |
|    actor_loss      | 0.6      |
|    critic_loss     | 3.61     |
|    ent_coef        | 0.005    |
|    learning_rate   | 0.0001   |
|    n_updates       | 483      |
---------------------------------
---------------------------------
| rollout/           |          |
|    ep_len_mean     | 47.6     |
|    ep_rew_mean     | -24.9    |
| time/              |          |
|    episodes        | 56       |
|    fps             | 0        |
|    time_elapsed    | 6778     |
|    total_timesteps | 2667     |
| train/             |          |
|    actor_loss      | 0.549    |
|    critic_loss     | 1.35     |
|    ent_coef        | 0.005    |
|    learning_rate   | 0.0001   |
|    n_updates       | 666      |
---------------------------------
---------------------------------
| rollout/           |          |
|    ep_len_mean     | 50.4     |
|    ep_rew_mean     | -24.3    |
| time/              |          |
|    episodes        | 60       |
|    fps             | 0        |
|    time_elapsed    | 7812     |
|    total_timesteps | 3025     |
| train/             |          |
|    actor_loss      | 0.639    |
|    critic_loss     | 0.792    |
|    ent_coef        | 0.005    |
|    learning_rate   | 0.0001   |
|    n_updates       | 1024     |
---------------------------------
---------------------------------
| rollout/           |          |
|    ep_len_mean     | 52.2     |
|    ep_rew_mean     | -24.6    |
| time/              |          |
|    episodes        | 64       |
|    fps             | 0        |
|    time_elapsed    | 8643     |
|    total_timesteps | 3339     |
| train/             |          |
|    actor_loss      | 0.86     |
|    critic_loss     | 1.13     |
|    ent_coef        | 0.005    |
|    learning_rate   | 0.0001   |
|    n_updates       | 1338     |
---------------------------------
---------------------------------
| rollout/           |          |
|    ep_len_mean     | 53.2     |
|    ep_rew_mean     | -24.4    |
| time/              |          |
|    episodes        | 68       |
|    fps             | 0        |
|    time_elapsed    | 9400     |
|    total_timesteps | 3618     |
| train/             |          |
|    actor_loss      | 0.922    |
|    critic_loss     | 0.411    |
|    ent_coef        | 0.005    |
|    learning_rate   | 0.0001   |
|    n_updates       | 1617     |
---------------------------------
---------------------------------
| rollout/           |          |
|    ep_len_mean     | 53.8     |
|    ep_rew_mean     | -24.2    |
| time/              |          |
|    episodes        | 72       |
|    fps             | 0        |
|    time_elapsed    | 10118    |
|    total_timesteps | 3871     |
| train/             |          |
|    actor_loss      | 0.987    |
|    critic_loss     | 1.39     |
|    ent_coef        | 0.005    |
|    learning_rate   | 0.0001   |
|    n_updates       | 1870     |
---------------------------------
---------------------------------
| rollout/           |          |
|    ep_len_mean     | 54       |
|    ep_rew_mean     | -24      |
| time/              |          |
|    episodes        | 76       |
|    fps             | 0        |
|    time_elapsed    | 10774    |
|    total_timesteps | 4104     |
| train/             |          |
|    actor_loss      | 1.27     |
|    critic_loss     | 2.37     |
|    ent_coef        | 0.005    |
|    learning_rate   | 0.0001   |
|    n_updates       | 2103     |
---------------------------------
---------------------------------
| rollout/           |          |
|    ep_len_mean     | 55.7     |
|    ep_rew_mean     | -23.7    |
| time/              |          |
|    episodes        | 80       |
|    fps             | 0        |
|    time_elapsed    | 11776    |
|    total_timesteps | 4454     |
| train/             |          |
|    actor_loss      | 0.97     |
|    critic_loss     | 0.874    |
|    ent_coef        | 0.005    |
|    learning_rate   | 0.0001   |
|    n_updates       | 2453     |
---------------------------------
---------------------------------
| rollout/           |          |
|    ep_len_mean     | 55.2     |
|    ep_rew_mean     | -23.6    |
| time/              |          |
|    episodes        | 84       |
|    fps             | 0        |
|    time_elapsed    | 12288    |
|    total_timesteps | 4640     |
| train/             |          |
|    actor_loss      | 0.989    |
|    critic_loss     | 0.259    |
|    ent_coef        | 0.005    |
|    learning_rate   | 0.0001   |
|    n_updates       | 2639     |
---------------------------------
---------------------------------
| rollout/           |          |
|    ep_len_mean     | 59.5     |
|    ep_rew_mean     | -22.4    |
| time/              |          |
|    episodes        | 88       |
|    fps             | 0        |
|    time_elapsed    | 14027    |
|    total_timesteps | 5240     |
| train/             |          |
|    actor_loss      | 1        |
|    critic_loss     | 0.348    |
|    ent_coef        | 0.005    |
|    learning_rate   | 0.0001   |
|    n_updates       | 3239     |
---------------------------------
---------------------------------
| rollout/           |          |
|    ep_len_mean     | 60.1     |
|    ep_rew_mean     | -22.1    |
| time/              |          |
|    episodes        | 92       |
|    fps             | 0        |
|    time_elapsed    | 14830    |
|    total_timesteps | 5528     |
| train/             |          |
|    actor_loss      | 0.946    |
|    critic_loss     | 0.997    |
|    ent_coef        | 0.005    |
|    learning_rate   | 0.0001   |
|    n_updates       | 3527     |
---------------------------------
---------------------------------
| rollout/           |          |
|    ep_len_mean     | 60.7     |
|    ep_rew_mean     | -21.8    |
| time/              |          |
|    episodes        | 96       |
|    fps             | 0        |
|    time_elapsed    | 15629    |
|    total_timesteps | 5823     |
| train/             |          |
|    actor_loss      | 0.888    |
|    critic_loss     | 0.204    |
|    ent_coef        | 0.005    |
|    learning_rate   | 0.0001   |
|    n_updates       | 3822     |
---------------------------------
---------------------------------
| rollout/           |          |
|    ep_len_mean     | 60.7     |
|    ep_rew_mean     | -21.6    |
| time/              |          |
|    episodes        | 100      |
|    fps             | 0        |
|    time_elapsed    | 16301    |
|    total_timesteps | 6067     |
| train/             |          |
|    actor_loss      | 1.02     |
|    critic_loss     | 0.574    |
|    ent_coef        | 0.005    |
|    learning_rate   | 0.0001   |
|    n_updates       | 4066     |
---------------------------------
---------------------------------
| rollout/           |          |
|    ep_len_mean     | 61.5     |
|    ep_rew_mean     | -19.8    |
| time/              |          |
|    episodes        | 104      |
|    fps             | 0        |
|    time_elapsed    | 17178    |
|    total_timesteps | 6387     |
| train/             |          |
|    actor_loss      | 0.814    |
|    critic_loss     | 0.112    |
|    ent_coef        | 0.005    |
|    learning_rate   | 0.0001   |
|    n_updates       | 4386     |
---------------------------------
---------------------------------
| rollout/           |          |
|    ep_len_mean     | 62.9     |
|    ep_rew_mean     | -19.5    |
| time/              |          |
|    episodes        | 108      |
|    fps             | 0        |
|    time_elapsed    | 17855    |
|    total_timesteps | 6637     |
| train/             |          |
|    actor_loss      | 1.19     |
|    critic_loss     | 0.655    |
|    ent_coef        | 0.005    |
|    learning_rate   | 0.0001   |
|    n_updates       | 4636     |
---------------------------------
---------------------------------
| rollout/           |          |
|    ep_len_mean     | 65.4     |
|    ep_rew_mean     | -19.3    |
| time/              |          |
|    episodes        | 112      |
|    fps             | 0        |
|    time_elapsed    | 19020    |
|    total_timesteps | 7061     |
| train/             |          |
|    actor_loss      | 0.952    |
|    critic_loss     | 0.287    |
|    ent_coef        | 0.005    |
|    learning_rate   | 0.0001   |
|    n_updates       | 5060     |
---------------------------------
---------------------------------
| rollout/           |          |
|    ep_len_mean     | 66.7     |
|    ep_rew_mean     | -19      |
| time/              |          |
|    episodes        | 116      |
|    fps             | 0        |
|    time_elapsed    | 19925    |
|    total_timesteps | 7331     |
| train/             |          |
|    actor_loss      | 1.12     |
|    critic_loss     | 0.453    |
|    ent_coef        | 0.005    |
|    learning_rate   | 0.0001   |
|    n_updates       | 5330     |
---------------------------------
---------------------------------
| rollout/           |          |
|    ep_len_mean     | 67.2     |
|    ep_rew_mean     | -19      |
| time/              |          |
|    episodes        | 120      |
|    fps             | 0        |
|    time_elapsed    | 20472    |
|    total_timesteps | 7535     |
| train/             |          |
|    actor_loss      | 1.06     |
|    critic_loss     | 0.192    |
|    ent_coef        | 0.005    |
|    learning_rate   | 0.0001   |
|    n_updates       | 5534     |
---------------------------------
---------------------------------
| rollout/           |          |
|    ep_len_mean     | 70.1     |
|    ep_rew_mean     | -19.2    |
| time/              |          |
|    episodes        | 124      |
|    fps             | 0        |
|    time_elapsed    | 21878    |
|    total_timesteps | 8053     |
| train/             |          |
|    actor_loss      | 1.32     |
|    critic_loss     | 1.15     |
|    ent_coef        | 0.005    |
|    learning_rate   | 0.0001   |
|    n_updates       | 6052     |
---------------------------------
---------------------------------
| rollout/           |          |
|    ep_len_mean     | 71.5     |
|    ep_rew_mean     | -21      |
| time/              |          |
|    episodes        | 128      |
|    fps             | 0        |
|    time_elapsed    | 22929    |
|    total_timesteps | 8438     |
| train/             |          |
|    actor_loss      | 1.39     |
|    critic_loss     | 0.978    |
|    ent_coef        | 0.005    |
|    learning_rate   | 0.0001   |
|    n_updates       | 6437     |
---------------------------------
---------------------------------
| rollout/           |          |
|    ep_len_mean     | 71.9     |
|    ep_rew_mean     | -20.4    |
| time/              |          |
|    episodes        | 132      |
|    fps             | 0        |
|    time_elapsed    | 23689    |
|    total_timesteps | 8722     |
| train/             |          |
|    actor_loss      | 0.983    |
|    critic_loss     | 0.662    |
|    ent_coef        | 0.005    |
|    learning_rate   | 0.0001   |
|    n_updates       | 6721     |
---------------------------------
---------------------------------
| rollout/           |          |
|    ep_len_mean     | 74.3     |
|    ep_rew_mean     | -19.9    |
| time/              |          |
|    episodes        | 136      |
|    fps             | 0        |
|    time_elapsed    | 24848    |
|    total_timesteps | 9148     |
| train/             |          |
|    actor_loss      | 1.07     |
|    critic_loss     | 1.57     |
|    ent_coef        | 0.005    |
|    learning_rate   | 0.0001   |
|    n_updates       | 7147     |
---------------------------------
---------------------------------
| rollout/           |          |
|    ep_len_mean     | 77.1     |
|    ep_rew_mean     | -19.4    |
| time/              |          |
|    episodes        | 140      |
|    fps             | 0        |
|    time_elapsed    | 26090    |
|    total_timesteps | 9606     |
| train/             |          |
|    actor_loss      | 1.07     |
|    critic_loss     | 0.616    |
|    ent_coef        | 0.005    |
|    learning_rate   | 0.0001   |
|    n_updates       | 7605     |
---------------------------------
---------------------------------
| rollout/           |          |
|    ep_len_mean     | 79.4     |
|    ep_rew_mean     | -18.8    |
| time/              |          |
|    episodes        | 144      |
|    fps             | 0        |
|    time_elapsed    | 27199    |
|    total_timesteps | 10009    |
| train/             |          |
|    actor_loss      | 1.15     |
|    critic_loss     | 0.396    |
|    ent_coef        | 0.005    |
|    learning_rate   | 0.0001   |
|    n_updates       | 8008     |
---------------------------------
---------------------------------
| rollout/           |          |
|    ep_len_mean     | 82.1     |
|    ep_rew_mean     | -18.6    |
| time/              |          |
|    episodes        | 148      |
|    fps             | 0        |
|    time_elapsed    | 28572    |
|    total_timesteps | 10511    |
| train/             |          |
|    actor_loss      | 1.03     |
|    critic_loss     | 0.468    |
|    ent_coef        | 0.005    |
|    learning_rate   | 0.0001   |
|    n_updates       | 8510     |
---------------------------------
---------------------------------
| rollout/           |          |
|    ep_len_mean     | 84.4     |
|    ep_rew_mean     | -18.1    |
| time/              |          |
|    episodes        | 152      |
|    fps             | 0        |
|    time_elapsed    | 29692    |
|    total_timesteps | 10923    |
| train/             |          |
|    actor_loss      | 1.14     |
|    critic_loss     | 0.175    |
|    ent_coef        | 0.005    |
|    learning_rate   | 0.0001   |
|    n_updates       | 8922     |
---------------------------------
---------------------------------
| rollout/           |          |
|    ep_len_mean     | 87.5     |
|    ep_rew_mean     | -20.6    |
| time/              |          |
|    episodes        | 156      |
|    fps             | 0        |
|    time_elapsed    | 31068    |
|    total_timesteps | 11419    |
| train/             |          |
|    actor_loss      | 1.07     |
|    critic_loss     | 0.323    |
|    ent_coef        | 0.005    |
|    learning_rate   | 0.0001   |
|    n_updates       | 9418     |
---------------------------------
---------------------------------
| rollout/           |          |
|    ep_len_mean     | 88.9     |
|    ep_rew_mean     | -20.1    |
| time/              |          |
|    episodes        | 160      |
|    fps             | 0        |
|    time_elapsed    | 32413    |
|    total_timesteps | 11915    |
| train/             |          |
|    actor_loss      | 0.709    |
|    critic_loss     | 0.215    |
|    ent_coef        | 0.005    |
|    learning_rate   | 0.0001   |
|    n_updates       | 9914     |
---------------------------------
---------------------------------
| rollout/           |          |
|    ep_len_mean     | 87.8     |
|    ep_rew_mean     | -19.8    |
| time/              |          |
|    episodes        | 164      |
|    fps             | 0        |
|    time_elapsed    | 32979    |
|    total_timesteps | 12123    |
| train/             |          |
|    actor_loss      | 0.805    |
|    critic_loss     | 0.543    |
|    ent_coef        | 0.005    |
|    learning_rate   | 0.0001   |
|    n_updates       | 10122    |
---------------------------------
---------------------------------
| rollout/           |          |
|    ep_len_mean     | 89.8     |
|    ep_rew_mean     | -19.5    |
| time/              |          |
|    episodes        | 168      |
|    fps             | 0        |
|    time_elapsed    | 34280    |
|    total_timesteps | 12599    |
| train/             |          |
|    actor_loss      | 1.19     |
|    critic_loss     | 0.679    |
|    ent_coef        | 0.005    |
|    learning_rate   | 0.0001   |
|    n_updates       | 10598    |
---------------------------------
---------------------------------
| rollout/           |          |
|    ep_len_mean     | 91.4     |
|    ep_rew_mean     | -19      |
| time/              |          |
|    episodes        | 172      |
|    fps             | 0        |
|    time_elapsed    | 35405    |
|    total_timesteps | 13014    |
| train/             |          |
|    actor_loss      | 0.949    |
|    critic_loss     | 0.16     |
|    ent_coef        | 0.005    |
|    learning_rate   | 0.0001   |
|    n_updates       | 11013    |
---------------------------------
---------------------------------
| rollout/           |          |
|    ep_len_mean     | 95.1     |
|    ep_rew_mean     | -19.8    |
| time/              |          |
|    episodes        | 176      |
|    fps             | 0        |
|    time_elapsed    | 37181    |
|    total_timesteps | 13614    |
| train/             |          |
|    actor_loss      | 0.711    |
|    critic_loss     | 0.72     |
|    ent_coef        | 0.005    |
|    learning_rate   | 0.0001   |
|    n_updates       | 11613    |
---------------------------------
---------------------------------
| rollout/           |          |
|    ep_len_mean     | 95.5     |
|    ep_rew_mean     | -19.6    |
| time/              |          |
|    episodes        | 180      |
|    fps             | 0        |
|    time_elapsed    | 38338    |
|    total_timesteps | 14004    |
| train/             |          |
|    actor_loss      | 0.758    |
|    critic_loss     | 0.252    |
|    ent_coef        | 0.005    |
|    learning_rate   | 0.0001   |
|    n_updates       | 12003    |
---------------------------------
---------------------------------
| rollout/           |          |
|    ep_len_mean     | 96.9     |
|    ep_rew_mean     | -19.3    |
| time/              |          |
|    episodes        | 184      |
|    fps             | 0        |
|    time_elapsed    | 39321    |
|    total_timesteps | 14333    |
| train/             |          |
|    actor_loss      | 1.19     |
|    critic_loss     | 0.304    |
|    ent_coef        | 0.005    |
|    learning_rate   | 0.0001   |
|    n_updates       | 12332    |
---------------------------------
---------------------------------
| rollout/           |          |
|    ep_len_mean     | 92.2     |
|    ep_rew_mean     | -20.3    |
| time/              |          |
|    episodes        | 188      |
|    fps             | 0        |
|    time_elapsed    | 39696    |
|    total_timesteps | 14461    |
| train/             |          |
|    actor_loss      | 0.996    |
|    critic_loss     | 0.446    |
|    ent_coef        | 0.005    |
|    learning_rate   | 0.0001   |
|    n_updates       | 12460    |
---------------------------------
---------------------------------
| rollout/           |          |
|    ep_len_mean     | 92       |
|    ep_rew_mean     | -20.6    |
| time/              |          |
|    episodes        | 192      |
|    fps             | 0        |
|    time_elapsed    | 40487    |
|    total_timesteps | 14731    |
| train/             |          |
|    actor_loss      | 1.17     |
|    critic_loss     | 0.7      |
|    ent_coef        | 0.005    |
|    learning_rate   | 0.0001   |
|    n_updates       | 12730    |
---------------------------------
---------------------------------
| rollout/           |          |
|    ep_len_mean     | 92.9     |
|    ep_rew_mean     | -20.3    |
| time/              |          |
|    episodes        | 196      |
|    fps             | 0        |
|    time_elapsed    | 41621    |
|    total_timesteps | 15114    |
| train/             |          |
|    actor_loss      | 1.37     |
|    critic_loss     | 1.48     |
|    ent_coef        | 0.005    |
|    learning_rate   | 0.0001   |
|    n_updates       | 13113    |
---------------------------------
---------------------------------
| rollout/           |          |
|    ep_len_mean     | 94.9     |
|    ep_rew_mean     | -20      |
| time/              |          |
|    episodes        | 200      |
|    fps             | 0        |
|    time_elapsed    | 42732    |
|    total_timesteps | 15556    |
| train/             |          |
|    actor_loss      | 0.909    |
|    critic_loss     | 0.202    |
|    ent_coef        | 0.005    |
|    learning_rate   | 0.0001   |
|    n_updates       | 13555    |
---------------------------------
---------------------------------
| rollout/           |          |
|    ep_len_mean     | 94.1     |
|    ep_rew_mean     | -21      |
| time/              |          |
|    episodes        | 204      |
|    fps             | 0        |
|    time_elapsed    | 43250    |
|    total_timesteps | 15796    |
| train/             |          |
|    actor_loss      | 1.23     |
|    critic_loss     | 0.318    |
|    ent_coef        | 0.005    |
|    learning_rate   | 0.0001   |
|    n_updates       | 13795    |
---------------------------------
---------------------------------
| rollout/           |          |
|    ep_len_mean     | 95.8     |
|    ep_rew_mean     | -22      |
| time/              |          |
|    episodes        | 208      |
|    fps             | 0        |
|    time_elapsed    | 44234    |
|    total_timesteps | 16217    |
| train/             |          |
|    actor_loss      | 1.2      |
|    critic_loss     | 0.273    |
|    ent_coef        | 0.005    |
|    learning_rate   | 0.0001   |
|    n_updates       | 14216    |
---------------------------------
---------------------------------
| rollout/           |          |
|    ep_len_mean     | 94.8     |
|    ep_rew_mean     | -22      |
| time/              |          |
|    episodes        | 212      |
|    fps             | 0        |
|    time_elapsed    | 45189    |
|    total_timesteps | 16537    |
| train/             |          |
|    actor_loss      | 1.42     |
|    critic_loss     | 0.542    |
|    ent_coef        | 0.005    |
|    learning_rate   | 0.0001   |
|    n_updates       | 14536    |
---------------------------------
---------------------------------
| rollout/           |          |
|    ep_len_mean     | 96       |
|    ep_rew_mean     | -22.1    |
| time/              |          |
|    episodes        | 216      |
|    fps             | 0        |
|    time_elapsed    | 46357    |
|    total_timesteps | 16930    |
| train/             |          |
|    actor_loss      | 1.26     |
|    critic_loss     | 0.345    |
|    ent_coef        | 0.005    |
|    learning_rate   | 0.0001   |
|    n_updates       | 14929    |
---------------------------------
---------------------------------
| rollout/           |          |
|    ep_len_mean     | 97       |
|    ep_rew_mean     | -21.8    |
| time/              |          |
|    episodes        | 220      |
|    fps             | 0        |
|    time_elapsed    | 47259    |
|    total_timesteps | 17233    |
| train/             |          |
|    actor_loss      | 1.02     |
|    critic_loss     | 0.654    |
|    ent_coef        | 0.005    |
|    learning_rate   | 0.0001   |
|    n_updates       | 15232    |
---------------------------------
---------------------------------
| rollout/           |          |
|    ep_len_mean     | 94.8     |
|    ep_rew_mean     | -21.3    |
| time/              |          |
|    episodes        | 224      |
|    fps             | 0        |
|    time_elapsed    | 48103    |
|    total_timesteps | 17537    |
| train/             |          |
|    actor_loss      | 1.21     |
|    critic_loss     | 0.299    |
|    ent_coef        | 0.005    |
|    learning_rate   | 0.0001   |
|    n_updates       | 15536    |
---------------------------------
---------------------------------
| rollout/           |          |
|    ep_len_mean     | 95.3     |
|    ep_rew_mean     | -19.7    |
| time/              |          |
|    episodes        | 228      |
|    fps             | 0        |
|    time_elapsed    | 49052    |
|    total_timesteps | 17971    |
| train/             |          |
|    actor_loss      | 0.967    |
|    critic_loss     | 0.258    |
|    ent_coef        | 0.005    |
|    learning_rate   | 0.0001   |
|    n_updates       | 15970    |
---------------------------------
---------------------------------
| rollout/           |          |
|    ep_len_mean     | 97.5     |
|    ep_rew_mean     | -19.4    |
| time/              |          |
|    episodes        | 232      |
|    fps             | 0        |
|    time_elapsed    | 50140    |
|    total_timesteps | 18470    |
| train/             |          |
|    actor_loss      | 0.997    |
|    critic_loss     | 0.308    |
|    ent_coef        | 0.005    |
|    learning_rate   | 0.0001   |
|    n_updates       | 16469    |
---------------------------------
---------------------------------
| rollout/           |          |
|    ep_len_mean     | 99.2     |
|    ep_rew_mean     | -20.2    |
| time/              |          |
|    episodes        | 236      |
|    fps             | 0        |
|    time_elapsed    | 51578    |
|    total_timesteps | 19070    |
| train/             |          |
|    actor_loss      | 1.02     |
|    critic_loss     | 0.384    |
|    ent_coef        | 0.005    |
|    learning_rate   | 0.0001   |
|    n_updates       | 17069    |
---------------------------------
---------------------------------
| rollout/           |          |
|    ep_len_mean     | 100      |
|    ep_rew_mean     | -20      |
| time/              |          |
|    episodes        | 240      |
|    fps             | 0        |
|    time_elapsed    | 53289    |
|    total_timesteps | 19625    |
| train/             |          |
|    actor_loss      | 1.31     |
|    critic_loss     | 0.269    |
|    ent_coef        | 0.005    |
|    learning_rate   | 0.0001   |
|    n_updates       | 17624    |
---------------------------------
---------------------------------
| rollout/           |          |
|    ep_len_mean     | 100      |
|    ep_rew_mean     | -20      |
| time/              |          |
|    episodes        | 244      |
|    fps             | 0        |
|    time_elapsed    | 54122    |
|    total_timesteps | 20018    |
| train/             |          |
|    actor_loss      | 0.91     |
|    critic_loss     | 0.334    |
|    ent_coef        | 0.005    |
|    learning_rate   | 0.0001   |
|    n_updates       | 18017    |
---------------------------------
---------------------------------
| rollout/           |          |
|    ep_len_mean     | 98.2     |
|    ep_rew_mean     | -20.2    |
| time/              |          |
|    episodes        | 248      |
|    fps             | 0        |
|    time_elapsed    | 54747    |
|    total_timesteps | 20330    |
| train/             |          |
|    actor_loss      | 1.11     |
|    critic_loss     | 0.281    |
|    ent_coef        | 0.005    |
|    learning_rate   | 0.0001   |
|    n_updates       | 18329    |
---------------------------------
---------------------------------
| rollout/           |          |
|    ep_len_mean     | 98.3     |
|    ep_rew_mean     | -20.1    |
| time/              |          |
|    episodes        | 252      |
|    fps             | 0        |
|    time_elapsed    | 55614    |
|    total_timesteps | 20757    |
| train/             |          |
|    actor_loss      | 0.899    |
|    critic_loss     | 0.162    |
|    ent_coef        | 0.005    |
|    learning_rate   | 0.0001   |
|    n_updates       | 18756    |
---------------------------------
---------------------------------
| rollout/           |          |
|    ep_len_mean     | 99.4     |
|    ep_rew_mean     | -16.7    |
| time/              |          |
|    episodes        | 256      |
|    fps             | 0        |
|    time_elapsed    | 56849    |
|    total_timesteps | 21357    |
| train/             |          |
|    actor_loss      | 1.03     |
|    critic_loss     | 0.356    |
|    ent_coef        | 0.005    |
|    learning_rate   | 0.0001   |
|    n_updates       | 19356    |
---------------------------------
---------------------------------
| rollout/           |          |
|    ep_len_mean     | 99.5     |
|    ep_rew_mean     | -17.2    |
| time/              |          |
|    episodes        | 260      |
|    fps             | 0        |
|    time_elapsed    | 57874    |
|    total_timesteps | 21865    |
| train/             |          |
|    actor_loss      | 0.923    |
|    critic_loss     | 0.319    |
|    ent_coef        | 0.005    |
|    learning_rate   | 0.0001   |
|    n_updates       | 19864    |
---------------------------------
---------------------------------
| rollout/           |          |
|    ep_len_mean     | 103      |
|    ep_rew_mean     | -16.5    |
| time/              |          |
|    episodes        | 264      |
|    fps             | 0        |
|    time_elapsed    | 59077    |
|    total_timesteps | 22451    |
| train/             |          |
|    actor_loss      | 0.697    |
|    critic_loss     | 0.245    |
|    ent_coef        | 0.005    |
|    learning_rate   | 0.0001   |
|    n_updates       | 20450    |
---------------------------------
---------------------------------
| rollout/           |          |
|    ep_len_mean     | 103      |
|    ep_rew_mean     | -16.2    |
| time/              |          |
|    episodes        | 268      |
|    fps             | 0        |
|    time_elapsed    | 60059    |
|    total_timesteps | 22933    |
| train/             |          |
|    actor_loss      | 1.2      |
|    critic_loss     | 0.514    |
|    ent_coef        | 0.005    |
|    learning_rate   | 0.0001   |
|    n_updates       | 20932    |
---------------------------------
---------------------------------
| rollout/           |          |
|    ep_len_mean     | 102      |
|    ep_rew_mean     | -16.5    |
| time/              |          |
|    episodes        | 272      |
|    fps             | 0        |
|    time_elapsed    | 60718    |
|    total_timesteps | 23258    |
| train/             |          |
|    actor_loss      | 0.742    |
|    critic_loss     | 0.162    |
|    ent_coef        | 0.005    |
|    learning_rate   | 0.0001   |
|    n_updates       | 21257    |
---------------------------------
---------------------------------
| rollout/           |          |
|    ep_len_mean     | 101      |
|    ep_rew_mean     | -15.2    |
| time/              |          |
|    episodes        | 276      |
|    fps             | 0        |
|    time_elapsed    | 61750    |
|    total_timesteps | 23761    |
| train/             |          |
|    actor_loss      | 0.791    |
|    critic_loss     | 0.128    |
|    ent_coef        | 0.005    |
|    learning_rate   | 0.0001   |
|    n_updates       | 21760    |
---------------------------------
---------------------------------
| rollout/           |          |
|    ep_len_mean     | 101      |
|    ep_rew_mean     | -15.2    |
| time/              |          |
|    episodes        | 280      |
|    fps             | 0        |
|    time_elapsed    | 62532    |
|    total_timesteps | 24136    |
| train/             |          |
|    actor_loss      | 1.15     |
|    critic_loss     | 0.196    |
|    ent_coef        | 0.005    |
|    learning_rate   | 0.0001   |
|    n_updates       | 22135    |
---------------------------------
---------------------------------
| rollout/           |          |
|    ep_len_mean     | 102      |
|    ep_rew_mean     | -14.9    |
| time/              |          |
|    episodes        | 284      |
|    fps             | 0        |
|    time_elapsed    | 63333    |
|    total_timesteps | 24521    |
| train/             |          |
|    actor_loss      | 0.713    |
|    critic_loss     | 0.156    |
|    ent_coef        | 0.005    |
|    learning_rate   | 0.0001   |
|    n_updates       | 22520    |
---------------------------------
---------------------------------
| rollout/           |          |
|    ep_len_mean     | 106      |
|    ep_rew_mean     | -14.2    |
| time/              |          |
|    episodes        | 288      |
|    fps             | 0        |
|    time_elapsed    | 64380    |
|    total_timesteps | 25021    |
| train/             |          |
|    actor_loss      | 0.871    |
|    critic_loss     | 0.33     |
|    ent_coef        | 0.005    |
|    learning_rate   | 0.0001   |
|    n_updates       | 23020    |
---------------------------------
---------------------------------
| rollout/           |          |
|    ep_len_mean     | 109      |
|    ep_rew_mean     | -13.7    |
| time/              |          |
|    episodes        | 292      |
|    fps             | 0        |
|    time_elapsed    | 65611    |
|    total_timesteps | 25616    |
| train/             |          |
|    actor_loss      | 1.13     |
|    critic_loss     | 0.212    |
|    ent_coef        | 0.005    |
|    learning_rate   | 0.0001   |
|    n_updates       | 23615    |
---------------------------------
---------------------------------
| rollout/           |          |
|    ep_len_mean     | 109      |
|    ep_rew_mean     | -13.7    |
| time/              |          |
|    episodes        | 296      |
|    fps             | 0        |
|    time_elapsed    | 66519    |
|    total_timesteps | 26058    |
| train/             |          |
|    actor_loss      | 0.838    |
|    critic_loss     | 0.181    |
|    ent_coef        | 0.005    |
|    learning_rate   | 0.0001   |
|    n_updates       | 24057    |
---------------------------------
---------------------------------
| rollout/           |          |
|    ep_len_mean     | 111      |
|    ep_rew_mean     | -17.1    |
| time/              |          |
|    episodes        | 300      |
|    fps             | 0        |
|    time_elapsed    | 67758    |
|    total_timesteps | 26658    |
| train/             |          |
|    actor_loss      | 1.03     |
|    critic_loss     | 0.296    |
|    ent_coef        | 0.005    |
|    learning_rate   | 0.0001   |
|    n_updates       | 24657    |
---------------------------------
---------------------------------
| rollout/           |          |
|    ep_len_mean     | 113      |
|    ep_rew_mean     | -16.2    |
| time/              |          |
|    episodes        | 304      |
|    fps             | 0        |
|    time_elapsed    | 68653    |
|    total_timesteps | 27095    |
| train/             |          |
|    actor_loss      | 0.899    |
|    critic_loss     | 0.726    |
|    ent_coef        | 0.005    |
|    learning_rate   | 0.0001   |
|    n_updates       | 25094    |
---------------------------------
---------------------------------
| rollout/           |          |
|    ep_len_mean     | 114      |
|    ep_rew_mean     | -14.8    |
| time/              |          |
|    episodes        | 308      |
|    fps             | 0        |
|    time_elapsed    | 69690    |
|    total_timesteps | 27589    |
| train/             |          |
|    actor_loss      | 1.12     |
|    critic_loss     | 0.259    |
|    ent_coef        | 0.005    |
|    learning_rate   | 0.0001   |
|    n_updates       | 25588    |
---------------------------------
---------------------------------
| rollout/           |          |
|    ep_len_mean     | 114      |
|    ep_rew_mean     | -14.5    |
| time/              |          |
|    episodes        | 312      |
|    fps             | 0        |
|    time_elapsed    | 70502    |
|    total_timesteps | 27977    |
| train/             |          |
|    actor_loss      | 0.933    |
|    critic_loss     | 0.22     |
|    ent_coef        | 0.005    |
|    learning_rate   | 0.0001   |
|    n_updates       | 25976    |
---------------------------------
---------------------------------
| rollout/           |          |
|    ep_len_mean     | 114      |
|    ep_rew_mean     | -14.4    |
| time/              |          |
|    episodes        | 316      |
|    fps             | 0        |
|    time_elapsed    | 71146    |
|    total_timesteps | 28291    |
| train/             |          |
|    actor_loss      | 1.44     |
|    critic_loss     | 0.989    |
|    ent_coef        | 0.005    |
|    learning_rate   | 0.0001   |
|    n_updates       | 26290    |
---------------------------------
---------------------------------
| rollout/           |          |
|    ep_len_mean     | 116      |
|    ep_rew_mean     | -14.5    |
| time/              |          |
|    episodes        | 320      |
|    fps             | 0        |
|    time_elapsed    | 72245    |
|    total_timesteps | 28821    |
| train/             |          |
|    actor_loss      | 0.926    |
|    critic_loss     | 0.179    |
|    ent_coef        | 0.005    |
|    learning_rate   | 0.0001   |
|    n_updates       | 26820    |
---------------------------------
---------------------------------
| rollout/           |          |
|    ep_len_mean     | 118      |
|    ep_rew_mean     | -14      |
| time/              |          |
|    episodes        | 324      |
|    fps             | 0        |
|    time_elapsed    | 73339    |
|    total_timesteps | 29339    |
| train/             |          |
|    actor_loss      | 0.842    |
|    critic_loss     | 0.222    |
|    ent_coef        | 0.005    |
|    learning_rate   | 0.0001   |
|    n_updates       | 27338    |
---------------------------------
---------------------------------
| rollout/           |          |
|    ep_len_mean     | 117      |
|    ep_rew_mean     | -13.4    |
| time/              |          |
|    episodes        | 328      |
|    fps             | 0        |
|    time_elapsed    | 74121    |
|    total_timesteps | 29714    |
| train/             |          |
|    actor_loss      | 1.02     |
|    critic_loss     | 0.122    |
|    ent_coef        | 0.005    |
|    learning_rate   | 0.0001   |
|    n_updates       | 27713    |
---------------------------------
---------------------------------
| rollout/           |          |
|    ep_len_mean     | 118      |
|    ep_rew_mean     | -13.5    |
| time/              |          |
|    episodes        | 332      |
|    fps             | 0        |
|    time_elapsed    | 75185    |
|    total_timesteps | 30224    |
| train/             |          |
|    actor_loss      | 1.17     |
|    critic_loss     | 0.534    |
|    ent_coef        | 0.005    |
|    learning_rate   | 0.0001   |
|    n_updates       | 28223    |
---------------------------------
---------------------------------
| rollout/           |          |
|    ep_len_mean     | 115      |
|    ep_rew_mean     | -13.3    |
| time/              |          |
|    episodes        | 336      |
|    fps             | 0        |
|    time_elapsed    | 75917    |
|    total_timesteps | 30571    |
| train/             |          |
|    actor_loss      | 0.939    |
|    critic_loss     | 0.327    |
|    ent_coef        | 0.005    |
|    learning_rate   | 0.0001   |
|    n_updates       | 28570    |
---------------------------------
---------------------------------
| rollout/           |          |
|    ep_len_mean     | 115      |
|    ep_rew_mean     | -13.7    |
| time/              |          |
|    episodes        | 340      |
|    fps             | 0        |
|    time_elapsed    | 77027    |
|    total_timesteps | 31108    |
| train/             |          |
|    actor_loss      | 0.952    |
|    critic_loss     | 0.289    |
|    ent_coef        | 0.005    |
|    learning_rate   | 0.0001   |
|    n_updates       | 29107    |
---------------------------------
---------------------------------
| rollout/           |          |
|    ep_len_mean     | 115      |
|    ep_rew_mean     | -15      |
| time/              |          |
|    episodes        | 344      |
|    fps             | 0        |
|    time_elapsed    | 77932    |
|    total_timesteps | 31538    |
| train/             |          |
|    actor_loss      | 0.77     |
|    critic_loss     | 0.414    |
|    ent_coef        | 0.005    |
|    learning_rate   | 0.0001   |
|    n_updates       | 29537    |
---------------------------------
---------------------------------
| rollout/           |          |
|    ep_len_mean     | 117      |
|    ep_rew_mean     | -15.8    |
| time/              |          |
|    episodes        | 348      |
|    fps             | 0        |
|    time_elapsed    | 79017    |
|    total_timesteps | 32060    |
| train/             |          |
|    actor_loss      | 1.15     |
|    critic_loss     | 0.206    |
|    ent_coef        | 0.005    |
|    learning_rate   | 0.0001   |
|    n_updates       | 30059    |
---------------------------------
---------------------------------
| rollout/           |          |
|    ep_len_mean     | 117      |
|    ep_rew_mean     | -15.8    |
| time/              |          |
|    episodes        | 352      |
|    fps             | 0        |
|    time_elapsed    | 79791    |
|    total_timesteps | 32433    |
| train/             |          |
|    actor_loss      | 0.64     |
|    critic_loss     | 0.148    |
|    ent_coef        | 0.005    |
|    learning_rate   | 0.0001   |
|    n_updates       | 30432    |
---------------------------------
---------------------------------
| rollout/           |          |
|    ep_len_mean     | 115      |
|    ep_rew_mean     | -16.6    |
| time/              |          |
|    episodes        | 356      |
|    fps             | 0        |
|    time_elapsed    | 80801    |
|    total_timesteps | 32904    |
| train/             |          |
|    actor_loss      | 0.887    |
|    critic_loss     | 0.156    |
|    ent_coef        | 0.005    |
|    learning_rate   | 0.0001   |
|    n_updates       | 30903    |
---------------------------------
---------------------------------
| rollout/           |          |
|    ep_len_mean     | 116      |
|    ep_rew_mean     | -17.6    |
| time/              |          |
|    episodes        | 360      |
|    fps             | 0        |
|    time_elapsed    | 82043    |
|    total_timesteps | 33504    |
| train/             |          |
|    actor_loss      | 1.22     |
|    critic_loss     | 0.231    |
|    ent_coef        | 0.005    |
|    learning_rate   | 0.0001   |
|    n_updates       | 31503    |
---------------------------------
---------------------------------
| rollout/           |          |
|    ep_len_mean     | 116      |
|    ep_rew_mean     | -17.7    |
| time/              |          |
|    episodes        | 364      |
|    fps             | 0        |
|    time_elapsed    | 83168    |
|    total_timesteps | 34041    |
| train/             |          |
|    actor_loss      | 0.976    |
|    critic_loss     | 0.299    |
|    ent_coef        | 0.005    |
|    learning_rate   | 0.0001   |
|    n_updates       | 32040    |
---------------------------------
---------------------------------
| rollout/           |          |
|    ep_len_mean     | 114      |
|    ep_rew_mean     | -17.9    |
| time/              |          |
|    episodes        | 368      |
|    fps             | 0        |
|    time_elapsed    | 83780    |
|    total_timesteps | 34338    |
| train/             |          |
|    actor_loss      | 0.902    |
|    critic_loss     | 0.409    |
|    ent_coef        | 0.005    |
|    learning_rate   | 0.0001   |
|    n_updates       | 32337    |
---------------------------------
---------------------------------
| rollout/           |          |
|    ep_len_mean     | 116      |
|    ep_rew_mean     | -17.5    |
| time/              |          |
|    episodes        | 372      |
|    fps             | 0        |
|    time_elapsed    | 84798    |
|    total_timesteps | 34822    |
| train/             |          |
|    actor_loss      | 0.711    |
|    critic_loss     | 0.284    |
|    ent_coef        | 0.005    |
|    learning_rate   | 0.0001   |
|    n_updates       | 32821    |
---------------------------------
---------------------------------
| rollout/           |          |
|    ep_len_mean     | 115      |
|    ep_rew_mean     | -17.5    |
| time/              |          |
|    episodes        | 376      |
|    fps             | 0        |
|    time_elapsed    | 85688    |
|    total_timesteps | 35249    |
| train/             |          |
|    actor_loss      | 0.8      |
|    critic_loss     | 0.26     |
|    ent_coef        | 0.005    |
|    learning_rate   | 0.0001   |
|    n_updates       | 33248    |
---------------------------------
---------------------------------
| rollout/           |          |
|    ep_len_mean     | 116      |
|    ep_rew_mean     | -18.1    |
| time/              |          |
|    episodes        | 380      |
|    fps             | 0        |
|    time_elapsed    | 86627    |
|    total_timesteps | 35706    |
| train/             |          |
|    actor_loss      | 1.09     |
|    critic_loss     | 0.542    |
|    ent_coef        | 0.005    |
|    learning_rate   | 0.0001   |
|    n_updates       | 33705    |
---------------------------------
---------------------------------
| rollout/           |          |
|    ep_len_mean     | 116      |
|    ep_rew_mean     | -18.1    |
| time/              |          |
|    episodes        | 384      |
|    fps             | 0        |
|    time_elapsed    | 87412    |
|    total_timesteps | 36081    |
| train/             |          |
|    actor_loss      | 0.931    |
|    critic_loss     | 0.173    |
|    ent_coef        | 0.005    |
|    learning_rate   | 0.0001   |
|    n_updates       | 34080    |
---------------------------------
---------------------------------
| rollout/           |          |
|    ep_len_mean     | 115      |
|    ep_rew_mean     | -18.9    |
| time/              |          |
|    episodes        | 388      |
|    fps             | 0        |
|    time_elapsed    | 88584    |
|    total_timesteps | 36547    |
| train/             |          |
|    actor_loss      | 0.881    |
|    critic_loss     | 0.28     |
|    ent_coef        | 0.005    |
|    learning_rate   | 0.0001   |
|    n_updates       | 34546    |
---------------------------------
---------------------------------
| rollout/           |          |
|    ep_len_mean     | 114      |
|    ep_rew_mean     | -19      |
| time/              |          |
|    episodes        | 392      |
|    fps             | 0        |
|    time_elapsed    | 89881    |
|    total_timesteps | 36971    |
| train/             |          |
|    actor_loss      | 1.03     |
|    critic_loss     | 0.288    |
|    ent_coef        | 0.005    |
|    learning_rate   | 0.0001   |
|    n_updates       | 34970    |
---------------------------------
---------------------------------
| rollout/           |          |
|    ep_len_mean     | 113      |
|    ep_rew_mean     | -19      |
| time/              |          |
|    episodes        | 396      |
|    fps             | 0        |
|    time_elapsed    | 91084    |
|    total_timesteps | 37371    |
| train/             |          |
|    actor_loss      | 0.669    |
|    critic_loss     | 0.404    |
|    ent_coef        | 0.005    |
|    learning_rate   | 0.0001   |
|    n_updates       | 35370    |
---------------------------------
---------------------------------
| rollout/           |          |
|    ep_len_mean     | 113      |
|    ep_rew_mean     | -15.1    |
| time/              |          |
|    episodes        | 400      |
|    fps             | 0        |
|    time_elapsed    | 92883    |
|    total_timesteps | 37971    |
| train/             |          |
|    actor_loss      | 0.954    |
|    critic_loss     | 0.223    |
|    ent_coef        | 0.005    |
|    learning_rate   | 0.0001   |
|    n_updates       | 35970    |
---------------------------------
---------------------------------
| rollout/           |          |
|    ep_len_mean     | 114      |
|    ep_rew_mean     | -15.5    |
| time/              |          |
|    episodes        | 404      |
|    fps             | 0        |
|    time_elapsed    | 94339    |
|    total_timesteps | 38479    |
| train/             |          |
|    actor_loss      | 1.27     |
|    critic_loss     | 0.394    |
|    ent_coef        | 0.005    |
|    learning_rate   | 0.0001   |
|    n_updates       | 36478    |
---------------------------------
---------------------------------
| rollout/           |          |
|    ep_len_mean     | 114      |
|    ep_rew_mean     | -18.6    |
| time/              |          |
|    episodes        | 408      |
|    fps             | 0        |
|    time_elapsed    | 95561    |
|    total_timesteps | 38972    |
| train/             |          |
|    actor_loss      | 0.7      |
|    critic_loss     | 0.174    |
|    ent_coef        | 0.005    |
|    learning_rate   | 0.0001   |
|    n_updates       | 36971    |
---------------------------------
---------------------------------
| rollout/           |          |
|    ep_len_mean     | 115      |
|    ep_rew_mean     | -18.6    |
| time/              |          |
|    episodes        | 412      |
|    fps             | 0        |
|    time_elapsed    | 96613    |
|    total_timesteps | 39473    |
| train/             |          |
|    actor_loss      | 1.08     |
|    critic_loss     | 0.421    |
|    ent_coef        | 0.005    |
|    learning_rate   | 0.0001   |
|    n_updates       | 37472    |
---------------------------------
---------------------------------
| rollout/           |          |
|    ep_len_mean     | 115      |
|    ep_rew_mean     | -18.6    |
| time/              |          |
|    episodes        | 416      |
|    fps             | 0        |
|    time_elapsed    | 97329    |
|    total_timesteps | 39810    |
| train/             |          |
|    actor_loss      | 0.919    |
|    critic_loss     | 0.146    |
|    ent_coef        | 0.005    |
|    learning_rate   | 0.0001   |
|    n_updates       | 37809    |
---------------------------------
---------------------------------
| rollout/           |          |
|    ep_len_mean     | 115      |
|    ep_rew_mean     | -18      |
| time/              |          |
|    episodes        | 420      |
|    fps             | 0        |
|    time_elapsed    | 98459    |
|    total_timesteps | 40307    |
| train/             |          |
|    actor_loss      | 1.12     |
|    critic_loss     | 0.455    |
|    ent_coef        | 0.005    |
|    learning_rate   | 0.0001   |
|    n_updates       | 38306    |
---------------------------------
---------------------------------
| rollout/           |          |
|    ep_len_mean     | 113      |
|    ep_rew_mean     | -18.2    |
| time/              |          |
|    episodes        | 424      |
|    fps             | 0        |
|    time_elapsed    | 99582    |
|    total_timesteps | 40688    |
| train/             |          |
|    actor_loss      | 0.625    |
|    critic_loss     | 0.113    |
|    ent_coef        | 0.005    |
|    learning_rate   | 0.0001   |
|    n_updates       | 38687    |
---------------------------------
---------------------------------
| rollout/           |          |
|    ep_len_mean     | 114      |
|    ep_rew_mean     | -18.5    |
| time/              |          |
|    episodes        | 428      |
|    fps             | 0        |
|    time_elapsed    | 100727   |
|    total_timesteps | 41084    |
| train/             |          |
|    actor_loss      | 1.03     |
|    critic_loss     | 0.249    |
|    ent_coef        | 0.005    |
|    learning_rate   | 0.0001   |
|    n_updates       | 39083    |
---------------------------------
---------------------------------
| rollout/           |          |
|    ep_len_mean     | 113      |
|    ep_rew_mean     | -18.7    |
| time/              |          |
|    episodes        | 432      |
|    fps             | 0        |
|    time_elapsed    | 101863   |
|    total_timesteps | 41476    |
| train/             |          |
|    actor_loss      | 0.714    |
|    critic_loss     | 0.445    |
|    ent_coef        | 0.005    |
|    learning_rate   | 0.0001   |
|    n_updates       | 39475    |
---------------------------------
---------------------------------
| rollout/           |          |
|    ep_len_mean     | 114      |
|    ep_rew_mean     | -18      |
| time/              |          |
|    episodes        | 436      |
|    fps             | 0        |
|    time_elapsed    | 103184   |
|    total_timesteps | 41923    |
| train/             |          |
|    actor_loss      | 1.27     |
|    critic_loss     | 0.887    |
|    ent_coef        | 0.005    |
|    learning_rate   | 0.0001   |
|    n_updates       | 39922    |
---------------------------------
---------------------------------
| rollout/           |          |
|    ep_len_mean     | 114      |
|    ep_rew_mean     | -19.2    |
| time/              |          |
|    episodes        | 440      |
|    fps             | 0        |
|    time_elapsed    | 104723   |
|    total_timesteps | 42523    |
| train/             |          |
|    actor_loss      | 1.06     |
|    critic_loss     | 0.525    |
|    ent_coef        | 0.005    |
|    learning_rate   | 0.0001   |
|    n_updates       | 40522    |
---------------------------------
---------------------------------
| rollout/           |          |
|    ep_len_mean     | 115      |
|    ep_rew_mean     | -18.9    |
| time/              |          |
|    episodes        | 444      |
|    fps             | 0        |
|    time_elapsed    | 105863   |
|    total_timesteps | 43068    |
| train/             |          |
|    actor_loss      | 1.1      |
|    critic_loss     | 0.249    |
|    ent_coef        | 0.005    |
|    learning_rate   | 0.0001   |
|    n_updates       | 41067    |
---------------------------------
---------------------------------
| rollout/           |          |
|    ep_len_mean     | 114      |
|    ep_rew_mean     | -17.8    |
| time/              |          |
|    episodes        | 448      |
|    fps             | 0        |
|    time_elapsed    | 106571   |
|    total_timesteps | 43414    |
| train/             |          |
|    actor_loss      | 0.552    |
|    critic_loss     | 0.385    |
|    ent_coef        | 0.005    |
|    learning_rate   | 0.0001   |
|    n_updates       | 41413    |
---------------------------------
---------------------------------
| rollout/           |          |
|    ep_len_mean     | 116      |
|    ep_rew_mean     | -18.8    |
| time/              |          |
|    episodes        | 452      |
|    fps             | 0        |
|    time_elapsed    | 107834   |
|    total_timesteps | 44014    |
| train/             |          |
|    actor_loss      | 0.68     |
|    critic_loss     | 0.209    |
|    ent_coef        | 0.005    |
|    learning_rate   | 0.0001   |
|    n_updates       | 42013    |
---------------------------------
---------------------------------
| rollout/           |          |
|    ep_len_mean     | 116      |
|    ep_rew_mean     | -18.6    |
| time/              |          |
|    episodes        | 456      |
|    fps             | 0        |
|    time_elapsed    | 108838   |
|    total_timesteps | 44496    |
| train/             |          |
|    actor_loss      | 0.941    |
|    critic_loss     | 0.31     |
|    ent_coef        | 0.005    |
|    learning_rate   | 0.0001   |
|    n_updates       | 42495    |
---------------------------------
---------------------------------
| rollout/           |          |
|    ep_len_mean     | 114      |
|    ep_rew_mean     | -17.6    |
| time/              |          |
|    episodes        | 460      |
|    fps             | 0        |
|    time_elapsed    | 109614   |
|    total_timesteps | 44874    |
| train/             |          |
|    actor_loss      | 1.08     |
|    critic_loss     | 0.323    |
|    ent_coef        | 0.005    |
|    learning_rate   | 0.0001   |
|    n_updates       | 42873    |
---------------------------------
---------------------------------
| rollout/           |          |
|    ep_len_mean     | 113      |
|    ep_rew_mean     | -17.9    |
| time/              |          |
|    episodes        | 464      |
|    fps             | 0        |
|    time_elapsed    | 110606   |
|    total_timesteps | 45354    |
| train/             |          |
|    actor_loss      | 0.938    |
|    critic_loss     | 0.158    |
|    ent_coef        | 0.005    |
|    learning_rate   | 0.0001   |
|    n_updates       | 43353    |
---------------------------------
---------------------------------
| rollout/           |          |
|    ep_len_mean     | 114      |
|    ep_rew_mean     | -17.6    |
| time/              |          |
|    episodes        | 468      |
|    fps             | 0        |
|    time_elapsed    | 111481   |
|    total_timesteps | 45774    |
| train/             |          |
|    actor_loss      | 1.25     |
|    critic_loss     | 0.42     |
|    ent_coef        | 0.005    |
|    learning_rate   | 0.0001   |
|    n_updates       | 43773    |
---------------------------------
---------------------------------
| rollout/           |          |
|    ep_len_mean     | 114      |
|    ep_rew_mean     | -17.8    |
| time/              |          |
|    episodes        | 472      |
|    fps             | 0        |
|    time_elapsed    | 112393   |
|    total_timesteps | 46219    |
| train/             |          |
|    actor_loss      | 0.672    |
|    critic_loss     | 0.354    |
|    ent_coef        | 0.005    |
|    learning_rate   | 0.0001   |
|    n_updates       | 44218    |
---------------------------------
---------------------------------
| rollout/           |          |
|    ep_len_mean     | 113      |
|    ep_rew_mean     | -18      |
| time/              |          |
|    episodes        | 476      |
|    fps             | 0        |
|    time_elapsed    | 113099   |
|    total_timesteps | 46560    |
| train/             |          |
|    actor_loss      | 1.05     |
|    critic_loss     | 0.516    |
|    ent_coef        | 0.005    |
|    learning_rate   | 0.0001   |
|    n_updates       | 44559    |
---------------------------------
---------------------------------
| rollout/           |          |
|    ep_len_mean     | 112      |
|    ep_rew_mean     | -17.3    |
| time/              |          |
|    episodes        | 480      |
|    fps             | 0        |
|    time_elapsed    | 113897   |
|    total_timesteps | 46947    |
| train/             |          |
|    actor_loss      | 0.825    |
|    critic_loss     | 0.406    |
|    ent_coef        | 0.005    |
|    learning_rate   | 0.0001   |
|    n_updates       | 44946    |
---------------------------------
---------------------------------
| rollout/           |          |
|    ep_len_mean     | 113      |
|    ep_rew_mean     | -17.6    |
| time/              |          |
|    episodes        | 484      |
|    fps             | 0        |
|    time_elapsed    | 114790   |
|    total_timesteps | 47382    |
| train/             |          |
|    actor_loss      | 0.78     |
|    critic_loss     | 0.281    |
|    ent_coef        | 0.005    |
|    learning_rate   | 0.0001   |
|    n_updates       | 45381    |
---------------------------------
---------------------------------
| rollout/           |          |
|    ep_len_mean     | 113      |
|    ep_rew_mean     | -16.9    |
| time/              |          |
|    episodes        | 488      |
|    fps             | 0        |
|    time_elapsed    | 115697   |
|    total_timesteps | 47819    |
| train/             |          |
|    actor_loss      | 0.803    |
|    critic_loss     | 0.762    |
|    ent_coef        | 0.005    |
|    learning_rate   | 0.0001   |
|    n_updates       | 45818    |
---------------------------------
---------------------------------
| rollout/           |          |
|    ep_len_mean     | 114      |
|    ep_rew_mean     | -17.4    |
| time/              |          |
|    episodes        | 492      |
|    fps             | 0        |
|    time_elapsed    | 116786   |
|    total_timesteps | 48339    |
| train/             |          |
|    actor_loss      | 0.936    |
|    critic_loss     | 0.363    |
|    ent_coef        | 0.005    |
|    learning_rate   | 0.0001   |
|    n_updates       | 46338    |
---------------------------------
---------------------------------
| rollout/           |          |
|    ep_len_mean     | 115      |
|    ep_rew_mean     | -17.2    |
| time/              |          |
|    episodes        | 496      |
|    fps             | 0        |
|    time_elapsed    | 117801   |
|    total_timesteps | 48825    |
| train/             |          |
|    actor_loss      | 0.382    |
|    critic_loss     | 0.348    |
|    ent_coef        | 0.005    |
|    learning_rate   | 0.0001   |
|    n_updates       | 46824    |
---------------------------------
---------------------------------
| rollout/           |          |
|    ep_len_mean     | 115      |
|    ep_rew_mean     | -17.6    |
| time/              |          |
|    episodes        | 500      |
|    fps             | 0        |
|    time_elapsed    | 119087   |
|    total_timesteps | 49425    |
| train/             |          |
|    actor_loss      | 0.772    |
|    critic_loss     | 0.459    |
|    ent_coef        | 0.005    |
|    learning_rate   | 0.0001   |
|    n_updates       | 47424    |
---------------------------------
---------------------------------
| rollout/           |          |
|    ep_len_mean     | 115      |
|    ep_rew_mean     | -16.7    |
| time/              |          |
|    episodes        | 504      |
|    fps             | 0        |
|    time_elapsed    | 120135   |
|    total_timesteps | 49931    |
| train/             |          |
|    actor_loss      | 1.05     |
|    critic_loss     | 0.159    |
|    ent_coef        | 0.005    |
|    learning_rate   | 0.0001   |
|    n_updates       | 47930    |
---------------------------------
---------------------------------
| rollout/           |          |
|    ep_len_mean     | 113      |
|    ep_rew_mean     | -14      |
| time/              |          |
|    episodes        | 508      |
|    fps             | 0        |
|    time_elapsed    | 120914   |
|    total_timesteps | 50303    |
| train/             |          |
|    actor_loss      | 0.674    |
|    critic_loss     | 0.238    |
|    ent_coef        | 0.005    |
|    learning_rate   | 0.0001   |
|    n_updates       | 48302    |
---------------------------------
---------------------------------
| rollout/           |          |
|    ep_len_mean     | 113      |
|    ep_rew_mean     | -13.9    |
| time/              |          |
|    episodes        | 512      |
|    fps             | 0        |
|    time_elapsed    | 122159   |
|    total_timesteps | 50739    |
| train/             |          |
|    actor_loss      | 1.1      |
|    critic_loss     | 0.387    |
|    ent_coef        | 0.005    |
|    learning_rate   | 0.0001   |
|    n_updates       | 48738    |
---------------------------------
---------------------------------
| rollout/           |          |
|    ep_len_mean     | 113      |
|    ep_rew_mean     | -15.3    |
| time/              |          |
|    episodes        | 516      |
|    fps             | 0        |
|    time_elapsed    | 123267   |
|    total_timesteps | 51124    |
| train/             |          |
|    actor_loss      | 0.978    |
|    critic_loss     | 0.168    |
|    ent_coef        | 0.005    |
|    learning_rate   | 0.0001   |
|    n_updates       | 49123    |
---------------------------------
---------------------------------
| rollout/           |          |
|    ep_len_mean     | 114      |
|    ep_rew_mean     | -15.3    |
| time/              |          |
|    episodes        | 520      |
|    fps             | 0        |
|    time_elapsed    | 124805   |
|    total_timesteps | 51659    |
| train/             |          |
|    actor_loss      | 1.15     |
|    critic_loss     | 0.265    |
|    ent_coef        | 0.005    |
|    learning_rate   | 0.0001   |
|    n_updates       | 49658    |
---------------------------------
---------------------------------
| rollout/           |          |
|    ep_len_mean     | 115      |
|    ep_rew_mean     | -15.8    |
| time/              |          |
|    episodes        | 524      |
|    fps             | 0        |
|    time_elapsed    | 126179   |
|    total_timesteps | 52139    |
| train/             |          |
|    actor_loss      | 0.917    |
|    critic_loss     | 0.229    |
|    ent_coef        | 0.005    |
|    learning_rate   | 0.0001   |
|    n_updates       | 50138    |
---------------------------------
---------------------------------
| rollout/           |          |
|    ep_len_mean     | 115      |
|    ep_rew_mean     | -15.6    |
| time/              |          |
|    episodes        | 528      |
|    fps             | 0        |
|    time_elapsed    | 127384   |
|    total_timesteps | 52564    |
| train/             |          |
|    actor_loss      | 0.782    |
|    critic_loss     | 0.566    |
|    ent_coef        | 0.005    |
|    learning_rate   | 0.0001   |
|    n_updates       | 50563    |
---------------------------------
---------------------------------
| rollout/           |          |
|    ep_len_mean     | 116      |
|    ep_rew_mean     | -15.6    |
| time/              |          |
|    episodes        | 532      |
|    fps             | 0        |
|    time_elapsed    | 128688   |
|    total_timesteps | 53032    |
| train/             |          |
|    actor_loss      | 0.494    |
|    critic_loss     | 0.379    |
|    ent_coef        | 0.005    |
|    learning_rate   | 0.0001   |
|    n_updates       | 51031    |
---------------------------------
---------------------------------
| rollout/           |          |
|    ep_len_mean     | 116      |
|    ep_rew_mean     | -15.3    |
| time/              |          |
|    episodes        | 536      |
|    fps             | 0        |
|    time_elapsed    | 129739   |
|    total_timesteps | 53514    |
| train/             |          |
|    actor_loss      | 0.739    |
|    critic_loss     | 0.621    |
|    ent_coef        | 0.005    |
|    learning_rate   | 0.0001   |
|    n_updates       | 51513    |
---------------------------------
---------------------------------
| rollout/           |          |
|    ep_len_mean     | 116      |
|    ep_rew_mean     | -13.6    |
| time/              |          |
|    episodes        | 540      |
|    fps             | 0        |
|    time_elapsed    | 131034   |
|    total_timesteps | 54111    |
| train/             |          |
|    actor_loss      | 0.789    |
|    critic_loss     | 0.176    |
|    ent_coef        | 0.005    |
|    learning_rate   | 0.0001   |
|    n_updates       | 52110    |
---------------------------------
---------------------------------
| rollout/           |          |
|    ep_len_mean     | 114      |
|    ep_rew_mean     | -13.5    |
| time/              |          |
|    episodes        | 544      |
|    fps             | 0        |
|    time_elapsed    | 131843   |
|    total_timesteps | 54483    |
| train/             |          |
|    actor_loss      | 0.935    |
|    critic_loss     | 0.384    |
|    ent_coef        | 0.005    |
|    learning_rate   | 0.0001   |
|    n_updates       | 52482    |
---------------------------------
---------------------------------
| rollout/           |          |
|    ep_len_mean     | 114      |
|    ep_rew_mean     | -14.2    |
| time/              |          |
|    episodes        | 548      |
|    fps             | 0        |
|    time_elapsed    | 132512   |
|    total_timesteps | 54792    |
| train/             |          |
|    actor_loss      | 0.833    |
|    critic_loss     | 0.68     |
|    ent_coef        | 0.005    |
|    learning_rate   | 0.0001   |
|    n_updates       | 52791    |
---------------------------------
---------------------------------
| rollout/           |          |
|    ep_len_mean     | 113      |
|    ep_rew_mean     | -13.2    |
| time/              |          |
|    episodes        | 552      |
|    fps             | 0        |
|    time_elapsed    | 133653   |
|    total_timesteps | 55311    |
| train/             |          |
|    actor_loss      | 1        |
|    critic_loss     | 0.182    |
|    ent_coef        | 0.005    |
|    learning_rate   | 0.0001   |
|    n_updates       | 53310    |
---------------------------------
---------------------------------
| rollout/           |          |
|    ep_len_mean     | 113      |
|    ep_rew_mean     | -12.8    |
| time/              |          |
|    episodes        | 556      |
|    fps             | 0        |
|    time_elapsed    | 134735   |
|    total_timesteps | 55803    |
| train/             |          |
|    actor_loss      | 0.675    |
|    critic_loss     | 0.245    |
|    ent_coef        | 0.005    |
|    learning_rate   | 0.0001   |
|    n_updates       | 53802    |
---------------------------------
---------------------------------
| rollout/           |          |
|    ep_len_mean     | 112      |
|    ep_rew_mean     | -12.7    |
| time/              |          |
|    episodes        | 560      |
|    fps             | 0        |
|    time_elapsed    | 135383   |
|    total_timesteps | 56104    |
| train/             |          |
|    actor_loss      | 0.693    |
|    critic_loss     | 0.493    |
|    ent_coef        | 0.005    |
|    learning_rate   | 0.0001   |
|    n_updates       | 54103    |
---------------------------------
---------------------------------
| rollout/           |          |
|    ep_len_mean     | 111      |
|    ep_rew_mean     | -12.8    |
| time/              |          |
|    episodes        | 564      |
|    fps             | 0        |
|    time_elapsed    | 136063   |
|    total_timesteps | 56415    |
| train/             |          |
|    actor_loss      | 0.805    |
|    critic_loss     | 0.239    |
|    ent_coef        | 0.005    |
|    learning_rate   | 0.0001   |
|    n_updates       | 54414    |
---------------------------------
---------------------------------
| rollout/           |          |
|    ep_len_mean     | 111      |
|    ep_rew_mean     | -12.6    |
| time/              |          |
|    episodes        | 568      |
|    fps             | 0        |
|    time_elapsed    | 137223   |
|    total_timesteps | 56904    |
| train/             |          |
|    actor_loss      | 0.531    |
|    critic_loss     | 0.197    |
|    ent_coef        | 0.005    |
|    learning_rate   | 0.0001   |
|    n_updates       | 54903    |
---------------------------------
---------------------------------
| rollout/           |          |
|    ep_len_mean     | 111      |
|    ep_rew_mean     | -13      |
| time/              |          |
|    episodes        | 572      |
|    fps             | 0        |
|    time_elapsed    | 138133   |
|    total_timesteps | 57304    |
| train/             |          |
|    actor_loss      | 0.863    |
|    critic_loss     | 0.175    |
|    ent_coef        | 0.005    |
|    learning_rate   | 0.0001   |
|    n_updates       | 55303    |
---------------------------------
---------------------------------
| rollout/           |          |
|    ep_len_mean     | 113      |
|    ep_rew_mean     | -13.2    |
| time/              |          |
|    episodes        | 576      |
|    fps             | 0        |
|    time_elapsed    | 139299   |
|    total_timesteps | 57848    |
| train/             |          |
|    actor_loss      | 1.2      |
|    critic_loss     | 0.145    |
|    ent_coef        | 0.005    |
|    learning_rate   | 0.0001   |
|    n_updates       | 55847    |
---------------------------------
---------------------------------
| rollout/           |          |
|    ep_len_mean     | 114      |
|    ep_rew_mean     | -13.2    |
| time/              |          |
|    episodes        | 580      |
|    fps             | 0        |
|    time_elapsed    | 140327   |
|    total_timesteps | 58328    |
| train/             |          |
|    actor_loss      | 0.505    |
|    critic_loss     | 0.176    |
|    ent_coef        | 0.005    |
|    learning_rate   | 0.0001   |
|    n_updates       | 56327    |
---------------------------------
---------------------------------
| rollout/           |          |
|    ep_len_mean     | 115      |
|    ep_rew_mean     | -12.7    |
| time/              |          |
|    episodes        | 584      |
|    fps             | 0        |
|    time_elapsed    | 141423   |
|    total_timesteps | 58842    |
| train/             |          |
|    actor_loss      | 0.823    |
|    critic_loss     | 0.228    |
|    ent_coef        | 0.005    |
|    learning_rate   | 0.0001   |
|    n_updates       | 56841    |
---------------------------------
---------------------------------
| rollout/           |          |
|    ep_len_mean     | 113      |
|    ep_rew_mean     | -13      |
| time/              |          |
|    episodes        | 588      |
|    fps             | 0        |
|    time_elapsed    | 142054   |
|    total_timesteps | 59135    |
| train/             |          |
|    actor_loss      | 0.746    |
|    critic_loss     | 0.129    |
|    ent_coef        | 0.005    |
|    learning_rate   | 0.0001   |
|    n_updates       | 57134    |
---------------------------------
---------------------------------
| rollout/           |          |
|    ep_len_mean     | 111      |
|    ep_rew_mean     | -12.6    |
| time/              |          |
|    episodes        | 592      |
|    fps             | 0        |
|    time_elapsed    | 142698   |
|    total_timesteps | 59449    |
| train/             |          |
|    actor_loss      | 0.983    |
|    critic_loss     | 0.265    |
|    ent_coef        | 0.005    |
|    learning_rate   | 0.0001   |
|    n_updates       | 57448    |
---------------------------------
---------------------------------
| rollout/           |          |
|    ep_len_mean     | 111      |
|    ep_rew_mean     | -12.6    |
| time/              |          |
|    episodes        | 596      |
|    fps             | 0        |
|    time_elapsed    | 143709   |
|    total_timesteps | 59954    |
| train/             |          |
|    actor_loss      | 0.724    |
|    critic_loss     | 0.109    |
|    ent_coef        | 0.005    |
|    learning_rate   | 0.0001   |
|    n_updates       | 57953    |
---------------------------------
