Using cuda device
Wrapping the env in a DummyVecEnv.
Logging to D:\py\DRL2\logs\t12_train\sac_mpc_radial_262501\tensorboard\SAC_1
---------------------------------
| rollout/           |          |
|    ep_len_mean     | 62.2     |
|    ep_rew_mean     | -21.4    |
| time/              |          |
|    episodes        | 4        |
|    fps             | 0        |
|    time_elapsed    | 632      |
|    total_timesteps | 249      |
---------------------------------
---------------------------------
| rollout/           |          |
|    ep_len_mean     | 49.4     |
|    ep_rew_mean     | -21.7    |
| time/              |          |
|    episodes        | 8        |
|    fps             | 0        |
|    time_elapsed    | 994      |
|    total_timesteps | 395      |
---------------------------------
---------------------------------
| rollout/           |          |
|    ep_len_mean     | 46.1     |
|    ep_rew_mean     | -21.8    |
| time/              |          |
|    episodes        | 12       |
|    fps             | 0        |
|    time_elapsed    | 1351     |
|    total_timesteps | 553      |
---------------------------------
---------------------------------
| rollout/           |          |
|    ep_len_mean     | 43       |
|    ep_rew_mean     | -21.7    |
| time/              |          |
|    episodes        | 16       |
|    fps             | 0        |
|    time_elapsed    | 1626     |
|    total_timesteps | 688      |
---------------------------------
---------------------------------
| rollout/           |          |
|    ep_len_mean     | 40.4     |
|    ep_rew_mean     | -21.8    |
| time/              |          |
|    episodes        | 20       |
|    fps             | 0        |
|    time_elapsed    | 1939     |
|    total_timesteps | 807      |
---------------------------------
---------------------------------
| rollout/           |          |
|    ep_len_mean     | 41.2     |
|    ep_rew_mean     | -22.2    |
| time/              |          |
|    episodes        | 24       |
|    fps             | 0        |
|    time_elapsed    | 2409     |
|    total_timesteps | 988      |
---------------------------------
---------------------------------
| rollout/           |          |
|    ep_len_mean     | 41.5     |
|    ep_rew_mean     | -22.1    |
| time/              |          |
|    episodes        | 28       |
|    fps             | 0        |
|    time_elapsed    | 2770     |
|    total_timesteps | 1161     |
---------------------------------
---------------------------------
| rollout/           |          |
|    ep_len_mean     | 42.8     |
|    ep_rew_mean     | -22.1    |
| time/              |          |
|    episodes        | 32       |
|    fps             | 0        |
|    time_elapsed    | 3227     |
|    total_timesteps | 1369     |
---------------------------------
---------------------------------
| rollout/           |          |
|    ep_len_mean     | 42.1     |
|    ep_rew_mean     | -22.2    |
| time/              |          |
|    episodes        | 36       |
|    fps             | 0        |
|    time_elapsed    | 3616     |
|    total_timesteps | 1517     |
---------------------------------
---------------------------------
| rollout/           |          |
|    ep_len_mean     | 42.4     |
|    ep_rew_mean     | -22.1    |
| time/              |          |
|    episodes        | 40       |
|    fps             | 0        |
|    time_elapsed    | 4085     |
|    total_timesteps | 1696     |
---------------------------------
---------------------------------
| rollout/           |          |
|    ep_len_mean     | 42.4     |
|    ep_rew_mean     | -22.1    |
| time/              |          |
|    episodes        | 44       |
|    fps             | 0        |
|    time_elapsed    | 4536     |
|    total_timesteps | 1866     |
---------------------------------
---------------------------------
| rollout/           |          |
|    ep_len_mean     | 42.9     |
|    ep_rew_mean     | -22.2    |
| time/              |          |
|    episodes        | 48       |
|    fps             | 0        |
|    time_elapsed    | 5046     |
|    total_timesteps | 2060     |
| train/             |          |
|    actor_loss      | 0.55     |
|    critic_loss     | 6.05     |
|    ent_coef        | 0.005    |
|    learning_rate   | 0.0001   |
|    n_updates       | 59       |
---------------------------------
---------------------------------
| rollout/           |          |
|    ep_len_mean     | 42.2     |
|    ep_rew_mean     | -22.2    |
| time/              |          |
|    episodes        | 52       |
|    fps             | 0        |
|    time_elapsed    | 5414     |
|    total_timesteps | 2196     |
| train/             |          |
|    actor_loss      | 0.691    |
|    critic_loss     | 3.35     |
|    ent_coef        | 0.005    |
|    learning_rate   | 0.0001   |
|    n_updates       | 195      |
---------------------------------
---------------------------------
| rollout/           |          |
|    ep_len_mean     | 44.7     |
|    ep_rew_mean     | -21.8    |
| time/              |          |
|    episodes        | 56       |
|    fps             | 0        |
|    time_elapsed    | 6278     |
|    total_timesteps | 2502     |
| train/             |          |
|    actor_loss      | 0.401    |
|    critic_loss     | 4.91     |
|    ent_coef        | 0.005    |
|    learning_rate   | 0.0001   |
|    n_updates       | 501      |
---------------------------------
---------------------------------
| rollout/           |          |
|    ep_len_mean     | 46.1     |
|    ep_rew_mean     | -21.4    |
| time/              |          |
|    episodes        | 60       |
|    fps             | 0        |
|    time_elapsed    | 7013     |
|    total_timesteps | 2764     |
| train/             |          |
|    actor_loss      | 0.603    |
|    critic_loss     | 4.01     |
|    ent_coef        | 0.005    |
|    learning_rate   | 0.0001   |
|    n_updates       | 763      |
---------------------------------
---------------------------------
| rollout/           |          |
|    ep_len_mean     | 47.7     |
|    ep_rew_mean     | -21.4    |
| time/              |          |
|    episodes        | 64       |
|    fps             | 0        |
|    time_elapsed    | 7820     |
|    total_timesteps | 3051     |
| train/             |          |
|    actor_loss      | 0.497    |
|    critic_loss     | 4.85     |
|    ent_coef        | 0.005    |
|    learning_rate   | 0.0001   |
|    n_updates       | 1050     |
---------------------------------
---------------------------------
| rollout/           |          |
|    ep_len_mean     | 47.5     |
|    ep_rew_mean     | -21.5    |
| time/              |          |
|    episodes        | 68       |
|    fps             | 0        |
|    time_elapsed    | 8291     |
|    total_timesteps | 3232     |
| train/             |          |
|    actor_loss      | 0.571    |
|    critic_loss     | 1.65     |
|    ent_coef        | 0.005    |
|    learning_rate   | 0.0001   |
|    n_updates       | 1231     |
---------------------------------
---------------------------------
| rollout/           |          |
|    ep_len_mean     | 51       |
|    ep_rew_mean     | -20.8    |
| time/              |          |
|    episodes        | 72       |
|    fps             | 0        |
|    time_elapsed    | 9497     |
|    total_timesteps | 3669     |
| train/             |          |
|    actor_loss      | 0.614    |
|    critic_loss     | 1.83     |
|    ent_coef        | 0.005    |
|    learning_rate   | 0.0001   |
|    n_updates       | 1668     |
---------------------------------
---------------------------------
| rollout/           |          |
|    ep_len_mean     | 51.9     |
|    ep_rew_mean     | -20.5    |
| time/              |          |
|    episodes        | 76       |
|    fps             | 0        |
|    time_elapsed    | 10304    |
|    total_timesteps | 3942     |
| train/             |          |
|    actor_loss      | 0.293    |
|    critic_loss     | 0.366    |
|    ent_coef        | 0.005    |
|    learning_rate   | 0.0001   |
|    n_updates       | 1941     |
---------------------------------
---------------------------------
| rollout/           |          |
|    ep_len_mean     | 53.9     |
|    ep_rew_mean     | -20      |
| time/              |          |
|    episodes        | 80       |
|    fps             | 0        |
|    time_elapsed    | 11364    |
|    total_timesteps | 4309     |
| train/             |          |
|    actor_loss      | 0.359    |
|    critic_loss     | 0.22     |
|    ent_coef        | 0.005    |
|    learning_rate   | 0.0001   |
|    n_updates       | 2308     |
---------------------------------
---------------------------------
| rollout/           |          |
|    ep_len_mean     | 57       |
|    ep_rew_mean     | -19.2    |
| time/              |          |
|    episodes        | 84       |
|    fps             | 0        |
|    time_elapsed    | 12752    |
|    total_timesteps | 4790     |
| train/             |          |
|    actor_loss      | 0.531    |
|    critic_loss     | 0.133    |
|    ent_coef        | 0.005    |
|    learning_rate   | 0.0001   |
|    n_updates       | 2789     |
---------------------------------
---------------------------------
| rollout/           |          |
|    ep_len_mean     | 60       |
|    ep_rew_mean     | -18.5    |
| time/              |          |
|    episodes        | 88       |
|    fps             | 0        |
|    time_elapsed    | 14140    |
|    total_timesteps | 5276     |
| train/             |          |
|    actor_loss      | 0.513    |
|    critic_loss     | 0.226    |
|    ent_coef        | 0.005    |
|    learning_rate   | 0.0001   |
|    n_updates       | 3275     |
---------------------------------
---------------------------------
| rollout/           |          |
|    ep_len_mean     | 60.8     |
|    ep_rew_mean     | -18.3    |
| time/              |          |
|    episodes        | 92       |
|    fps             | 0        |
|    time_elapsed    | 14993    |
|    total_timesteps | 5590     |
| train/             |          |
|    actor_loss      | 0.51     |
|    critic_loss     | 0.0871   |
|    ent_coef        | 0.005    |
|    learning_rate   | 0.0001   |
|    n_updates       | 3589     |
---------------------------------
---------------------------------
| rollout/           |          |
|    ep_len_mean     | 61.9     |
|    ep_rew_mean     | -18.2    |
| time/              |          |
|    episodes        | 96       |
|    fps             | 0        |
|    time_elapsed    | 15965    |
|    total_timesteps | 5947     |
| train/             |          |
|    actor_loss      | 0.602    |
|    critic_loss     | 1.01     |
|    ent_coef        | 0.005    |
|    learning_rate   | 0.0001   |
|    n_updates       | 3946     |
---------------------------------
---------------------------------
| rollout/           |          |
|    ep_len_mean     | 63.8     |
|    ep_rew_mean     | -17.8    |
| time/              |          |
|    episodes        | 100      |
|    fps             | 0        |
|    time_elapsed    | 17146    |
|    total_timesteps | 6382     |
| train/             |          |
|    actor_loss      | 0.498    |
|    critic_loss     | 0.141    |
|    ent_coef        | 0.005    |
|    learning_rate   | 0.0001   |
|    n_updates       | 4381     |
---------------------------------
---------------------------------
| rollout/           |          |
|    ep_len_mean     | 64.5     |
|    ep_rew_mean     | -17.6    |
| time/              |          |
|    episodes        | 104      |
|    fps             | 0        |
|    time_elapsed    | 18008    |
|    total_timesteps | 6695     |
| train/             |          |
|    actor_loss      | 0.616    |
|    critic_loss     | 0.215    |
|    ent_coef        | 0.005    |
|    learning_rate   | 0.0001   |
|    n_updates       | 4694     |
---------------------------------
---------------------------------
| rollout/           |          |
|    ep_len_mean     | 68.1     |
|    ep_rew_mean     | -17.3    |
| time/              |          |
|    episodes        | 108      |
|    fps             | 0        |
|    time_elapsed    | 19402    |
|    total_timesteps | 7203     |
| train/             |          |
|    actor_loss      | 0.418    |
|    critic_loss     | 0.145    |
|    ent_coef        | 0.005    |
|    learning_rate   | 0.0001   |
|    n_updates       | 5202     |
---------------------------------
---------------------------------
| rollout/           |          |
|    ep_len_mean     | 71.5     |
|    ep_rew_mean     | -16.5    |
| time/              |          |
|    episodes        | 112      |
|    fps             | 0        |
|    time_elapsed    | 20771    |
|    total_timesteps | 7705     |
| train/             |          |
|    actor_loss      | 0.678    |
|    critic_loss     | 1.16     |
|    ent_coef        | 0.005    |
|    learning_rate   | 0.0001   |
|    n_updates       | 5704     |
---------------------------------
---------------------------------
| rollout/           |          |
|    ep_len_mean     | 74.1     |
|    ep_rew_mean     | -16.7    |
| time/              |          |
|    episodes        | 116      |
|    fps             | 0        |
|    time_elapsed    | 21819    |
|    total_timesteps | 8099     |
| train/             |          |
|    actor_loss      | 0.579    |
|    critic_loss     | 0.382    |
|    ent_coef        | 0.005    |
|    learning_rate   | 0.0001   |
|    n_updates       | 6098     |
---------------------------------
---------------------------------
| rollout/           |          |
|    ep_len_mean     | 76.4     |
|    ep_rew_mean     | -16.4    |
| time/              |          |
|    episodes        | 120      |
|    fps             | 0        |
|    time_elapsed    | 22756    |
|    total_timesteps | 8443     |
| train/             |          |
|    actor_loss      | 0.387    |
|    critic_loss     | 0.124    |
|    ent_coef        | 0.005    |
|    learning_rate   | 0.0001   |
|    n_updates       | 6442     |
---------------------------------
---------------------------------
| rollout/           |          |
|    ep_len_mean     | 78       |
|    ep_rew_mean     | -16.4    |
| time/              |          |
|    episodes        | 124      |
|    fps             | 0        |
|    time_elapsed    | 23680    |
|    total_timesteps | 8786     |
| train/             |          |
|    actor_loss      | 0.535    |
|    critic_loss     | 0.251    |
|    ent_coef        | 0.005    |
|    learning_rate   | 0.0001   |
|    n_updates       | 6785     |
---------------------------------
---------------------------------
| rollout/           |          |
|    ep_len_mean     | 81.8     |
|    ep_rew_mean     | -16.1    |
| time/              |          |
|    episodes        | 128      |
|    fps             | 0        |
|    time_elapsed    | 25193    |
|    total_timesteps | 9343     |
| train/             |          |
|    actor_loss      | 0.515    |
|    critic_loss     | 0.272    |
|    ent_coef        | 0.005    |
|    learning_rate   | 0.0001   |
|    n_updates       | 7342     |
---------------------------------
---------------------------------
| rollout/           |          |
|    ep_len_mean     | 83.4     |
|    ep_rew_mean     | -15.6    |
| time/              |          |
|    episodes        | 132      |
|    fps             | 0        |
|    time_elapsed    | 26210    |
|    total_timesteps | 9709     |
| train/             |          |
|    actor_loss      | 0.575    |
|    critic_loss     | 0.175    |
|    ent_coef        | 0.005    |
|    learning_rate   | 0.0001   |
|    n_updates       | 7708     |
---------------------------------
---------------------------------
| rollout/           |          |
|    ep_len_mean     | 84.7     |
|    ep_rew_mean     | -15.4    |
| time/              |          |
|    episodes        | 136      |
|    fps             | 0        |
|    time_elapsed    | 26970    |
|    total_timesteps | 9990     |
| train/             |          |
|    actor_loss      | 0.645    |
|    critic_loss     | 0.153    |
|    ent_coef        | 0.005    |
|    learning_rate   | 0.0001   |
|    n_updates       | 7989     |
---------------------------------
---------------------------------
| rollout/           |          |
|    ep_len_mean     | 84.8     |
|    ep_rew_mean     | -15.4    |
| time/              |          |
|    episodes        | 140      |
|    fps             | 0        |
|    time_elapsed    | 27481    |
|    total_timesteps | 10181    |
| train/             |          |
|    actor_loss      | 0.671    |
|    critic_loss     | 1.5      |
|    ent_coef        | 0.005    |
|    learning_rate   | 0.0001   |
|    n_updates       | 8180     |
---------------------------------
---------------------------------
| rollout/           |          |
|    ep_len_mean     | 87.2     |
|    ep_rew_mean     | -15.8    |
| time/              |          |
|    episodes        | 144      |
|    fps             | 0        |
|    time_elapsed    | 28590    |
|    total_timesteps | 10584    |
| train/             |          |
|    actor_loss      | 0.984    |
|    critic_loss     | 1.19     |
|    ent_coef        | 0.005    |
|    learning_rate   | 0.0001   |
|    n_updates       | 8583     |
---------------------------------
---------------------------------
| rollout/           |          |
|    ep_len_mean     | 90.3     |
|    ep_rew_mean     | -15      |
| time/              |          |
|    episodes        | 148      |
|    fps             | 0        |
|    time_elapsed    | 30001    |
|    total_timesteps | 11094    |
| train/             |          |
|    actor_loss      | 0.745    |
|    critic_loss     | 0.387    |
|    ent_coef        | 0.005    |
|    learning_rate   | 0.0001   |
|    n_updates       | 9093     |
---------------------------------
---------------------------------
| rollout/           |          |
|    ep_len_mean     | 94.7     |
|    ep_rew_mean     | -14.4    |
| time/              |          |
|    episodes        | 152      |
|    fps             | 0        |
|    time_elapsed    | 31573    |
|    total_timesteps | 11661    |
| train/             |          |
|    actor_loss      | 0.888    |
|    critic_loss     | 0.997    |
|    ent_coef        | 0.005    |
|    learning_rate   | 0.0001   |
|    n_updates       | 9660     |
---------------------------------
---------------------------------
| rollout/           |          |
|    ep_len_mean     | 94.7     |
|    ep_rew_mean     | -14.4    |
| time/              |          |
|    episodes        | 156      |
|    fps             | 0        |
|    time_elapsed    | 32412    |
|    total_timesteps | 11971    |
| train/             |          |
|    actor_loss      | 0.474    |
|    critic_loss     | 0.245    |
|    ent_coef        | 0.005    |
|    learning_rate   | 0.0001   |
|    n_updates       | 9970     |
---------------------------------
---------------------------------
| rollout/           |          |
|    ep_len_mean     | 97.1     |
|    ep_rew_mean     | -13.8    |
| time/              |          |
|    episodes        | 160      |
|    fps             | 0        |
|    time_elapsed    | 33804    |
|    total_timesteps | 12470    |
| train/             |          |
|    actor_loss      | 0.625    |
|    critic_loss     | 0.411    |
|    ent_coef        | 0.005    |
|    learning_rate   | 0.0001   |
|    n_updates       | 10469    |
---------------------------------
---------------------------------
| rollout/           |          |
|    ep_len_mean     | 98.8     |
|    ep_rew_mean     | -13.3    |
| time/              |          |
|    episodes        | 164      |
|    fps             | 0        |
|    time_elapsed    | 35077    |
|    total_timesteps | 12930    |
| train/             |          |
|    actor_loss      | 0.528    |
|    critic_loss     | 0.187    |
|    ent_coef        | 0.005    |
|    learning_rate   | 0.0001   |
|    n_updates       | 10929    |
---------------------------------
---------------------------------
| rollout/           |          |
|    ep_len_mean     | 100      |
|    ep_rew_mean     | -13      |
| time/              |          |
|    episodes        | 168      |
|    fps             | 0        |
|    time_elapsed    | 36012    |
|    total_timesteps | 13257    |
| train/             |          |
|    actor_loss      | 0.652    |
|    critic_loss     | 0.208    |
|    ent_coef        | 0.005    |
|    learning_rate   | 0.0001   |
|    n_updates       | 11256    |
---------------------------------
---------------------------------
| rollout/           |          |
|    ep_len_mean     | 101      |
|    ep_rew_mean     | -13.7    |
| time/              |          |
|    episodes        | 172      |
|    fps             | 0        |
|    time_elapsed    | 37480    |
|    total_timesteps | 13751    |
| train/             |          |
|    actor_loss      | 0.815    |
|    critic_loss     | 0.491    |
|    ent_coef        | 0.005    |
|    learning_rate   | 0.0001   |
|    n_updates       | 11750    |
---------------------------------
---------------------------------
| rollout/           |          |
|    ep_len_mean     | 103      |
|    ep_rew_mean     | -13.5    |
| time/              |          |
|    episodes        | 176      |
|    fps             | 0        |
|    time_elapsed    | 38821    |
|    total_timesteps | 14195    |
| train/             |          |
|    actor_loss      | 0.705    |
|    critic_loss     | 0.272    |
|    ent_coef        | 0.005    |
|    learning_rate   | 0.0001   |
|    n_updates       | 12194    |
---------------------------------
---------------------------------
| rollout/           |          |
|    ep_len_mean     | 103      |
|    ep_rew_mean     | -14.2    |
| time/              |          |
|    episodes        | 180      |
|    fps             | 0        |
|    time_elapsed    | 40128    |
|    total_timesteps | 14630    |
| train/             |          |
|    actor_loss      | 0.781    |
|    critic_loss     | 0.237    |
|    ent_coef        | 0.005    |
|    learning_rate   | 0.0001   |
|    n_updates       | 12629    |
---------------------------------
---------------------------------
| rollout/           |          |
|    ep_len_mean     | 103      |
|    ep_rew_mean     | -14.4    |
| time/              |          |
|    episodes        | 184      |
|    fps             | 0        |
|    time_elapsed    | 41466    |
|    total_timesteps | 15074    |
| train/             |          |
|    actor_loss      | 0.609    |
|    critic_loss     | 0.163    |
|    ent_coef        | 0.005    |
|    learning_rate   | 0.0001   |
|    n_updates       | 13073    |
---------------------------------
---------------------------------
| rollout/           |          |
|    ep_len_mean     | 102      |
|    ep_rew_mean     | -14.6    |
| time/              |          |
|    episodes        | 188      |
|    fps             | 0        |
|    time_elapsed    | 42549    |
|    total_timesteps | 15488    |
| train/             |          |
|    actor_loss      | 0.513    |
|    critic_loss     | 0.297    |
|    ent_coef        | 0.005    |
|    learning_rate   | 0.0001   |
|    n_updates       | 13487    |
---------------------------------
---------------------------------
| rollout/           |          |
|    ep_len_mean     | 105      |
|    ep_rew_mean     | -14.2    |
| time/              |          |
|    episodes        | 192      |
|    fps             | 0        |
|    time_elapsed    | 43792    |
|    total_timesteps | 16058    |
| train/             |          |
|    actor_loss      | 0.507    |
|    critic_loss     | 0.261    |
|    ent_coef        | 0.005    |
|    learning_rate   | 0.0001   |
|    n_updates       | 14057    |
---------------------------------
---------------------------------
| rollout/           |          |
|    ep_len_mean     | 106      |
|    ep_rew_mean     | -13.7    |
| time/              |          |
|    episodes        | 196      |
|    fps             | 0        |
|    time_elapsed    | 45281    |
|    total_timesteps | 16585    |
| train/             |          |
|    actor_loss      | 0.243    |
|    critic_loss     | 0.156    |
|    ent_coef        | 0.005    |
|    learning_rate   | 0.0001   |
|    n_updates       | 14584    |
---------------------------------
---------------------------------
| rollout/           |          |
|    ep_len_mean     | 106      |
|    ep_rew_mean     | -13.7    |
| time/              |          |
|    episodes        | 200      |
|    fps             | 0        |
|    time_elapsed    | 46479    |
|    total_timesteps | 16988    |
| train/             |          |
|    actor_loss      | 0.469    |
|    critic_loss     | 0.473    |
|    ent_coef        | 0.005    |
|    learning_rate   | 0.0001   |
|    n_updates       | 14987    |
---------------------------------
---------------------------------
| rollout/           |          |
|    ep_len_mean     | 108      |
|    ep_rew_mean     | -13.3    |
| time/              |          |
|    episodes        | 204      |
|    fps             | 0        |
|    time_elapsed    | 47921    |
|    total_timesteps | 17468    |
| train/             |          |
|    actor_loss      | 1.18     |
|    critic_loss     | 0.324    |
|    ent_coef        | 0.005    |
|    learning_rate   | 0.0001   |
|    n_updates       | 15467    |
---------------------------------
---------------------------------
| rollout/           |          |
|    ep_len_mean     | 107      |
|    ep_rew_mean     | -13.2    |
| time/              |          |
|    episodes        | 208      |
|    fps             | 0        |
|    time_elapsed    | 48825    |
|    total_timesteps | 17881    |
| train/             |          |
|    actor_loss      | 0.239    |
|    critic_loss     | 0.215    |
|    ent_coef        | 0.005    |
|    learning_rate   | 0.0001   |
|    n_updates       | 15880    |
---------------------------------
---------------------------------
| rollout/           |          |
|    ep_len_mean     | 105      |
|    ep_rew_mean     | -15.5    |
| time/              |          |
|    episodes        | 212      |
|    fps             | 0        |
|    time_elapsed    | 49587    |
|    total_timesteps | 18230    |
| train/             |          |
|    actor_loss      | 0.475    |
|    critic_loss     | 0.296    |
|    ent_coef        | 0.005    |
|    learning_rate   | 0.0001   |
|    n_updates       | 16229    |
---------------------------------
---------------------------------
| rollout/           |          |
|    ep_len_mean     | 107      |
|    ep_rew_mean     | -14.6    |
| time/              |          |
|    episodes        | 216      |
|    fps             | 0        |
|    time_elapsed    | 50757    |
|    total_timesteps | 18762    |
| train/             |          |
|    actor_loss      | 0.39     |
|    critic_loss     | 0.167    |
|    ent_coef        | 0.005    |
|    learning_rate   | 0.0001   |
|    n_updates       | 16761    |
---------------------------------
---------------------------------
| rollout/           |          |
|    ep_len_mean     | 107      |
|    ep_rew_mean     | -14.4    |
| time/              |          |
|    episodes        | 220      |
|    fps             | 0        |
|    time_elapsed    | 51753    |
|    total_timesteps | 19138    |
| train/             |          |
|    actor_loss      | 0.675    |
|    critic_loss     | 0.284    |
|    ent_coef        | 0.005    |
|    learning_rate   | 0.0001   |
|    n_updates       | 17137    |
---------------------------------
---------------------------------
| rollout/           |          |
|    ep_len_mean     | 108      |
|    ep_rew_mean     | -15.9    |
| time/              |          |
|    episodes        | 224      |
|    fps             | 0        |
|    time_elapsed    | 53011    |
|    total_timesteps | 19547    |
| train/             |          |
|    actor_loss      | 0.173    |
|    critic_loss     | 0.226    |
|    ent_coef        | 0.005    |
|    learning_rate   | 0.0001   |
|    n_updates       | 17546    |
---------------------------------
---------------------------------
| rollout/           |          |
|    ep_len_mean     | 107      |
|    ep_rew_mean     | -16.1    |
| time/              |          |
|    episodes        | 228      |
|    fps             | 0        |
|    time_elapsed    | 54163    |
|    total_timesteps | 20057    |
| train/             |          |
|    actor_loss      | 0.48     |
|    critic_loss     | 0.167    |
|    ent_coef        | 0.005    |
|    learning_rate   | 0.0001   |
|    n_updates       | 18056    |
---------------------------------
---------------------------------
| rollout/           |          |
|    ep_len_mean     | 108      |
|    ep_rew_mean     | -16.1    |
| time/              |          |
|    episodes        | 232      |
|    fps             | 0        |
|    time_elapsed    | 55064    |
|    total_timesteps | 20489    |
| train/             |          |
|    actor_loss      | 0.283    |
|    critic_loss     | 0.319    |
|    ent_coef        | 0.005    |
|    learning_rate   | 0.0001   |
|    n_updates       | 18488    |
---------------------------------
---------------------------------
| rollout/           |          |
|    ep_len_mean     | 111      |
|    ep_rew_mean     | -15.6    |
| time/              |          |
|    episodes        | 236      |
|    fps             | 0        |
|    time_elapsed    | 56209    |
|    total_timesteps | 21050    |
| train/             |          |
|    actor_loss      | 0.477    |
|    critic_loss     | 0.281    |
|    ent_coef        | 0.005    |
|    learning_rate   | 0.0001   |
|    n_updates       | 19049    |
---------------------------------
---------------------------------
| rollout/           |          |
|    ep_len_mean     | 114      |
|    ep_rew_mean     | -15      |
| time/              |          |
|    episodes        | 240      |
|    fps             | 0        |
|    time_elapsed    | 57228    |
|    total_timesteps | 21547    |
| train/             |          |
|    actor_loss      | 0.26     |
|    critic_loss     | 0.253    |
|    ent_coef        | 0.005    |
|    learning_rate   | 0.0001   |
|    n_updates       | 19546    |
---------------------------------
---------------------------------
| rollout/           |          |
|    ep_len_mean     | 114      |
|    ep_rew_mean     | -14.1    |
| time/              |          |
|    episodes        | 244      |
|    fps             | 0        |
|    time_elapsed    | 58206    |
|    total_timesteps | 22030    |
| train/             |          |
|    actor_loss      | 0.339    |
|    critic_loss     | 0.515    |
|    ent_coef        | 0.005    |
|    learning_rate   | 0.0001   |
|    n_updates       | 20029    |
---------------------------------
---------------------------------
| rollout/           |          |
|    ep_len_mean     | 114      |
|    ep_rew_mean     | -14      |
| time/              |          |
|    episodes        | 248      |
|    fps             | 0        |
|    time_elapsed    | 59245    |
|    total_timesteps | 22539    |
| train/             |          |
|    actor_loss      | 0.337    |
|    critic_loss     | 0.25     |
|    ent_coef        | 0.005    |
|    learning_rate   | 0.0001   |
|    n_updates       | 20538    |
---------------------------------
---------------------------------
| rollout/           |          |
|    ep_len_mean     | 113      |
|    ep_rew_mean     | -14.5    |
| time/              |          |
|    episodes        | 252      |
|    fps             | 0        |
|    time_elapsed    | 60072    |
|    total_timesteps | 22945    |
| train/             |          |
|    actor_loss      | 0.663    |
|    critic_loss     | 0.329    |
|    ent_coef        | 0.005    |
|    learning_rate   | 0.0001   |
|    n_updates       | 20944    |
---------------------------------
---------------------------------
| rollout/           |          |
|    ep_len_mean     | 115      |
|    ep_rew_mean     | -16.1    |
| time/              |          |
|    episodes        | 256      |
|    fps             | 0        |
|    time_elapsed    | 61072    |
|    total_timesteps | 23441    |
| train/             |          |
|    actor_loss      | 0.112    |
|    critic_loss     | 0.199    |
|    ent_coef        | 0.005    |
|    learning_rate   | 0.0001   |
|    n_updates       | 21440    |
---------------------------------
---------------------------------
| rollout/           |          |
|    ep_len_mean     | 115      |
|    ep_rew_mean     | -16.1    |
| time/              |          |
|    episodes        | 260      |
|    fps             | 0        |
|    time_elapsed    | 62185    |
|    total_timesteps | 23970    |
| train/             |          |
|    actor_loss      | -0.193   |
|    critic_loss     | 0.572    |
|    ent_coef        | 0.005    |
|    learning_rate   | 0.0001   |
|    n_updates       | 21969    |
---------------------------------
---------------------------------
| rollout/           |          |
|    ep_len_mean     | 116      |
|    ep_rew_mean     | -15.6    |
| time/              |          |
|    episodes        | 264      |
|    fps             | 0        |
|    time_elapsed    | 63421    |
|    total_timesteps | 24570    |
| train/             |          |
|    actor_loss      | 0.318    |
|    critic_loss     | 0.325    |
|    ent_coef        | 0.005    |
|    learning_rate   | 0.0001   |
|    n_updates       | 22569    |
---------------------------------
---------------------------------
| rollout/           |          |
|    ep_len_mean     | 119      |
|    ep_rew_mean     | -14.9    |
| time/              |          |
|    episodes        | 268      |
|    fps             | 0        |
|    time_elapsed    | 64658    |
|    total_timesteps | 25170    |
| train/             |          |
|    actor_loss      | 0.182    |
|    critic_loss     | 0.228    |
|    ent_coef        | 0.005    |
|    learning_rate   | 0.0001   |
|    n_updates       | 23169    |
---------------------------------
---------------------------------
| rollout/           |          |
|    ep_len_mean     | 119      |
|    ep_rew_mean     | -14      |
| time/              |          |
|    episodes        | 272      |
|    fps             | 0        |
|    time_elapsed    | 65685    |
|    total_timesteps | 25670    |
| train/             |          |
|    actor_loss      | 0.383    |
|    critic_loss     | 0.228    |
|    ent_coef        | 0.005    |
|    learning_rate   | 0.0001   |
|    n_updates       | 23669    |
---------------------------------
---------------------------------
| rollout/           |          |
|    ep_len_mean     | 121      |
|    ep_rew_mean     | -13.7    |
| time/              |          |
|    episodes        | 276      |
|    fps             | 0        |
|    time_elapsed    | 66865    |
|    total_timesteps | 26247    |
| train/             |          |
|    actor_loss      | 0.228    |
|    critic_loss     | 0.238    |
|    ent_coef        | 0.005    |
|    learning_rate   | 0.0001   |
|    n_updates       | 24246    |
---------------------------------
---------------------------------
| rollout/           |          |
|    ep_len_mean     | 120      |
|    ep_rew_mean     | -13      |
| time/              |          |
|    episodes        | 280      |
|    fps             | 0        |
|    time_elapsed    | 67699    |
|    total_timesteps | 26649    |
| train/             |          |
|    actor_loss      | -0.125   |
|    critic_loss     | 0.186    |
|    ent_coef        | 0.005    |
|    learning_rate   | 0.0001   |
|    n_updates       | 24648    |
---------------------------------
---------------------------------
| rollout/           |          |
|    ep_len_mean     | 122      |
|    ep_rew_mean     | -12.5    |
| time/              |          |
|    episodes        | 284      |
|    fps             | 0        |
|    time_elapsed    | 68944    |
|    total_timesteps | 27249    |
| train/             |          |
|    actor_loss      | -0.315   |
|    critic_loss     | 0.0883   |
|    ent_coef        | 0.005    |
|    learning_rate   | 0.0001   |
|    n_updates       | 25248    |
---------------------------------
---------------------------------
| rollout/           |          |
|    ep_len_mean     | 123      |
|    ep_rew_mean     | -12.9    |
| time/              |          |
|    episodes        | 288      |
|    fps             | 0        |
|    time_elapsed    | 69967    |
|    total_timesteps | 27749    |
| train/             |          |
|    actor_loss      | 0.207    |
|    critic_loss     | 0.326    |
|    ent_coef        | 0.005    |
|    learning_rate   | 0.0001   |
|    n_updates       | 25748    |
---------------------------------
---------------------------------
| rollout/           |          |
|    ep_len_mean     | 122      |
|    ep_rew_mean     | -12.9    |
| time/              |          |
|    episodes        | 292      |
|    fps             | 0        |
|    time_elapsed    | 70972    |
|    total_timesteps | 28232    |
| train/             |          |
|    actor_loss      | 0.397    |
|    critic_loss     | 0.138    |
|    ent_coef        | 0.005    |
|    learning_rate   | 0.0001   |
|    n_updates       | 26231    |
---------------------------------
---------------------------------
| rollout/           |          |
|    ep_len_mean     | 122      |
|    ep_rew_mean     | -12.9    |
| time/              |          |
|    episodes        | 296      |
|    fps             | 0        |
|    time_elapsed    | 72063    |
|    total_timesteps | 28756    |
| train/             |          |
|    actor_loss      | -0.0895  |
|    critic_loss     | 0.179    |
|    ent_coef        | 0.005    |
|    learning_rate   | 0.0001   |
|    n_updates       | 26755    |
---------------------------------
---------------------------------
| rollout/           |          |
|    ep_len_mean     | 122      |
|    ep_rew_mean     | -13.1    |
| time/              |          |
|    episodes        | 300      |
|    fps             | 0        |
|    time_elapsed    | 72926    |
|    total_timesteps | 29172    |
| train/             |          |
|    actor_loss      | 0.53     |
|    critic_loss     | 0.4      |
|    ent_coef        | 0.005    |
|    learning_rate   | 0.0001   |
|    n_updates       | 27171    |
---------------------------------
---------------------------------
| rollout/           |          |
|    ep_len_mean     | 123      |
|    ep_rew_mean     | -13.1    |
| time/              |          |
|    episodes        | 304      |
|    fps             | 0        |
|    time_elapsed    | 74110    |
|    total_timesteps | 29749    |
| train/             |          |
|    actor_loss      | 0.14     |
|    critic_loss     | 0.226    |
|    ent_coef        | 0.005    |
|    learning_rate   | 0.0001   |
|    n_updates       | 27748    |
---------------------------------
---------------------------------
| rollout/           |          |
|    ep_len_mean     | 123      |
|    ep_rew_mean     | -13      |
| time/              |          |
|    episodes        | 308      |
|    fps             | 0        |
|    time_elapsed    | 75038    |
|    total_timesteps | 30200    |
| train/             |          |
|    actor_loss      | -0.0915  |
|    critic_loss     | 0.137    |
|    ent_coef        | 0.005    |
|    learning_rate   | 0.0001   |
|    n_updates       | 28199    |
---------------------------------
---------------------------------
| rollout/           |          |
|    ep_len_mean     | 125      |
|    ep_rew_mean     | -10.6    |
| time/              |          |
|    episodes        | 312      |
|    fps             | 0        |
|    time_elapsed    | 76231    |
|    total_timesteps | 30771    |
| train/             |          |
|    actor_loss      | 0.227    |
|    critic_loss     | 0.122    |
|    ent_coef        | 0.005    |
|    learning_rate   | 0.0001   |
|    n_updates       | 28770    |
---------------------------------
---------------------------------
| rollout/           |          |
|    ep_len_mean     | 125      |
|    ep_rew_mean     | -10.7    |
| time/              |          |
|    episodes        | 316      |
|    fps             | 0        |
|    time_elapsed    | 77307    |
|    total_timesteps | 31289    |
| train/             |          |
|    actor_loss      | 0.139    |
|    critic_loss     | 0.237    |
|    ent_coef        | 0.005    |
|    learning_rate   | 0.0001   |
|    n_updates       | 29288    |
---------------------------------
---------------------------------
| rollout/           |          |
|    ep_len_mean     | 128      |
|    ep_rew_mean     | -10.2    |
| time/              |          |
|    episodes        | 320      |
|    fps             | 0        |
|    time_elapsed    | 78568    |
|    total_timesteps | 31889    |
| train/             |          |
|    actor_loss      | 0.227    |
|    critic_loss     | 0.159    |
|    ent_coef        | 0.005    |
|    learning_rate   | 0.0001   |
|    n_updates       | 29888    |
---------------------------------
---------------------------------
| rollout/           |          |
|    ep_len_mean     | 129      |
|    ep_rew_mean     | -7.91    |
| time/              |          |
|    episodes        | 324      |
|    fps             | 0        |
|    time_elapsed    | 79636    |
|    total_timesteps | 32410    |
| train/             |          |
|    actor_loss      | 0.279    |
|    critic_loss     | 0.312    |
|    ent_coef        | 0.005    |
|    learning_rate   | 0.0001   |
|    n_updates       | 30409    |
---------------------------------
---------------------------------
| rollout/           |          |
|    ep_len_mean     | 129      |
|    ep_rew_mean     | -7.26    |
| time/              |          |
|    episodes        | 328      |
|    fps             | 0        |
|    time_elapsed    | 80725    |
|    total_timesteps | 32934    |
| train/             |          |
|    actor_loss      | 0.395    |
|    critic_loss     | 0.217    |
|    ent_coef        | 0.005    |
|    learning_rate   | 0.0001   |
|    n_updates       | 30933    |
---------------------------------
---------------------------------
| rollout/           |          |
|    ep_len_mean     | 129      |
|    ep_rew_mean     | -7.41    |
| time/              |          |
|    episodes        | 332      |
|    fps             | 0        |
|    time_elapsed    | 81737    |
|    total_timesteps | 33422    |
| train/             |          |
|    actor_loss      | 0.0505   |
|    critic_loss     | 0.163    |
|    ent_coef        | 0.005    |
|    learning_rate   | 0.0001   |
|    n_updates       | 31421    |
---------------------------------
---------------------------------
| rollout/           |          |
|    ep_len_mean     | 130      |
|    ep_rew_mean     | -7.94    |
| time/              |          |
|    episodes        | 336      |
|    fps             | 0        |
|    time_elapsed    | 82971    |
|    total_timesteps | 34022    |
| train/             |          |
|    actor_loss      | 0.0155   |
|    critic_loss     | 0.596    |
|    ent_coef        | 0.005    |
|    learning_rate   | 0.0001   |
|    n_updates       | 32021    |
---------------------------------
---------------------------------
| rollout/           |          |
|    ep_len_mean     | 130      |
|    ep_rew_mean     | -9.84    |
| time/              |          |
|    episodes        | 340      |
|    fps             | 0        |
|    time_elapsed    | 83996    |
|    total_timesteps | 34516    |
| train/             |          |
|    actor_loss      | -0.141   |
|    critic_loss     | 0.131    |
|    ent_coef        | 0.005    |
|    learning_rate   | 0.0001   |
|    n_updates       | 32515    |
---------------------------------
---------------------------------
| rollout/           |          |
|    ep_len_mean     | 130      |
|    ep_rew_mean     | -9.58    |
| time/              |          |
|    episodes        | 344      |
|    fps             | 0        |
|    time_elapsed    | 85033    |
|    total_timesteps | 35011    |
| train/             |          |
|    actor_loss      | 0.243    |
|    critic_loss     | 0.11     |
|    ent_coef        | 0.005    |
|    learning_rate   | 0.0001   |
|    n_updates       | 33010    |
---------------------------------
---------------------------------
| rollout/           |          |
|    ep_len_mean     | 130      |
|    ep_rew_mean     | -11.1    |
| time/              |          |
|    episodes        | 348      |
|    fps             | 0        |
|    time_elapsed    | 86059    |
|    total_timesteps | 35511    |
| train/             |          |
|    actor_loss      | 0.0119   |
|    critic_loss     | 0.129    |
|    ent_coef        | 0.005    |
|    learning_rate   | 0.0001   |
|    n_updates       | 33510    |
---------------------------------
---------------------------------
| rollout/           |          |
|    ep_len_mean     | 129      |
|    ep_rew_mean     | -10.7    |
| time/              |          |
|    episodes        | 352      |
|    fps             | 0        |
|    time_elapsed    | 86835    |
|    total_timesteps | 35881    |
| train/             |          |
|    actor_loss      | 0.339    |
|    critic_loss     | 0.182    |
|    ent_coef        | 0.005    |
|    learning_rate   | 0.0001   |
|    n_updates       | 33880    |
---------------------------------
---------------------------------
| rollout/           |          |
|    ep_len_mean     | 129      |
|    ep_rew_mean     | -9.17    |
| time/              |          |
|    episodes        | 356      |
|    fps             | 0        |
|    time_elapsed    | 87707    |
|    total_timesteps | 36296    |
| train/             |          |
|    actor_loss      | 0.274    |
|    critic_loss     | 0.305    |
|    ent_coef        | 0.005    |
|    learning_rate   | 0.0001   |
|    n_updates       | 34295    |
---------------------------------
---------------------------------
| rollout/           |          |
|    ep_len_mean     | 129      |
|    ep_rew_mean     | -9.19    |
| time/              |          |
|    episodes        | 360      |
|    fps             | 0        |
|    time_elapsed    | 89245    |
|    total_timesteps | 36858    |
| train/             |          |
|    actor_loss      | 0.0642   |
|    critic_loss     | 0.115    |
|    ent_coef        | 0.005    |
|    learning_rate   | 0.0001   |
|    n_updates       | 34857    |
---------------------------------
---------------------------------
| rollout/           |          |
|    ep_len_mean     | 126      |
|    ep_rew_mean     | -9.91    |
| time/              |          |
|    episodes        | 364      |
|    fps             | 0        |
|    time_elapsed    | 90228    |
|    total_timesteps | 37171    |
| train/             |          |
|    actor_loss      | 0.162    |
|    critic_loss     | 0.171    |
|    ent_coef        | 0.005    |
|    learning_rate   | 0.0001   |
|    n_updates       | 35170    |
---------------------------------
---------------------------------
| rollout/           |          |
|    ep_len_mean     | 125      |
|    ep_rew_mean     | -10.1    |
| time/              |          |
|    episodes        | 368      |
|    fps             | 0        |
|    time_elapsed    | 91774    |
|    total_timesteps | 37691    |
| train/             |          |
|    actor_loss      | -0.178   |
|    critic_loss     | 0.235    |
|    ent_coef        | 0.005    |
|    learning_rate   | 0.0001   |
|    n_updates       | 35690    |
---------------------------------
---------------------------------
| rollout/           |          |
|    ep_len_mean     | 125      |
|    ep_rew_mean     | -10.3    |
| time/              |          |
|    episodes        | 372      |
|    fps             | 0        |
|    time_elapsed    | 93048    |
|    total_timesteps | 38125    |
| train/             |          |
|    actor_loss      | 0.00129  |
|    critic_loss     | 0.183    |
|    ent_coef        | 0.005    |
|    learning_rate   | 0.0001   |
|    n_updates       | 36124    |
---------------------------------
---------------------------------
| rollout/           |          |
|    ep_len_mean     | 125      |
|    ep_rew_mean     | -10.1    |
| time/              |          |
|    episodes        | 376      |
|    fps             | 0        |
|    time_elapsed    | 94776    |
|    total_timesteps | 38725    |
| train/             |          |
|    actor_loss      | -0.0514  |
|    critic_loss     | 0.0862   |
|    ent_coef        | 0.005    |
|    learning_rate   | 0.0001   |
|    n_updates       | 36724    |
---------------------------------
---------------------------------
| rollout/           |          |
|    ep_len_mean     | 127      |
|    ep_rew_mean     | -9.7     |
| time/              |          |
|    episodes        | 380      |
|    fps             | 0        |
|    time_elapsed    | 96093    |
|    total_timesteps | 39325    |
| train/             |          |
|    actor_loss      | -0.0759  |
|    critic_loss     | 0.237    |
|    ent_coef        | 0.005    |
|    learning_rate   | 0.0001   |
|    n_updates       | 37324    |
---------------------------------
---------------------------------
| rollout/           |          |
|    ep_len_mean     | 127      |
|    ep_rew_mean     | -9.69    |
| time/              |          |
|    episodes        | 384      |
|    fps             | 0        |
|    time_elapsed    | 97368    |
|    total_timesteps | 39925    |
| train/             |          |
|    actor_loss      | -0.0224  |
|    critic_loss     | 0.16     |
|    ent_coef        | 0.005    |
|    learning_rate   | 0.0001   |
|    n_updates       | 37924    |
---------------------------------
---------------------------------
| rollout/           |          |
|    ep_len_mean     | 127      |
|    ep_rew_mean     | -9.54    |
| time/              |          |
|    episodes        | 388      |
|    fps             | 0        |
|    time_elapsed    | 98694    |
|    total_timesteps | 40487    |
| train/             |          |
|    actor_loss      | -0.092   |
|    critic_loss     | 0.232    |
|    ent_coef        | 0.005    |
|    learning_rate   | 0.0001   |
|    n_updates       | 38486    |
---------------------------------
---------------------------------
| rollout/           |          |
|    ep_len_mean     | 127      |
|    ep_rew_mean     | -9.8     |
| time/              |          |
|    episodes        | 392      |
|    fps             | 0        |
|    time_elapsed    | 99968    |
|    total_timesteps | 40933    |
| train/             |          |
|    actor_loss      | -0.276   |
|    critic_loss     | 0.0891   |
|    ent_coef        | 0.005    |
|    learning_rate   | 0.0001   |
|    n_updates       | 38932    |
---------------------------------
---------------------------------
| rollout/           |          |
|    ep_len_mean     | 127      |
|    ep_rew_mean     | -9.77    |
| time/              |          |
|    episodes        | 396      |
|    fps             | 0        |
|    time_elapsed    | 101453   |
|    total_timesteps | 41442    |
| train/             |          |
|    actor_loss      | 0.0745   |
|    critic_loss     | 0.1      |
|    ent_coef        | 0.005    |
|    learning_rate   | 0.0001   |
|    n_updates       | 39441    |
---------------------------------
---------------------------------
| rollout/           |          |
|    ep_len_mean     | 128      |
|    ep_rew_mean     | -9.27    |
| time/              |          |
|    episodes        | 400      |
|    fps             | 0        |
|    time_elapsed    | 102969   |
|    total_timesteps | 41957    |
| train/             |          |
|    actor_loss      | -0.03    |
|    critic_loss     | 0.0732   |
|    ent_coef        | 0.005    |
|    learning_rate   | 0.0001   |
|    n_updates       | 39956    |
---------------------------------
---------------------------------
| rollout/           |          |
|    ep_len_mean     | 125      |
|    ep_rew_mean     | -9.74    |
| time/              |          |
|    episodes        | 404      |
|    fps             | 0        |
|    time_elapsed    | 103870   |
|    total_timesteps | 42264    |
| train/             |          |
|    actor_loss      | -0.253   |
|    critic_loss     | 0.0778   |
|    ent_coef        | 0.005    |
|    learning_rate   | 0.0001   |
|    n_updates       | 40263    |
---------------------------------
---------------------------------
| rollout/           |          |
|    ep_len_mean     | 127      |
|    ep_rew_mean     | -9.26    |
| time/              |          |
|    episodes        | 408      |
|    fps             | 0        |
|    time_elapsed    | 105188   |
|    total_timesteps | 42864    |
| train/             |          |
|    actor_loss      | -0.154   |
|    critic_loss     | 0.222    |
|    ent_coef        | 0.005    |
|    learning_rate   | 0.0001   |
|    n_updates       | 40863    |
---------------------------------
---------------------------------
| rollout/           |          |
|    ep_len_mean     | 125      |
|    ep_rew_mean     | -9.72    |
| time/              |          |
|    episodes        | 412      |
|    fps             | 0        |
|    time_elapsed    | 106009   |
|    total_timesteps | 43260    |
| train/             |          |
|    actor_loss      | -0.202   |
|    critic_loss     | 0.134    |
|    ent_coef        | 0.005    |
|    learning_rate   | 0.0001   |
|    n_updates       | 41259    |
---------------------------------
---------------------------------
| rollout/           |          |
|    ep_len_mean     | 125      |
|    ep_rew_mean     | -9.71    |
| time/              |          |
|    episodes        | 416      |
|    fps             | 0        |
|    time_elapsed    | 107051   |
|    total_timesteps | 43762    |
| train/             |          |
|    actor_loss      | 0.0448   |
|    critic_loss     | 0.208    |
|    ent_coef        | 0.005    |
|    learning_rate   | 0.0001   |
|    n_updates       | 41761    |
---------------------------------
---------------------------------
| rollout/           |          |
|    ep_len_mean     | 123      |
|    ep_rew_mean     | -10.1    |
| time/              |          |
|    episodes        | 420      |
|    fps             | 0        |
|    time_elapsed    | 107876   |
|    total_timesteps | 44158    |
| train/             |          |
|    actor_loss      | -0.0938  |
|    critic_loss     | 0.123    |
|    ent_coef        | 0.005    |
|    learning_rate   | 0.0001   |
|    n_updates       | 42157    |
---------------------------------
---------------------------------
| rollout/           |          |
|    ep_len_mean     | 123      |
|    ep_rew_mean     | -9.81    |
| time/              |          |
|    episodes        | 424      |
|    fps             | 0        |
|    time_elapsed    | 109140   |
|    total_timesteps | 44758    |
| train/             |          |
|    actor_loss      | -0.0993  |
|    critic_loss     | 0.108    |
|    ent_coef        | 0.005    |
|    learning_rate   | 0.0001   |
|    n_updates       | 42757    |
---------------------------------
---------------------------------
| rollout/           |          |
|    ep_len_mean     | 123      |
|    ep_rew_mean     | -9.94    |
| time/              |          |
|    episodes        | 428      |
|    fps             | 0        |
|    time_elapsed    | 110138   |
|    total_timesteps | 45242    |
| train/             |          |
|    actor_loss      | 0.143    |
|    critic_loss     | 0.142    |
|    ent_coef        | 0.005    |
|    learning_rate   | 0.0001   |
|    n_updates       | 43241    |
---------------------------------
---------------------------------
| rollout/           |          |
|    ep_len_mean     | 124      |
|    ep_rew_mean     | -9.51    |
| time/              |          |
|    episodes        | 432      |
|    fps             | 0        |
|    time_elapsed    | 111335   |
|    total_timesteps | 45819    |
| train/             |          |
|    actor_loss      | -0.261   |
|    critic_loss     | 0.108    |
|    ent_coef        | 0.005    |
|    learning_rate   | 0.0001   |
|    n_updates       | 43818    |
---------------------------------
---------------------------------
| rollout/           |          |
|    ep_len_mean     | 123      |
|    ep_rew_mean     | -9.67    |
| time/              |          |
|    episodes        | 436      |
|    fps             | 0        |
|    time_elapsed    | 112433   |
|    total_timesteps | 46355    |
| train/             |          |
|    actor_loss      | 0.139    |
|    critic_loss     | 0.219    |
|    ent_coef        | 0.005    |
|    learning_rate   | 0.0001   |
|    n_updates       | 44354    |
---------------------------------
---------------------------------
| rollout/           |          |
|    ep_len_mean     | 124      |
|    ep_rew_mean     | -7.54    |
| time/              |          |
|    episodes        | 440      |
|    fps             | 0        |
|    time_elapsed    | 113671   |
|    total_timesteps | 46955    |
| train/             |          |
|    actor_loss      | -0.181   |
|    critic_loss     | 0.445    |
|    ent_coef        | 0.005    |
|    learning_rate   | 0.0001   |
|    n_updates       | 44954    |
---------------------------------
---------------------------------
| rollout/           |          |
|    ep_len_mean     | 125      |
|    ep_rew_mean     | -7.33    |
| time/              |          |
|    episodes        | 444      |
|    fps             | 0        |
|    time_elapsed    | 114913   |
|    total_timesteps | 47555    |
| train/             |          |
|    actor_loss      | 0.00925  |
|    critic_loss     | 0.12     |
|    ent_coef        | 0.005    |
|    learning_rate   | 0.0001   |
|    n_updates       | 45554    |
---------------------------------
---------------------------------
| rollout/           |          |
|    ep_len_mean     | 125      |
|    ep_rew_mean     | -6.11    |
| time/              |          |
|    episodes        | 448      |
|    fps             | 0        |
|    time_elapsed    | 115844   |
|    total_timesteps | 48004    |
| train/             |          |
|    actor_loss      | 0.251    |
|    critic_loss     | 0.149    |
|    ent_coef        | 0.005    |
|    learning_rate   | 0.0001   |
|    n_updates       | 46003    |
---------------------------------
---------------------------------
| rollout/           |          |
|    ep_len_mean     | 127      |
|    ep_rew_mean     | -5.99    |
| time/              |          |
|    episodes        | 452      |
|    fps             | 0        |
|    time_elapsed    | 117101   |
|    total_timesteps | 48604    |
| train/             |          |
|    actor_loss      | -0.207   |
|    critic_loss     | 0.12     |
|    ent_coef        | 0.005    |
|    learning_rate   | 0.0001   |
|    n_updates       | 46603    |
---------------------------------
---------------------------------
| rollout/           |          |
|    ep_len_mean     | 129      |
|    ep_rew_mean     | -5.75    |
| time/              |          |
|    episodes        | 456      |
|    fps             | 0        |
|    time_elapsed    | 118235   |
|    total_timesteps | 49152    |
| train/             |          |
|    actor_loss      | 0.0177   |
|    critic_loss     | 0.192    |
|    ent_coef        | 0.005    |
|    learning_rate   | 0.0001   |
|    n_updates       | 47151    |
---------------------------------
---------------------------------
| rollout/           |          |
|    ep_len_mean     | 129      |
|    ep_rew_mean     | -6.11    |
| time/              |          |
|    episodes        | 460      |
|    fps             | 0        |
|    time_elapsed    | 119523   |
|    total_timesteps | 49752    |
| train/             |          |
|    actor_loss      | -0.468   |
|    critic_loss     | 0.366    |
|    ent_coef        | 0.005    |
|    learning_rate   | 0.0001   |
|    n_updates       | 47751    |
---------------------------------
---------------------------------
| rollout/           |          |
|    ep_len_mean     | 131      |
|    ep_rew_mean     | -6.31    |
| time/              |          |
|    episodes        | 464      |
|    fps             | 0        |
|    time_elapsed    | 120605   |
|    total_timesteps | 50273    |
| train/             |          |
|    actor_loss      | -0.218   |
|    critic_loss     | 0.114    |
|    ent_coef        | 0.005    |
|    learning_rate   | 0.0001   |
|    n_updates       | 48272    |
---------------------------------
---------------------------------
| rollout/           |          |
|    ep_len_mean     | 131      |
|    ep_rew_mean     | -8.37    |
| time/              |          |
|    episodes        | 468      |
|    fps             | 0        |
|    time_elapsed    | 121972   |
|    total_timesteps | 50793    |
| train/             |          |
|    actor_loss      | -0.114   |
|    critic_loss     | 0.474    |
|    ent_coef        | 0.005    |
|    learning_rate   | 0.0001   |
|    n_updates       | 48792    |
---------------------------------
---------------------------------
| rollout/           |          |
|    ep_len_mean     | 133      |
|    ep_rew_mean     | -7.91    |
| time/              |          |
|    episodes        | 472      |
|    fps             | 0        |
|    time_elapsed    | 123704   |
|    total_timesteps | 51393    |
| train/             |          |
|    actor_loss      | -0.199   |
|    critic_loss     | 0.0671   |
|    ent_coef        | 0.005    |
|    learning_rate   | 0.0001   |
|    n_updates       | 49392    |
---------------------------------
---------------------------------
| rollout/           |          |
|    ep_len_mean     | 133      |
|    ep_rew_mean     | -7.98    |
| time/              |          |
|    episodes        | 476      |
|    fps             | 0        |
|    time_elapsed    | 125443   |
|    total_timesteps | 51993    |
| train/             |          |
|    actor_loss      | -0.0356  |
|    critic_loss     | 0.118    |
|    ent_coef        | 0.005    |
|    learning_rate   | 0.0001   |
|    n_updates       | 49992    |
---------------------------------
---------------------------------
| rollout/           |          |
|    ep_len_mean     | 132      |
|    ep_rew_mean     | -8.13    |
| time/              |          |
|    episodes        | 480      |
|    fps             | 0        |
|    time_elapsed    | 126838   |
|    total_timesteps | 52484    |
| train/             |          |
|    actor_loss      | -0.174   |
|    critic_loss     | 0.0915   |
|    ent_coef        | 0.005    |
|    learning_rate   | 0.0001   |
|    n_updates       | 50483    |
---------------------------------
---------------------------------
| rollout/           |          |
|    ep_len_mean     | 132      |
|    ep_rew_mean     | -8.09    |
| time/              |          |
|    episodes        | 484      |
|    fps             | 0        |
|    time_elapsed    | 128566   |
|    total_timesteps | 53084    |
| train/             |          |
|    actor_loss      | -0.0672  |
|    critic_loss     | 0.118    |
|    ent_coef        | 0.005    |
|    learning_rate   | 0.0001   |
|    n_updates       | 51083    |
---------------------------------
---------------------------------
| rollout/           |          |
|    ep_len_mean     | 132      |
|    ep_rew_mean     | -7.32    |
| time/              |          |
|    episodes        | 488      |
|    fps             | 0        |
|    time_elapsed    | 129857   |
|    total_timesteps | 53684    |
| train/             |          |
|    actor_loss      | 0.0569   |
|    critic_loss     | 0.141    |
|    ent_coef        | 0.005    |
|    learning_rate   | 0.0001   |
|    n_updates       | 51683    |
---------------------------------
---------------------------------
| rollout/           |          |
|    ep_len_mean     | 133      |
|    ep_rew_mean     | -7.04    |
| time/              |          |
|    episodes        | 492      |
|    fps             | 0        |
|    time_elapsed    | 130957   |
|    total_timesteps | 54192    |
| train/             |          |
|    actor_loss      | -0.273   |
|    critic_loss     | 0.1      |
|    ent_coef        | 0.005    |
|    learning_rate   | 0.0001   |
|    n_updates       | 52191    |
---------------------------------
---------------------------------
| rollout/           |          |
|    ep_len_mean     | 133      |
|    ep_rew_mean     | -7.06    |
| time/              |          |
|    episodes        | 496      |
|    fps             | 0        |
|    time_elapsed    | 132062   |
|    total_timesteps | 54704    |
| train/             |          |
|    actor_loss      | -0.0673  |
|    critic_loss     | 0.109    |
|    ent_coef        | 0.005    |
|    learning_rate   | 0.0001   |
|    n_updates       | 52703    |
---------------------------------
---------------------------------
| rollout/           |          |
|    ep_len_mean     | 133      |
|    ep_rew_mean     | -7.05    |
| time/              |          |
|    episodes        | 500      |
|    fps             | 0        |
|    time_elapsed    | 133288   |
|    total_timesteps | 55270    |
| train/             |          |
|    actor_loss      | 0.209    |
|    critic_loss     | 0.0687   |
|    ent_coef        | 0.005    |
|    learning_rate   | 0.0001   |
|    n_updates       | 53269    |
---------------------------------
---------------------------------
| rollout/           |          |
|    ep_len_mean     | 134      |
|    ep_rew_mean     | -7.25    |
| time/              |          |
|    episodes        | 504      |
|    fps             | 0        |
|    time_elapsed    | 134193   |
|    total_timesteps | 55679    |
| train/             |          |
|    actor_loss      | 0.0575   |
|    critic_loss     | 0.211    |
|    ent_coef        | 0.005    |
|    learning_rate   | 0.0001   |
|    n_updates       | 53678    |
---------------------------------
---------------------------------
| rollout/           |          |
|    ep_len_mean     | 134      |
|    ep_rew_mean     | -7.26    |
| time/              |          |
|    episodes        | 508      |
|    fps             | 0        |
|    time_elapsed    | 135503   |
|    total_timesteps | 56279    |
| train/             |          |
|    actor_loss      | 0.399    |
|    critic_loss     | 0.182    |
|    ent_coef        | 0.005    |
|    learning_rate   | 0.0001   |
|    n_updates       | 54278    |
---------------------------------
---------------------------------
| rollout/           |          |
|    ep_len_mean     | 136      |
|    ep_rew_mean     | -7.22    |
| time/              |          |
|    episodes        | 512      |
|    fps             | 0        |
|    time_elapsed    | 136731   |
|    total_timesteps | 56818    |
| train/             |          |
|    actor_loss      | 0.565    |
|    critic_loss     | 0.426    |
|    ent_coef        | 0.005    |
|    learning_rate   | 0.0001   |
|    n_updates       | 54817    |
---------------------------------
---------------------------------
| rollout/           |          |
|    ep_len_mean     | 136      |
|    ep_rew_mean     | -8.32    |
| time/              |          |
|    episodes        | 516      |
|    fps             | 0        |
|    time_elapsed    | 137827   |
|    total_timesteps | 57320    |
| train/             |          |
|    actor_loss      | -0.278   |
|    critic_loss     | 0.556    |
|    ent_coef        | 0.005    |
|    learning_rate   | 0.0001   |
|    n_updates       | 55319    |
---------------------------------
---------------------------------
| rollout/           |          |
|    ep_len_mean     | 137      |
|    ep_rew_mean     | -8.52    |
| time/              |          |
|    episodes        | 520      |
|    fps             | 0        |
|    time_elapsed    | 138962   |
|    total_timesteps | 57815    |
| train/             |          |
|    actor_loss      | 0.0611   |
|    critic_loss     | 0.114    |
|    ent_coef        | 0.005    |
|    learning_rate   | 0.0001   |
|    n_updates       | 55814    |
---------------------------------
---------------------------------
| rollout/           |          |
|    ep_len_mean     | 135      |
|    ep_rew_mean     | -8.98    |
| time/              |          |
|    episodes        | 524      |
|    fps             | 0        |
|    time_elapsed    | 139894   |
|    total_timesteps | 58250    |
| train/             |          |
|    actor_loss      | -0.0557  |
|    critic_loss     | 0.102    |
|    ent_coef        | 0.005    |
|    learning_rate   | 0.0001   |
|    n_updates       | 56249    |
---------------------------------
---------------------------------
| rollout/           |          |
|    ep_len_mean     | 135      |
|    ep_rew_mean     | -8.85    |
| time/              |          |
|    episodes        | 528      |
|    fps             | 0        |
|    time_elapsed    | 140992   |
|    total_timesteps | 58764    |
| train/             |          |
|    actor_loss      | 0.0847   |
|    critic_loss     | 0.0578   |
|    ent_coef        | 0.005    |
|    learning_rate   | 0.0001   |
|    n_updates       | 56763    |
---------------------------------
---------------------------------
| rollout/           |          |
|    ep_len_mean     | 135      |
|    ep_rew_mean     | -9.1     |
| time/              |          |
|    episodes        | 532      |
|    fps             | 0        |
|    time_elapsed    | 142140   |
|    total_timesteps | 59297    |
| train/             |          |
|    actor_loss      | -0.0122  |
|    critic_loss     | 0.146    |
|    ent_coef        | 0.005    |
|    learning_rate   | 0.0001   |
|    n_updates       | 57296    |
---------------------------------
---------------------------------
| rollout/           |          |
|    ep_len_mean     | 135      |
|    ep_rew_mean     | -8.19    |
| time/              |          |
|    episodes        | 536      |
|    fps             | 0        |
|    time_elapsed    | 143373   |
|    total_timesteps | 59897    |
| train/             |          |
|    actor_loss      | -0.135   |
|    critic_loss     | 0.0587   |
|    ent_coef        | 0.005    |
|    learning_rate   | 0.0001   |
|    n_updates       | 57896    |
---------------------------------
