Using cuda device
Wrapping the env in a DummyVecEnv.
Logging to D:\py\DRL2\logs\t12_train\sac_mpc_arrival_262400\tensorboard\SAC_1
---------------------------------
| rollout/           |          |
|    ep_len_mean     | 122      |
|    ep_rew_mean     | -12.7    |
| time/              |          |
|    episodes        | 4        |
|    fps             | 0        |
|    time_elapsed    | 1286     |
|    total_timesteps | 488      |
---------------------------------
---------------------------------
| rollout/           |          |
|    ep_len_mean     | 117      |
|    ep_rew_mean     | -18.8    |
| time/              |          |
|    episodes        | 8        |
|    fps             | 0        |
|    time_elapsed    | 2433     |
|    total_timesteps | 934      |
---------------------------------
---------------------------------
| rollout/           |          |
|    ep_len_mean     | 122      |
|    ep_rew_mean     | -12.2    |
| time/              |          |
|    episodes        | 12       |
|    fps             | 0        |
|    time_elapsed    | 3755     |
|    total_timesteps | 1467     |
---------------------------------
---------------------------------
| rollout/           |          |
|    ep_len_mean     | 121      |
|    ep_rew_mean     | -13.3    |
| time/              |          |
|    episodes        | 16       |
|    fps             | 0        |
|    time_elapsed    | 5028     |
|    total_timesteps | 1929     |
---------------------------------
---------------------------------
| rollout/           |          |
|    ep_len_mean     | 118      |
|    ep_rew_mean     | -15.8    |
| time/              |          |
|    episodes        | 20       |
|    fps             | 0        |
|    time_elapsed    | 6239     |
|    total_timesteps | 2356     |
| train/             |          |
|    actor_loss      | 0.0482   |
|    critic_loss     | 1.85     |
|    ent_coef        | 0.005    |
|    learning_rate   | 0.0001   |
|    n_updates       | 355      |
---------------------------------
---------------------------------
| rollout/           |          |
|    ep_len_mean     | 109      |
|    ep_rew_mean     | -22.3    |
| time/              |          |
|    episodes        | 24       |
|    fps             | 0        |
|    time_elapsed    | 7025     |
|    total_timesteps | 2627     |
| train/             |          |
|    actor_loss      | 0.0621   |
|    critic_loss     | 1.77     |
|    ent_coef        | 0.005    |
|    learning_rate   | 0.0001   |
|    n_updates       | 626      |
---------------------------------
---------------------------------
| rollout/           |          |
|    ep_len_mean     | 104      |
|    ep_rew_mean     | -26.2    |
| time/              |          |
|    episodes        | 28       |
|    fps             | 0        |
|    time_elapsed    | 7834     |
|    total_timesteps | 2910     |
| train/             |          |
|    actor_loss      | -0.0759  |
|    critic_loss     | 1.4      |
|    ent_coef        | 0.005    |
|    learning_rate   | 0.0001   |
|    n_updates       | 909      |
---------------------------------
---------------------------------
| rollout/           |          |
|    ep_len_mean     | 103      |
|    ep_rew_mean     | -25.6    |
| time/              |          |
|    episodes        | 32       |
|    fps             | 0        |
|    time_elapsed    | 8852     |
|    total_timesteps | 3281     |
| train/             |          |
|    actor_loss      | 0.022    |
|    critic_loss     | 1.92     |
|    ent_coef        | 0.005    |
|    learning_rate   | 0.0001   |
|    n_updates       | 1280     |
---------------------------------
---------------------------------
| rollout/           |          |
|    ep_len_mean     | 101      |
|    ep_rew_mean     | -23.7    |
| time/              |          |
|    episodes        | 36       |
|    fps             | 0        |
|    time_elapsed    | 9839     |
|    total_timesteps | 3628     |
| train/             |          |
|    actor_loss      | -0.525   |
|    critic_loss     | 1.5      |
|    ent_coef        | 0.005    |
|    learning_rate   | 0.0001   |
|    n_updates       | 1627     |
---------------------------------
---------------------------------
| rollout/           |          |
|    ep_len_mean     | 95.2     |
|    ep_rew_mean     | -25.8    |
| time/              |          |
|    episodes        | 40       |
|    fps             | 0        |
|    time_elapsed    | 10355    |
|    total_timesteps | 3808     |
| train/             |          |
|    actor_loss      | 0.0983   |
|    critic_loss     | 1.14     |
|    ent_coef        | 0.005    |
|    learning_rate   | 0.0001   |
|    n_updates       | 1807     |
---------------------------------
---------------------------------
| rollout/           |          |
|    ep_len_mean     | 93.9     |
|    ep_rew_mean     | -25      |
| time/              |          |
|    episodes        | 44       |
|    fps             | 0        |
|    time_elapsed    | 11292    |
|    total_timesteps | 4131     |
| train/             |          |
|    actor_loss      | -0.0816  |
|    critic_loss     | 0.557    |
|    ent_coef        | 0.005    |
|    learning_rate   | 0.0001   |
|    n_updates       | 2130     |
---------------------------------
---------------------------------
| rollout/           |          |
|    ep_len_mean     | 93.9     |
|    ep_rew_mean     | -27.6    |
| time/              |          |
|    episodes        | 48       |
|    fps             | 0        |
|    time_elapsed    | 12375    |
|    total_timesteps | 4507     |
| train/             |          |
|    actor_loss      | -0.313   |
|    critic_loss     | 0.363    |
|    ent_coef        | 0.005    |
|    learning_rate   | 0.0001   |
|    n_updates       | 2506     |
---------------------------------
---------------------------------
| rollout/           |          |
|    ep_len_mean     | 94.2     |
|    ep_rew_mean     | -27.6    |
| time/              |          |
|    episodes        | 52       |
|    fps             | 0        |
|    time_elapsed    | 13494    |
|    total_timesteps | 4899     |
| train/             |          |
|    actor_loss      | 0.489    |
|    critic_loss     | 1.99     |
|    ent_coef        | 0.005    |
|    learning_rate   | 0.0001   |
|    n_updates       | 2898     |
---------------------------------
---------------------------------
| rollout/           |          |
|    ep_len_mean     | 90.5     |
|    ep_rew_mean     | -30.3    |
| time/              |          |
|    episodes        | 56       |
|    fps             | 0        |
|    time_elapsed    | 13968    |
|    total_timesteps | 5068     |
| train/             |          |
|    actor_loss      | -0.204   |
|    critic_loss     | 0.746    |
|    ent_coef        | 0.005    |
|    learning_rate   | 0.0001   |
|    n_updates       | 3067     |
---------------------------------
---------------------------------
| rollout/           |          |
|    ep_len_mean     | 90.9     |
|    ep_rew_mean     | -30.3    |
| time/              |          |
|    episodes        | 60       |
|    fps             | 0        |
|    time_elapsed    | 15063    |
|    total_timesteps | 5456     |
| train/             |          |
|    actor_loss      | -0.0933  |
|    critic_loss     | 0.393    |
|    ent_coef        | 0.005    |
|    learning_rate   | 0.0001   |
|    n_updates       | 3455     |
---------------------------------
---------------------------------
| rollout/           |          |
|    ep_len_mean     | 91.6     |
|    ep_rew_mean     | -29.4    |
| time/              |          |
|    episodes        | 64       |
|    fps             | 0        |
|    time_elapsed    | 16179    |
|    total_timesteps | 5860     |
| train/             |          |
|    actor_loss      | -0.541   |
|    critic_loss     | 2.33     |
|    ent_coef        | 0.005    |
|    learning_rate   | 0.0001   |
|    n_updates       | 3859     |
---------------------------------
---------------------------------
| rollout/           |          |
|    ep_len_mean     | 92       |
|    ep_rew_mean     | -27.4    |
| time/              |          |
|    episodes        | 68       |
|    fps             | 0        |
|    time_elapsed    | 17267    |
|    total_timesteps | 6259     |
| train/             |          |
|    actor_loss      | -0.16    |
|    critic_loss     | 1.59     |
|    ent_coef        | 0.005    |
|    learning_rate   | 0.0001   |
|    n_updates       | 4258     |
---------------------------------
---------------------------------
| rollout/           |          |
|    ep_len_mean     | 93.7     |
|    ep_rew_mean     | -27.2    |
| time/              |          |
|    episodes        | 72       |
|    fps             | 0        |
|    time_elapsed    | 18642    |
|    total_timesteps | 6747     |
| train/             |          |
|    actor_loss      | 0.278    |
|    critic_loss     | 1.32     |
|    ent_coef        | 0.005    |
|    learning_rate   | 0.0001   |
|    n_updates       | 4746     |
---------------------------------
---------------------------------
| rollout/           |          |
|    ep_len_mean     | 92.3     |
|    ep_rew_mean     | -29.3    |
| time/              |          |
|    episodes        | 76       |
|    fps             | 0        |
|    time_elapsed    | 19373    |
|    total_timesteps | 7015     |
| train/             |          |
|    actor_loss      | -0.158   |
|    critic_loss     | 0.534    |
|    ent_coef        | 0.005    |
|    learning_rate   | 0.0001   |
|    n_updates       | 5014     |
---------------------------------
---------------------------------
| rollout/           |          |
|    ep_len_mean     | 92.8     |
|    ep_rew_mean     | -27.7    |
| time/              |          |
|    episodes        | 80       |
|    fps             | 0        |
|    time_elapsed    | 20498    |
|    total_timesteps | 7423     |
| train/             |          |
|    actor_loss      | -0.555   |
|    critic_loss     | 1.72     |
|    ent_coef        | 0.005    |
|    learning_rate   | 0.0001   |
|    n_updates       | 5422     |
---------------------------------
---------------------------------
| rollout/           |          |
|    ep_len_mean     | 91.8     |
|    ep_rew_mean     | -28      |
| time/              |          |
|    episodes        | 84       |
|    fps             | 0        |
|    time_elapsed    | 21273    |
|    total_timesteps | 7707     |
| train/             |          |
|    actor_loss      | -0.174   |
|    critic_loss     | 1.75     |
|    ent_coef        | 0.005    |
|    learning_rate   | 0.0001   |
|    n_updates       | 5706     |
---------------------------------
---------------------------------
| rollout/           |          |
|    ep_len_mean     | 93.2     |
|    ep_rew_mean     | -27.3    |
| time/              |          |
|    episodes        | 88       |
|    fps             | 0        |
|    time_elapsed    | 22644    |
|    total_timesteps | 8202     |
| train/             |          |
|    actor_loss      | -1.07    |
|    critic_loss     | 1.11     |
|    ent_coef        | 0.005    |
|    learning_rate   | 0.0001   |
|    n_updates       | 6201     |
---------------------------------
---------------------------------
| rollout/           |          |
|    ep_len_mean     | 93.2     |
|    ep_rew_mean     | -27.8    |
| time/              |          |
|    episodes        | 92       |
|    fps             | 0        |
|    time_elapsed    | 23669    |
|    total_timesteps | 8575     |
| train/             |          |
|    actor_loss      | -0.272   |
|    critic_loss     | 0.968    |
|    ent_coef        | 0.005    |
|    learning_rate   | 0.0001   |
|    n_updates       | 6574     |
---------------------------------
---------------------------------
| rollout/           |          |
|    ep_len_mean     | 92.8     |
|    ep_rew_mean     | -28      |
| time/              |          |
|    episodes        | 96       |
|    fps             | 0        |
|    time_elapsed    | 24589    |
|    total_timesteps | 8910     |
| train/             |          |
|    actor_loss      | -0.445   |
|    critic_loss     | 0.395    |
|    ent_coef        | 0.005    |
|    learning_rate   | 0.0001   |
|    n_updates       | 6909     |
---------------------------------
---------------------------------
| rollout/           |          |
|    ep_len_mean     | 93       |
|    ep_rew_mean     | -27.9    |
| time/              |          |
|    episodes        | 100      |
|    fps             | 0        |
|    time_elapsed    | 25657    |
|    total_timesteps | 9295     |
| train/             |          |
|    actor_loss      | -0.534   |
|    critic_loss     | 1.78     |
|    ent_coef        | 0.005    |
|    learning_rate   | 0.0001   |
|    n_updates       | 7294     |
---------------------------------
---------------------------------
| rollout/           |          |
|    ep_len_mean     | 90.4     |
|    ep_rew_mean     | -29.6    |
| time/              |          |
|    episodes        | 104      |
|    fps             | 0        |
|    time_elapsed    | 26291    |
|    total_timesteps | 9529     |
| train/             |          |
|    actor_loss      | -0.253   |
|    critic_loss     | 0.771    |
|    ent_coef        | 0.005    |
|    learning_rate   | 0.0001   |
|    n_updates       | 7528     |
---------------------------------
---------------------------------
| rollout/           |          |
|    ep_len_mean     | 89       |
|    ep_rew_mean     | -30.2    |
| time/              |          |
|    episodes        | 108      |
|    fps             | 0        |
|    time_elapsed    | 27141    |
|    total_timesteps | 9838     |
| train/             |          |
|    actor_loss      | -0.708   |
|    critic_loss     | 0.713    |
|    ent_coef        | 0.005    |
|    learning_rate   | 0.0001   |
|    n_updates       | 7837     |
---------------------------------
---------------------------------
| rollout/           |          |
|    ep_len_mean     | 86.5     |
|    ep_rew_mean     | -31.9    |
| time/              |          |
|    episodes        | 112      |
|    fps             | 0        |
|    time_elapsed    | 27905    |
|    total_timesteps | 10115    |
| train/             |          |
|    actor_loss      | 0.972    |
|    critic_loss     | 0.869    |
|    ent_coef        | 0.005    |
|    learning_rate   | 0.0001   |
|    n_updates       | 8114     |
---------------------------------
---------------------------------
| rollout/           |          |
|    ep_len_mean     | 84.5     |
|    ep_rew_mean     | -32.2    |
| time/              |          |
|    episodes        | 116      |
|    fps             | 0        |
|    time_elapsed    | 28612    |
|    total_timesteps | 10375    |
| train/             |          |
|    actor_loss      | 0.482    |
|    critic_loss     | 1.1      |
|    ent_coef        | 0.005    |
|    learning_rate   | 0.0001   |
|    n_updates       | 8374     |
---------------------------------
---------------------------------
| rollout/           |          |
|    ep_len_mean     | 83.5     |
|    ep_rew_mean     | -32.5    |
| time/              |          |
|    episodes        | 120      |
|    fps             | 0        |
|    time_elapsed    | 29522    |
|    total_timesteps | 10708    |
| train/             |          |
|    actor_loss      | 1.4      |
|    critic_loss     | 1.11     |
|    ent_coef        | 0.005    |
|    learning_rate   | 0.0001   |
|    n_updates       | 8707     |
---------------------------------
---------------------------------
| rollout/           |          |
|    ep_len_mean     | 83.6     |
|    ep_rew_mean     | -32.4    |
| time/              |          |
|    episodes        | 124      |
|    fps             | 0        |
|    time_elapsed    | 30277    |
|    total_timesteps | 10985    |
| train/             |          |
|    actor_loss      | -0.59    |
|    critic_loss     | 0.843    |
|    ent_coef        | 0.005    |
|    learning_rate   | 0.0001   |
|    n_updates       | 8984     |
---------------------------------
---------------------------------
| rollout/           |          |
|    ep_len_mean     | 82.6     |
|    ep_rew_mean     | -33.3    |
| time/              |          |
|    episodes        | 128      |
|    fps             | 0        |
|    time_elapsed    | 30809    |
|    total_timesteps | 11174    |
| train/             |          |
|    actor_loss      | -0.0617  |
|    critic_loss     | 1.59     |
|    ent_coef        | 0.005    |
|    learning_rate   | 0.0001   |
|    n_updates       | 9173     |
---------------------------------
---------------------------------
| rollout/           |          |
|    ep_len_mean     | 81.6     |
|    ep_rew_mean     | -34.2    |
| time/              |          |
|    episodes        | 132      |
|    fps             | 0        |
|    time_elapsed    | 31542    |
|    total_timesteps | 11442    |
| train/             |          |
|    actor_loss      | -0.293   |
|    critic_loss     | 0.854    |
|    ent_coef        | 0.005    |
|    learning_rate   | 0.0001   |
|    n_updates       | 9441     |
---------------------------------
---------------------------------
| rollout/           |          |
|    ep_len_mean     | 80.9     |
|    ep_rew_mean     | -35.6    |
| time/              |          |
|    episodes        | 136      |
|    fps             | 0        |
|    time_elapsed    | 32286    |
|    total_timesteps | 11714    |
| train/             |          |
|    actor_loss      | 0.0512   |
|    critic_loss     | 0.886    |
|    ent_coef        | 0.005    |
|    learning_rate   | 0.0001   |
|    n_updates       | 9713     |
---------------------------------
---------------------------------
| rollout/           |          |
|    ep_len_mean     | 81.6     |
|    ep_rew_mean     | -35.7    |
| time/              |          |
|    episodes        | 140      |
|    fps             | 0        |
|    time_elapsed    | 32991    |
|    total_timesteps | 11972    |
| train/             |          |
|    actor_loss      | -0.735   |
|    critic_loss     | 0.539    |
|    ent_coef        | 0.005    |
|    learning_rate   | 0.0001   |
|    n_updates       | 9971     |
---------------------------------
---------------------------------
| rollout/           |          |
|    ep_len_mean     | 82.2     |
|    ep_rew_mean     | -36.7    |
| time/              |          |
|    episodes        | 144      |
|    fps             | 0        |
|    time_elapsed    | 34049    |
|    total_timesteps | 12352    |
| train/             |          |
|    actor_loss      | 0.488    |
|    critic_loss     | 2.28     |
|    ent_coef        | 0.005    |
|    learning_rate   | 0.0001   |
|    n_updates       | 10351    |
---------------------------------
---------------------------------
| rollout/           |          |
|    ep_len_mean     | 82.5     |
|    ep_rew_mean     | -35.9    |
| time/              |          |
|    episodes        | 148      |
|    fps             | 0        |
|    time_elapsed    | 35178    |
|    total_timesteps | 12758    |
| train/             |          |
|    actor_loss      | 1.12     |
|    critic_loss     | 0.984    |
|    ent_coef        | 0.005    |
|    learning_rate   | 0.0001   |
|    n_updates       | 10757    |
---------------------------------
---------------------------------
| rollout/           |          |
|    ep_len_mean     | 81.7     |
|    ep_rew_mean     | -36.3    |
| time/              |          |
|    episodes        | 152      |
|    fps             | 0        |
|    time_elapsed    | 36090    |
|    total_timesteps | 13071    |
| train/             |          |
|    actor_loss      | 0.0338   |
|    critic_loss     | 0.996    |
|    ent_coef        | 0.005    |
|    learning_rate   | 0.0001   |
|    n_updates       | 11070    |
---------------------------------
---------------------------------
| rollout/           |          |
|    ep_len_mean     | 85       |
|    ep_rew_mean     | -34.6    |
| time/              |          |
|    episodes        | 156      |
|    fps             | 0        |
|    time_elapsed    | 37575    |
|    total_timesteps | 13566    |
| train/             |          |
|    actor_loss      | 1.03     |
|    critic_loss     | 0.61     |
|    ent_coef        | 0.005    |
|    learning_rate   | 0.0001   |
|    n_updates       | 11565    |
---------------------------------
---------------------------------
| rollout/           |          |
|    ep_len_mean     | 84.9     |
|    ep_rew_mean     | -34.6    |
| time/              |          |
|    episodes        | 160      |
|    fps             | 0        |
|    time_elapsed    | 38718    |
|    total_timesteps | 13946    |
| train/             |          |
|    actor_loss      | 0.649    |
|    critic_loss     | 1.28     |
|    ent_coef        | 0.005    |
|    learning_rate   | 0.0001   |
|    n_updates       | 11945    |
---------------------------------
---------------------------------
| rollout/           |          |
|    ep_len_mean     | 82.9     |
|    ep_rew_mean     | -35.9    |
| time/              |          |
|    episodes        | 164      |
|    fps             | 0        |
|    time_elapsed    | 39336    |
|    total_timesteps | 14154    |
| train/             |          |
|    actor_loss      | -0.0689  |
|    critic_loss     | 1.06     |
|    ent_coef        | 0.005    |
|    learning_rate   | 0.0001   |
|    n_updates       | 12153    |
---------------------------------
---------------------------------
| rollout/           |          |
|    ep_len_mean     | 80.7     |
|    ep_rew_mean     | -38      |
| time/              |          |
|    episodes        | 168      |
|    fps             | 0        |
|    time_elapsed    | 39841    |
|    total_timesteps | 14324    |
| train/             |          |
|    actor_loss      | 0.744    |
|    critic_loss     | 1.25     |
|    ent_coef        | 0.005    |
|    learning_rate   | 0.0001   |
|    n_updates       | 12323    |
---------------------------------
---------------------------------
| rollout/           |          |
|    ep_len_mean     | 80.6     |
|    ep_rew_mean     | -37.5    |
| time/              |          |
|    episodes        | 172      |
|    fps             | 0        |
|    time_elapsed    | 41322    |
|    total_timesteps | 14811    |
| train/             |          |
|    actor_loss      | 1.01     |
|    critic_loss     | 1.81     |
|    ent_coef        | 0.005    |
|    learning_rate   | 0.0001   |
|    n_updates       | 12810    |
---------------------------------
---------------------------------
| rollout/           |          |
|    ep_len_mean     | 84       |
|    ep_rew_mean     | -34.8    |
| time/              |          |
|    episodes        | 176      |
|    fps             | 0        |
|    time_elapsed    | 42871    |
|    total_timesteps | 15411    |
| train/             |          |
|    actor_loss      | 0.318    |
|    critic_loss     | 0.886    |
|    ent_coef        | 0.005    |
|    learning_rate   | 0.0001   |
|    n_updates       | 13410    |
---------------------------------
---------------------------------
| rollout/           |          |
|    ep_len_mean     | 82.7     |
|    ep_rew_mean     | -37      |
| time/              |          |
|    episodes        | 180      |
|    fps             | 0        |
|    time_elapsed    | 43487    |
|    total_timesteps | 15691    |
| train/             |          |
|    actor_loss      | 0.777    |
|    critic_loss     | 0.814    |
|    ent_coef        | 0.005    |
|    learning_rate   | 0.0001   |
|    n_updates       | 13690    |
---------------------------------
---------------------------------
| rollout/           |          |
|    ep_len_mean     | 81.4     |
|    ep_rew_mean     | -38.9    |
| time/              |          |
|    episodes        | 184      |
|    fps             | 0        |
|    time_elapsed    | 43823    |
|    total_timesteps | 15846    |
| train/             |          |
|    actor_loss      | -0.275   |
|    critic_loss     | 1.39     |
|    ent_coef        | 0.005    |
|    learning_rate   | 0.0001   |
|    n_updates       | 13845    |
---------------------------------
---------------------------------
| rollout/           |          |
|    ep_len_mean     | 79       |
|    ep_rew_mean     | -40.2    |
| time/              |          |
|    episodes        | 188      |
|    fps             | 0        |
|    time_elapsed    | 44506    |
|    total_timesteps | 16097    |
| train/             |          |
|    actor_loss      | 0.562    |
|    critic_loss     | 1.14     |
|    ent_coef        | 0.005    |
|    learning_rate   | 0.0001   |
|    n_updates       | 14096    |
---------------------------------
---------------------------------
| rollout/           |          |
|    ep_len_mean     | 78       |
|    ep_rew_mean     | -40.3    |
| time/              |          |
|    episodes        | 192      |
|    fps             | 0        |
|    time_elapsed    | 45342    |
|    total_timesteps | 16374    |
| train/             |          |
|    actor_loss      | 0.9      |
|    critic_loss     | 0.955    |
|    ent_coef        | 0.005    |
|    learning_rate   | 0.0001   |
|    n_updates       | 14373    |
---------------------------------
---------------------------------
| rollout/           |          |
|    ep_len_mean     | 77.3     |
|    ep_rew_mean     | -41      |
| time/              |          |
|    episodes        | 196      |
|    fps             | 0        |
|    time_elapsed    | 46146    |
|    total_timesteps | 16644    |
| train/             |          |
|    actor_loss      | 0.875    |
|    critic_loss     | 0.943    |
|    ent_coef        | 0.005    |
|    learning_rate   | 0.0001   |
|    n_updates       | 14643    |
---------------------------------
---------------------------------
| rollout/           |          |
|    ep_len_mean     | 77.7     |
|    ep_rew_mean     | -40.6    |
| time/              |          |
|    episodes        | 200      |
|    fps             | 0        |
|    time_elapsed    | 47412    |
|    total_timesteps | 17062    |
| train/             |          |
|    actor_loss      | 0.518    |
|    critic_loss     | 0.966    |
|    ent_coef        | 0.005    |
|    learning_rate   | 0.0001   |
|    n_updates       | 15061    |
---------------------------------
---------------------------------
| rollout/           |          |
|    ep_len_mean     | 78       |
|    ep_rew_mean     | -40.4    |
| time/              |          |
|    episodes        | 204      |
|    fps             | 0        |
|    time_elapsed    | 48137    |
|    total_timesteps | 17327    |
| train/             |          |
|    actor_loss      | 0.504    |
|    critic_loss     | 0.711    |
|    ent_coef        | 0.005    |
|    learning_rate   | 0.0001   |
|    n_updates       | 15326    |
---------------------------------
---------------------------------
| rollout/           |          |
|    ep_len_mean     | 79.1     |
|    ep_rew_mean     | -39      |
| time/              |          |
|    episodes        | 208      |
|    fps             | 0        |
|    time_elapsed    | 49079    |
|    total_timesteps | 17751    |
| train/             |          |
|    actor_loss      | 0.417    |
|    critic_loss     | 0.853    |
|    ent_coef        | 0.005    |
|    learning_rate   | 0.0001   |
|    n_updates       | 15750    |
---------------------------------
---------------------------------
| rollout/           |          |
|    ep_len_mean     | 79.7     |
|    ep_rew_mean     | -38.3    |
| time/              |          |
|    episodes        | 212      |
|    fps             | 0        |
|    time_elapsed    | 49808    |
|    total_timesteps | 18085    |
| train/             |          |
|    actor_loss      | 1.13     |
|    critic_loss     | 1.15     |
|    ent_coef        | 0.005    |
|    learning_rate   | 0.0001   |
|    n_updates       | 16084    |
---------------------------------
---------------------------------
| rollout/           |          |
|    ep_len_mean     | 80.8     |
|    ep_rew_mean     | -38.2    |
| time/              |          |
|    episodes        | 216      |
|    fps             | 0        |
|    time_elapsed    | 50636    |
|    total_timesteps | 18458    |
| train/             |          |
|    actor_loss      | 0.283    |
|    critic_loss     | 1.59     |
|    ent_coef        | 0.005    |
|    learning_rate   | 0.0001   |
|    n_updates       | 16457    |
---------------------------------
---------------------------------
| rollout/           |          |
|    ep_len_mean     | 81.6     |
|    ep_rew_mean     | -37.7    |
| time/              |          |
|    episodes        | 220      |
|    fps             | 0        |
|    time_elapsed    | 51712    |
|    total_timesteps | 18864    |
| train/             |          |
|    actor_loss      | 3.78     |
|    critic_loss     | 1.45     |
|    ent_coef        | 0.005    |
|    learning_rate   | 0.0001   |
|    n_updates       | 16863    |
---------------------------------
---------------------------------
| rollout/           |          |
|    ep_len_mean     | 84.1     |
|    ep_rew_mean     | -35.4    |
| time/              |          |
|    episodes        | 224      |
|    fps             | 0        |
|    time_elapsed    | 53358    |
|    total_timesteps | 19397    |
| train/             |          |
|    actor_loss      | 1.96     |
|    critic_loss     | 0.724    |
|    ent_coef        | 0.005    |
|    learning_rate   | 0.0001   |
|    n_updates       | 17396    |
---------------------------------
---------------------------------
| rollout/           |          |
|    ep_len_mean     | 85       |
|    ep_rew_mean     | -34.4    |
| time/              |          |
|    episodes        | 228      |
|    fps             | 0        |
|    time_elapsed    | 53930    |
|    total_timesteps | 19675    |
| train/             |          |
|    actor_loss      | 2.38     |
|    critic_loss     | 0.673    |
|    ent_coef        | 0.005    |
|    learning_rate   | 0.0001   |
|    n_updates       | 17674    |
---------------------------------
---------------------------------
| rollout/           |          |
|    ep_len_mean     | 86.1     |
|    ep_rew_mean     | -34.1    |
| time/              |          |
|    episodes        | 232      |
|    fps             | 0        |
|    time_elapsed    | 54715    |
|    total_timesteps | 20052    |
| train/             |          |
|    actor_loss      | 1.06     |
|    critic_loss     | 1.24     |
|    ent_coef        | 0.005    |
|    learning_rate   | 0.0001   |
|    n_updates       | 18051    |
---------------------------------
---------------------------------
| rollout/           |          |
|    ep_len_mean     | 87.9     |
|    ep_rew_mean     | -33.3    |
| time/              |          |
|    episodes        | 236      |
|    fps             | 0        |
|    time_elapsed    | 55642    |
|    total_timesteps | 20500    |
| train/             |          |
|    actor_loss      | 3.03     |
|    critic_loss     | 0.608    |
|    ent_coef        | 0.005    |
|    learning_rate   | 0.0001   |
|    n_updates       | 18499    |
---------------------------------
---------------------------------
| rollout/           |          |
|    ep_len_mean     | 89.7     |
|    ep_rew_mean     | -31.9    |
| time/              |          |
|    episodes        | 240      |
|    fps             | 0        |
|    time_elapsed    | 56553    |
|    total_timesteps | 20937    |
| train/             |          |
|    actor_loss      | 1.72     |
|    critic_loss     | 0.799    |
|    ent_coef        | 0.005    |
|    learning_rate   | 0.0001   |
|    n_updates       | 18936    |
---------------------------------
---------------------------------
| rollout/           |          |
|    ep_len_mean     | 89.6     |
|    ep_rew_mean     | -30.7    |
| time/              |          |
|    episodes        | 244      |
|    fps             | 0        |
|    time_elapsed    | 57336    |
|    total_timesteps | 21316    |
| train/             |          |
|    actor_loss      | 0.692    |
|    critic_loss     | 1.37     |
|    ent_coef        | 0.005    |
|    learning_rate   | 0.0001   |
|    n_updates       | 19315    |
---------------------------------
---------------------------------
| rollout/           |          |
|    ep_len_mean     | 89.9     |
|    ep_rew_mean     | -29.7    |
| time/              |          |
|    episodes        | 248      |
|    fps             | 0        |
|    time_elapsed    | 58236    |
|    total_timesteps | 21752    |
| train/             |          |
|    actor_loss      | 1.25     |
|    critic_loss     | 0.646    |
|    ent_coef        | 0.005    |
|    learning_rate   | 0.0001   |
|    n_updates       | 19751    |
---------------------------------
---------------------------------
| rollout/           |          |
|    ep_len_mean     | 90.9     |
|    ep_rew_mean     | -29.8    |
| time/              |          |
|    episodes        | 252      |
|    fps             | 0        |
|    time_elapsed    | 59085    |
|    total_timesteps | 22161    |
| train/             |          |
|    actor_loss      | 3.14     |
|    critic_loss     | 1.02     |
|    ent_coef        | 0.005    |
|    learning_rate   | 0.0001   |
|    n_updates       | 20160    |
---------------------------------
---------------------------------
| rollout/           |          |
|    ep_len_mean     | 89.9     |
|    ep_rew_mean     | -30.4    |
| time/              |          |
|    episodes        | 256      |
|    fps             | 0        |
|    time_elapsed    | 59897    |
|    total_timesteps | 22559    |
| train/             |          |
|    actor_loss      | 2.41     |
|    critic_loss     | 1.47     |
|    ent_coef        | 0.005    |
|    learning_rate   | 0.0001   |
|    n_updates       | 20558    |
---------------------------------
---------------------------------
| rollout/           |          |
|    ep_len_mean     | 91       |
|    ep_rew_mean     | -29.7    |
| time/              |          |
|    episodes        | 260      |
|    fps             | 0        |
|    time_elapsed    | 60919    |
|    total_timesteps | 23048    |
| train/             |          |
|    actor_loss      | 2.78     |
|    critic_loss     | 1.42     |
|    ent_coef        | 0.005    |
|    learning_rate   | 0.0001   |
|    n_updates       | 21047    |
---------------------------------
---------------------------------
| rollout/           |          |
|    ep_len_mean     | 94.9     |
|    ep_rew_mean     | -27.6    |
| time/              |          |
|    episodes        | 264      |
|    fps             | 0        |
|    time_elapsed    | 62182    |
|    total_timesteps | 23648    |
| train/             |          |
|    actor_loss      | 1.05     |
|    critic_loss     | 0.708    |
|    ent_coef        | 0.005    |
|    learning_rate   | 0.0001   |
|    n_updates       | 21647    |
---------------------------------
---------------------------------
| rollout/           |          |
|    ep_len_mean     | 97       |
|    ep_rew_mean     | -27.1    |
| time/              |          |
|    episodes        | 268      |
|    fps             | 0        |
|    time_elapsed    | 62968    |
|    total_timesteps | 24023    |
| train/             |          |
|    actor_loss      | 2.03     |
|    critic_loss     | 1.74     |
|    ent_coef        | 0.005    |
|    learning_rate   | 0.0001   |
|    n_updates       | 22022    |
---------------------------------
---------------------------------
| rollout/           |          |
|    ep_len_mean     | 97.2     |
|    ep_rew_mean     | -26.6    |
| time/              |          |
|    episodes        | 272      |
|    fps             | 0        |
|    time_elapsed    | 64037    |
|    total_timesteps | 24529    |
| train/             |          |
|    actor_loss      | 1.92     |
|    critic_loss     | 0.743    |
|    ent_coef        | 0.005    |
|    learning_rate   | 0.0001   |
|    n_updates       | 22528    |
---------------------------------
---------------------------------
| rollout/           |          |
|    ep_len_mean     | 96.1     |
|    ep_rew_mean     | -27.3    |
| time/              |          |
|    episodes        | 276      |
|    fps             | 0        |
|    time_elapsed    | 65083    |
|    total_timesteps | 25023    |
| train/             |          |
|    actor_loss      | 0.916    |
|    critic_loss     | 0.683    |
|    ent_coef        | 0.005    |
|    learning_rate   | 0.0001   |
|    n_updates       | 23022    |
---------------------------------
---------------------------------
| rollout/           |          |
|    ep_len_mean     | 97.6     |
|    ep_rew_mean     | -26.5    |
| time/              |          |
|    episodes        | 280      |
|    fps             | 0        |
|    time_elapsed    | 65976    |
|    total_timesteps | 25449    |
| train/             |          |
|    actor_loss      | 0.854    |
|    critic_loss     | 0.963    |
|    ent_coef        | 0.005    |
|    learning_rate   | 0.0001   |
|    n_updates       | 23448    |
---------------------------------
---------------------------------
| rollout/           |          |
|    ep_len_mean     | 101      |
|    ep_rew_mean     | -24.5    |
| time/              |          |
|    episodes        | 284      |
|    fps             | 0        |
|    time_elapsed    | 67000    |
|    total_timesteps | 25942    |
| train/             |          |
|    actor_loss      | 2.22     |
|    critic_loss     | 0.919    |
|    ent_coef        | 0.005    |
|    learning_rate   | 0.0001   |
|    n_updates       | 23941    |
---------------------------------
---------------------------------
| rollout/           |          |
|    ep_len_mean     | 103      |
|    ep_rew_mean     | -22.5    |
| time/              |          |
|    episodes        | 288      |
|    fps             | 0        |
|    time_elapsed    | 68028    |
|    total_timesteps | 26440    |
| train/             |          |
|    actor_loss      | 4.19     |
|    critic_loss     | 1.79     |
|    ent_coef        | 0.005    |
|    learning_rate   | 0.0001   |
|    n_updates       | 24439    |
---------------------------------
---------------------------------
| rollout/           |          |
|    ep_len_mean     | 105      |
|    ep_rew_mean     | -22      |
| time/              |          |
|    episodes        | 292      |
|    fps             | 0        |
|    time_elapsed    | 68892    |
|    total_timesteps | 26849    |
| train/             |          |
|    actor_loss      | 1.9      |
|    critic_loss     | 1.01     |
|    ent_coef        | 0.005    |
|    learning_rate   | 0.0001   |
|    n_updates       | 24848    |
---------------------------------
---------------------------------
| rollout/           |          |
|    ep_len_mean     | 105      |
|    ep_rew_mean     | -22.1    |
| time/              |          |
|    episodes        | 296      |
|    fps             | 0        |
|    time_elapsed    | 69441    |
|    total_timesteps | 27114    |
| train/             |          |
|    actor_loss      | 2.19     |
|    critic_loss     | 1.39     |
|    ent_coef        | 0.005    |
|    learning_rate   | 0.0001   |
|    n_updates       | 25113    |
---------------------------------
---------------------------------
| rollout/           |          |
|    ep_len_mean     | 103      |
|    ep_rew_mean     | -22.9    |
| time/              |          |
|    episodes        | 300      |
|    fps             | 0        |
|    time_elapsed    | 69970    |
|    total_timesteps | 27367    |
| train/             |          |
|    actor_loss      | 2.57     |
|    critic_loss     | 2.14     |
|    ent_coef        | 0.005    |
|    learning_rate   | 0.0001   |
|    n_updates       | 25366    |
---------------------------------
---------------------------------
| rollout/           |          |
|    ep_len_mean     | 106      |
|    ep_rew_mean     | -22      |
| time/              |          |
|    episodes        | 304      |
|    fps             | 0        |
|    time_elapsed    | 71132    |
|    total_timesteps | 27917    |
| train/             |          |
|    actor_loss      | 1.68     |
|    critic_loss     | 1.66     |
|    ent_coef        | 0.005    |
|    learning_rate   | 0.0001   |
|    n_updates       | 25916    |
---------------------------------
---------------------------------
| rollout/           |          |
|    ep_len_mean     | 106      |
|    ep_rew_mean     | -21.9    |
| time/              |          |
|    episodes        | 308      |
|    fps             | 0        |
|    time_elapsed    | 72114    |
|    total_timesteps | 28385    |
| train/             |          |
|    actor_loss      | 1.56     |
|    critic_loss     | 1.19     |
|    ent_coef        | 0.005    |
|    learning_rate   | 0.0001   |
|    n_updates       | 26384    |
---------------------------------
---------------------------------
| rollout/           |          |
|    ep_len_mean     | 108      |
|    ep_rew_mean     | -21.1    |
| time/              |          |
|    episodes        | 312      |
|    fps             | 0        |
|    time_elapsed    | 73128    |
|    total_timesteps | 28859    |
| train/             |          |
|    actor_loss      | 2.72     |
|    critic_loss     | 1.42     |
|    ent_coef        | 0.005    |
|    learning_rate   | 0.0001   |
|    n_updates       | 26858    |
---------------------------------
---------------------------------
| rollout/           |          |
|    ep_len_mean     | 109      |
|    ep_rew_mean     | -20.8    |
| time/              |          |
|    episodes        | 316      |
|    fps             | 0        |
|    time_elapsed    | 74175    |
|    total_timesteps | 29352    |
| train/             |          |
|    actor_loss      | 0.19     |
|    critic_loss     | 0.663    |
|    ent_coef        | 0.005    |
|    learning_rate   | 0.0001   |
|    n_updates       | 27351    |
---------------------------------
---------------------------------
| rollout/           |          |
|    ep_len_mean     | 108      |
|    ep_rew_mean     | -21.6    |
| time/              |          |
|    episodes        | 320      |
|    fps             | 0        |
|    time_elapsed    | 74898    |
|    total_timesteps | 29700    |
| train/             |          |
|    actor_loss      | 1.56     |
|    critic_loss     | 0.955    |
|    ent_coef        | 0.005    |
|    learning_rate   | 0.0001   |
|    n_updates       | 27699    |
---------------------------------
---------------------------------
| rollout/           |          |
|    ep_len_mean     | 108      |
|    ep_rew_mean     | -22.6    |
| time/              |          |
|    episodes        | 324      |
|    fps             | 0        |
|    time_elapsed    | 75941    |
|    total_timesteps | 30187    |
| train/             |          |
|    actor_loss      | 3.01     |
|    critic_loss     | 1.74     |
|    ent_coef        | 0.005    |
|    learning_rate   | 0.0001   |
|    n_updates       | 28186    |
---------------------------------
---------------------------------
| rollout/           |          |
|    ep_len_mean     | 109      |
|    ep_rew_mean     | -21.7    |
| time/              |          |
|    episodes        | 328      |
|    fps             | 0        |
|    time_elapsed    | 76765    |
|    total_timesteps | 30577    |
| train/             |          |
|    actor_loss      | 1.82     |
|    critic_loss     | 1.19     |
|    ent_coef        | 0.005    |
|    learning_rate   | 0.0001   |
|    n_updates       | 28576    |
---------------------------------
---------------------------------
| rollout/           |          |
|    ep_len_mean     | 109      |
|    ep_rew_mean     | -20.8    |
| time/              |          |
|    episodes        | 332      |
|    fps             | 0        |
|    time_elapsed    | 77644    |
|    total_timesteps | 30998    |
| train/             |          |
|    actor_loss      | 2.99     |
|    critic_loss     | 1.56     |
|    ent_coef        | 0.005    |
|    learning_rate   | 0.0001   |
|    n_updates       | 28997    |
---------------------------------
---------------------------------
| rollout/           |          |
|    ep_len_mean     | 107      |
|    ep_rew_mean     | -22.1    |
| time/              |          |
|    episodes        | 336      |
|    fps             | 0        |
|    time_elapsed    | 78042    |
|    total_timesteps | 31194    |
| train/             |          |
|    actor_loss      | 2.56     |
|    critic_loss     | 1.33     |
|    ent_coef        | 0.005    |
|    learning_rate   | 0.0001   |
|    n_updates       | 29193    |
---------------------------------
---------------------------------
| rollout/           |          |
|    ep_len_mean     | 108      |
|    ep_rew_mean     | -22.2    |
| time/              |          |
|    episodes        | 340      |
|    fps             | 0        |
|    time_elapsed    | 79096    |
|    total_timesteps | 31698    |
| train/             |          |
|    actor_loss      | 0.984    |
|    critic_loss     | 1.42     |
|    ent_coef        | 0.005    |
|    learning_rate   | 0.0001   |
|    n_updates       | 29697    |
---------------------------------
---------------------------------
| rollout/           |          |
|    ep_len_mean     | 107      |
|    ep_rew_mean     | -22.9    |
| time/              |          |
|    episodes        | 344      |
|    fps             | 0        |
|    time_elapsed    | 79798    |
|    total_timesteps | 32033    |
| train/             |          |
|    actor_loss      | 1.99     |
|    critic_loss     | 2.2      |
|    ent_coef        | 0.005    |
|    learning_rate   | 0.0001   |
|    n_updates       | 30032    |
---------------------------------
---------------------------------
| rollout/           |          |
|    ep_len_mean     | 108      |
|    ep_rew_mean     | -23.1    |
| time/              |          |
|    episodes        | 348      |
|    fps             | 0        |
|    time_elapsed    | 80841    |
|    total_timesteps | 32524    |
| train/             |          |
|    actor_loss      | 1.51     |
|    critic_loss     | 0.847    |
|    ent_coef        | 0.005    |
|    learning_rate   | 0.0001   |
|    n_updates       | 30523    |
---------------------------------
---------------------------------
| rollout/           |          |
|    ep_len_mean     | 107      |
|    ep_rew_mean     | -21.6    |
| time/              |          |
|    episodes        | 352      |
|    fps             | 0        |
|    time_elapsed    | 81572    |
|    total_timesteps | 32874    |
| train/             |          |
|    actor_loss      | 2.46     |
|    critic_loss     | 1.28     |
|    ent_coef        | 0.005    |
|    learning_rate   | 0.0001   |
|    n_updates       | 30873    |
---------------------------------
---------------------------------
| rollout/           |          |
|    ep_len_mean     | 107      |
|    ep_rew_mean     | -20.2    |
| time/              |          |
|    episodes        | 356      |
|    fps             | 0        |
|    time_elapsed    | 82468    |
|    total_timesteps | 33298    |
| train/             |          |
|    actor_loss      | 2.1      |
|    critic_loss     | 1.88     |
|    ent_coef        | 0.005    |
|    learning_rate   | 0.0001   |
|    n_updates       | 31297    |
---------------------------------
---------------------------------
| rollout/           |          |
|    ep_len_mean     | 107      |
|    ep_rew_mean     | -20.4    |
| time/              |          |
|    episodes        | 360      |
|    fps             | 0        |
|    time_elapsed    | 83449    |
|    total_timesteps | 33761    |
| train/             |          |
|    actor_loss      | 3.02     |
|    critic_loss     | 1.6      |
|    ent_coef        | 0.005    |
|    learning_rate   | 0.0001   |
|    n_updates       | 31760    |
---------------------------------
---------------------------------
| rollout/           |          |
|    ep_len_mean     | 106      |
|    ep_rew_mean     | -20.7    |
| time/              |          |
|    episodes        | 364      |
|    fps             | 0        |
|    time_elapsed    | 84469    |
|    total_timesteps | 34247    |
| train/             |          |
|    actor_loss      | 2.66     |
|    critic_loss     | 3.17     |
|    ent_coef        | 0.005    |
|    learning_rate   | 0.0001   |
|    n_updates       | 32246    |
---------------------------------
---------------------------------
| rollout/           |          |
|    ep_len_mean     | 106      |
|    ep_rew_mean     | -20.8    |
| time/              |          |
|    episodes        | 368      |
|    fps             | 0        |
|    time_elapsed    | 85210    |
|    total_timesteps | 34602    |
| train/             |          |
|    actor_loss      | 2.96     |
|    critic_loss     | 0.882    |
|    ent_coef        | 0.005    |
|    learning_rate   | 0.0001   |
|    n_updates       | 32601    |
---------------------------------
---------------------------------
| rollout/           |          |
|    ep_len_mean     | 105      |
|    ep_rew_mean     | -20.8    |
| time/              |          |
|    episodes        | 372      |
|    fps             | 0        |
|    time_elapsed    | 86202    |
|    total_timesteps | 35071    |
| train/             |          |
|    actor_loss      | 1.61     |
|    critic_loss     | 4.14     |
|    ent_coef        | 0.005    |
|    learning_rate   | 0.0001   |
|    n_updates       | 33070    |
---------------------------------
---------------------------------
| rollout/           |          |
|    ep_len_mean     | 106      |
|    ep_rew_mean     | -20.4    |
| time/              |          |
|    episodes        | 376      |
|    fps             | 0        |
|    time_elapsed    | 87298    |
|    total_timesteps | 35586    |
| train/             |          |
|    actor_loss      | 2.93     |
|    critic_loss     | 1.99     |
|    ent_coef        | 0.005    |
|    learning_rate   | 0.0001   |
|    n_updates       | 33585    |
---------------------------------
---------------------------------
| rollout/           |          |
|    ep_len_mean     | 106      |
|    ep_rew_mean     | -19.3    |
| time/              |          |
|    episodes        | 380      |
|    fps             | 0        |
|    time_elapsed    | 88488    |
|    total_timesteps | 36061    |
| train/             |          |
|    actor_loss      | 0.922    |
|    critic_loss     | 1.12     |
|    ent_coef        | 0.005    |
|    learning_rate   | 0.0001   |
|    n_updates       | 34060    |
---------------------------------
---------------------------------
| rollout/           |          |
|    ep_len_mean     | 106      |
|    ep_rew_mean     | -18.2    |
| time/              |          |
|    episodes        | 384      |
|    fps             | 0        |
|    time_elapsed    | 89995    |
|    total_timesteps | 36556    |
| train/             |          |
|    actor_loss      | 3.19     |
|    critic_loss     | 2.15     |
|    ent_coef        | 0.005    |
|    learning_rate   | 0.0001   |
|    n_updates       | 34555    |
---------------------------------
---------------------------------
| rollout/           |          |
|    ep_len_mean     | 107      |
|    ep_rew_mean     | -18.2    |
| time/              |          |
|    episodes        | 388      |
|    fps             | 0        |
|    time_elapsed    | 91807    |
|    total_timesteps | 37156    |
| train/             |          |
|    actor_loss      | 3.64     |
|    critic_loss     | 1.24     |
|    ent_coef        | 0.005    |
|    learning_rate   | 0.0001   |
|    n_updates       | 35155    |
---------------------------------
---------------------------------
| rollout/           |          |
|    ep_len_mean     | 106      |
|    ep_rew_mean     | -18.4    |
| time/              |          |
|    episodes        | 392      |
|    fps             | 0        |
|    time_elapsed    | 92683    |
|    total_timesteps | 37449    |
| train/             |          |
|    actor_loss      | 1.15     |
|    critic_loss     | 1.24     |
|    ent_coef        | 0.005    |
|    learning_rate   | 0.0001   |
|    n_updates       | 35448    |
---------------------------------
---------------------------------
| rollout/           |          |
|    ep_len_mean     | 109      |
|    ep_rew_mean     | -16.1    |
| time/              |          |
|    episodes        | 396      |
|    fps             | 0        |
|    time_elapsed    | 94442    |
|    total_timesteps | 38049    |
| train/             |          |
|    actor_loss      | 1.44     |
|    critic_loss     | 1.57     |
|    ent_coef        | 0.005    |
|    learning_rate   | 0.0001   |
|    n_updates       | 36048    |
---------------------------------
---------------------------------
| rollout/           |          |
|    ep_len_mean     | 112      |
|    ep_rew_mean     | -14.9    |
| time/              |          |
|    episodes        | 400      |
|    fps             | 0        |
|    time_elapsed    | 95739    |
|    total_timesteps | 38586    |
| train/             |          |
|    actor_loss      | 1.2      |
|    critic_loss     | 1.06     |
|    ent_coef        | 0.005    |
|    learning_rate   | 0.0001   |
|    n_updates       | 36585    |
---------------------------------
---------------------------------
| rollout/           |          |
|    ep_len_mean     | 108      |
|    ep_rew_mean     | -14.5    |
| time/              |          |
|    episodes        | 404      |
|    fps             | 0        |
|    time_elapsed    | 96117    |
|    total_timesteps | 38765    |
| train/             |          |
|    actor_loss      | 3.23     |
|    critic_loss     | 0.73     |
|    ent_coef        | 0.005    |
|    learning_rate   | 0.0001   |
|    n_updates       | 36764    |
---------------------------------
---------------------------------
| rollout/           |          |
|    ep_len_mean     | 109      |
|    ep_rew_mean     | -15.1    |
| time/              |          |
|    episodes        | 408      |
|    fps             | 0        |
|    time_elapsed    | 97244    |
|    total_timesteps | 39293    |
| train/             |          |
|    actor_loss      | 2.64     |
|    critic_loss     | 1.08     |
|    ent_coef        | 0.005    |
|    learning_rate   | 0.0001   |
|    n_updates       | 37292    |
---------------------------------
---------------------------------
| rollout/           |          |
|    ep_len_mean     | 108      |
|    ep_rew_mean     | -15.9    |
| time/              |          |
|    episodes        | 412      |
|    fps             | 0        |
|    time_elapsed    | 98059    |
|    total_timesteps | 39676    |
| train/             |          |
|    actor_loss      | 2.61     |
|    critic_loss     | 1.12     |
|    ent_coef        | 0.005    |
|    learning_rate   | 0.0001   |
|    n_updates       | 37675    |
---------------------------------
---------------------------------
| rollout/           |          |
|    ep_len_mean     | 107      |
|    ep_rew_mean     | -16      |
| time/              |          |
|    episodes        | 416      |
|    fps             | 0        |
|    time_elapsed    | 99246    |
|    total_timesteps | 40080    |
| train/             |          |
|    actor_loss      | 2.24     |
|    critic_loss     | 1.62     |
|    ent_coef        | 0.005    |
|    learning_rate   | 0.0001   |
|    n_updates       | 38079    |
---------------------------------
---------------------------------
| rollout/           |          |
|    ep_len_mean     | 108      |
|    ep_rew_mean     | -15.5    |
| time/              |          |
|    episodes        | 420      |
|    fps             | 0        |
|    time_elapsed    | 100346   |
|    total_timesteps | 40457    |
| train/             |          |
|    actor_loss      | 1.29     |
|    critic_loss     | 1.04     |
|    ent_coef        | 0.005    |
|    learning_rate   | 0.0001   |
|    n_updates       | 38456    |
---------------------------------
---------------------------------
| rollout/           |          |
|    ep_len_mean     | 108      |
|    ep_rew_mean     | -15.4    |
| time/              |          |
|    episodes        | 424      |
|    fps             | 0        |
|    time_elapsed    | 101816   |
|    total_timesteps | 40947    |
| train/             |          |
|    actor_loss      | 1.28     |
|    critic_loss     | 1.03     |
|    ent_coef        | 0.005    |
|    learning_rate   | 0.0001   |
|    n_updates       | 38946    |
---------------------------------
---------------------------------
| rollout/           |          |
|    ep_len_mean     | 107      |
|    ep_rew_mean     | -16.5    |
| time/              |          |
|    episodes        | 428      |
|    fps             | 0        |
|    time_elapsed    | 102834   |
|    total_timesteps | 41292    |
| train/             |          |
|    actor_loss      | 1.87     |
|    critic_loss     | 1.73     |
|    ent_coef        | 0.005    |
|    learning_rate   | 0.0001   |
|    n_updates       | 39291    |
---------------------------------
---------------------------------
| rollout/           |          |
|    ep_len_mean     | 108      |
|    ep_rew_mean     | -16.2    |
| time/              |          |
|    episodes        | 432      |
|    fps             | 0        |
|    time_elapsed    | 104275   |
|    total_timesteps | 41796    |
| train/             |          |
|    actor_loss      | 2.34     |
|    critic_loss     | 0.971    |
|    ent_coef        | 0.005    |
|    learning_rate   | 0.0001   |
|    n_updates       | 39795    |
---------------------------------
---------------------------------
| rollout/           |          |
|    ep_len_mean     | 111      |
|    ep_rew_mean     | -14.4    |
| time/              |          |
|    episodes        | 436      |
|    fps             | 0        |
|    time_elapsed    | 105277   |
|    total_timesteps | 42264    |
| train/             |          |
|    actor_loss      | 2.69     |
|    critic_loss     | 1.95     |
|    ent_coef        | 0.005    |
|    learning_rate   | 0.0001   |
|    n_updates       | 40263    |
---------------------------------
---------------------------------
| rollout/           |          |
|    ep_len_mean     | 112      |
|    ep_rew_mean     | -13.7    |
| time/              |          |
|    episodes        | 440      |
|    fps             | 0        |
|    time_elapsed    | 106570   |
|    total_timesteps | 42864    |
| train/             |          |
|    actor_loss      | 1.95     |
|    critic_loss     | 1.2      |
|    ent_coef        | 0.005    |
|    learning_rate   | 0.0001   |
|    n_updates       | 40863    |
---------------------------------
---------------------------------
| rollout/           |          |
|    ep_len_mean     | 113      |
|    ep_rew_mean     | -13      |
| time/              |          |
|    episodes        | 444      |
|    fps             | 0        |
|    time_elapsed    | 107470   |
|    total_timesteps | 43289    |
| train/             |          |
|    actor_loss      | 3.25     |
|    critic_loss     | 2.6      |
|    ent_coef        | 0.005    |
|    learning_rate   | 0.0001   |
|    n_updates       | 41288    |
---------------------------------
---------------------------------
| rollout/           |          |
|    ep_len_mean     | 113      |
|    ep_rew_mean     | -12.5    |
| time/              |          |
|    episodes        | 448      |
|    fps             | 0        |
|    time_elapsed    | 108548   |
|    total_timesteps | 43796    |
| train/             |          |
|    actor_loss      | 2.87     |
|    critic_loss     | 1.99     |
|    ent_coef        | 0.005    |
|    learning_rate   | 0.0001   |
|    n_updates       | 41795    |
---------------------------------
---------------------------------
| rollout/           |          |
|    ep_len_mean     | 113      |
|    ep_rew_mean     | -12.8    |
| time/              |          |
|    episodes        | 452      |
|    fps             | 0        |
|    time_elapsed    | 109421   |
|    total_timesteps | 44208    |
| train/             |          |
|    actor_loss      | 1.55     |
|    critic_loss     | 1.01     |
|    ent_coef        | 0.005    |
|    learning_rate   | 0.0001   |
|    n_updates       | 42207    |
---------------------------------
---------------------------------
| rollout/           |          |
|    ep_len_mean     | 114      |
|    ep_rew_mean     | -13.8    |
| time/              |          |
|    episodes        | 456      |
|    fps             | 0        |
|    time_elapsed    | 110394   |
|    total_timesteps | 44671    |
| train/             |          |
|    actor_loss      | 0.702    |
|    critic_loss     | 0.851    |
|    ent_coef        | 0.005    |
|    learning_rate   | 0.0001   |
|    n_updates       | 42670    |
---------------------------------
---------------------------------
| rollout/           |          |
|    ep_len_mean     | 115      |
|    ep_rew_mean     | -13.6    |
| time/              |          |
|    episodes        | 460      |
|    fps             | 0        |
|    time_elapsed    | 111672   |
|    total_timesteps | 45271    |
| train/             |          |
|    actor_loss      | 1.68     |
|    critic_loss     | 0.834    |
|    ent_coef        | 0.005    |
|    learning_rate   | 0.0001   |
|    n_updates       | 43270    |
---------------------------------
---------------------------------
| rollout/           |          |
|    ep_len_mean     | 115      |
|    ep_rew_mean     | -13.6    |
| time/              |          |
|    episodes        | 464      |
|    fps             | 0        |
|    time_elapsed    | 112577   |
|    total_timesteps | 45701    |
| train/             |          |
|    actor_loss      | 1.07     |
|    critic_loss     | 1.11     |
|    ent_coef        | 0.005    |
|    learning_rate   | 0.0001   |
|    n_updates       | 43700    |
---------------------------------
---------------------------------
| rollout/           |          |
|    ep_len_mean     | 115      |
|    ep_rew_mean     | -13.3    |
| time/              |          |
|    episodes        | 468      |
|    fps             | 0        |
|    time_elapsed    | 113394   |
|    total_timesteps | 46087    |
| train/             |          |
|    actor_loss      | 3.41     |
|    critic_loss     | 1.61     |
|    ent_coef        | 0.005    |
|    learning_rate   | 0.0001   |
|    n_updates       | 44086    |
---------------------------------
---------------------------------
| rollout/           |          |
|    ep_len_mean     | 115      |
|    ep_rew_mean     | -13.9    |
| time/              |          |
|    episodes        | 472      |
|    fps             | 0        |
|    time_elapsed    | 114427   |
|    total_timesteps | 46575    |
| train/             |          |
|    actor_loss      | 2.55     |
|    critic_loss     | 1.91     |
|    ent_coef        | 0.005    |
|    learning_rate   | 0.0001   |
|    n_updates       | 44574    |
---------------------------------
---------------------------------
| rollout/           |          |
|    ep_len_mean     | 115      |
|    ep_rew_mean     | -14.1    |
| time/              |          |
|    episodes        | 476      |
|    fps             | 0        |
|    time_elapsed    | 115467   |
|    total_timesteps | 47068    |
| train/             |          |
|    actor_loss      | 1.76     |
|    critic_loss     | 0.756    |
|    ent_coef        | 0.005    |
|    learning_rate   | 0.0001   |
|    n_updates       | 45067    |
---------------------------------
---------------------------------
| rollout/           |          |
|    ep_len_mean     | 114      |
|    ep_rew_mean     | -13.9    |
| time/              |          |
|    episodes        | 480      |
|    fps             | 0        |
|    time_elapsed    | 116251   |
|    total_timesteps | 47439    |
| train/             |          |
|    actor_loss      | 1.99     |
|    critic_loss     | 1.24     |
|    ent_coef        | 0.005    |
|    learning_rate   | 0.0001   |
|    n_updates       | 45438    |
---------------------------------
---------------------------------
| rollout/           |          |
|    ep_len_mean     | 115      |
|    ep_rew_mean     | -14.2    |
| time/              |          |
|    episodes        | 484      |
|    fps             | 0        |
|    time_elapsed    | 117533   |
|    total_timesteps | 48039    |
| train/             |          |
|    actor_loss      | 1.63     |
|    critic_loss     | 0.707    |
|    ent_coef        | 0.005    |
|    learning_rate   | 0.0001   |
|    n_updates       | 46038    |
---------------------------------
---------------------------------
| rollout/           |          |
|    ep_len_mean     | 114      |
|    ep_rew_mean     | -14.3    |
| time/              |          |
|    episodes        | 488      |
|    fps             | 0        |
|    time_elapsed    | 118661   |
|    total_timesteps | 48569    |
| train/             |          |
|    actor_loss      | 1.78     |
|    critic_loss     | 0.841    |
|    ent_coef        | 0.005    |
|    learning_rate   | 0.0001   |
|    n_updates       | 46568    |
---------------------------------
---------------------------------
| rollout/           |          |
|    ep_len_mean     | 116      |
|    ep_rew_mean     | -13      |
| time/              |          |
|    episodes        | 492      |
|    fps             | 0        |
|    time_elapsed    | 119785   |
|    total_timesteps | 49080    |
| train/             |          |
|    actor_loss      | 1.76     |
|    critic_loss     | 2        |
|    ent_coef        | 0.005    |
|    learning_rate   | 0.0001   |
|    n_updates       | 47079    |
---------------------------------
---------------------------------
| rollout/           |          |
|    ep_len_mean     | 114      |
|    ep_rew_mean     | -13.9    |
| time/              |          |
|    episodes        | 496      |
|    fps             | 0        |
|    time_elapsed    | 120634   |
|    total_timesteps | 49479    |
| train/             |          |
|    actor_loss      | 1.14     |
|    critic_loss     | 1.06     |
|    ent_coef        | 0.005    |
|    learning_rate   | 0.0001   |
|    n_updates       | 47478    |
---------------------------------
---------------------------------
| rollout/           |          |
|    ep_len_mean     | 112      |
|    ep_rew_mean     | -14      |
| time/              |          |
|    episodes        | 500      |
|    fps             | 0        |
|    time_elapsed    | 121426   |
|    total_timesteps | 49792    |
| train/             |          |
|    actor_loss      | 1        |
|    critic_loss     | 1.56     |
|    ent_coef        | 0.005    |
|    learning_rate   | 0.0001   |
|    n_updates       | 47791    |
---------------------------------
---------------------------------
| rollout/           |          |
|    ep_len_mean     | 114      |
|    ep_rew_mean     | -14.8    |
| time/              |          |
|    episodes        | 504      |
|    fps             | 0        |
|    time_elapsed    | 122613   |
|    total_timesteps | 50202    |
| train/             |          |
|    actor_loss      | 1.32     |
|    critic_loss     | 1.38     |
|    ent_coef        | 0.005    |
|    learning_rate   | 0.0001   |
|    n_updates       | 48201    |
---------------------------------
---------------------------------
| rollout/           |          |
|    ep_len_mean     | 113      |
|    ep_rew_mean     | -14.8    |
| time/              |          |
|    episodes        | 508      |
|    fps             | 0        |
|    time_elapsed    | 123847   |
|    total_timesteps | 50629    |
| train/             |          |
|    actor_loss      | 2.35     |
|    critic_loss     | 0.885    |
|    ent_coef        | 0.005    |
|    learning_rate   | 0.0001   |
|    n_updates       | 48628    |
---------------------------------
---------------------------------
| rollout/           |          |
|    ep_len_mean     | 113      |
|    ep_rew_mean     | -14.7    |
| time/              |          |
|    episodes        | 512      |
|    fps             | 0        |
|    time_elapsed    | 124782   |
|    total_timesteps | 50946    |
| train/             |          |
|    actor_loss      | 1.57     |
|    critic_loss     | 1.14     |
|    ent_coef        | 0.005    |
|    learning_rate   | 0.0001   |
|    n_updates       | 48945    |
---------------------------------
---------------------------------
| rollout/           |          |
|    ep_len_mean     | 111      |
|    ep_rew_mean     | -14.8    |
| time/              |          |
|    episodes        | 516      |
|    fps             | 0        |
|    time_elapsed    | 125562   |
|    total_timesteps | 51213    |
| train/             |          |
|    actor_loss      | 0.911    |
|    critic_loss     | 0.76     |
|    ent_coef        | 0.005    |
|    learning_rate   | 0.0001   |
|    n_updates       | 49212    |
---------------------------------
---------------------------------
| rollout/           |          |
|    ep_len_mean     | 112      |
|    ep_rew_mean     | -14.1    |
| time/              |          |
|    episodes        | 520      |
|    fps             | 0        |
|    time_elapsed    | 126994   |
|    total_timesteps | 51703    |
| train/             |          |
|    actor_loss      | 1.52     |
|    critic_loss     | 1.08     |
|    ent_coef        | 0.005    |
|    learning_rate   | 0.0001   |
|    n_updates       | 49702    |
---------------------------------
---------------------------------
| rollout/           |          |
|    ep_len_mean     | 113      |
|    ep_rew_mean     | -14.2    |
| time/              |          |
|    episodes        | 524      |
|    fps             | 0        |
|    time_elapsed    | 128491   |
|    total_timesteps | 52200    |
| train/             |          |
|    actor_loss      | 1.3      |
|    critic_loss     | 1.42     |
|    ent_coef        | 0.005    |
|    learning_rate   | 0.0001   |
|    n_updates       | 50199    |
---------------------------------
---------------------------------
| rollout/           |          |
|    ep_len_mean     | 114      |
|    ep_rew_mean     | -12.3    |
| time/              |          |
|    episodes        | 528      |
|    fps             | 0        |
|    time_elapsed    | 129477   |
|    total_timesteps | 52652    |
| train/             |          |
|    actor_loss      | 1.47     |
|    critic_loss     | 0.948    |
|    ent_coef        | 0.005    |
|    learning_rate   | 0.0001   |
|    n_updates       | 50651    |
---------------------------------
---------------------------------
| rollout/           |          |
|    ep_len_mean     | 114      |
|    ep_rew_mean     | -12.2    |
| time/              |          |
|    episodes        | 532      |
|    fps             | 0        |
|    time_elapsed    | 130609   |
|    total_timesteps | 53163    |
| train/             |          |
|    actor_loss      | 1.47     |
|    critic_loss     | 0.864    |
|    ent_coef        | 0.005    |
|    learning_rate   | 0.0001   |
|    n_updates       | 51162    |
---------------------------------
---------------------------------
| rollout/           |          |
|    ep_len_mean     | 113      |
|    ep_rew_mean     | -11.2    |
| time/              |          |
|    episodes        | 536      |
|    fps             | 0        |
|    time_elapsed    | 131599   |
|    total_timesteps | 53609    |
| train/             |          |
|    actor_loss      | 1.39     |
|    critic_loss     | 1.7      |
|    ent_coef        | 0.005    |
|    learning_rate   | 0.0001   |
|    n_updates       | 51608    |
---------------------------------
---------------------------------
| rollout/           |          |
|    ep_len_mean     | 112      |
|    ep_rew_mean     | -11.7    |
| time/              |          |
|    episodes        | 540      |
|    fps             | 0        |
|    time_elapsed    | 132606   |
|    total_timesteps | 54063    |
| train/             |          |
|    actor_loss      | 1.51     |
|    critic_loss     | 0.645    |
|    ent_coef        | 0.005    |
|    learning_rate   | 0.0001   |
|    n_updates       | 52062    |
---------------------------------
---------------------------------
| rollout/           |          |
|    ep_len_mean     | 114      |
|    ep_rew_mean     | -11.9    |
| time/              |          |
|    episodes        | 544      |
|    fps             | 0        |
|    time_elapsed    | 133948   |
|    total_timesteps | 54663    |
| train/             |          |
|    actor_loss      | 1.24     |
|    critic_loss     | 0.687    |
|    ent_coef        | 0.005    |
|    learning_rate   | 0.0001   |
|    n_updates       | 52662    |
---------------------------------
---------------------------------
| rollout/           |          |
|    ep_len_mean     | 113      |
|    ep_rew_mean     | -12.4    |
| time/              |          |
|    episodes        | 548      |
|    fps             | 0        |
|    time_elapsed    | 134822   |
|    total_timesteps | 55057    |
| train/             |          |
|    actor_loss      | 1.35     |
|    critic_loss     | 0.935    |
|    ent_coef        | 0.005    |
|    learning_rate   | 0.0001   |
|    n_updates       | 53056    |
---------------------------------
---------------------------------
| rollout/           |          |
|    ep_len_mean     | 113      |
|    ep_rew_mean     | -12.6    |
| time/              |          |
|    episodes        | 552      |
|    fps             | 0        |
|    time_elapsed    | 135919   |
|    total_timesteps | 55544    |
| train/             |          |
|    actor_loss      | 2.09     |
|    critic_loss     | 1.01     |
|    ent_coef        | 0.005    |
|    learning_rate   | 0.0001   |
|    n_updates       | 53543    |
---------------------------------
---------------------------------
| rollout/           |          |
|    ep_len_mean     | 112      |
|    ep_rew_mean     | -12.7    |
| time/              |          |
|    episodes        | 556      |
|    fps             | 0        |
|    time_elapsed    | 136791   |
|    total_timesteps | 55916    |
| train/             |          |
|    actor_loss      | 0.948    |
|    critic_loss     | 0.682    |
|    ent_coef        | 0.005    |
|    learning_rate   | 0.0001   |
|    n_updates       | 53915    |
---------------------------------
---------------------------------
| rollout/           |          |
|    ep_len_mean     | 110      |
|    ep_rew_mean     | -12.7    |
| time/              |          |
|    episodes        | 560      |
|    fps             | 0        |
|    time_elapsed    | 137671   |
|    total_timesteps | 56309    |
| train/             |          |
|    actor_loss      | 1.19     |
|    critic_loss     | 1.15     |
|    ent_coef        | 0.005    |
|    learning_rate   | 0.0001   |
|    n_updates       | 54308    |
---------------------------------
---------------------------------
| rollout/           |          |
|    ep_len_mean     | 110      |
|    ep_rew_mean     | -13.4    |
| time/              |          |
|    episodes        | 564      |
|    fps             | 0        |
|    time_elapsed    | 138602   |
|    total_timesteps | 56714    |
| train/             |          |
|    actor_loss      | 1.92     |
|    critic_loss     | 0.741    |
|    ent_coef        | 0.005    |
|    learning_rate   | 0.0001   |
|    n_updates       | 54713    |
---------------------------------
---------------------------------
| rollout/           |          |
|    ep_len_mean     | 109      |
|    ep_rew_mean     | -13.3    |
| time/              |          |
|    episodes        | 568      |
|    fps             | 0        |
|    time_elapsed    | 139295   |
|    total_timesteps | 57031    |
| train/             |          |
|    actor_loss      | 1.09     |
|    critic_loss     | 0.728    |
|    ent_coef        | 0.005    |
|    learning_rate   | 0.0001   |
|    n_updates       | 55030    |
---------------------------------
---------------------------------
| rollout/           |          |
|    ep_len_mean     | 108      |
|    ep_rew_mean     | -13.1    |
| time/              |          |
|    episodes        | 572      |
|    fps             | 0        |
|    time_elapsed    | 140136   |
|    total_timesteps | 57416    |
| train/             |          |
|    actor_loss      | 2.23     |
|    critic_loss     | 3.24     |
|    ent_coef        | 0.005    |
|    learning_rate   | 0.0001   |
|    n_updates       | 55415    |
---------------------------------
---------------------------------
| rollout/           |          |
|    ep_len_mean     | 107      |
|    ep_rew_mean     | -13.1    |
| time/              |          |
|    episodes        | 576      |
|    fps             | 0        |
|    time_elapsed    | 140973   |
|    total_timesteps | 57796    |
| train/             |          |
|    actor_loss      | 1.18     |
|    critic_loss     | 0.851    |
|    ent_coef        | 0.005    |
|    learning_rate   | 0.0001   |
|    n_updates       | 55795    |
---------------------------------
---------------------------------
| rollout/           |          |
|    ep_len_mean     | 107      |
|    ep_rew_mean     | -13.8    |
| time/              |          |
|    episodes        | 580      |
|    fps             | 0        |
|    time_elapsed    | 141723   |
|    total_timesteps | 58137    |
| train/             |          |
|    actor_loss      | 0.579    |
|    critic_loss     | 0.96     |
|    ent_coef        | 0.005    |
|    learning_rate   | 0.0001   |
|    n_updates       | 56136    |
---------------------------------
---------------------------------
| rollout/           |          |
|    ep_len_mean     | 104      |
|    ep_rew_mean     | -14.8    |
| time/              |          |
|    episodes        | 584      |
|    fps             | 0        |
|    time_elapsed    | 142338   |
|    total_timesteps | 58421    |
| train/             |          |
|    actor_loss      | 0.895    |
|    critic_loss     | 0.817    |
|    ent_coef        | 0.005    |
|    learning_rate   | 0.0001   |
|    n_updates       | 56420    |
---------------------------------
---------------------------------
| rollout/           |          |
|    ep_len_mean     | 102      |
|    ep_rew_mean     | -16.1    |
| time/              |          |
|    episodes        | 588      |
|    fps             | 0        |
|    time_elapsed    | 143160   |
|    total_timesteps | 58819    |
| train/             |          |
|    actor_loss      | 1.45     |
|    critic_loss     | 1.35     |
|    ent_coef        | 0.005    |
|    learning_rate   | 0.0001   |
|    n_updates       | 56818    |
---------------------------------
---------------------------------
| rollout/           |          |
|    ep_len_mean     | 100      |
|    ep_rew_mean     | -16.9    |
| time/              |          |
|    episodes        | 592      |
|    fps             | 0        |
|    time_elapsed    | 143702   |
|    total_timesteps | 59097    |
| train/             |          |
|    actor_loss      | 1.5      |
|    critic_loss     | 1.09     |
|    ent_coef        | 0.005    |
|    learning_rate   | 0.0001   |
|    n_updates       | 57096    |
---------------------------------
---------------------------------
| rollout/           |          |
|    ep_len_mean     | 100      |
|    ep_rew_mean     | -17.1    |
| time/              |          |
|    episodes        | 596      |
|    fps             | 0        |
|    time_elapsed    | 144386   |
|    total_timesteps | 59476    |
| train/             |          |
|    actor_loss      | 1.01     |
|    critic_loss     | 1.71     |
|    ent_coef        | 0.005    |
|    learning_rate   | 0.0001   |
|    n_updates       | 57475    |
---------------------------------
---------------------------------
| rollout/           |          |
|    ep_len_mean     | 101      |
|    ep_rew_mean     | -18.1    |
| time/              |          |
|    episodes        | 600      |
|    fps             | 0        |
|    time_elapsed    | 145063   |
|    total_timesteps | 59847    |
| train/             |          |
|    actor_loss      | 2.3      |
|    critic_loss     | 0.899    |
|    ent_coef        | 0.005    |
|    learning_rate   | 0.0001   |
|    n_updates       | 57846    |
---------------------------------
