Using cuda device
Wrapping the env in a DummyVecEnv.
Logging to D:\py\DRL2\logs\t12_train\sac_mpc_arrival_262402\tensorboard\SAC_1
---------------------------------
| rollout/           |          |
|    ep_len_mean     | 45.8     |
|    ep_rew_mean     | -60.6    |
| time/              |          |
|    episodes        | 4        |
|    fps             | 0        |
|    time_elapsed    | 486      |
|    total_timesteps | 183      |
---------------------------------
---------------------------------
| rollout/           |          |
|    ep_len_mean     | 82.6     |
|    ep_rew_mean     | -36.4    |
| time/              |          |
|    episodes        | 8        |
|    fps             | 0        |
|    time_elapsed    | 1667     |
|    total_timesteps | 661      |
---------------------------------
---------------------------------
| rollout/           |          |
|    ep_len_mean     | 70.2     |
|    ep_rew_mean     | -46      |
| time/              |          |
|    episodes        | 12       |
|    fps             | 0        |
|    time_elapsed    | 2162     |
|    total_timesteps | 842      |
---------------------------------
---------------------------------
| rollout/           |          |
|    ep_len_mean     | 70.4     |
|    ep_rew_mean     | -45.3    |
| time/              |          |
|    episodes        | 16       |
|    fps             | 0        |
|    time_elapsed    | 2837     |
|    total_timesteps | 1127     |
---------------------------------
---------------------------------
| rollout/           |          |
|    ep_len_mean     | 73.8     |
|    ep_rew_mean     | -41.8    |
| time/              |          |
|    episodes        | 20       |
|    fps             | 0        |
|    time_elapsed    | 3736     |
|    total_timesteps | 1476     |
---------------------------------
---------------------------------
| rollout/           |          |
|    ep_len_mean     | 74.2     |
|    ep_rew_mean     | -37.3    |
| time/              |          |
|    episodes        | 24       |
|    fps             | 0        |
|    time_elapsed    | 4581     |
|    total_timesteps | 1781     |
---------------------------------
---------------------------------
| rollout/           |          |
|    ep_len_mean     | 74.3     |
|    ep_rew_mean     | -34.4    |
| time/              |          |
|    episodes        | 28       |
|    fps             | 0        |
|    time_elapsed    | 5416     |
|    total_timesteps | 2081     |
| train/             |          |
|    actor_loss      | 0.628    |
|    critic_loss     | 7.18     |
|    ent_coef        | 0.005    |
|    learning_rate   | 0.0001   |
|    n_updates       | 80       |
---------------------------------
---------------------------------
| rollout/           |          |
|    ep_len_mean     | 76.9     |
|    ep_rew_mean     | -35      |
| time/              |          |
|    episodes        | 32       |
|    fps             | 0        |
|    time_elapsed    | 6508     |
|    total_timesteps | 2460     |
| train/             |          |
|    actor_loss      | 0.625    |
|    critic_loss     | 5.31     |
|    ent_coef        | 0.005    |
|    learning_rate   | 0.0001   |
|    n_updates       | 459      |
---------------------------------
---------------------------------
| rollout/           |          |
|    ep_len_mean     | 82.2     |
|    ep_rew_mean     | -33.1    |
| time/              |          |
|    episodes        | 36       |
|    fps             | 0        |
|    time_elapsed    | 7932     |
|    total_timesteps | 2958     |
| train/             |          |
|    actor_loss      | 0.0528   |
|    critic_loss     | 3.55     |
|    ent_coef        | 0.005    |
|    learning_rate   | 0.0001   |
|    n_updates       | 957      |
---------------------------------
---------------------------------
| rollout/           |          |
|    ep_len_mean     | 86.2     |
|    ep_rew_mean     | -31.4    |
| time/              |          |
|    episodes        | 40       |
|    fps             | 0        |
|    time_elapsed    | 9307     |
|    total_timesteps | 3446     |
| train/             |          |
|    actor_loss      | 0.259    |
|    critic_loss     | 0.885    |
|    ent_coef        | 0.005    |
|    learning_rate   | 0.0001   |
|    n_updates       | 1445     |
---------------------------------
---------------------------------
| rollout/           |          |
|    ep_len_mean     | 87.8     |
|    ep_rew_mean     | -29.8    |
| time/              |          |
|    episodes        | 44       |
|    fps             | 0        |
|    time_elapsed    | 10522    |
|    total_timesteps | 3862     |
| train/             |          |
|    actor_loss      | 0.238    |
|    critic_loss     | 0.451    |
|    ent_coef        | 0.005    |
|    learning_rate   | 0.0001   |
|    n_updates       | 1861     |
---------------------------------
---------------------------------
| rollout/           |          |
|    ep_len_mean     | 90.6     |
|    ep_rew_mean     | -27.8    |
| time/              |          |
|    episodes        | 48       |
|    fps             | 0        |
|    time_elapsed    | 11944    |
|    total_timesteps | 4347     |
| train/             |          |
|    actor_loss      | 0.224    |
|    critic_loss     | 0.867    |
|    ent_coef        | 0.005    |
|    learning_rate   | 0.0001   |
|    n_updates       | 2346     |
---------------------------------
---------------------------------
| rollout/           |          |
|    ep_len_mean     | 95.1     |
|    ep_rew_mean     | -25.5    |
| time/              |          |
|    episodes        | 52       |
|    fps             | 0        |
|    time_elapsed    | 13687    |
|    total_timesteps | 4947     |
| train/             |          |
|    actor_loss      | -0.124   |
|    critic_loss     | 0.668    |
|    ent_coef        | 0.005    |
|    learning_rate   | 0.0001   |
|    n_updates       | 2946     |
---------------------------------
---------------------------------
| rollout/           |          |
|    ep_len_mean     | 95.9     |
|    ep_rew_mean     | -24      |
| time/              |          |
|    episodes        | 56       |
|    fps             | 0        |
|    time_elapsed    | 14882    |
|    total_timesteps | 5368     |
| train/             |          |
|    actor_loss      | -0.0775  |
|    critic_loss     | 0.555    |
|    ent_coef        | 0.005    |
|    learning_rate   | 0.0001   |
|    n_updates       | 3367     |
---------------------------------
---------------------------------
| rollout/           |          |
|    ep_len_mean     | 95.4     |
|    ep_rew_mean     | -23.8    |
| time/              |          |
|    episodes        | 60       |
|    fps             | 0        |
|    time_elapsed    | 15849    |
|    total_timesteps | 5722     |
| train/             |          |
|    actor_loss      | 0.297    |
|    critic_loss     | 0.682    |
|    ent_coef        | 0.005    |
|    learning_rate   | 0.0001   |
|    n_updates       | 3721     |
---------------------------------
---------------------------------
| rollout/           |          |
|    ep_len_mean     | 95       |
|    ep_rew_mean     | -23.5    |
| time/              |          |
|    episodes        | 64       |
|    fps             | 0        |
|    time_elapsed    | 16820    |
|    total_timesteps | 6077     |
| train/             |          |
|    actor_loss      | -0.233   |
|    critic_loss     | 0.682    |
|    ent_coef        | 0.005    |
|    learning_rate   | 0.0001   |
|    n_updates       | 4076     |
---------------------------------
---------------------------------
| rollout/           |          |
|    ep_len_mean     | 94.9     |
|    ep_rew_mean     | -24      |
| time/              |          |
|    episodes        | 68       |
|    fps             | 0        |
|    time_elapsed    | 17833    |
|    total_timesteps | 6450     |
| train/             |          |
|    actor_loss      | -0.102   |
|    critic_loss     | 0.608    |
|    ent_coef        | 0.005    |
|    learning_rate   | 0.0001   |
|    n_updates       | 4449     |
---------------------------------
---------------------------------
| rollout/           |          |
|    ep_len_mean     | 93.7     |
|    ep_rew_mean     | -24.8    |
| time/              |          |
|    episodes        | 72       |
|    fps             | 0        |
|    time_elapsed    | 18660    |
|    total_timesteps | 6746     |
| train/             |          |
|    actor_loss      | -0.0253  |
|    critic_loss     | 0.347    |
|    ent_coef        | 0.005    |
|    learning_rate   | 0.0001   |
|    n_updates       | 4745     |
---------------------------------
---------------------------------
| rollout/           |          |
|    ep_len_mean     | 95.5     |
|    ep_rew_mean     | -24.9    |
| time/              |          |
|    episodes        | 76       |
|    fps             | 0        |
|    time_elapsed    | 20078    |
|    total_timesteps | 7260     |
| train/             |          |
|    actor_loss      | -0.387   |
|    critic_loss     | 0.651    |
|    ent_coef        | 0.005    |
|    learning_rate   | 0.0001   |
|    n_updates       | 5259     |
---------------------------------
---------------------------------
| rollout/           |          |
|    ep_len_mean     | 96.8     |
|    ep_rew_mean     | -23.9    |
| time/              |          |
|    episodes        | 80       |
|    fps             | 0        |
|    time_elapsed    | 21409    |
|    total_timesteps | 7747     |
| train/             |          |
|    actor_loss      | -0.449   |
|    critic_loss     | 2.12     |
|    ent_coef        | 0.005    |
|    learning_rate   | 0.0001   |
|    n_updates       | 5746     |
---------------------------------
---------------------------------
| rollout/           |          |
|    ep_len_mean     | 98       |
|    ep_rew_mean     | -23.7    |
| time/              |          |
|    episodes        | 84       |
|    fps             | 0        |
|    time_elapsed    | 22740    |
|    total_timesteps | 8234     |
| train/             |          |
|    actor_loss      | -0.717   |
|    critic_loss     | 0.661    |
|    ent_coef        | 0.005    |
|    learning_rate   | 0.0001   |
|    n_updates       | 6233     |
---------------------------------
---------------------------------
| rollout/           |          |
|    ep_len_mean     | 100      |
|    ep_rew_mean     | -22.5    |
| time/              |          |
|    episodes        | 88       |
|    fps             | 0        |
|    time_elapsed    | 24400    |
|    total_timesteps | 8834     |
| train/             |          |
|    actor_loss      | -0.483   |
|    critic_loss     | 0.307    |
|    ent_coef        | 0.005    |
|    learning_rate   | 0.0001   |
|    n_updates       | 6833     |
---------------------------------
---------------------------------
| rollout/           |          |
|    ep_len_mean     | 103      |
|    ep_rew_mean     | -21.4    |
| time/              |          |
|    episodes        | 92       |
|    fps             | 0        |
|    time_elapsed    | 26056    |
|    total_timesteps | 9434     |
| train/             |          |
|    actor_loss      | -0.759   |
|    critic_loss     | 0.311    |
|    ent_coef        | 0.005    |
|    learning_rate   | 0.0001   |
|    n_updates       | 7433     |
---------------------------------
---------------------------------
| rollout/           |          |
|    ep_len_mean     | 105      |
|    ep_rew_mean     | -20.4    |
| time/              |          |
|    episodes        | 96       |
|    fps             | 0        |
|    time_elapsed    | 27722    |
|    total_timesteps | 10034    |
| train/             |          |
|    actor_loss      | -0.819   |
|    critic_loss     | 0.42     |
|    ent_coef        | 0.005    |
|    learning_rate   | 0.0001   |
|    n_updates       | 8033     |
---------------------------------
---------------------------------
| rollout/           |          |
|    ep_len_mean     | 105      |
|    ep_rew_mean     | -19.7    |
| time/              |          |
|    episodes        | 100      |
|    fps             | 0        |
|    time_elapsed    | 29062    |
|    total_timesteps | 10518    |
| train/             |          |
|    actor_loss      | -0.194   |
|    critic_loss     | 0.354    |
|    ent_coef        | 0.005    |
|    learning_rate   | 0.0001   |
|    n_updates       | 8517     |
---------------------------------
---------------------------------
| rollout/           |          |
|    ep_len_mean     | 108      |
|    ep_rew_mean     | -17.3    |
| time/              |          |
|    episodes        | 104      |
|    fps             | 0        |
|    time_elapsed    | 30456    |
|    total_timesteps | 11028    |
| train/             |          |
|    actor_loss      | -0.952   |
|    critic_loss     | 0.254    |
|    ent_coef        | 0.005    |
|    learning_rate   | 0.0001   |
|    n_updates       | 9027     |
---------------------------------
---------------------------------
| rollout/           |          |
|    ep_len_mean     | 110      |
|    ep_rew_mean     | -16.9    |
| time/              |          |
|    episodes        | 108      |
|    fps             | 0        |
|    time_elapsed    | 32125    |
|    total_timesteps | 11628    |
| train/             |          |
|    actor_loss      | -0.473   |
|    critic_loss     | 0.45     |
|    ent_coef        | 0.005    |
|    learning_rate   | 0.0001   |
|    n_updates       | 9627     |
---------------------------------
---------------------------------
| rollout/           |          |
|    ep_len_mean     | 112      |
|    ep_rew_mean     | -14.7    |
| time/              |          |
|    episodes        | 112      |
|    fps             | 0        |
|    time_elapsed    | 33379    |
|    total_timesteps | 12084    |
| train/             |          |
|    actor_loss      | -0.18    |
|    critic_loss     | 1.58     |
|    ent_coef        | 0.005    |
|    learning_rate   | 0.0001   |
|    n_updates       | 10083    |
---------------------------------
---------------------------------
| rollout/           |          |
|    ep_len_mean     | 115      |
|    ep_rew_mean     | -14.1    |
| time/              |          |
|    episodes        | 116      |
|    fps             | 0        |
|    time_elapsed    | 34780    |
|    total_timesteps | 12594    |
| train/             |          |
|    actor_loss      | -0.209   |
|    critic_loss     | 0.201    |
|    ent_coef        | 0.005    |
|    learning_rate   | 0.0001   |
|    n_updates       | 10593    |
---------------------------------
---------------------------------
| rollout/           |          |
|    ep_len_mean     | 116      |
|    ep_rew_mean     | -13.1    |
| time/              |          |
|    episodes        | 120      |
|    fps             | 0        |
|    time_elapsed    | 36210    |
|    total_timesteps | 13095    |
| train/             |          |
|    actor_loss      | -0.766   |
|    critic_loss     | 0.277    |
|    ent_coef        | 0.005    |
|    learning_rate   | 0.0001   |
|    n_updates       | 11094    |
---------------------------------
---------------------------------
| rollout/           |          |
|    ep_len_mean     | 119      |
|    ep_rew_mean     | -12.5    |
| time/              |          |
|    episodes        | 124      |
|    fps             | 0        |
|    time_elapsed    | 37996    |
|    total_timesteps | 13695    |
| train/             |          |
|    actor_loss      | 0.324    |
|    critic_loss     | 0.418    |
|    ent_coef        | 0.005    |
|    learning_rate   | 0.0001   |
|    n_updates       | 11694    |
---------------------------------
---------------------------------
| rollout/           |          |
|    ep_len_mean     | 122      |
|    ep_rew_mean     | -11.5    |
| time/              |          |
|    episodes        | 128      |
|    fps             | 0        |
|    time_elapsed    | 39693    |
|    total_timesteps | 14256    |
| train/             |          |
|    actor_loss      | -0.701   |
|    critic_loss     | 0.237    |
|    ent_coef        | 0.005    |
|    learning_rate   | 0.0001   |
|    n_updates       | 12255    |
---------------------------------
---------------------------------
| rollout/           |          |
|    ep_len_mean     | 123      |
|    ep_rew_mean     | -10.7    |
| time/              |          |
|    episodes        | 132      |
|    fps             | 0        |
|    time_elapsed    | 41323    |
|    total_timesteps | 14792    |
| train/             |          |
|    actor_loss      | -0.578   |
|    critic_loss     | 0.318    |
|    ent_coef        | 0.005    |
|    learning_rate   | 0.0001   |
|    n_updates       | 12791    |
---------------------------------
---------------------------------
| rollout/           |          |
|    ep_len_mean     | 123      |
|    ep_rew_mean     | -9.96    |
| time/              |          |
|    episodes        | 136      |
|    fps             | 0        |
|    time_elapsed    | 42592    |
|    total_timesteps | 15271    |
| train/             |          |
|    actor_loss      | -0.821   |
|    critic_loss     | 0.415    |
|    ent_coef        | 0.005    |
|    learning_rate   | 0.0001   |
|    n_updates       | 13270    |
---------------------------------
---------------------------------
| rollout/           |          |
|    ep_len_mean     | 123      |
|    ep_rew_mean     | -10.5    |
| time/              |          |
|    episodes        | 140      |
|    fps             | 0        |
|    time_elapsed    | 43653    |
|    total_timesteps | 15759    |
| train/             |          |
|    actor_loss      | -0.821   |
|    critic_loss     | 0.192    |
|    ent_coef        | 0.005    |
|    learning_rate   | 0.0001   |
|    n_updates       | 13758    |
---------------------------------
---------------------------------
| rollout/           |          |
|    ep_len_mean     | 124      |
|    ep_rew_mean     | -10.8    |
| time/              |          |
|    episodes        | 144      |
|    fps             | 0        |
|    time_elapsed    | 44996    |
|    total_timesteps | 16250    |
| train/             |          |
|    actor_loss      | -0.803   |
|    critic_loss     | 0.392    |
|    ent_coef        | 0.005    |
|    learning_rate   | 0.0001   |
|    n_updates       | 14249    |
---------------------------------
---------------------------------
| rollout/           |          |
|    ep_len_mean     | 125      |
|    ep_rew_mean     | -10.3    |
| time/              |          |
|    episodes        | 148      |
|    fps             | 0        |
|    time_elapsed    | 46777    |
|    total_timesteps | 16840    |
| train/             |          |
|    actor_loss      | -1.53    |
|    critic_loss     | 0.325    |
|    ent_coef        | 0.005    |
|    learning_rate   | 0.0001   |
|    n_updates       | 14839    |
---------------------------------
---------------------------------
| rollout/           |          |
|    ep_len_mean     | 124      |
|    ep_rew_mean     | -11.5    |
| time/              |          |
|    episodes        | 152      |
|    fps             | 0        |
|    time_elapsed    | 48162    |
|    total_timesteps | 17334    |
| train/             |          |
|    actor_loss      | -0.955   |
|    critic_loss     | 0.305    |
|    ent_coef        | 0.005    |
|    learning_rate   | 0.0001   |
|    n_updates       | 15333    |
---------------------------------
---------------------------------
| rollout/           |          |
|    ep_len_mean     | 125      |
|    ep_rew_mean     | -11.3    |
| time/              |          |
|    episodes        | 156      |
|    fps             | 0        |
|    time_elapsed    | 49440    |
|    total_timesteps | 17907    |
| train/             |          |
|    actor_loss      | -0.68    |
|    critic_loss     | 0.562    |
|    ent_coef        | 0.005    |
|    learning_rate   | 0.0001   |
|    n_updates       | 15906    |
---------------------------------
---------------------------------
| rollout/           |          |
|    ep_len_mean     | 128      |
|    ep_rew_mean     | -11.2    |
| time/              |          |
|    episodes        | 160      |
|    fps             | 0        |
|    time_elapsed    | 50696    |
|    total_timesteps | 18473    |
| train/             |          |
|    actor_loss      | -0.919   |
|    critic_loss     | 0.506    |
|    ent_coef        | 0.005    |
|    learning_rate   | 0.0001   |
|    n_updates       | 16472    |
---------------------------------
---------------------------------
| rollout/           |          |
|    ep_len_mean     | 130      |
|    ep_rew_mean     | -10.4    |
| time/              |          |
|    episodes        | 164      |
|    fps             | 0        |
|    time_elapsed    | 52382    |
|    total_timesteps | 19073    |
| train/             |          |
|    actor_loss      | -0.393   |
|    critic_loss     | 0.317    |
|    ent_coef        | 0.005    |
|    learning_rate   | 0.0001   |
|    n_updates       | 17072    |
---------------------------------
---------------------------------
| rollout/           |          |
|    ep_len_mean     | 132      |
|    ep_rew_mean     | -9.15    |
| time/              |          |
|    episodes        | 168      |
|    fps             | 0        |
|    time_elapsed    | 53942    |
|    total_timesteps | 19673    |
| train/             |          |
|    actor_loss      | -0.54    |
|    critic_loss     | 0.74     |
|    ent_coef        | 0.005    |
|    learning_rate   | 0.0001   |
|    n_updates       | 17672    |
---------------------------------
---------------------------------
| rollout/           |          |
|    ep_len_mean     | 135      |
|    ep_rew_mean     | -8.97    |
| time/              |          |
|    episodes        | 172      |
|    fps             | 0        |
|    time_elapsed    | 55185    |
|    total_timesteps | 20273    |
| train/             |          |
|    actor_loss      | -0.898   |
|    critic_loss     | 0.212    |
|    ent_coef        | 0.005    |
|    learning_rate   | 0.0001   |
|    n_updates       | 18272    |
---------------------------------
---------------------------------
| rollout/           |          |
|    ep_len_mean     | 135      |
|    ep_rew_mean     | -8.22    |
| time/              |          |
|    episodes        | 176      |
|    fps             | 0        |
|    time_elapsed    | 56227    |
|    total_timesteps | 20781    |
| train/             |          |
|    actor_loss      | -0.505   |
|    critic_loss     | 0.325    |
|    ent_coef        | 0.005    |
|    learning_rate   | 0.0001   |
|    n_updates       | 18780    |
---------------------------------
---------------------------------
| rollout/           |          |
|    ep_len_mean     | 135      |
|    ep_rew_mean     | -8.58    |
| time/              |          |
|    episodes        | 180      |
|    fps             | 0        |
|    time_elapsed    | 57286    |
|    total_timesteps | 21294    |
| train/             |          |
|    actor_loss      | -0.834   |
|    critic_loss     | 0.616    |
|    ent_coef        | 0.005    |
|    learning_rate   | 0.0001   |
|    n_updates       | 19293    |
---------------------------------
---------------------------------
| rollout/           |          |
|    ep_len_mean     | 135      |
|    ep_rew_mean     | -8.24    |
| time/              |          |
|    episodes        | 184      |
|    fps             | 0        |
|    time_elapsed    | 58289    |
|    total_timesteps | 21782    |
| train/             |          |
|    actor_loss      | -0.828   |
|    critic_loss     | 0.373    |
|    ent_coef        | 0.005    |
|    learning_rate   | 0.0001   |
|    n_updates       | 19781    |
---------------------------------
---------------------------------
| rollout/           |          |
|    ep_len_mean     | 133      |
|    ep_rew_mean     | -9.48    |
| time/              |          |
|    episodes        | 188      |
|    fps             | 0        |
|    time_elapsed    | 59096    |
|    total_timesteps | 22174    |
| train/             |          |
|    actor_loss      | -1.43    |
|    critic_loss     | 0.409    |
|    ent_coef        | 0.005    |
|    learning_rate   | 0.0001   |
|    n_updates       | 20173    |
---------------------------------
---------------------------------
| rollout/           |          |
|    ep_len_mean     | 132      |
|    ep_rew_mean     | -10.7    |
| time/              |          |
|    episodes        | 192      |
|    fps             | 0        |
|    time_elapsed    | 60111    |
|    total_timesteps | 22664    |
| train/             |          |
|    actor_loss      | -0.521   |
|    critic_loss     | 0.592    |
|    ent_coef        | 0.005    |
|    learning_rate   | 0.0001   |
|    n_updates       | 20663    |
---------------------------------
---------------------------------
| rollout/           |          |
|    ep_len_mean     | 131      |
|    ep_rew_mean     | -11.4    |
| time/              |          |
|    episodes        | 196      |
|    fps             | 0        |
|    time_elapsed    | 61180    |
|    total_timesteps | 23177    |
| train/             |          |
|    actor_loss      | -1.44    |
|    critic_loss     | 0.292    |
|    ent_coef        | 0.005    |
|    learning_rate   | 0.0001   |
|    n_updates       | 21176    |
---------------------------------
---------------------------------
| rollout/           |          |
|    ep_len_mean     | 132      |
|    ep_rew_mean     | -11.5    |
| time/              |          |
|    episodes        | 200      |
|    fps             | 0        |
|    time_elapsed    | 62227    |
|    total_timesteps | 23676    |
| train/             |          |
|    actor_loss      | -1.8     |
|    critic_loss     | 0.541    |
|    ent_coef        | 0.005    |
|    learning_rate   | 0.0001   |
|    n_updates       | 21675    |
---------------------------------
---------------------------------
| rollout/           |          |
|    ep_len_mean     | 131      |
|    ep_rew_mean     | -12.2    |
| time/              |          |
|    episodes        | 204      |
|    fps             | 0        |
|    time_elapsed    | 63202    |
|    total_timesteps | 24138    |
| train/             |          |
|    actor_loss      | -1.06    |
|    critic_loss     | 0.343    |
|    ent_coef        | 0.005    |
|    learning_rate   | 0.0001   |
|    n_updates       | 22137    |
---------------------------------
---------------------------------
| rollout/           |          |
|    ep_len_mean     | 130      |
|    ep_rew_mean     | -12.8    |
| time/              |          |
|    episodes        | 208      |
|    fps             | 0        |
|    time_elapsed    | 64245    |
|    total_timesteps | 24632    |
| train/             |          |
|    actor_loss      | -1.31    |
|    critic_loss     | 0.234    |
|    ent_coef        | 0.005    |
|    learning_rate   | 0.0001   |
|    n_updates       | 22631    |
---------------------------------
---------------------------------
| rollout/           |          |
|    ep_len_mean     | 130      |
|    ep_rew_mean     | -12.9    |
| time/              |          |
|    episodes        | 212      |
|    fps             | 0        |
|    time_elapsed    | 65103    |
|    total_timesteps | 25041    |
| train/             |          |
|    actor_loss      | -1.06    |
|    critic_loss     | 0.429    |
|    ent_coef        | 0.005    |
|    learning_rate   | 0.0001   |
|    n_updates       | 23040    |
---------------------------------
---------------------------------
| rollout/           |          |
|    ep_len_mean     | 128      |
|    ep_rew_mean     | -12.3    |
| time/              |          |
|    episodes        | 216      |
|    fps             | 0        |
|    time_elapsed    | 65945    |
|    total_timesteps | 25440    |
| train/             |          |
|    actor_loss      | -1.49    |
|    critic_loss     | 1.49     |
|    ent_coef        | 0.005    |
|    learning_rate   | 0.0001   |
|    n_updates       | 23439    |
---------------------------------
---------------------------------
| rollout/           |          |
|    ep_len_mean     | 127      |
|    ep_rew_mean     | -13.5    |
| time/              |          |
|    episodes        | 220      |
|    fps             | 0        |
|    time_elapsed    | 66741    |
|    total_timesteps | 25825    |
| train/             |          |
|    actor_loss      | -1.63    |
|    critic_loss     | 0.469    |
|    ent_coef        | 0.005    |
|    learning_rate   | 0.0001   |
|    n_updates       | 23824    |
---------------------------------
---------------------------------
| rollout/           |          |
|    ep_len_mean     | 126      |
|    ep_rew_mean     | -13.7    |
| time/              |          |
|    episodes        | 224      |
|    fps             | 0        |
|    time_elapsed    | 67733    |
|    total_timesteps | 26303    |
| train/             |          |
|    actor_loss      | -1.33    |
|    critic_loss     | 0.321    |
|    ent_coef        | 0.005    |
|    learning_rate   | 0.0001   |
|    n_updates       | 24302    |
---------------------------------
---------------------------------
| rollout/           |          |
|    ep_len_mean     | 125      |
|    ep_rew_mean     | -14.5    |
| time/              |          |
|    episodes        | 228      |
|    fps             | 0        |
|    time_elapsed    | 68751    |
|    total_timesteps | 26792    |
| train/             |          |
|    actor_loss      | -1.41    |
|    critic_loss     | 0.516    |
|    ent_coef        | 0.005    |
|    learning_rate   | 0.0001   |
|    n_updates       | 24791    |
---------------------------------
---------------------------------
| rollout/           |          |
|    ep_len_mean     | 125      |
|    ep_rew_mean     | -14.5    |
| time/              |          |
|    episodes        | 232      |
|    fps             | 0        |
|    time_elapsed    | 69789    |
|    total_timesteps | 27285    |
| train/             |          |
|    actor_loss      | -1.07    |
|    critic_loss     | 0.621    |
|    ent_coef        | 0.005    |
|    learning_rate   | 0.0001   |
|    n_updates       | 25284    |
---------------------------------
---------------------------------
| rollout/           |          |
|    ep_len_mean     | 124      |
|    ep_rew_mean     | -15.4    |
| time/              |          |
|    episodes        | 236      |
|    fps             | 0        |
|    time_elapsed    | 70689    |
|    total_timesteps | 27716    |
| train/             |          |
|    actor_loss      | -1.54    |
|    critic_loss     | 0.36     |
|    ent_coef        | 0.005    |
|    learning_rate   | 0.0001   |
|    n_updates       | 25715    |
---------------------------------
---------------------------------
| rollout/           |          |
|    ep_len_mean     | 125      |
|    ep_rew_mean     | -15.8    |
| time/              |          |
|    episodes        | 240      |
|    fps             | 0        |
|    time_elapsed    | 71767    |
|    total_timesteps | 28227    |
| train/             |          |
|    actor_loss      | -0.587   |
|    critic_loss     | 1.73     |
|    ent_coef        | 0.005    |
|    learning_rate   | 0.0001   |
|    n_updates       | 26226    |
---------------------------------
---------------------------------
| rollout/           |          |
|    ep_len_mean     | 125      |
|    ep_rew_mean     | -15.5    |
| time/              |          |
|    episodes        | 244      |
|    fps             | 0        |
|    time_elapsed    | 72809    |
|    total_timesteps | 28726    |
| train/             |          |
|    actor_loss      | -0.976   |
|    critic_loss     | 0.689    |
|    ent_coef        | 0.005    |
|    learning_rate   | 0.0001   |
|    n_updates       | 26725    |
---------------------------------
---------------------------------
| rollout/           |          |
|    ep_len_mean     | 123      |
|    ep_rew_mean     | -16.8    |
| time/              |          |
|    episodes        | 248      |
|    fps             | 0        |
|    time_elapsed    | 73711    |
|    total_timesteps | 29156    |
| train/             |          |
|    actor_loss      | -1.81    |
|    critic_loss     | 0.692    |
|    ent_coef        | 0.005    |
|    learning_rate   | 0.0001   |
|    n_updates       | 27155    |
---------------------------------
---------------------------------
| rollout/           |          |
|    ep_len_mean     | 124      |
|    ep_rew_mean     | -15.6    |
| time/              |          |
|    episodes        | 252      |
|    fps             | 0        |
|    time_elapsed    | 74981    |
|    total_timesteps | 29756    |
| train/             |          |
|    actor_loss      | -1.47    |
|    critic_loss     | 0.483    |
|    ent_coef        | 0.005    |
|    learning_rate   | 0.0001   |
|    n_updates       | 27755    |
---------------------------------
---------------------------------
| rollout/           |          |
|    ep_len_mean     | 121      |
|    ep_rew_mean     | -17.2    |
| time/              |          |
|    episodes        | 256      |
|    fps             | 0        |
|    time_elapsed    | 75581    |
|    total_timesteps | 30046    |
| train/             |          |
|    actor_loss      | -0.916   |
|    critic_loss     | 0.49     |
|    ent_coef        | 0.005    |
|    learning_rate   | 0.0001   |
|    n_updates       | 28045    |
---------------------------------
---------------------------------
| rollout/           |          |
|    ep_len_mean     | 118      |
|    ep_rew_mean     | -18.7    |
| time/              |          |
|    episodes        | 260      |
|    fps             | 0        |
|    time_elapsed    | 76128    |
|    total_timesteps | 30307    |
| train/             |          |
|    actor_loss      | -1.52    |
|    critic_loss     | 1.83     |
|    ent_coef        | 0.005    |
|    learning_rate   | 0.0001   |
|    n_updates       | 28306    |
---------------------------------
---------------------------------
| rollout/           |          |
|    ep_len_mean     | 116      |
|    ep_rew_mean     | -19.7    |
| time/              |          |
|    episodes        | 264      |
|    fps             | 0        |
|    time_elapsed    | 76864    |
|    total_timesteps | 30658    |
| train/             |          |
|    actor_loss      | -1.21    |
|    critic_loss     | 0.641    |
|    ent_coef        | 0.005    |
|    learning_rate   | 0.0001   |
|    n_updates       | 28657    |
---------------------------------
---------------------------------
| rollout/           |          |
|    ep_len_mean     | 115      |
|    ep_rew_mean     | -20.4    |
| time/              |          |
|    episodes        | 268      |
|    fps             | 0        |
|    time_elapsed    | 77889    |
|    total_timesteps | 31149    |
| train/             |          |
|    actor_loss      | -1.56    |
|    critic_loss     | 0.353    |
|    ent_coef        | 0.005    |
|    learning_rate   | 0.0001   |
|    n_updates       | 29148    |
---------------------------------
---------------------------------
| rollout/           |          |
|    ep_len_mean     | 112      |
|    ep_rew_mean     | -20.9    |
| time/              |          |
|    episodes        | 272      |
|    fps             | 0        |
|    time_elapsed    | 78518    |
|    total_timesteps | 31453    |
| train/             |          |
|    actor_loss      | -1.06    |
|    critic_loss     | 0.354    |
|    ent_coef        | 0.005    |
|    learning_rate   | 0.0001   |
|    n_updates       | 29452    |
---------------------------------
---------------------------------
| rollout/           |          |
|    ep_len_mean     | 110      |
|    ep_rew_mean     | -22.7    |
| time/              |          |
|    episodes        | 276      |
|    fps             | 0        |
|    time_elapsed    | 79148    |
|    total_timesteps | 31755    |
| train/             |          |
|    actor_loss      | -1.35    |
|    critic_loss     | 0.551    |
|    ent_coef        | 0.005    |
|    learning_rate   | 0.0001   |
|    n_updates       | 29754    |
---------------------------------
---------------------------------
| rollout/           |          |
|    ep_len_mean     | 110      |
|    ep_rew_mean     | -22.2    |
| time/              |          |
|    episodes        | 280      |
|    fps             | 0        |
|    time_elapsed    | 80232    |
|    total_timesteps | 32266    |
| train/             |          |
|    actor_loss      | -1.62    |
|    critic_loss     | 0.667    |
|    ent_coef        | 0.005    |
|    learning_rate   | 0.0001   |
|    n_updates       | 30265    |
---------------------------------
---------------------------------
| rollout/           |          |
|    ep_len_mean     | 109      |
|    ep_rew_mean     | -23      |
| time/              |          |
|    episodes        | 284      |
|    fps             | 0        |
|    time_elapsed    | 81125    |
|    total_timesteps | 32686    |
| train/             |          |
|    actor_loss      | -1.76    |
|    critic_loss     | 0.441    |
|    ent_coef        | 0.005    |
|    learning_rate   | 0.0001   |
|    n_updates       | 30685    |
---------------------------------
---------------------------------
| rollout/           |          |
|    ep_len_mean     | 111      |
|    ep_rew_mean     | -21.8    |
| time/              |          |
|    episodes        | 288      |
|    fps             | 0        |
|    time_elapsed    | 82386    |
|    total_timesteps | 33286    |
| train/             |          |
|    actor_loss      | -1.26    |
|    critic_loss     | 0.564    |
|    ent_coef        | 0.005    |
|    learning_rate   | 0.0001   |
|    n_updates       | 31285    |
---------------------------------
---------------------------------
| rollout/           |          |
|    ep_len_mean     | 109      |
|    ep_rew_mean     | -21.8    |
| time/              |          |
|    episodes        | 292      |
|    fps             | 0        |
|    time_elapsed    | 83042    |
|    total_timesteps | 33604    |
| train/             |          |
|    actor_loss      | -1.51    |
|    critic_loss     | 0.751    |
|    ent_coef        | 0.005    |
|    learning_rate   | 0.0001   |
|    n_updates       | 31603    |
---------------------------------
---------------------------------
| rollout/           |          |
|    ep_len_mean     | 109      |
|    ep_rew_mean     | -21.7    |
| time/              |          |
|    episodes        | 296      |
|    fps             | 0        |
|    time_elapsed    | 84048    |
|    total_timesteps | 34082    |
| train/             |          |
|    actor_loss      | -1.56    |
|    critic_loss     | 0.916    |
|    ent_coef        | 0.005    |
|    learning_rate   | 0.0001   |
|    n_updates       | 32081    |
---------------------------------
---------------------------------
| rollout/           |          |
|    ep_len_mean     | 110      |
|    ep_rew_mean     | -21.4    |
| time/              |          |
|    episodes        | 300      |
|    fps             | 0        |
|    time_elapsed    | 85313    |
|    total_timesteps | 34682    |
| train/             |          |
|    actor_loss      | -1.07    |
|    critic_loss     | 0.598    |
|    ent_coef        | 0.005    |
|    learning_rate   | 0.0001   |
|    n_updates       | 32681    |
---------------------------------
---------------------------------
| rollout/           |          |
|    ep_len_mean     | 109      |
|    ep_rew_mean     | -22.1    |
| time/              |          |
|    episodes        | 304      |
|    fps             | 0        |
|    time_elapsed    | 86115    |
|    total_timesteps | 35064    |
| train/             |          |
|    actor_loss      | -1.94    |
|    critic_loss     | 0.441    |
|    ent_coef        | 0.005    |
|    learning_rate   | 0.0001   |
|    n_updates       | 33063    |
---------------------------------
---------------------------------
| rollout/           |          |
|    ep_len_mean     | 109      |
|    ep_rew_mean     | -22.1    |
| time/              |          |
|    episodes        | 308      |
|    fps             | 0        |
|    time_elapsed    | 87053    |
|    total_timesteps | 35509    |
| train/             |          |
|    actor_loss      | -1.5     |
|    critic_loss     | 0.917    |
|    ent_coef        | 0.005    |
|    learning_rate   | 0.0001   |
|    n_updates       | 33508    |
---------------------------------
---------------------------------
| rollout/           |          |
|    ep_len_mean     | 111      |
|    ep_rew_mean     | -21.4    |
| time/              |          |
|    episodes        | 312      |
|    fps             | 0        |
|    time_elapsed    | 88493    |
|    total_timesteps | 36109    |
| train/             |          |
|    actor_loss      | -1.5     |
|    critic_loss     | 0.884    |
|    ent_coef        | 0.005    |
|    learning_rate   | 0.0001   |
|    n_updates       | 34108    |
---------------------------------
---------------------------------
| rollout/           |          |
|    ep_len_mean     | 112      |
|    ep_rew_mean     | -21.4    |
| time/              |          |
|    episodes        | 316      |
|    fps             | 0        |
|    time_elapsed    | 90000    |
|    total_timesteps | 36598    |
| train/             |          |
|    actor_loss      | -1.3     |
|    critic_loss     | 0.888    |
|    ent_coef        | 0.005    |
|    learning_rate   | 0.0001   |
|    n_updates       | 34597    |
---------------------------------
---------------------------------
| rollout/           |          |
|    ep_len_mean     | 112      |
|    ep_rew_mean     | -20.7    |
| time/              |          |
|    episodes        | 320      |
|    fps             | 0        |
|    time_elapsed    | 91262    |
|    total_timesteps | 37023    |
| train/             |          |
|    actor_loss      | -2.33    |
|    critic_loss     | 0.294    |
|    ent_coef        | 0.005    |
|    learning_rate   | 0.0001   |
|    n_updates       | 35022    |
---------------------------------
---------------------------------
| rollout/           |          |
|    ep_len_mean     | 109      |
|    ep_rew_mean     | -22.3    |
| time/              |          |
|    episodes        | 324      |
|    fps             | 0        |
|    time_elapsed    | 91864    |
|    total_timesteps | 37229    |
| train/             |          |
|    actor_loss      | -1.2     |
|    critic_loss     | 0.323    |
|    ent_coef        | 0.005    |
|    learning_rate   | 0.0001   |
|    n_updates       | 35228    |
---------------------------------
---------------------------------
| rollout/           |          |
|    ep_len_mean     | 109      |
|    ep_rew_mean     | -22.5    |
| time/              |          |
|    episodes        | 328      |
|    fps             | 0        |
|    time_elapsed    | 93345    |
|    total_timesteps | 37726    |
| train/             |          |
|    actor_loss      | -1.39    |
|    critic_loss     | 0.559    |
|    ent_coef        | 0.005    |
|    learning_rate   | 0.0001   |
|    n_updates       | 35725    |
---------------------------------
---------------------------------
| rollout/           |          |
|    ep_len_mean     | 110      |
|    ep_rew_mean     | -22.1    |
| time/              |          |
|    episodes        | 332      |
|    fps             | 0        |
|    time_elapsed    | 94869    |
|    total_timesteps | 38249    |
| train/             |          |
|    actor_loss      | -1.17    |
|    critic_loss     | 0.59     |
|    ent_coef        | 0.005    |
|    learning_rate   | 0.0001   |
|    n_updates       | 36248    |
---------------------------------
---------------------------------
| rollout/           |          |
|    ep_len_mean     | 110      |
|    ep_rew_mean     | -21.7    |
| time/              |          |
|    episodes        | 336      |
|    fps             | 0        |
|    time_elapsed    | 95929    |
|    total_timesteps | 38731    |
| train/             |          |
|    actor_loss      | -1.63    |
|    critic_loss     | 0.913    |
|    ent_coef        | 0.005    |
|    learning_rate   | 0.0001   |
|    n_updates       | 36730    |
---------------------------------
---------------------------------
| rollout/           |          |
|    ep_len_mean     | 108      |
|    ep_rew_mean     | -21.3    |
| time/              |          |
|    episodes        | 340      |
|    fps             | 0        |
|    time_elapsed    | 96454    |
|    total_timesteps | 38980    |
| train/             |          |
|    actor_loss      | -1.07    |
|    critic_loss     | 0.61     |
|    ent_coef        | 0.005    |
|    learning_rate   | 0.0001   |
|    n_updates       | 36979    |
---------------------------------
---------------------------------
| rollout/           |          |
|    ep_len_mean     | 108      |
|    ep_rew_mean     | -20.9    |
| time/              |          |
|    episodes        | 344      |
|    fps             | 0        |
|    time_elapsed    | 97627    |
|    total_timesteps | 39535    |
| train/             |          |
|    actor_loss      | -1.09    |
|    critic_loss     | 0.455    |
|    ent_coef        | 0.005    |
|    learning_rate   | 0.0001   |
|    n_updates       | 37534    |
---------------------------------
---------------------------------
| rollout/           |          |
|    ep_len_mean     | 108      |
|    ep_rew_mean     | -20.4    |
| time/              |          |
|    episodes        | 348      |
|    fps             | 0        |
|    time_elapsed    | 98818    |
|    total_timesteps | 40002    |
| train/             |          |
|    actor_loss      | -1.67    |
|    critic_loss     | 0.735    |
|    ent_coef        | 0.005    |
|    learning_rate   | 0.0001   |
|    n_updates       | 38001    |
---------------------------------
---------------------------------
| rollout/           |          |
|    ep_len_mean     | 106      |
|    ep_rew_mean     | -21.1    |
| time/              |          |
|    episodes        | 352      |
|    fps             | 0        |
|    time_elapsed    | 99848    |
|    total_timesteps | 40358    |
| train/             |          |
|    actor_loss      | -0.784   |
|    critic_loss     | 0.812    |
|    ent_coef        | 0.005    |
|    learning_rate   | 0.0001   |
|    n_updates       | 38357    |
---------------------------------
---------------------------------
| rollout/           |          |
|    ep_len_mean     | 107      |
|    ep_rew_mean     | -20.9    |
| time/              |          |
|    episodes        | 356      |
|    fps             | 0        |
|    time_elapsed    | 101022   |
|    total_timesteps | 40758    |
| train/             |          |
|    actor_loss      | -2.2     |
|    critic_loss     | 0.639    |
|    ent_coef        | 0.005    |
|    learning_rate   | 0.0001   |
|    n_updates       | 38757    |
---------------------------------
---------------------------------
| rollout/           |          |
|    ep_len_mean     | 111      |
|    ep_rew_mean     | -18.5    |
| time/              |          |
|    episodes        | 360      |
|    fps             | 0        |
|    time_elapsed    | 102800   |
|    total_timesteps | 41358    |
| train/             |          |
|    actor_loss      | -1.37    |
|    critic_loss     | 1.1      |
|    ent_coef        | 0.005    |
|    learning_rate   | 0.0001   |
|    n_updates       | 39357    |
---------------------------------
---------------------------------
| rollout/           |          |
|    ep_len_mean     | 112      |
|    ep_rew_mean     | -18      |
| time/              |          |
|    episodes        | 364      |
|    fps             | 0        |
|    time_elapsed    | 104296   |
|    total_timesteps | 41889    |
| train/             |          |
|    actor_loss      | -1.8     |
|    critic_loss     | 0.545    |
|    ent_coef        | 0.005    |
|    learning_rate   | 0.0001   |
|    n_updates       | 39888    |
---------------------------------
---------------------------------
| rollout/           |          |
|    ep_len_mean     | 113      |
|    ep_rew_mean     | -17      |
| time/              |          |
|    episodes        | 368      |
|    fps             | 0        |
|    time_elapsed    | 105443   |
|    total_timesteps | 42425    |
| train/             |          |
|    actor_loss      | -1.54    |
|    critic_loss     | 0.555    |
|    ent_coef        | 0.005    |
|    learning_rate   | 0.0001   |
|    n_updates       | 40424    |
---------------------------------
---------------------------------
| rollout/           |          |
|    ep_len_mean     | 115      |
|    ep_rew_mean     | -15.3    |
| time/              |          |
|    episodes        | 372      |
|    fps             | 0        |
|    time_elapsed    | 106515   |
|    total_timesteps | 42927    |
| train/             |          |
|    actor_loss      | -1.09    |
|    critic_loss     | 1.46     |
|    ent_coef        | 0.005    |
|    learning_rate   | 0.0001   |
|    n_updates       | 40926    |
---------------------------------
---------------------------------
| rollout/           |          |
|    ep_len_mean     | 114      |
|    ep_rew_mean     | -14.2    |
| time/              |          |
|    episodes        | 376      |
|    fps             | 0        |
|    time_elapsed    | 107018   |
|    total_timesteps | 43169    |
| train/             |          |
|    actor_loss      | -1.87    |
|    critic_loss     | 0.591    |
|    ent_coef        | 0.005    |
|    learning_rate   | 0.0001   |
|    n_updates       | 41168    |
---------------------------------
---------------------------------
| rollout/           |          |
|    ep_len_mean     | 113      |
|    ep_rew_mean     | -15.1    |
| time/              |          |
|    episodes        | 380      |
|    fps             | 0        |
|    time_elapsed    | 107754   |
|    total_timesteps | 43519    |
| train/             |          |
|    actor_loss      | -1.17    |
|    critic_loss     | 1.14     |
|    ent_coef        | 0.005    |
|    learning_rate   | 0.0001   |
|    n_updates       | 41518    |
---------------------------------
---------------------------------
| rollout/           |          |
|    ep_len_mean     | 112      |
|    ep_rew_mean     | -13.6    |
| time/              |          |
|    episodes        | 384      |
|    fps             | 0        |
|    time_elapsed    | 108455   |
|    total_timesteps | 43850    |
| train/             |          |
|    actor_loss      | -2.34    |
|    critic_loss     | 0.489    |
|    ent_coef        | 0.005    |
|    learning_rate   | 0.0001   |
|    n_updates       | 41849    |
---------------------------------
---------------------------------
| rollout/           |          |
|    ep_len_mean     | 111      |
|    ep_rew_mean     | -13.5    |
| time/              |          |
|    episodes        | 388      |
|    fps             | 0        |
|    time_elapsed    | 109479   |
|    total_timesteps | 44340    |
| train/             |          |
|    actor_loss      | -1.87    |
|    critic_loss     | 0.728    |
|    ent_coef        | 0.005    |
|    learning_rate   | 0.0001   |
|    n_updates       | 42339    |
---------------------------------
---------------------------------
| rollout/           |          |
|    ep_len_mean     | 112      |
|    ep_rew_mean     | -12.9    |
| time/              |          |
|    episodes        | 392      |
|    fps             | 0        |
|    time_elapsed    | 110506   |
|    total_timesteps | 44830    |
| train/             |          |
|    actor_loss      | -2.36    |
|    critic_loss     | 0.351    |
|    ent_coef        | 0.005    |
|    learning_rate   | 0.0001   |
|    n_updates       | 42829    |
---------------------------------
---------------------------------
| rollout/           |          |
|    ep_len_mean     | 113      |
|    ep_rew_mean     | -12.1    |
| time/              |          |
|    episodes        | 396      |
|    fps             | 0        |
|    time_elapsed    | 111602   |
|    total_timesteps | 45347    |
| train/             |          |
|    actor_loss      | -1.48    |
|    critic_loss     | 0.907    |
|    ent_coef        | 0.005    |
|    learning_rate   | 0.0001   |
|    n_updates       | 43346    |
---------------------------------
---------------------------------
| rollout/           |          |
|    ep_len_mean     | 110      |
|    ep_rew_mean     | -14.1    |
| time/              |          |
|    episodes        | 400      |
|    fps             | 0        |
|    time_elapsed    | 112214   |
|    total_timesteps | 45637    |
| train/             |          |
|    actor_loss      | -2.17    |
|    critic_loss     | 0.688    |
|    ent_coef        | 0.005    |
|    learning_rate   | 0.0001   |
|    n_updates       | 43636    |
---------------------------------
---------------------------------
| rollout/           |          |
|    ep_len_mean     | 110      |
|    ep_rew_mean     | -12.7    |
| time/              |          |
|    episodes        | 404      |
|    fps             | 0        |
|    time_elapsed    | 113052   |
|    total_timesteps | 46035    |
| train/             |          |
|    actor_loss      | -1.79    |
|    critic_loss     | 0.513    |
|    ent_coef        | 0.005    |
|    learning_rate   | 0.0001   |
|    n_updates       | 44034    |
---------------------------------
---------------------------------
| rollout/           |          |
|    ep_len_mean     | 110      |
|    ep_rew_mean     | -12      |
| time/              |          |
|    episodes        | 408      |
|    fps             | 0        |
|    time_elapsed    | 114127   |
|    total_timesteps | 46548    |
| train/             |          |
|    actor_loss      | -2.37    |
|    critic_loss     | 0.488    |
|    ent_coef        | 0.005    |
|    learning_rate   | 0.0001   |
|    n_updates       | 44547    |
---------------------------------
---------------------------------
| rollout/           |          |
|    ep_len_mean     | 110      |
|    ep_rew_mean     | -12      |
| time/              |          |
|    episodes        | 412      |
|    fps             | 0        |
|    time_elapsed    | 115381   |
|    total_timesteps | 47143    |
| train/             |          |
|    actor_loss      | -1.67    |
|    critic_loss     | 0.509    |
|    ent_coef        | 0.005    |
|    learning_rate   | 0.0001   |
|    n_updates       | 45142    |
---------------------------------
---------------------------------
| rollout/           |          |
|    ep_len_mean     | 109      |
|    ep_rew_mean     | -11.5    |
| time/              |          |
|    episodes        | 416      |
|    fps             | 0        |
|    time_elapsed    | 116138   |
|    total_timesteps | 47504    |
| train/             |          |
|    actor_loss      | -1.59    |
|    critic_loss     | 1.08     |
|    ent_coef        | 0.005    |
|    learning_rate   | 0.0001   |
|    n_updates       | 45503    |
---------------------------------
---------------------------------
| rollout/           |          |
|    ep_len_mean     | 110      |
|    ep_rew_mean     | -11.1    |
| time/              |          |
|    episodes        | 420      |
|    fps             | 0        |
|    time_elapsed    | 117272   |
|    total_timesteps | 48039    |
| train/             |          |
|    actor_loss      | -1.79    |
|    critic_loss     | 0.364    |
|    ent_coef        | 0.005    |
|    learning_rate   | 0.0001   |
|    n_updates       | 46038    |
---------------------------------
---------------------------------
| rollout/           |          |
|    ep_len_mean     | 112      |
|    ep_rew_mean     | -9.93    |
| time/              |          |
|    episodes        | 424      |
|    fps             | 0        |
|    time_elapsed    | 118007   |
|    total_timesteps | 48388    |
| train/             |          |
|    actor_loss      | -2.43    |
|    critic_loss     | 0.41     |
|    ent_coef        | 0.005    |
|    learning_rate   | 0.0001   |
|    n_updates       | 46387    |
---------------------------------
---------------------------------
| rollout/           |          |
|    ep_len_mean     | 109      |
|    ep_rew_mean     | -9.75    |
| time/              |          |
|    episodes        | 428      |
|    fps             | 0        |
|    time_elapsed    | 118607   |
|    total_timesteps | 48674    |
| train/             |          |
|    actor_loss      | -1.81    |
|    critic_loss     | 0.634    |
|    ent_coef        | 0.005    |
|    learning_rate   | 0.0001   |
|    n_updates       | 46673    |
---------------------------------
---------------------------------
| rollout/           |          |
|    ep_len_mean     | 109      |
|    ep_rew_mean     | -9.76    |
| time/              |          |
|    episodes        | 432      |
|    fps             | 0        |
|    time_elapsed    | 119640   |
|    total_timesteps | 49142    |
| train/             |          |
|    actor_loss      | -1.23    |
|    critic_loss     | 0.83     |
|    ent_coef        | 0.005    |
|    learning_rate   | 0.0001   |
|    n_updates       | 47141    |
---------------------------------
---------------------------------
| rollout/           |          |
|    ep_len_mean     | 109      |
|    ep_rew_mean     | -10      |
| time/              |          |
|    episodes        | 436      |
|    fps             | 0        |
|    time_elapsed    | 120680   |
|    total_timesteps | 49631    |
| train/             |          |
|    actor_loss      | -3.2     |
|    critic_loss     | 0.432    |
|    ent_coef        | 0.005    |
|    learning_rate   | 0.0001   |
|    n_updates       | 47630    |
---------------------------------
---------------------------------
| rollout/           |          |
|    ep_len_mean     | 111      |
|    ep_rew_mean     | -8.55    |
| time/              |          |
|    episodes        | 440      |
|    fps             | 0        |
|    time_elapsed    | 121876   |
|    total_timesteps | 50069    |
| train/             |          |
|    actor_loss      | -1.34    |
|    critic_loss     | 0.549    |
|    ent_coef        | 0.005    |
|    learning_rate   | 0.0001   |
|    n_updates       | 48068    |
---------------------------------
---------------------------------
| rollout/           |          |
|    ep_len_mean     | 110      |
|    ep_rew_mean     | -8.36    |
| time/              |          |
|    episodes        | 444      |
|    fps             | 0        |
|    time_elapsed    | 123156   |
|    total_timesteps | 50506    |
| train/             |          |
|    actor_loss      | -2.44    |
|    critic_loss     | 0.512    |
|    ent_coef        | 0.005    |
|    learning_rate   | 0.0001   |
|    n_updates       | 48505    |
---------------------------------
---------------------------------
| rollout/           |          |
|    ep_len_mean     | 109      |
|    ep_rew_mean     | -8.8     |
| time/              |          |
|    episodes        | 448      |
|    fps             | 0        |
|    time_elapsed    | 124380   |
|    total_timesteps | 50926    |
| train/             |          |
|    actor_loss      | -2.07    |
|    critic_loss     | 0.419    |
|    ent_coef        | 0.005    |
|    learning_rate   | 0.0001   |
|    n_updates       | 48925    |
---------------------------------
---------------------------------
| rollout/           |          |
|    ep_len_mean     | 111      |
|    ep_rew_mean     | -7.72    |
| time/              |          |
|    episodes        | 452      |
|    fps             | 0        |
|    time_elapsed    | 125779   |
|    total_timesteps | 51411    |
| train/             |          |
|    actor_loss      | -1.7     |
|    critic_loss     | 0.507    |
|    ent_coef        | 0.005    |
|    learning_rate   | 0.0001   |
|    n_updates       | 49410    |
---------------------------------
---------------------------------
| rollout/           |          |
|    ep_len_mean     | 111      |
|    ep_rew_mean     | -6.57    |
| time/              |          |
|    episodes        | 456      |
|    fps             | 0        |
|    time_elapsed    | 127087   |
|    total_timesteps | 51874    |
| train/             |          |
|    actor_loss      | -2.53    |
|    critic_loss     | 0.586    |
|    ent_coef        | 0.005    |
|    learning_rate   | 0.0001   |
|    n_updates       | 49873    |
---------------------------------
---------------------------------
| rollout/           |          |
|    ep_len_mean     | 108      |
|    ep_rew_mean     | -7.44    |
| time/              |          |
|    episodes        | 460      |
|    fps             | 0        |
|    time_elapsed    | 128172   |
|    total_timesteps | 52205    |
| train/             |          |
|    actor_loss      | -2.25    |
|    critic_loss     | 0.456    |
|    ent_coef        | 0.005    |
|    learning_rate   | 0.0001   |
|    n_updates       | 50204    |
---------------------------------
---------------------------------
| rollout/           |          |
|    ep_len_mean     | 108      |
|    ep_rew_mean     | -7.33    |
| time/              |          |
|    episodes        | 464      |
|    fps             | 0        |
|    time_elapsed    | 129151   |
|    total_timesteps | 52642    |
| train/             |          |
|    actor_loss      | -2.09    |
|    critic_loss     | 1.04     |
|    ent_coef        | 0.005    |
|    learning_rate   | 0.0001   |
|    n_updates       | 50641    |
---------------------------------
---------------------------------
| rollout/           |          |
|    ep_len_mean     | 107      |
|    ep_rew_mean     | -6.94    |
| time/              |          |
|    episodes        | 468      |
|    fps             | 0        |
|    time_elapsed    | 130277   |
|    total_timesteps | 53162    |
| train/             |          |
|    actor_loss      | -2.2     |
|    critic_loss     | 0.446    |
|    ent_coef        | 0.005    |
|    learning_rate   | 0.0001   |
|    n_updates       | 51161    |
---------------------------------
---------------------------------
| rollout/           |          |
|    ep_len_mean     | 107      |
|    ep_rew_mean     | -6.67    |
| time/              |          |
|    episodes        | 472      |
|    fps             | 0        |
|    time_elapsed    | 131273   |
|    total_timesteps | 53619    |
| train/             |          |
|    actor_loss      | -2.4     |
|    critic_loss     | 0.423    |
|    ent_coef        | 0.005    |
|    learning_rate   | 0.0001   |
|    n_updates       | 51618    |
---------------------------------
---------------------------------
| rollout/           |          |
|    ep_len_mean     | 108      |
|    ep_rew_mean     | -6.94    |
| time/              |          |
|    episodes        | 476      |
|    fps             | 0        |
|    time_elapsed    | 132009   |
|    total_timesteps | 53949    |
| train/             |          |
|    actor_loss      | -2.37    |
|    critic_loss     | 3.15     |
|    ent_coef        | 0.005    |
|    learning_rate   | 0.0001   |
|    n_updates       | 51948    |
---------------------------------
---------------------------------
| rollout/           |          |
|    ep_len_mean     | 107      |
|    ep_rew_mean     | -7.45    |
| time/              |          |
|    episodes        | 480      |
|    fps             | 0        |
|    time_elapsed    | 132596   |
|    total_timesteps | 54216    |
| train/             |          |
|    actor_loss      | -2.24    |
|    critic_loss     | 0.639    |
|    ent_coef        | 0.005    |
|    learning_rate   | 0.0001   |
|    n_updates       | 52215    |
---------------------------------
---------------------------------
| rollout/           |          |
|    ep_len_mean     | 106      |
|    ep_rew_mean     | -8.73    |
| time/              |          |
|    episodes        | 484      |
|    fps             | 0        |
|    time_elapsed    | 133195   |
|    total_timesteps | 54492    |
| train/             |          |
|    actor_loss      | -1.28    |
|    critic_loss     | 2.03     |
|    ent_coef        | 0.005    |
|    learning_rate   | 0.0001   |
|    n_updates       | 52491    |
---------------------------------
---------------------------------
| rollout/           |          |
|    ep_len_mean     | 105      |
|    ep_rew_mean     | -9.49    |
| time/              |          |
|    episodes        | 488      |
|    fps             | 0        |
|    time_elapsed    | 134053   |
|    total_timesteps | 54879    |
| train/             |          |
|    actor_loss      | -2.37    |
|    critic_loss     | 1.23     |
|    ent_coef        | 0.005    |
|    learning_rate   | 0.0001   |
|    n_updates       | 52878    |
---------------------------------
---------------------------------
| rollout/           |          |
|    ep_len_mean     | 105      |
|    ep_rew_mean     | -8.63    |
| time/              |          |
|    episodes        | 492      |
|    fps             | 0        |
|    time_elapsed    | 135081   |
|    total_timesteps | 55340    |
| train/             |          |
|    actor_loss      | -2.34    |
|    critic_loss     | 0.559    |
|    ent_coef        | 0.005    |
|    learning_rate   | 0.0001   |
|    n_updates       | 53339    |
---------------------------------
---------------------------------
| rollout/           |          |
|    ep_len_mean     | 104      |
|    ep_rew_mean     | -9.82    |
| time/              |          |
|    episodes        | 496      |
|    fps             | 0        |
|    time_elapsed    | 135893   |
|    total_timesteps | 55707    |
| train/             |          |
|    actor_loss      | -2.56    |
|    critic_loss     | 0.433    |
|    ent_coef        | 0.005    |
|    learning_rate   | 0.0001   |
|    n_updates       | 53706    |
---------------------------------
---------------------------------
| rollout/           |          |
|    ep_len_mean     | 104      |
|    ep_rew_mean     | -8.54    |
| time/              |          |
|    episodes        | 500      |
|    fps             | 0        |
|    time_elapsed    | 136681   |
|    total_timesteps | 56046    |
| train/             |          |
|    actor_loss      | -2.49    |
|    critic_loss     | 0.389    |
|    ent_coef        | 0.005    |
|    learning_rate   | 0.0001   |
|    n_updates       | 54045    |
---------------------------------
---------------------------------
| rollout/           |          |
|    ep_len_mean     | 104      |
|    ep_rew_mean     | -8.12    |
| time/              |          |
|    episodes        | 504      |
|    fps             | 0        |
|    time_elapsed    | 137514   |
|    total_timesteps | 56423    |
| train/             |          |
|    actor_loss      | -1.83    |
|    critic_loss     | 0.71     |
|    ent_coef        | 0.005    |
|    learning_rate   | 0.0001   |
|    n_updates       | 54422    |
---------------------------------
---------------------------------
| rollout/           |          |
|    ep_len_mean     | 102      |
|    ep_rew_mean     | -8.68    |
| time/              |          |
|    episodes        | 508      |
|    fps             | 0        |
|    time_elapsed    | 138276   |
|    total_timesteps | 56749    |
| train/             |          |
|    actor_loss      | -3.08    |
|    critic_loss     | 0.69     |
|    ent_coef        | 0.005    |
|    learning_rate   | 0.0001   |
|    n_updates       | 54748    |
---------------------------------
---------------------------------
| rollout/           |          |
|    ep_len_mean     | 101      |
|    ep_rew_mean     | -9.31    |
| time/              |          |
|    episodes        | 512      |
|    fps             | 0        |
|    time_elapsed    | 139376   |
|    total_timesteps | 57244    |
| train/             |          |
|    actor_loss      | -1.96    |
|    critic_loss     | 1.33     |
|    ent_coef        | 0.005    |
|    learning_rate   | 0.0001   |
|    n_updates       | 55243    |
---------------------------------
---------------------------------
| rollout/           |          |
|    ep_len_mean     | 102      |
|    ep_rew_mean     | -9.49    |
| time/              |          |
|    episodes        | 516      |
|    fps             | 0        |
|    time_elapsed    | 140285   |
|    total_timesteps | 57666    |
| train/             |          |
|    actor_loss      | -1.96    |
|    critic_loss     | 0.858    |
|    ent_coef        | 0.005    |
|    learning_rate   | 0.0001   |
|    n_updates       | 55665    |
---------------------------------
---------------------------------
| rollout/           |          |
|    ep_len_mean     | 100      |
|    ep_rew_mean     | -9.48    |
| time/              |          |
|    episodes        | 520      |
|    fps             | 0        |
|    time_elapsed    | 141153   |
|    total_timesteps | 58060    |
| train/             |          |
|    actor_loss      | -1.94    |
|    critic_loss     | 1.14     |
|    ent_coef        | 0.005    |
|    learning_rate   | 0.0001   |
|    n_updates       | 56059    |
---------------------------------
---------------------------------
| rollout/           |          |
|    ep_len_mean     | 102      |
|    ep_rew_mean     | -8.51    |
| time/              |          |
|    episodes        | 524      |
|    fps             | 0        |
|    time_elapsed    | 142215   |
|    total_timesteps | 58549    |
| train/             |          |
|    actor_loss      | -2.65    |
|    critic_loss     | 0.449    |
|    ent_coef        | 0.005    |
|    learning_rate   | 0.0001   |
|    n_updates       | 56548    |
---------------------------------
---------------------------------
| rollout/           |          |
|    ep_len_mean     | 105      |
|    ep_rew_mean     | -7.89    |
| time/              |          |
|    episodes        | 528      |
|    fps             | 0        |
|    time_elapsed    | 143454   |
|    total_timesteps | 59149    |
| train/             |          |
|    actor_loss      | -2.53    |
|    critic_loss     | 0.502    |
|    ent_coef        | 0.005    |
|    learning_rate   | 0.0001   |
|    n_updates       | 57148    |
---------------------------------
---------------------------------
| rollout/           |          |
|    ep_len_mean     | 104      |
|    ep_rew_mean     | -7.45    |
| time/              |          |
|    episodes        | 532      |
|    fps             | 0        |
|    time_elapsed    | 144222   |
|    total_timesteps | 59565    |
| train/             |          |
|    actor_loss      | -2.49    |
|    critic_loss     | 0.698    |
|    ent_coef        | 0.005    |
|    learning_rate   | 0.0001   |
|    n_updates       | 57564    |
---------------------------------
---------------------------------
| rollout/           |          |
|    ep_len_mean     | 102      |
|    ep_rew_mean     | -6.96    |
| time/              |          |
|    episodes        | 536      |
|    fps             | 0        |
|    time_elapsed    | 144723   |
|    total_timesteps | 59840    |
| train/             |          |
|    actor_loss      | -1.74    |
|    critic_loss     | 0.437    |
|    ent_coef        | 0.005    |
|    learning_rate   | 0.0001   |
|    n_updates       | 57839    |
---------------------------------
