Using cpu device
Wrapping the env in a DummyVecEnv.
Logging to logs\hybrid\sac_mpc_hybrid_v4_phase_time_262102\tensorboard\SAC_1
---------------------------------
| rollout/           |          |
|    ep_len_mean     | 37.8     |
|    ep_rew_mean     | -33.9    |
| time/              |          |
|    episodes        | 4        |
|    fps             | 0        |
|    time_elapsed    | 154      |
|    total_timesteps | 151      |
---------------------------------
---------------------------------
| rollout/           |          |
|    ep_len_mean     | 37.6     |
|    ep_rew_mean     | -32.4    |
| time/              |          |
|    episodes        | 8        |
|    fps             | 0        |
|    time_elapsed    | 304      |
|    total_timesteps | 301      |
---------------------------------
---------------------------------
| rollout/           |          |
|    ep_len_mean     | 44.7     |
|    ep_rew_mean     | -29.9    |
| time/              |          |
|    episodes        | 12       |
|    fps             | 1        |
|    time_elapsed    | 531      |
|    total_timesteps | 536      |
---------------------------------
---------------------------------
| rollout/           |          |
|    ep_len_mean     | 41.6     |
|    ep_rew_mean     | -29.5    |
| time/              |          |
|    episodes        | 16       |
|    fps             | 1        |
|    time_elapsed    | 654      |
|    total_timesteps | 665      |
---------------------------------
---------------------------------
| rollout/           |          |
|    ep_len_mean     | 40.4     |
|    ep_rew_mean     | -28.7    |
| time/              |          |
|    episodes        | 20       |
|    fps             | 1        |
|    time_elapsed    | 792      |
|    total_timesteps | 808      |
---------------------------------
---------------------------------
| rollout/           |          |
|    ep_len_mean     | 45       |
|    ep_rew_mean     | -29.2    |
| time/              |          |
|    episodes        | 24       |
|    fps             | 1        |
|    time_elapsed    | 1049     |
|    total_timesteps | 1079     |
---------------------------------
---------------------------------
| rollout/           |          |
|    ep_len_mean     | 45.6     |
|    ep_rew_mean     | -28.4    |
| time/              |          |
|    episodes        | 28       |
|    fps             | 1        |
|    time_elapsed    | 1241     |
|    total_timesteps | 1278     |
---------------------------------
---------------------------------
| rollout/           |          |
|    ep_len_mean     | 43.1     |
|    ep_rew_mean     | -27.8    |
| time/              |          |
|    episodes        | 32       |
|    fps             | 1        |
|    time_elapsed    | 1338     |
|    total_timesteps | 1380     |
---------------------------------
---------------------------------
| rollout/           |          |
|    ep_len_mean     | 45.1     |
|    ep_rew_mean     | -28      |
| time/              |          |
|    episodes        | 36       |
|    fps             | 1        |
|    time_elapsed    | 1575     |
|    total_timesteps | 1624     |
---------------------------------
---------------------------------
| rollout/           |          |
|    ep_len_mean     | 45.4     |
|    ep_rew_mean     | -29.4    |
| time/              |          |
|    episodes        | 40       |
|    fps             | 1        |
|    time_elapsed    | 1761     |
|    total_timesteps | 1817     |
---------------------------------
---------------------------------
| rollout/           |          |
|    ep_len_mean     | 44       |
|    ep_rew_mean     | -29.3    |
| time/              |          |
|    episodes        | 44       |
|    fps             | 1        |
|    time_elapsed    | 1878     |
|    total_timesteps | 1938     |
---------------------------------
---------------------------------
| rollout/           |          |
|    ep_len_mean     | 45.1     |
|    ep_rew_mean     | -29.1    |
| time/              |          |
|    episodes        | 48       |
|    fps             | 1        |
|    time_elapsed    | 2129     |
|    total_timesteps | 2166     |
| train/             |          |
|    actor_loss      | 0.432    |
|    critic_loss     | 15.9     |
|    ent_coef        | 0.005    |
|    learning_rate   | 0.0001   |
|    n_updates       | 165      |
---------------------------------
---------------------------------
| rollout/           |          |
|    ep_len_mean     | 44.8     |
|    ep_rew_mean     | -28.6    |
| time/              |          |
|    episodes        | 52       |
|    fps             | 1        |
|    time_elapsed    | 2319     |
|    total_timesteps | 2332     |
| train/             |          |
|    actor_loss      | 0.567    |
|    critic_loss     | 8.16     |
|    ent_coef        | 0.005    |
|    learning_rate   | 0.0001   |
|    n_updates       | 331      |
---------------------------------
---------------------------------
| rollout/           |          |
|    ep_len_mean     | 44.5     |
|    ep_rew_mean     | -28.4    |
| time/              |          |
|    episodes        | 56       |
|    fps             | 0        |
|    time_elapsed    | 2496     |
|    total_timesteps | 2490     |
| train/             |          |
|    actor_loss      | 0.686    |
|    critic_loss     | 7.89     |
|    ent_coef        | 0.005    |
|    learning_rate   | 0.0001   |
|    n_updates       | 489      |
---------------------------------
---------------------------------
| rollout/           |          |
|    ep_len_mean     | 43       |
|    ep_rew_mean     | -28.3    |
| time/              |          |
|    episodes        | 60       |
|    fps             | 0        |
|    time_elapsed    | 2598     |
|    total_timesteps | 2579     |
| train/             |          |
|    actor_loss      | 0.57     |
|    critic_loss     | 5.8      |
|    ent_coef        | 0.005    |
|    learning_rate   | 0.0001   |
|    n_updates       | 578      |
---------------------------------
---------------------------------
| rollout/           |          |
|    ep_len_mean     | 46       |
|    ep_rew_mean     | -27.3    |
| time/              |          |
|    episodes        | 64       |
|    fps             | 0        |
|    time_elapsed    | 3016     |
|    total_timesteps | 2944     |
| train/             |          |
|    actor_loss      | 1.12     |
|    critic_loss     | 1.71     |
|    ent_coef        | 0.005    |
|    learning_rate   | 0.0001   |
|    n_updates       | 943      |
---------------------------------
---------------------------------
| rollout/           |          |
|    ep_len_mean     | 46.6     |
|    ep_rew_mean     | -27.7    |
| time/              |          |
|    episodes        | 68       |
|    fps             | 0        |
|    time_elapsed    | 3268     |
|    total_timesteps | 3168     |
| train/             |          |
|    actor_loss      | 0.988    |
|    critic_loss     | 0.667    |
|    ent_coef        | 0.005    |
|    learning_rate   | 0.0001   |
|    n_updates       | 1167     |
---------------------------------
---------------------------------
| rollout/           |          |
|    ep_len_mean     | 46.1     |
|    ep_rew_mean     | -27.7    |
| time/              |          |
|    episodes        | 72       |
|    fps             | 0        |
|    time_elapsed    | 3440     |
|    total_timesteps | 3320     |
| train/             |          |
|    actor_loss      | 0.965    |
|    critic_loss     | 4.03     |
|    ent_coef        | 0.005    |
|    learning_rate   | 0.0001   |
|    n_updates       | 1319     |
---------------------------------
---------------------------------
| rollout/           |          |
|    ep_len_mean     | 46.5     |
|    ep_rew_mean     | -28.4    |
| time/              |          |
|    episodes        | 76       |
|    fps             | 0        |
|    time_elapsed    | 3685     |
|    total_timesteps | 3535     |
| train/             |          |
|    actor_loss      | 1.31     |
|    critic_loss     | 4.07     |
|    ent_coef        | 0.005    |
|    learning_rate   | 0.0001   |
|    n_updates       | 1534     |
---------------------------------
---------------------------------
| rollout/           |          |
|    ep_len_mean     | 46.7     |
|    ep_rew_mean     | -28.1    |
| time/              |          |
|    episodes        | 80       |
|    fps             | 0        |
|    time_elapsed    | 3917     |
|    total_timesteps | 3738     |
| train/             |          |
|    actor_loss      | 1.17     |
|    critic_loss     | 0.571    |
|    ent_coef        | 0.005    |
|    learning_rate   | 0.0001   |
|    n_updates       | 1737     |
---------------------------------
---------------------------------
| rollout/           |          |
|    ep_len_mean     | 46.4     |
|    ep_rew_mean     | -28      |
| time/              |          |
|    episodes        | 84       |
|    fps             | 0        |
|    time_elapsed    | 4094     |
|    total_timesteps | 3894     |
| train/             |          |
|    actor_loss      | 1.08     |
|    critic_loss     | 0.494    |
|    ent_coef        | 0.005    |
|    learning_rate   | 0.0001   |
|    n_updates       | 1893     |
---------------------------------
---------------------------------
| rollout/           |          |
|    ep_len_mean     | 48.2     |
|    ep_rew_mean     | -30      |
| time/              |          |
|    episodes        | 88       |
|    fps             | 0        |
|    time_elapsed    | 4505     |
|    total_timesteps | 4246     |
| train/             |          |
|    actor_loss      | 1.33     |
|    critic_loss     | 2.58     |
|    ent_coef        | 0.005    |
|    learning_rate   | 0.0001   |
|    n_updates       | 2245     |
---------------------------------
---------------------------------
| rollout/           |          |
|    ep_len_mean     | 47.6     |
|    ep_rew_mean     | -29.8    |
| time/              |          |
|    episodes        | 92       |
|    fps             | 0        |
|    time_elapsed    | 4654     |
|    total_timesteps | 4379     |
| train/             |          |
|    actor_loss      | 0.988    |
|    critic_loss     | 4.82     |
|    ent_coef        | 0.005    |
|    learning_rate   | 0.0001   |
|    n_updates       | 2378     |
---------------------------------
---------------------------------
| rollout/           |          |
|    ep_len_mean     | 46.8     |
|    ep_rew_mean     | -29.6    |
| time/              |          |
|    episodes        | 96       |
|    fps             | 0        |
|    time_elapsed    | 4782     |
|    total_timesteps | 4495     |
| train/             |          |
|    actor_loss      | 1.43     |
|    critic_loss     | 0.614    |
|    ent_coef        | 0.005    |
|    learning_rate   | 0.0001   |
|    n_updates       | 2494     |
---------------------------------
---------------------------------
| rollout/           |          |
|    ep_len_mean     | 46.8     |
|    ep_rew_mean     | -29.8    |
| time/              |          |
|    episodes        | 100      |
|    fps             | 0        |
|    time_elapsed    | 4985     |
|    total_timesteps | 4679     |
| train/             |          |
|    actor_loss      | 1.64     |
|    critic_loss     | 1.6      |
|    ent_coef        | 0.005    |
|    learning_rate   | 0.0001   |
|    n_updates       | 2678     |
---------------------------------
---------------------------------
| rollout/           |          |
|    ep_len_mean     | 46.6     |
|    ep_rew_mean     | -29.4    |
| time/              |          |
|    episodes        | 104      |
|    fps             | 0        |
|    time_elapsed    | 5135     |
|    total_timesteps | 4815     |
| train/             |          |
|    actor_loss      | 1.59     |
|    critic_loss     | 2.72     |
|    ent_coef        | 0.005    |
|    learning_rate   | 0.0001   |
|    n_updates       | 2814     |
---------------------------------
---------------------------------
| rollout/           |          |
|    ep_len_mean     | 47.8     |
|    ep_rew_mean     | -29.2    |
| time/              |          |
|    episodes        | 108      |
|    fps             | 0        |
|    time_elapsed    | 5434     |
|    total_timesteps | 5077     |
| train/             |          |
|    actor_loss      | 1.43     |
|    critic_loss     | 3.49     |
|    ent_coef        | 0.005    |
|    learning_rate   | 0.0001   |
|    n_updates       | 3076     |
---------------------------------
---------------------------------
| rollout/           |          |
|    ep_len_mean     | 47.6     |
|    ep_rew_mean     | -29.1    |
| time/              |          |
|    episodes        | 112      |
|    fps             | 0        |
|    time_elapsed    | 5677     |
|    total_timesteps | 5292     |
| train/             |          |
|    actor_loss      | 1.55     |
|    critic_loss     | 0.656    |
|    ent_coef        | 0.005    |
|    learning_rate   | 0.0001   |
|    n_updates       | 3291     |
---------------------------------
---------------------------------
| rollout/           |          |
|    ep_len_mean     | 48.9     |
|    ep_rew_mean     | -31      |
| time/              |          |
|    episodes        | 116      |
|    fps             | 0        |
|    time_elapsed    | 5982     |
|    total_timesteps | 5557     |
| train/             |          |
|    actor_loss      | 2.36     |
|    critic_loss     | 1.9      |
|    ent_coef        | 0.005    |
|    learning_rate   | 0.0001   |
|    n_updates       | 3556     |
---------------------------------
---------------------------------
| rollout/           |          |
|    ep_len_mean     | 49.4     |
|    ep_rew_mean     | -31.1    |
| time/              |          |
|    episodes        | 120      |
|    fps             | 0        |
|    time_elapsed    | 6201     |
|    total_timesteps | 5751     |
| train/             |          |
|    actor_loss      | 1.48     |
|    critic_loss     | 1.91     |
|    ent_coef        | 0.005    |
|    learning_rate   | 0.0001   |
|    n_updates       | 3750     |
---------------------------------
---------------------------------
| rollout/           |          |
|    ep_len_mean     | 48.6     |
|    ep_rew_mean     | -30.8    |
| time/              |          |
|    episodes        | 124      |
|    fps             | 0        |
|    time_elapsed    | 6421     |
|    total_timesteps | 5942     |
| train/             |          |
|    actor_loss      | 1.92     |
|    critic_loss     | 1.76     |
|    ent_coef        | 0.005    |
|    learning_rate   | 0.0001   |
|    n_updates       | 3941     |
---------------------------------
---------------------------------
| rollout/           |          |
|    ep_len_mean     | 48.2     |
|    ep_rew_mean     | -31.2    |
| time/              |          |
|    episodes        | 128      |
|    fps             | 0        |
|    time_elapsed    | 6592     |
|    total_timesteps | 6096     |
| train/             |          |
|    actor_loss      | 1.96     |
|    critic_loss     | 1.04     |
|    ent_coef        | 0.005    |
|    learning_rate   | 0.0001   |
|    n_updates       | 4095     |
---------------------------------
---------------------------------
| rollout/           |          |
|    ep_len_mean     | 49       |
|    ep_rew_mean     | -31.1    |
| time/              |          |
|    episodes        | 132      |
|    fps             | 0        |
|    time_elapsed    | 6801     |
|    total_timesteps | 6280     |
| train/             |          |
|    actor_loss      | 2.22     |
|    critic_loss     | 3.12     |
|    ent_coef        | 0.005    |
|    learning_rate   | 0.0001   |
|    n_updates       | 4279     |
---------------------------------
---------------------------------
| rollout/           |          |
|    ep_len_mean     | 49.2     |
|    ep_rew_mean     | -30.8    |
| time/              |          |
|    episodes        | 136      |
|    fps             | 0        |
|    time_elapsed    | 7108     |
|    total_timesteps | 6548     |
| train/             |          |
|    actor_loss      | 2.2      |
|    critic_loss     | 0.875    |
|    ent_coef        | 0.005    |
|    learning_rate   | 0.0001   |
|    n_updates       | 4547     |
---------------------------------
---------------------------------
| rollout/           |          |
|    ep_len_mean     | 49       |
|    ep_rew_mean     | -30.6    |
| time/              |          |
|    episodes        | 140      |
|    fps             | 0        |
|    time_elapsed    | 7295     |
|    total_timesteps | 6715     |
| train/             |          |
|    actor_loss      | 2.01     |
|    critic_loss     | 1.63     |
|    ent_coef        | 0.005    |
|    learning_rate   | 0.0001   |
|    n_updates       | 4714     |
---------------------------------
---------------------------------
| rollout/           |          |
|    ep_len_mean     | 49       |
|    ep_rew_mean     | -30.4    |
| time/              |          |
|    episodes        | 144      |
|    fps             | 0        |
|    time_elapsed    | 7436     |
|    total_timesteps | 6840     |
| train/             |          |
|    actor_loss      | 2.19     |
|    critic_loss     | 1.16     |
|    ent_coef        | 0.005    |
|    learning_rate   | 0.0001   |
|    n_updates       | 4839     |
---------------------------------
---------------------------------
| rollout/           |          |
|    ep_len_mean     | 48.9     |
|    ep_rew_mean     | -30.4    |
| time/              |          |
|    episodes        | 148      |
|    fps             | 0        |
|    time_elapsed    | 7686     |
|    total_timesteps | 7059     |
| train/             |          |
|    actor_loss      | 2.31     |
|    critic_loss     | 0.917    |
|    ent_coef        | 0.005    |
|    learning_rate   | 0.0001   |
|    n_updates       | 5058     |
---------------------------------
---------------------------------
| rollout/           |          |
|    ep_len_mean     | 48.6     |
|    ep_rew_mean     | -30.8    |
| time/              |          |
|    episodes        | 152      |
|    fps             | 0        |
|    time_elapsed    | 7833     |
|    total_timesteps | 7192     |
| train/             |          |
|    actor_loss      | 2.42     |
|    critic_loss     | 1.31     |
|    ent_coef        | 0.005    |
|    learning_rate   | 0.0001   |
|    n_updates       | 5191     |
---------------------------------
---------------------------------
| rollout/           |          |
|    ep_len_mean     | 48.9     |
|    ep_rew_mean     | -31      |
| time/              |          |
|    episodes        | 156      |
|    fps             | 0        |
|    time_elapsed    | 8040     |
|    total_timesteps | 7377     |
| train/             |          |
|    actor_loss      | 2.46     |
|    critic_loss     | 2.14     |
|    ent_coef        | 0.005    |
|    learning_rate   | 0.0001   |
|    n_updates       | 5376     |
---------------------------------
---------------------------------
| rollout/           |          |
|    ep_len_mean     | 50.1     |
|    ep_rew_mean     | -30.9    |
| time/              |          |
|    episodes        | 160      |
|    fps             | 0        |
|    time_elapsed    | 8286     |
|    total_timesteps | 7592     |
| train/             |          |
|    actor_loss      | 2.21     |
|    critic_loss     | 0.557    |
|    ent_coef        | 0.005    |
|    learning_rate   | 0.0001   |
|    n_updates       | 5591     |
---------------------------------
---------------------------------
| rollout/           |          |
|    ep_len_mean     | 47.6     |
|    ep_rew_mean     | -31.3    |
| time/              |          |
|    episodes        | 164      |
|    fps             | 0        |
|    time_elapsed    | 8416     |
|    total_timesteps | 7707     |
| train/             |          |
|    actor_loss      | 2.24     |
|    critic_loss     | 1.03     |
|    ent_coef        | 0.005    |
|    learning_rate   | 0.0001   |
|    n_updates       | 5706     |
---------------------------------
---------------------------------
| rollout/           |          |
|    ep_len_mean     | 47.2     |
|    ep_rew_mean     | -31.1    |
| time/              |          |
|    episodes        | 168      |
|    fps             | 0        |
|    time_elapsed    | 8622     |
|    total_timesteps | 7890     |
| train/             |          |
|    actor_loss      | 2.66     |
|    critic_loss     | 1.79     |
|    ent_coef        | 0.005    |
|    learning_rate   | 0.0001   |
|    n_updates       | 5889     |
---------------------------------
---------------------------------
| rollout/           |          |
|    ep_len_mean     | 47.7     |
|    ep_rew_mean     | -31.2    |
| time/              |          |
|    episodes        | 172      |
|    fps             | 0        |
|    time_elapsed    | 8852     |
|    total_timesteps | 8092     |
| train/             |          |
|    actor_loss      | 2.33     |
|    critic_loss     | 1.35     |
|    ent_coef        | 0.005    |
|    learning_rate   | 0.0001   |
|    n_updates       | 6091     |
---------------------------------
---------------------------------
| rollout/           |          |
|    ep_len_mean     | 48.2     |
|    ep_rew_mean     | -30.6    |
| time/              |          |
|    episodes        | 176      |
|    fps             | 0        |
|    time_elapsed    | 9141     |
|    total_timesteps | 8352     |
| train/             |          |
|    actor_loss      | 2.43     |
|    critic_loss     | 2.57     |
|    ent_coef        | 0.005    |
|    learning_rate   | 0.0001   |
|    n_updates       | 6351     |
---------------------------------
---------------------------------
| rollout/           |          |
|    ep_len_mean     | 47.6     |
|    ep_rew_mean     | -30.8    |
| time/              |          |
|    episodes        | 180      |
|    fps             | 0        |
|    time_elapsed    | 9302     |
|    total_timesteps | 8500     |
| train/             |          |
|    actor_loss      | 2.24     |
|    critic_loss     | 0.653    |
|    ent_coef        | 0.005    |
|    learning_rate   | 0.0001   |
|    n_updates       | 6499     |
---------------------------------
---------------------------------
| rollout/           |          |
|    ep_len_mean     | 48.3     |
|    ep_rew_mean     | -31.5    |
| time/              |          |
|    episodes        | 184      |
|    fps             | 0        |
|    time_elapsed    | 9541     |
|    total_timesteps | 8721     |
| train/             |          |
|    actor_loss      | 2.16     |
|    critic_loss     | 2.3      |
|    ent_coef        | 0.005    |
|    learning_rate   | 0.0001   |
|    n_updates       | 6720     |
---------------------------------
---------------------------------
| rollout/           |          |
|    ep_len_mean     | 47.2     |
|    ep_rew_mean     | -29.6    |
| time/              |          |
|    episodes        | 188      |
|    fps             | 0        |
|    time_elapsed    | 9824     |
|    total_timesteps | 8969     |
| train/             |          |
|    actor_loss      | 2.73     |
|    critic_loss     | 2.96     |
|    ent_coef        | 0.005    |
|    learning_rate   | 0.0001   |
|    n_updates       | 6968     |
---------------------------------
---------------------------------
| rollout/           |          |
|    ep_len_mean     | 47.5     |
|    ep_rew_mean     | -29.4    |
| time/              |          |
|    episodes        | 192      |
|    fps             | 0        |
|    time_elapsed    | 10009    |
|    total_timesteps | 9134     |
| train/             |          |
|    actor_loss      | 2.41     |
|    critic_loss     | 1.06     |
|    ent_coef        | 0.005    |
|    learning_rate   | 0.0001   |
|    n_updates       | 7133     |
---------------------------------
---------------------------------
| rollout/           |          |
|    ep_len_mean     | 48.2     |
|    ep_rew_mean     | -29.4    |
| time/              |          |
|    episodes        | 196      |
|    fps             | 0        |
|    time_elapsed    | 10210    |
|    total_timesteps | 9311     |
| train/             |          |
|    actor_loss      | 2.35     |
|    critic_loss     | 1.19     |
|    ent_coef        | 0.005    |
|    learning_rate   | 0.0001   |
|    n_updates       | 7310     |
---------------------------------
---------------------------------
| rollout/           |          |
|    ep_len_mean     | 47.7     |
|    ep_rew_mean     | -29.4    |
| time/              |          |
|    episodes        | 200      |
|    fps             | 0        |
|    time_elapsed    | 10359    |
|    total_timesteps | 9445     |
| train/             |          |
|    actor_loss      | 2.57     |
|    critic_loss     | 2.94     |
|    ent_coef        | 0.005    |
|    learning_rate   | 0.0001   |
|    n_updates       | 7444     |
---------------------------------
---------------------------------
| rollout/           |          |
|    ep_len_mean     | 48.5     |
|    ep_rew_mean     | -29.4    |
| time/              |          |
|    episodes        | 204      |
|    fps             | 0        |
|    time_elapsed    | 10601    |
|    total_timesteps | 9660     |
| train/             |          |
|    actor_loss      | 2.32     |
|    critic_loss     | 1.07     |
|    ent_coef        | 0.005    |
|    learning_rate   | 0.0001   |
|    n_updates       | 7659     |
---------------------------------
---------------------------------
| rollout/           |          |
|    ep_len_mean     | 50.2     |
|    ep_rew_mean     | -29.4    |
| time/              |          |
|    episodes        | 208      |
|    fps             | 0        |
|    time_elapsed    | 11115    |
|    total_timesteps | 10099    |
| train/             |          |
|    actor_loss      | 3.5      |
|    critic_loss     | 3.74     |
|    ent_coef        | 0.005    |
|    learning_rate   | 0.0001   |
|    n_updates       | 8098     |
---------------------------------
---------------------------------
| rollout/           |          |
|    ep_len_mean     | 49.7     |
|    ep_rew_mean     | -29.3    |
| time/              |          |
|    episodes        | 212      |
|    fps             | 0        |
|    time_elapsed    | 11300    |
|    total_timesteps | 10259    |
| train/             |          |
|    actor_loss      | 2.58     |
|    critic_loss     | 1.71     |
|    ent_coef        | 0.005    |
|    learning_rate   | 0.0001   |
|    n_updates       | 8258     |
---------------------------------
---------------------------------
| rollout/           |          |
|    ep_len_mean     | 48.7     |
|    ep_rew_mean     | -27.4    |
| time/              |          |
|    episodes        | 216      |
|    fps             | 0        |
|    time_elapsed    | 11492    |
|    total_timesteps | 10426    |
| train/             |          |
|    actor_loss      | 2.89     |
|    critic_loss     | 2.52     |
|    ent_coef        | 0.005    |
|    learning_rate   | 0.0001   |
|    n_updates       | 8425     |
---------------------------------
---------------------------------
| rollout/           |          |
|    ep_len_mean     | 48.3     |
|    ep_rew_mean     | -27.7    |
| time/              |          |
|    episodes        | 220      |
|    fps             | 0        |
|    time_elapsed    | 11660    |
|    total_timesteps | 10579    |
| train/             |          |
|    actor_loss      | 2.71     |
|    critic_loss     | 1.62     |
|    ent_coef        | 0.005    |
|    learning_rate   | 0.0001   |
|    n_updates       | 8578     |
---------------------------------
---------------------------------
| rollout/           |          |
|    ep_len_mean     | 49.8     |
|    ep_rew_mean     | -30.8    |
| time/              |          |
|    episodes        | 224      |
|    fps             | 0        |
|    time_elapsed    | 12061    |
|    total_timesteps | 10922    |
| train/             |          |
|    actor_loss      | 2.71     |
|    critic_loss     | 1.66     |
|    ent_coef        | 0.005    |
|    learning_rate   | 0.0001   |
|    n_updates       | 8921     |
---------------------------------
---------------------------------
| rollout/           |          |
|    ep_len_mean     | 50.2     |
|    ep_rew_mean     | -30.3    |
| time/              |          |
|    episodes        | 228      |
|    fps             | 0        |
|    time_elapsed    | 12283    |
|    total_timesteps | 11113    |
| train/             |          |
|    actor_loss      | 2.39     |
|    critic_loss     | 0.706    |
|    ent_coef        | 0.005    |
|    learning_rate   | 0.0001   |
|    n_updates       | 9112     |
---------------------------------
---------------------------------
| rollout/           |          |
|    ep_len_mean     | 50.8     |
|    ep_rew_mean     | -30.5    |
| time/              |          |
|    episodes        | 232      |
|    fps             | 0        |
|    time_elapsed    | 12568    |
|    total_timesteps | 11362    |
| train/             |          |
|    actor_loss      | 3.69     |
|    critic_loss     | 1.36     |
|    ent_coef        | 0.005    |
|    learning_rate   | 0.0001   |
|    n_updates       | 9361     |
---------------------------------
---------------------------------
| rollout/           |          |
|    ep_len_mean     | 51.3     |
|    ep_rew_mean     | -30.8    |
| time/              |          |
|    episodes        | 236      |
|    fps             | 0        |
|    time_elapsed    | 12932    |
|    total_timesteps | 11680    |
| train/             |          |
|    actor_loss      | 3.05     |
|    critic_loss     | 1.89     |
|    ent_coef        | 0.005    |
|    learning_rate   | 0.0001   |
|    n_updates       | 9679     |
---------------------------------
---------------------------------
| rollout/           |          |
|    ep_len_mean     | 52.6     |
|    ep_rew_mean     | -29.9    |
| time/              |          |
|    episodes        | 240      |
|    fps             | 0        |
|    time_elapsed    | 13273    |
|    total_timesteps | 11974    |
| train/             |          |
|    actor_loss      | 2.99     |
|    critic_loss     | 0.668    |
|    ent_coef        | 0.005    |
|    learning_rate   | 0.0001   |
|    n_updates       | 9973     |
---------------------------------
---------------------------------
| rollout/           |          |
|    ep_len_mean     | 54.3     |
|    ep_rew_mean     | -30      |
| time/              |          |
|    episodes        | 244      |
|    fps             | 0        |
|    time_elapsed    | 13610    |
|    total_timesteps | 12266    |
| train/             |          |
|    actor_loss      | 2.55     |
|    critic_loss     | 1.77     |
|    ent_coef        | 0.005    |
|    learning_rate   | 0.0001   |
|    n_updates       | 10265    |
---------------------------------
---------------------------------
| rollout/           |          |
|    ep_len_mean     | 53.8     |
|    ep_rew_mean     | -29.8    |
| time/              |          |
|    episodes        | 248      |
|    fps             | 0        |
|    time_elapsed    | 13802    |
|    total_timesteps | 12439    |
| train/             |          |
|    actor_loss      | 3.44     |
|    critic_loss     | 1.67     |
|    ent_coef        | 0.005    |
|    learning_rate   | 0.0001   |
|    n_updates       | 10438    |
---------------------------------
---------------------------------
| rollout/           |          |
|    ep_len_mean     | 55.2     |
|    ep_rew_mean     | -29.6    |
| time/              |          |
|    episodes        | 252      |
|    fps             | 0        |
|    time_elapsed    | 14109    |
|    total_timesteps | 12708    |
| train/             |          |
|    actor_loss      | 2.62     |
|    critic_loss     | 2.02     |
|    ent_coef        | 0.005    |
|    learning_rate   | 0.0001   |
|    n_updates       | 10707    |
---------------------------------
---------------------------------
| rollout/           |          |
|    ep_len_mean     | 57.3     |
|    ep_rew_mean     | -29      |
| time/              |          |
|    episodes        | 256      |
|    fps             | 0        |
|    time_elapsed    | 14571    |
|    total_timesteps | 13105    |
| train/             |          |
|    actor_loss      | 2.58     |
|    critic_loss     | 0.603    |
|    ent_coef        | 0.005    |
|    learning_rate   | 0.0001   |
|    n_updates       | 11104    |
---------------------------------
---------------------------------
| rollout/           |          |
|    ep_len_mean     | 58.7     |
|    ep_rew_mean     | -29.2    |
| time/              |          |
|    episodes        | 260      |
|    fps             | 0        |
|    time_elapsed    | 14989    |
|    total_timesteps | 13462    |
| train/             |          |
|    actor_loss      | 2.91     |
|    critic_loss     | 2.13     |
|    ent_coef        | 0.005    |
|    learning_rate   | 0.0001   |
|    n_updates       | 11461    |
---------------------------------
---------------------------------
| rollout/           |          |
|    ep_len_mean     | 60       |
|    ep_rew_mean     | -28.9    |
| time/              |          |
|    episodes        | 264      |
|    fps             | 0        |
|    time_elapsed    | 15273    |
|    total_timesteps | 13708    |
| train/             |          |
|    actor_loss      | 2.95     |
|    critic_loss     | 1.46     |
|    ent_coef        | 0.005    |
|    learning_rate   | 0.0001   |
|    n_updates       | 11707    |
---------------------------------
---------------------------------
| rollout/           |          |
|    ep_len_mean     | 62.7     |
|    ep_rew_mean     | -29      |
| time/              |          |
|    episodes        | 268      |
|    fps             | 0        |
|    time_elapsed    | 15785    |
|    total_timesteps | 14160    |
| train/             |          |
|    actor_loss      | 3.34     |
|    critic_loss     | 1.87     |
|    ent_coef        | 0.005    |
|    learning_rate   | 0.0001   |
|    n_updates       | 12159    |
---------------------------------
---------------------------------
| rollout/           |          |
|    ep_len_mean     | 62.3     |
|    ep_rew_mean     | -28.9    |
| time/              |          |
|    episodes        | 272      |
|    fps             | 0        |
|    time_elapsed    | 15968    |
|    total_timesteps | 14320    |
| train/             |          |
|    actor_loss      | 3.18     |
|    critic_loss     | 1.65     |
|    ent_coef        | 0.005    |
|    learning_rate   | 0.0001   |
|    n_updates       | 12319    |
---------------------------------
---------------------------------
| rollout/           |          |
|    ep_len_mean     | 63.4     |
|    ep_rew_mean     | -28.4    |
| time/              |          |
|    episodes        | 276      |
|    fps             | 0        |
|    time_elapsed    | 16393    |
|    total_timesteps | 14688    |
| train/             |          |
|    actor_loss      | 2.66     |
|    critic_loss     | 1.07     |
|    ent_coef        | 0.005    |
|    learning_rate   | 0.0001   |
|    n_updates       | 12687    |
---------------------------------
---------------------------------
| rollout/           |          |
|    ep_len_mean     | 63       |
|    ep_rew_mean     | -28.5    |
| time/              |          |
|    episodes        | 280      |
|    fps             | 0        |
|    time_elapsed    | 16515    |
|    total_timesteps | 14797    |
| train/             |          |
|    actor_loss      | 3.14     |
|    critic_loss     | 1.3      |
|    ent_coef        | 0.005    |
|    learning_rate   | 0.0001   |
|    n_updates       | 12796    |
---------------------------------
---------------------------------
| rollout/           |          |
|    ep_len_mean     | 62.2     |
|    ep_rew_mean     | -28      |
| time/              |          |
|    episodes        | 284      |
|    fps             | 0        |
|    time_elapsed    | 16677    |
|    total_timesteps | 14940    |
| train/             |          |
|    actor_loss      | 2.86     |
|    critic_loss     | 0.954    |
|    ent_coef        | 0.005    |
|    learning_rate   | 0.0001   |
|    n_updates       | 12939    |
---------------------------------
---------------------------------
| rollout/           |          |
|    ep_len_mean     | 62.4     |
|    ep_rew_mean     | -28.2    |
| time/              |          |
|    episodes        | 288      |
|    fps             | 0        |
|    time_elapsed    | 16986    |
|    total_timesteps | 15207    |
| train/             |          |
|    actor_loss      | 3.71     |
|    critic_loss     | 1.19     |
|    ent_coef        | 0.005    |
|    learning_rate   | 0.0001   |
|    n_updates       | 13206    |
---------------------------------
---------------------------------
| rollout/           |          |
|    ep_len_mean     | 62.2     |
|    ep_rew_mean     | -28.2    |
| time/              |          |
|    episodes        | 292      |
|    fps             | 0        |
|    time_elapsed    | 17159    |
|    total_timesteps | 15359    |
| train/             |          |
|    actor_loss      | 3.08     |
|    critic_loss     | 1.82     |
|    ent_coef        | 0.005    |
|    learning_rate   | 0.0001   |
|    n_updates       | 13358    |
---------------------------------
---------------------------------
| rollout/           |          |
|    ep_len_mean     | 62.6     |
|    ep_rew_mean     | -28.4    |
| time/              |          |
|    episodes        | 296      |
|    fps             | 0        |
|    time_elapsed    | 17397    |
|    total_timesteps | 15567    |
| train/             |          |
|    actor_loss      | 3.3      |
|    critic_loss     | 0.947    |
|    ent_coef        | 0.005    |
|    learning_rate   | 0.0001   |
|    n_updates       | 13566    |
---------------------------------
---------------------------------
| rollout/           |          |
|    ep_len_mean     | 62.9     |
|    ep_rew_mean     | -27.8    |
| time/              |          |
|    episodes        | 300      |
|    fps             | 0        |
|    time_elapsed    | 17591    |
|    total_timesteps | 15737    |
| train/             |          |
|    actor_loss      | 3.61     |
|    critic_loss     | 0.571    |
|    ent_coef        | 0.005    |
|    learning_rate   | 0.0001   |
|    n_updates       | 13736    |
---------------------------------
---------------------------------
| rollout/           |          |
|    ep_len_mean     | 62.5     |
|    ep_rew_mean     | -28.1    |
| time/              |          |
|    episodes        | 304      |
|    fps             | 0        |
|    time_elapsed    | 17787    |
|    total_timesteps | 15911    |
| train/             |          |
|    actor_loss      | 3.14     |
|    critic_loss     | 1.23     |
|    ent_coef        | 0.005    |
|    learning_rate   | 0.0001   |
|    n_updates       | 13910    |
---------------------------------
---------------------------------
| rollout/           |          |
|    ep_len_mean     | 60.5     |
|    ep_rew_mean     | -28.3    |
| time/              |          |
|    episodes        | 308      |
|    fps             | 0        |
|    time_elapsed    | 18054    |
|    total_timesteps | 16146    |
| train/             |          |
|    actor_loss      | 2.88     |
|    critic_loss     | 0.662    |
|    ent_coef        | 0.005    |
|    learning_rate   | 0.0001   |
|    n_updates       | 14145    |
---------------------------------
---------------------------------
| rollout/           |          |
|    ep_len_mean     | 61.5     |
|    ep_rew_mean     | -28.6    |
| time/              |          |
|    episodes        | 312      |
|    fps             | 0        |
|    time_elapsed    | 18354    |
|    total_timesteps | 16406    |
| train/             |          |
|    actor_loss      | 3.23     |
|    critic_loss     | 1.39     |
|    ent_coef        | 0.005    |
|    learning_rate   | 0.0001   |
|    n_updates       | 14405    |
---------------------------------
---------------------------------
| rollout/           |          |
|    ep_len_mean     | 61.8     |
|    ep_rew_mean     | -28.4    |
| time/              |          |
|    episodes        | 316      |
|    fps             | 0        |
|    time_elapsed    | 18573    |
|    total_timesteps | 16603    |
| train/             |          |
|    actor_loss      | 3.28     |
|    critic_loss     | 0.524    |
|    ent_coef        | 0.005    |
|    learning_rate   | 0.0001   |
|    n_updates       | 14602    |
---------------------------------
---------------------------------
| rollout/           |          |
|    ep_len_mean     | 63.1     |
|    ep_rew_mean     | -27.7    |
| time/              |          |
|    episodes        | 320      |
|    fps             | 0        |
|    time_elapsed    | 18901    |
|    total_timesteps | 16887    |
| train/             |          |
|    actor_loss      | 3.22     |
|    critic_loss     | 1.7      |
|    ent_coef        | 0.005    |
|    learning_rate   | 0.0001   |
|    n_updates       | 14886    |
---------------------------------
---------------------------------
| rollout/           |          |
|    ep_len_mean     | 64.7     |
|    ep_rew_mean     | -24      |
| time/              |          |
|    episodes        | 324      |
|    fps             | 0        |
|    time_elapsed    | 19484    |
|    total_timesteps | 17391    |
| train/             |          |
|    actor_loss      | 3.3      |
|    critic_loss     | 0.874    |
|    ent_coef        | 0.005    |
|    learning_rate   | 0.0001   |
|    n_updates       | 15390    |
---------------------------------
---------------------------------
| rollout/           |          |
|    ep_len_mean     | 65.3     |
|    ep_rew_mean     | -24.7    |
| time/              |          |
|    episodes        | 328      |
|    fps             | 0        |
|    time_elapsed    | 19773    |
|    total_timesteps | 17642    |
| train/             |          |
|    actor_loss      | 3.37     |
|    critic_loss     | 0.411    |
|    ent_coef        | 0.005    |
|    learning_rate   | 0.0001   |
|    n_updates       | 15641    |
---------------------------------
---------------------------------
| rollout/           |          |
|    ep_len_mean     | 64.4     |
|    ep_rew_mean     | -24.8    |
| time/              |          |
|    episodes        | 332      |
|    fps             | 0        |
|    time_elapsed    | 19957    |
|    total_timesteps | 17806    |
| train/             |          |
|    actor_loss      | 3.5      |
|    critic_loss     | 3.7      |
|    ent_coef        | 0.005    |
|    learning_rate   | 0.0001   |
|    n_updates       | 15805    |
---------------------------------
---------------------------------
| rollout/           |          |
|    ep_len_mean     | 63.2     |
|    ep_rew_mean     | -24.7    |
| time/              |          |
|    episodes        | 336      |
|    fps             | 0        |
|    time_elapsed    | 20179    |
|    total_timesteps | 17997    |
| train/             |          |
|    actor_loss      | 3.92     |
|    critic_loss     | 2.16     |
|    ent_coef        | 0.005    |
|    learning_rate   | 0.0001   |
|    n_updates       | 15996    |
---------------------------------
---------------------------------
| rollout/           |          |
|    ep_len_mean     | 62.8     |
|    ep_rew_mean     | -25.1    |
| time/              |          |
|    episodes        | 340      |
|    fps             | 0        |
|    time_elapsed    | 20469    |
|    total_timesteps | 18249    |
| train/             |          |
|    actor_loss      | 3.35     |
|    critic_loss     | 1.31     |
|    ent_coef        | 0.005    |
|    learning_rate   | 0.0001   |
|    n_updates       | 16248    |
---------------------------------
---------------------------------
| rollout/           |          |
|    ep_len_mean     | 62.8     |
|    ep_rew_mean     | -25.4    |
| time/              |          |
|    episodes        | 344      |
|    fps             | 0        |
|    time_elapsed    | 20813    |
|    total_timesteps | 18544    |
| train/             |          |
|    actor_loss      | 3.12     |
|    critic_loss     | 0.633    |
|    ent_coef        | 0.005    |
|    learning_rate   | 0.0001   |
|    n_updates       | 16543    |
---------------------------------
---------------------------------
| rollout/           |          |
|    ep_len_mean     | 64.6     |
|    ep_rew_mean     | -25.4    |
| time/              |          |
|    episodes        | 348      |
|    fps             | 0        |
|    time_elapsed    | 21219    |
|    total_timesteps | 18897    |
| train/             |          |
|    actor_loss      | 2.62     |
|    critic_loss     | 0.67     |
|    ent_coef        | 0.005    |
|    learning_rate   | 0.0001   |
|    n_updates       | 16896    |
---------------------------------
---------------------------------
| rollout/           |          |
|    ep_len_mean     | 64.3     |
|    ep_rew_mean     | -25      |
| time/              |          |
|    episodes        | 352      |
|    fps             | 0        |
|    time_elapsed    | 21501    |
|    total_timesteps | 19142    |
| train/             |          |
|    actor_loss      | 3.66     |
|    critic_loss     | 0.934    |
|    ent_coef        | 0.005    |
|    learning_rate   | 0.0001   |
|    n_updates       | 17141    |
---------------------------------
---------------------------------
| rollout/           |          |
|    ep_len_mean     | 62.7     |
|    ep_rew_mean     | -25.7    |
| time/              |          |
|    episodes        | 356      |
|    fps             | 0        |
|    time_elapsed    | 21767    |
|    total_timesteps | 19376    |
| train/             |          |
|    actor_loss      | 3.3      |
|    critic_loss     | 1.02     |
|    ent_coef        | 0.005    |
|    learning_rate   | 0.0001   |
|    n_updates       | 17375    |
---------------------------------
---------------------------------
| rollout/           |          |
|    ep_len_mean     | 60.9     |
|    ep_rew_mean     | -25.7    |
| time/              |          |
|    episodes        | 360      |
|    fps             | 0        |
|    time_elapsed    | 21962    |
|    total_timesteps | 19549    |
| train/             |          |
|    actor_loss      | 3.47     |
|    critic_loss     | 2.02     |
|    ent_coef        | 0.005    |
|    learning_rate   | 0.0001   |
|    n_updates       | 17548    |
---------------------------------
---------------------------------
| rollout/           |          |
|    ep_len_mean     | 62.5     |
|    ep_rew_mean     | -25.6    |
| time/              |          |
|    episodes        | 364      |
|    fps             | 0        |
|    time_elapsed    | 22442    |
|    total_timesteps | 19962    |
| train/             |          |
|    actor_loss      | 3.72     |
|    critic_loss     | 0.712    |
|    ent_coef        | 0.005    |
|    learning_rate   | 0.0001   |
|    n_updates       | 17961    |
---------------------------------
---------------------------------
| rollout/           |          |
|    ep_len_mean     | 61.4     |
|    ep_rew_mean     | -25.2    |
| time/              |          |
|    episodes        | 368      |
|    fps             | 0        |
|    time_elapsed    | 22824    |
|    total_timesteps | 20301    |
| train/             |          |
|    actor_loss      | 2.72     |
|    critic_loss     | 1.01     |
|    ent_coef        | 0.005    |
|    learning_rate   | 0.0001   |
|    n_updates       | 18300    |
---------------------------------
---------------------------------
| rollout/           |          |
|    ep_len_mean     | 63       |
|    ep_rew_mean     | -25      |
| time/              |          |
|    episodes        | 372      |
|    fps             | 0        |
|    time_elapsed    | 23198    |
|    total_timesteps | 20625    |
| train/             |          |
|    actor_loss      | 3.73     |
|    critic_loss     | 1.78     |
|    ent_coef        | 0.005    |
|    learning_rate   | 0.0001   |
|    n_updates       | 18624    |
---------------------------------
---------------------------------
| rollout/           |          |
|    ep_len_mean     | 62.8     |
|    ep_rew_mean     | -25      |
| time/              |          |
|    episodes        | 376      |
|    fps             | 0        |
|    time_elapsed    | 23595    |
|    total_timesteps | 20964    |
| train/             |          |
|    actor_loss      | 3.8      |
|    critic_loss     | 0.931    |
|    ent_coef        | 0.005    |
|    learning_rate   | 0.0001   |
|    n_updates       | 18963    |
---------------------------------
---------------------------------
| rollout/           |          |
|    ep_len_mean     | 64.3     |
|    ep_rew_mean     | -24.6    |
| time/              |          |
|    episodes        | 380      |
|    fps             | 0        |
|    time_elapsed    | 23895    |
|    total_timesteps | 21224    |
| train/             |          |
|    actor_loss      | 3.26     |
|    critic_loss     | 0.539    |
|    ent_coef        | 0.005    |
|    learning_rate   | 0.0001   |
|    n_updates       | 19223    |
---------------------------------
---------------------------------
| rollout/           |          |
|    ep_len_mean     | 64       |
|    ep_rew_mean     | -24.6    |
| time/              |          |
|    episodes        | 384      |
|    fps             | 0        |
|    time_elapsed    | 24025    |
|    total_timesteps | 21341    |
| train/             |          |
|    actor_loss      | 3.65     |
|    critic_loss     | 2.11     |
|    ent_coef        | 0.005    |
|    learning_rate   | 0.0001   |
|    n_updates       | 19340    |
---------------------------------
---------------------------------
| rollout/           |          |
|    ep_len_mean     | 62.9     |
|    ep_rew_mean     | -24.6    |
| time/              |          |
|    episodes        | 388      |
|    fps             | 0        |
|    time_elapsed    | 24208    |
|    total_timesteps | 21500    |
| train/             |          |
|    actor_loss      | 3.74     |
|    critic_loss     | 2.34     |
|    ent_coef        | 0.005    |
|    learning_rate   | 0.0001   |
|    n_updates       | 19499    |
---------------------------------
---------------------------------
| rollout/           |          |
|    ep_len_mean     | 64.5     |
|    ep_rew_mean     | -24.5    |
| time/              |          |
|    episodes        | 392      |
|    fps             | 0        |
|    time_elapsed    | 24557    |
|    total_timesteps | 21804    |
| train/             |          |
|    actor_loss      | 3.51     |
|    critic_loss     | 0.484    |
|    ent_coef        | 0.005    |
|    learning_rate   | 0.0001   |
|    n_updates       | 19803    |
---------------------------------
---------------------------------
| rollout/           |          |
|    ep_len_mean     | 66.6     |
|    ep_rew_mean     | -24      |
| time/              |          |
|    episodes        | 396      |
|    fps             | 0        |
|    time_elapsed    | 25047    |
|    total_timesteps | 22225    |
| train/             |          |
|    actor_loss      | 3.63     |
|    critic_loss     | 0.991    |
|    ent_coef        | 0.005    |
|    learning_rate   | 0.0001   |
|    n_updates       | 20224    |
---------------------------------
---------------------------------
| rollout/           |          |
|    ep_len_mean     | 69.3     |
|    ep_rew_mean     | -23.6    |
| time/              |          |
|    episodes        | 400      |
|    fps             | 0        |
|    time_elapsed    | 25564    |
|    total_timesteps | 22665    |
| train/             |          |
|    actor_loss      | 3.41     |
|    critic_loss     | 0.568    |
|    ent_coef        | 0.005    |
|    learning_rate   | 0.0001   |
|    n_updates       | 20664    |
---------------------------------
---------------------------------
| rollout/           |          |
|    ep_len_mean     | 71.5     |
|    ep_rew_mean     | -23      |
| time/              |          |
|    episodes        | 404      |
|    fps             | 0        |
|    time_elapsed    | 26039    |
|    total_timesteps | 23065    |
| train/             |          |
|    actor_loss      | 3.47     |
|    critic_loss     | 0.886    |
|    ent_coef        | 0.005    |
|    learning_rate   | 0.0001   |
|    n_updates       | 21064    |
---------------------------------
---------------------------------
| rollout/           |          |
|    ep_len_mean     | 73       |
|    ep_rew_mean     | -24.1    |
| time/              |          |
|    episodes        | 408      |
|    fps             | 0        |
|    time_elapsed    | 26477    |
|    total_timesteps | 23443    |
| train/             |          |
|    actor_loss      | 3.92     |
|    critic_loss     | 0.608    |
|    ent_coef        | 0.005    |
|    learning_rate   | 0.0001   |
|    n_updates       | 21442    |
---------------------------------
---------------------------------
| rollout/           |          |
|    ep_len_mean     | 72.3     |
|    ep_rew_mean     | -24.1    |
| time/              |          |
|    episodes        | 412      |
|    fps             | 0        |
|    time_elapsed    | 26700    |
|    total_timesteps | 23639    |
| train/             |          |
|    actor_loss      | 3.77     |
|    critic_loss     | 0.644    |
|    ent_coef        | 0.005    |
|    learning_rate   | 0.0001   |
|    n_updates       | 21638    |
---------------------------------
---------------------------------
| rollout/           |          |
|    ep_len_mean     | 72.8     |
|    ep_rew_mean     | -24.1    |
| time/              |          |
|    episodes        | 416      |
|    fps             | 0        |
|    time_elapsed    | 26977    |
|    total_timesteps | 23879    |
| train/             |          |
|    actor_loss      | 3.66     |
|    critic_loss     | 0.819    |
|    ent_coef        | 0.005    |
|    learning_rate   | 0.0001   |
|    n_updates       | 21878    |
---------------------------------
---------------------------------
| rollout/           |          |
|    ep_len_mean     | 73.4     |
|    ep_rew_mean     | -24.2    |
| time/              |          |
|    episodes        | 420      |
|    fps             | 0        |
|    time_elapsed    | 27377    |
|    total_timesteps | 24223    |
| train/             |          |
|    actor_loss      | 3.15     |
|    critic_loss     | 0.836    |
|    ent_coef        | 0.005    |
|    learning_rate   | 0.0001   |
|    n_updates       | 22222    |
---------------------------------
---------------------------------
| rollout/           |          |
|    ep_len_mean     | 72.5     |
|    ep_rew_mean     | -24.7    |
| time/              |          |
|    episodes        | 424      |
|    fps             | 0        |
|    time_elapsed    | 27966    |
|    total_timesteps | 24642    |
| train/             |          |
|    actor_loss      | 3.66     |
|    critic_loss     | 0.746    |
|    ent_coef        | 0.005    |
|    learning_rate   | 0.0001   |
|    n_updates       | 22641    |
---------------------------------
---------------------------------
| rollout/           |          |
|    ep_len_mean     | 75.4     |
|    ep_rew_mean     | -23.3    |
| time/              |          |
|    episodes        | 428      |
|    fps             | 0        |
|    time_elapsed    | 28757    |
|    total_timesteps | 25179    |
| train/             |          |
|    actor_loss      | 3.87     |
|    critic_loss     | 0.492    |
|    ent_coef        | 0.005    |
|    learning_rate   | 0.0001   |
|    n_updates       | 23178    |
---------------------------------
---------------------------------
| rollout/           |          |
|    ep_len_mean     | 75       |
|    ep_rew_mean     | -23.2    |
| time/              |          |
|    episodes        | 432      |
|    fps             | 0        |
|    time_elapsed    | 28936    |
|    total_timesteps | 25306    |
| train/             |          |
|    actor_loss      | 3.41     |
|    critic_loss     | 0.652    |
|    ent_coef        | 0.005    |
|    learning_rate   | 0.0001   |
|    n_updates       | 23305    |
---------------------------------
