Using cpu device
Wrapping the env in a DummyVecEnv.
Logging to logs\hybrid\sac_mpc_hybrid_v4_phase_time_262101\tensorboard\SAC_1
---------------------------------
| rollout/           |          |
|    ep_len_mean     | 41.5     |
|    ep_rew_mean     | -22.2    |
| time/              |          |
|    episodes        | 4        |
|    fps             | 0        |
|    time_elapsed    | 167      |
|    total_timesteps | 166      |
---------------------------------
---------------------------------
| rollout/           |          |
|    ep_len_mean     | 32.9     |
|    ep_rew_mean     | -24.1    |
| time/              |          |
|    episodes        | 8        |
|    fps             | 1        |
|    time_elapsed    | 262      |
|    total_timesteps | 263      |
---------------------------------
---------------------------------
| rollout/           |          |
|    ep_len_mean     | 34.8     |
|    ep_rew_mean     | -25      |
| time/              |          |
|    episodes        | 12       |
|    fps             | 1        |
|    time_elapsed    | 409      |
|    total_timesteps | 417      |
---------------------------------
---------------------------------
| rollout/           |          |
|    ep_len_mean     | 36.1     |
|    ep_rew_mean     | -27.7    |
| time/              |          |
|    episodes        | 16       |
|    fps             | 1        |
|    time_elapsed    | 565      |
|    total_timesteps | 578      |
---------------------------------
---------------------------------
| rollout/           |          |
|    ep_len_mean     | 37       |
|    ep_rew_mean     | -27.9    |
| time/              |          |
|    episodes        | 20       |
|    fps             | 1        |
|    time_elapsed    | 725      |
|    total_timesteps | 740      |
---------------------------------
---------------------------------
| rollout/           |          |
|    ep_len_mean     | 36.6     |
|    ep_rew_mean     | -26.8    |
| time/              |          |
|    episodes        | 24       |
|    fps             | 1        |
|    time_elapsed    | 860      |
|    total_timesteps | 879      |
---------------------------------
---------------------------------
| rollout/           |          |
|    ep_len_mean     | 37.8     |
|    ep_rew_mean     | -26.8    |
| time/              |          |
|    episodes        | 28       |
|    fps             | 1        |
|    time_elapsed    | 1034     |
|    total_timesteps | 1059     |
---------------------------------
---------------------------------
| rollout/           |          |
|    ep_len_mean     | 36.8     |
|    ep_rew_mean     | -26.7    |
| time/              |          |
|    episodes        | 32       |
|    fps             | 1        |
|    time_elapsed    | 1149     |
|    total_timesteps | 1179     |
---------------------------------
---------------------------------
| rollout/           |          |
|    ep_len_mean     | 37.1     |
|    ep_rew_mean     | -26.8    |
| time/              |          |
|    episodes        | 36       |
|    fps             | 1        |
|    time_elapsed    | 1303     |
|    total_timesteps | 1337     |
---------------------------------
---------------------------------
| rollout/           |          |
|    ep_len_mean     | 37.1     |
|    ep_rew_mean     | -26.2    |
| time/              |          |
|    episodes        | 40       |
|    fps             | 1        |
|    time_elapsed    | 1446     |
|    total_timesteps | 1486     |
---------------------------------
---------------------------------
| rollout/           |          |
|    ep_len_mean     | 38       |
|    ep_rew_mean     | -25.9    |
| time/              |          |
|    episodes        | 44       |
|    fps             | 1        |
|    time_elapsed    | 1621     |
|    total_timesteps | 1670     |
---------------------------------
---------------------------------
| rollout/           |          |
|    ep_len_mean     | 37.8     |
|    ep_rew_mean     | -27      |
| time/              |          |
|    episodes        | 48       |
|    fps             | 1        |
|    time_elapsed    | 1756     |
|    total_timesteps | 1814     |
---------------------------------
---------------------------------
| rollout/           |          |
|    ep_len_mean     | 37.6     |
|    ep_rew_mean     | -26.6    |
| time/              |          |
|    episodes        | 52       |
|    fps             | 1        |
|    time_elapsed    | 1892     |
|    total_timesteps | 1953     |
---------------------------------
---------------------------------
| rollout/           |          |
|    ep_len_mean     | 36.5     |
|    ep_rew_mean     | -27.1    |
| time/              |          |
|    episodes        | 56       |
|    fps             | 1        |
|    time_elapsed    | 1989     |
|    total_timesteps | 2045     |
| train/             |          |
|    actor_loss      | 0.858    |
|    critic_loss     | 10.5     |
|    ent_coef        | 0.005    |
|    learning_rate   | 0.0001   |
|    n_updates       | 44       |
---------------------------------
---------------------------------
| rollout/           |          |
|    ep_len_mean     | 37.8     |
|    ep_rew_mean     | -27.1    |
| time/              |          |
|    episodes        | 60       |
|    fps             | 1        |
|    time_elapsed    | 2240     |
|    total_timesteps | 2268     |
| train/             |          |
|    actor_loss      | 0.464    |
|    critic_loss     | 5.19     |
|    ent_coef        | 0.005    |
|    learning_rate   | 0.0001   |
|    n_updates       | 267      |
---------------------------------
---------------------------------
| rollout/           |          |
|    ep_len_mean     | 37.3     |
|    ep_rew_mean     | -26.9    |
| time/              |          |
|    episodes        | 64       |
|    fps             | 1        |
|    time_elapsed    | 2379     |
|    total_timesteps | 2390     |
| train/             |          |
|    actor_loss      | 0.597    |
|    critic_loss     | 12.4     |
|    ent_coef        | 0.005    |
|    learning_rate   | 0.0001   |
|    n_updates       | 389      |
---------------------------------
---------------------------------
| rollout/           |          |
|    ep_len_mean     | 39       |
|    ep_rew_mean     | -26.8    |
| time/              |          |
|    episodes        | 68       |
|    fps             | 0        |
|    time_elapsed    | 2678     |
|    total_timesteps | 2654     |
| train/             |          |
|    actor_loss      | 0.826    |
|    critic_loss     | 4.67     |
|    ent_coef        | 0.005    |
|    learning_rate   | 0.0001   |
|    n_updates       | 653      |
---------------------------------
---------------------------------
| rollout/           |          |
|    ep_len_mean     | 39.3     |
|    ep_rew_mean     | -27      |
| time/              |          |
|    episodes        | 72       |
|    fps             | 0        |
|    time_elapsed    | 2875     |
|    total_timesteps | 2831     |
| train/             |          |
|    actor_loss      | 1.06     |
|    critic_loss     | 4.25     |
|    ent_coef        | 0.005    |
|    learning_rate   | 0.0001   |
|    n_updates       | 830      |
---------------------------------
---------------------------------
| rollout/           |          |
|    ep_len_mean     | 38.7     |
|    ep_rew_mean     | -27      |
| time/              |          |
|    episodes        | 76       |
|    fps             | 0        |
|    time_elapsed    | 2998     |
|    total_timesteps | 2942     |
| train/             |          |
|    actor_loss      | 1.18     |
|    critic_loss     | 1.39     |
|    ent_coef        | 0.005    |
|    learning_rate   | 0.0001   |
|    n_updates       | 941      |
---------------------------------
---------------------------------
| rollout/           |          |
|    ep_len_mean     | 40.3     |
|    ep_rew_mean     | -26.6    |
| time/              |          |
|    episodes        | 80       |
|    fps             | 0        |
|    time_elapsed    | 3327     |
|    total_timesteps | 3226     |
| train/             |          |
|    actor_loss      | 0.96     |
|    critic_loss     | 0.403    |
|    ent_coef        | 0.005    |
|    learning_rate   | 0.0001   |
|    n_updates       | 1225     |
---------------------------------
---------------------------------
| rollout/           |          |
|    ep_len_mean     | 40.4     |
|    ep_rew_mean     | -26.4    |
| time/              |          |
|    episodes        | 84       |
|    fps             | 0        |
|    time_elapsed    | 3515     |
|    total_timesteps | 3391     |
| train/             |          |
|    actor_loss      | 1.1      |
|    critic_loss     | 1.51     |
|    ent_coef        | 0.005    |
|    learning_rate   | 0.0001   |
|    n_updates       | 1390     |
---------------------------------
---------------------------------
| rollout/           |          |
|    ep_len_mean     | 42.6     |
|    ep_rew_mean     | -27      |
| time/              |          |
|    episodes        | 88       |
|    fps             | 0        |
|    time_elapsed    | 3924     |
|    total_timesteps | 3747     |
| train/             |          |
|    actor_loss      | 1.16     |
|    critic_loss     | 2.43     |
|    ent_coef        | 0.005    |
|    learning_rate   | 0.0001   |
|    n_updates       | 1746     |
---------------------------------
---------------------------------
| rollout/           |          |
|    ep_len_mean     | 42.8     |
|    ep_rew_mean     | -26.9    |
| time/              |          |
|    episodes        | 92       |
|    fps             | 0        |
|    time_elapsed    | 4147     |
|    total_timesteps | 3942     |
| train/             |          |
|    actor_loss      | 1.03     |
|    critic_loss     | 5.5      |
|    ent_coef        | 0.005    |
|    learning_rate   | 0.0001   |
|    n_updates       | 1941     |
---------------------------------
---------------------------------
| rollout/           |          |
|    ep_len_mean     | 43.4     |
|    ep_rew_mean     | -26.6    |
| time/              |          |
|    episodes        | 96       |
|    fps             | 0        |
|    time_elapsed    | 4403     |
|    total_timesteps | 4165     |
| train/             |          |
|    actor_loss      | 0.756    |
|    critic_loss     | 1.55     |
|    ent_coef        | 0.005    |
|    learning_rate   | 0.0001   |
|    n_updates       | 2164     |
---------------------------------
---------------------------------
| rollout/           |          |
|    ep_len_mean     | 43.2     |
|    ep_rew_mean     | -26.6    |
| time/              |          |
|    episodes        | 100      |
|    fps             | 0        |
|    time_elapsed    | 4578     |
|    total_timesteps | 4318     |
| train/             |          |
|    actor_loss      | 1.15     |
|    critic_loss     | 1.84     |
|    ent_coef        | 0.005    |
|    learning_rate   | 0.0001   |
|    n_updates       | 2317     |
---------------------------------
---------------------------------
| rollout/           |          |
|    ep_len_mean     | 43       |
|    ep_rew_mean     | -26.7    |
| time/              |          |
|    episodes        | 104      |
|    fps             | 0        |
|    time_elapsed    | 4737     |
|    total_timesteps | 4462     |
| train/             |          |
|    actor_loss      | 1.14     |
|    critic_loss     | 0.405    |
|    ent_coef        | 0.005    |
|    learning_rate   | 0.0001   |
|    n_updates       | 2461     |
---------------------------------
---------------------------------
| rollout/           |          |
|    ep_len_mean     | 44       |
|    ep_rew_mean     | -26.6    |
| time/              |          |
|    episodes        | 108      |
|    fps             | 0        |
|    time_elapsed    | 4954     |
|    total_timesteps | 4658     |
| train/             |          |
|    actor_loss      | 0.893    |
|    critic_loss     | 1.6      |
|    ent_coef        | 0.005    |
|    learning_rate   | 0.0001   |
|    n_updates       | 2657     |
---------------------------------
---------------------------------
| rollout/           |          |
|    ep_len_mean     | 44.2     |
|    ep_rew_mean     | -26.4    |
| time/              |          |
|    episodes        | 112      |
|    fps             | 0        |
|    time_elapsed    | 5162     |
|    total_timesteps | 4840     |
| train/             |          |
|    actor_loss      | 1.24     |
|    critic_loss     | 2.71     |
|    ent_coef        | 0.005    |
|    learning_rate   | 0.0001   |
|    n_updates       | 2839     |
---------------------------------
---------------------------------
| rollout/           |          |
|    ep_len_mean     | 44.2     |
|    ep_rew_mean     | -26.3    |
| time/              |          |
|    episodes        | 116      |
|    fps             | 0        |
|    time_elapsed    | 5346     |
|    total_timesteps | 5003     |
| train/             |          |
|    actor_loss      | 1.16     |
|    critic_loss     | 0.458    |
|    ent_coef        | 0.005    |
|    learning_rate   | 0.0001   |
|    n_updates       | 3002     |
---------------------------------
---------------------------------
| rollout/           |          |
|    ep_len_mean     | 44.5     |
|    ep_rew_mean     | -26.2    |
| time/              |          |
|    episodes        | 120      |
|    fps             | 0        |
|    time_elapsed    | 5562     |
|    total_timesteps | 5195     |
| train/             |          |
|    actor_loss      | 1.47     |
|    critic_loss     | 1.6      |
|    ent_coef        | 0.005    |
|    learning_rate   | 0.0001   |
|    n_updates       | 3194     |
---------------------------------
---------------------------------
| rollout/           |          |
|    ep_len_mean     | 44.8     |
|    ep_rew_mean     | -26.2    |
| time/              |          |
|    episodes        | 124      |
|    fps             | 0        |
|    time_elapsed    | 5749     |
|    total_timesteps | 5357     |
| train/             |          |
|    actor_loss      | 1        |
|    critic_loss     | 0.914    |
|    ent_coef        | 0.005    |
|    learning_rate   | 0.0001   |
|    n_updates       | 3356     |
---------------------------------
---------------------------------
| rollout/           |          |
|    ep_len_mean     | 45.1     |
|    ep_rew_mean     | -26.2    |
| time/              |          |
|    episodes        | 128      |
|    fps             | 0        |
|    time_elapsed    | 5987     |
|    total_timesteps | 5567     |
| train/             |          |
|    actor_loss      | 1.3      |
|    critic_loss     | 1.84     |
|    ent_coef        | 0.005    |
|    learning_rate   | 0.0001   |
|    n_updates       | 3566     |
---------------------------------
---------------------------------
| rollout/           |          |
|    ep_len_mean     | 46.4     |
|    ep_rew_mean     | -26.3    |
| time/              |          |
|    episodes        | 132      |
|    fps             | 0        |
|    time_elapsed    | 6265     |
|    total_timesteps | 5814     |
| train/             |          |
|    actor_loss      | 1.59     |
|    critic_loss     | 3.27     |
|    ent_coef        | 0.005    |
|    learning_rate   | 0.0001   |
|    n_updates       | 3813     |
---------------------------------
---------------------------------
| rollout/           |          |
|    ep_len_mean     | 46.1     |
|    ep_rew_mean     | -26.3    |
| time/              |          |
|    episodes        | 136      |
|    fps             | 0        |
|    time_elapsed    | 6414     |
|    total_timesteps | 5950     |
| train/             |          |
|    actor_loss      | 1.5      |
|    critic_loss     | 1.33     |
|    ent_coef        | 0.005    |
|    learning_rate   | 0.0001   |
|    n_updates       | 3949     |
---------------------------------
---------------------------------
| rollout/           |          |
|    ep_len_mean     | 47       |
|    ep_rew_mean     | -27      |
| time/              |          |
|    episodes        | 140      |
|    fps             | 0        |
|    time_elapsed    | 6678     |
|    total_timesteps | 6184     |
| train/             |          |
|    actor_loss      | 1.62     |
|    critic_loss     | 1.61     |
|    ent_coef        | 0.005    |
|    learning_rate   | 0.0001   |
|    n_updates       | 4183     |
---------------------------------
---------------------------------
| rollout/           |          |
|    ep_len_mean     | 46.4     |
|    ep_rew_mean     | -27.7    |
| time/              |          |
|    episodes        | 144      |
|    fps             | 0        |
|    time_elapsed    | 6817     |
|    total_timesteps | 6314     |
| train/             |          |
|    actor_loss      | 1.48     |
|    critic_loss     | 0.92     |
|    ent_coef        | 0.005    |
|    learning_rate   | 0.0001   |
|    n_updates       | 4313     |
---------------------------------
---------------------------------
| rollout/           |          |
|    ep_len_mean     | 48       |
|    ep_rew_mean     | -27      |
| time/              |          |
|    episodes        | 148      |
|    fps             | 0        |
|    time_elapsed    | 7158     |
|    total_timesteps | 6612     |
| train/             |          |
|    actor_loss      | 1.45     |
|    critic_loss     | 0.969    |
|    ent_coef        | 0.005    |
|    learning_rate   | 0.0001   |
|    n_updates       | 4611     |
---------------------------------
---------------------------------
| rollout/           |          |
|    ep_len_mean     | 48       |
|    ep_rew_mean     | -27.5    |
| time/              |          |
|    episodes        | 152      |
|    fps             | 0        |
|    time_elapsed    | 7310     |
|    total_timesteps | 6749     |
| train/             |          |
|    actor_loss      | 1.81     |
|    critic_loss     | 2.51     |
|    ent_coef        | 0.005    |
|    learning_rate   | 0.0001   |
|    n_updates       | 4748     |
---------------------------------
---------------------------------
| rollout/           |          |
|    ep_len_mean     | 48.1     |
|    ep_rew_mean     | -27.2    |
| time/              |          |
|    episodes        | 156      |
|    fps             | 0        |
|    time_elapsed    | 7425     |
|    total_timesteps | 6853     |
| train/             |          |
|    actor_loss      | 1.81     |
|    critic_loss     | 6.36     |
|    ent_coef        | 0.005    |
|    learning_rate   | 0.0001   |
|    n_updates       | 4852     |
---------------------------------
---------------------------------
| rollout/           |          |
|    ep_len_mean     | 47.8     |
|    ep_rew_mean     | -27.1    |
| time/              |          |
|    episodes        | 160      |
|    fps             | 0        |
|    time_elapsed    | 7640     |
|    total_timesteps | 7043     |
| train/             |          |
|    actor_loss      | 1.84     |
|    critic_loss     | 1.26     |
|    ent_coef        | 0.005    |
|    learning_rate   | 0.0001   |
|    n_updates       | 5042     |
---------------------------------
---------------------------------
| rollout/           |          |
|    ep_len_mean     | 49       |
|    ep_rew_mean     | -27.3    |
| time/              |          |
|    episodes        | 164      |
|    fps             | 0        |
|    time_elapsed    | 7921     |
|    total_timesteps | 7289     |
| train/             |          |
|    actor_loss      | 2.43     |
|    critic_loss     | 0.848    |
|    ent_coef        | 0.005    |
|    learning_rate   | 0.0001   |
|    n_updates       | 5288     |
---------------------------------
---------------------------------
| rollout/           |          |
|    ep_len_mean     | 49.6     |
|    ep_rew_mean     | -27.1    |
| time/              |          |
|    episodes        | 168      |
|    fps             | 0        |
|    time_elapsed    | 8303     |
|    total_timesteps | 7618     |
| train/             |          |
|    actor_loss      | 2.34     |
|    critic_loss     | 1.43     |
|    ent_coef        | 0.005    |
|    learning_rate   | 0.0001   |
|    n_updates       | 5617     |
---------------------------------
---------------------------------
| rollout/           |          |
|    ep_len_mean     | 51.4     |
|    ep_rew_mean     | -26.8    |
| time/              |          |
|    episodes        | 172      |
|    fps             | 0        |
|    time_elapsed    | 8709     |
|    total_timesteps | 7966     |
| train/             |          |
|    actor_loss      | 1.75     |
|    critic_loss     | 2.36     |
|    ent_coef        | 0.005    |
|    learning_rate   | 0.0001   |
|    n_updates       | 5965     |
---------------------------------
---------------------------------
| rollout/           |          |
|    ep_len_mean     | 52.5     |
|    ep_rew_mean     | -27      |
| time/              |          |
|    episodes        | 176      |
|    fps             | 0        |
|    time_elapsed    | 8966     |
|    total_timesteps | 8190     |
| train/             |          |
|    actor_loss      | 1.62     |
|    critic_loss     | 1.01     |
|    ent_coef        | 0.005    |
|    learning_rate   | 0.0001   |
|    n_updates       | 6189     |
---------------------------------
---------------------------------
| rollout/           |          |
|    ep_len_mean     | 52.1     |
|    ep_rew_mean     | -27      |
| time/              |          |
|    episodes        | 180      |
|    fps             | 0        |
|    time_elapsed    | 9244     |
|    total_timesteps | 8432     |
| train/             |          |
|    actor_loss      | 1.75     |
|    critic_loss     | 1.12     |
|    ent_coef        | 0.005    |
|    learning_rate   | 0.0001   |
|    n_updates       | 6431     |
---------------------------------
---------------------------------
| rollout/           |          |
|    ep_len_mean     | 51.9     |
|    ep_rew_mean     | -27      |
| time/              |          |
|    episodes        | 184      |
|    fps             | 0        |
|    time_elapsed    | 9405     |
|    total_timesteps | 8578     |
| train/             |          |
|    actor_loss      | 1.53     |
|    critic_loss     | 0.693    |
|    ent_coef        | 0.005    |
|    learning_rate   | 0.0001   |
|    n_updates       | 6577     |
---------------------------------
---------------------------------
| rollout/           |          |
|    ep_len_mean     | 50.4     |
|    ep_rew_mean     | -26.4    |
| time/              |          |
|    episodes        | 188      |
|    fps             | 0        |
|    time_elapsed    | 9641     |
|    total_timesteps | 8787     |
| train/             |          |
|    actor_loss      | 1.86     |
|    critic_loss     | 0.85     |
|    ent_coef        | 0.005    |
|    learning_rate   | 0.0001   |
|    n_updates       | 6786     |
---------------------------------
---------------------------------
| rollout/           |          |
|    ep_len_mean     | 51.2     |
|    ep_rew_mean     | -26.5    |
| time/              |          |
|    episodes        | 192      |
|    fps             | 0        |
|    time_elapsed    | 9960     |
|    total_timesteps | 9063     |
| train/             |          |
|    actor_loss      | 2.25     |
|    critic_loss     | 3.05     |
|    ent_coef        | 0.005    |
|    learning_rate   | 0.0001   |
|    n_updates       | 7062     |
---------------------------------
---------------------------------
| rollout/           |          |
|    ep_len_mean     | 50.6     |
|    ep_rew_mean     | -26.7    |
| time/              |          |
|    episodes        | 196      |
|    fps             | 0        |
|    time_elapsed    | 10147    |
|    total_timesteps | 9229     |
| train/             |          |
|    actor_loss      | 2.14     |
|    critic_loss     | 0.733    |
|    ent_coef        | 0.005    |
|    learning_rate   | 0.0001   |
|    n_updates       | 7228     |
---------------------------------
---------------------------------
| rollout/           |          |
|    ep_len_mean     | 51       |
|    ep_rew_mean     | -26.7    |
| time/              |          |
|    episodes        | 200      |
|    fps             | 0        |
|    time_elapsed    | 10369    |
|    total_timesteps | 9420     |
| train/             |          |
|    actor_loss      | 2.68     |
|    critic_loss     | 1.98     |
|    ent_coef        | 0.005    |
|    learning_rate   | 0.0001   |
|    n_updates       | 7419     |
---------------------------------
---------------------------------
| rollout/           |          |
|    ep_len_mean     | 52.6     |
|    ep_rew_mean     | -26.9    |
| time/              |          |
|    episodes        | 204      |
|    fps             | 0        |
|    time_elapsed    | 10714    |
|    total_timesteps | 9718     |
| train/             |          |
|    actor_loss      | 2.67     |
|    critic_loss     | 0.944    |
|    ent_coef        | 0.005    |
|    learning_rate   | 0.0001   |
|    n_updates       | 7717     |
---------------------------------
---------------------------------
| rollout/           |          |
|    ep_len_mean     | 52.9     |
|    ep_rew_mean     | -27.9    |
| time/              |          |
|    episodes        | 208      |
|    fps             | 0        |
|    time_elapsed    | 10972    |
|    total_timesteps | 9943     |
| train/             |          |
|    actor_loss      | 2.2      |
|    critic_loss     | 1.39     |
|    ent_coef        | 0.005    |
|    learning_rate   | 0.0001   |
|    n_updates       | 7942     |
---------------------------------
---------------------------------
| rollout/           |          |
|    ep_len_mean     | 53.3     |
|    ep_rew_mean     | -28.2    |
| time/              |          |
|    episodes        | 212      |
|    fps             | 0        |
|    time_elapsed    | 11237    |
|    total_timesteps | 10174    |
| train/             |          |
|    actor_loss      | 2.41     |
|    critic_loss     | 1.72     |
|    ent_coef        | 0.005    |
|    learning_rate   | 0.0001   |
|    n_updates       | 8173     |
---------------------------------
---------------------------------
| rollout/           |          |
|    ep_len_mean     | 54.2     |
|    ep_rew_mean     | -28.3    |
| time/              |          |
|    episodes        | 216      |
|    fps             | 0        |
|    time_elapsed    | 11530    |
|    total_timesteps | 10425    |
| train/             |          |
|    actor_loss      | 2.46     |
|    critic_loss     | 2.46     |
|    ent_coef        | 0.005    |
|    learning_rate   | 0.0001   |
|    n_updates       | 8424     |
---------------------------------
---------------------------------
| rollout/           |          |
|    ep_len_mean     | 53.8     |
|    ep_rew_mean     | -28.1    |
| time/              |          |
|    episodes        | 220      |
|    fps             | 0        |
|    time_elapsed    | 11706    |
|    total_timesteps | 10578    |
| train/             |          |
|    actor_loss      | 1.9      |
|    critic_loss     | 0.58     |
|    ent_coef        | 0.005    |
|    learning_rate   | 0.0001   |
|    n_updates       | 8577     |
---------------------------------
---------------------------------
| rollout/           |          |
|    ep_len_mean     | 53.9     |
|    ep_rew_mean     | -28.2    |
| time/              |          |
|    episodes        | 224      |
|    fps             | 0        |
|    time_elapsed    | 11901    |
|    total_timesteps | 10749    |
| train/             |          |
|    actor_loss      | 2.56     |
|    critic_loss     | 0.976    |
|    ent_coef        | 0.005    |
|    learning_rate   | 0.0001   |
|    n_updates       | 8748     |
---------------------------------
---------------------------------
| rollout/           |          |
|    ep_len_mean     | 55.5     |
|    ep_rew_mean     | -29.1    |
| time/              |          |
|    episodes        | 228      |
|    fps             | 0        |
|    time_elapsed    | 12319    |
|    total_timesteps | 11112    |
| train/             |          |
|    actor_loss      | 2.14     |
|    critic_loss     | 0.639    |
|    ent_coef        | 0.005    |
|    learning_rate   | 0.0001   |
|    n_updates       | 9111     |
---------------------------------
---------------------------------
| rollout/           |          |
|    ep_len_mean     | 54.4     |
|    ep_rew_mean     | -29.2    |
| time/              |          |
|    episodes        | 232      |
|    fps             | 0        |
|    time_elapsed    | 12484    |
|    total_timesteps | 11258    |
| train/             |          |
|    actor_loss      | 1.88     |
|    critic_loss     | 0.657    |
|    ent_coef        | 0.005    |
|    learning_rate   | 0.0001   |
|    n_updates       | 9257     |
---------------------------------
---------------------------------
| rollout/           |          |
|    ep_len_mean     | 55.9     |
|    ep_rew_mean     | -28.9    |
| time/              |          |
|    episodes        | 236      |
|    fps             | 0        |
|    time_elapsed    | 12810    |
|    total_timesteps | 11542    |
| train/             |          |
|    actor_loss      | 2.66     |
|    critic_loss     | 1.67     |
|    ent_coef        | 0.005    |
|    learning_rate   | 0.0001   |
|    n_updates       | 9541     |
---------------------------------
---------------------------------
| rollout/           |          |
|    ep_len_mean     | 56.1     |
|    ep_rew_mean     | -28.4    |
| time/              |          |
|    episodes        | 240      |
|    fps             | 0        |
|    time_elapsed    | 13093    |
|    total_timesteps | 11791    |
| train/             |          |
|    actor_loss      | 2.49     |
|    critic_loss     | 1.24     |
|    ent_coef        | 0.005    |
|    learning_rate   | 0.0001   |
|    n_updates       | 9790     |
---------------------------------
---------------------------------
| rollout/           |          |
|    ep_len_mean     | 57.8     |
|    ep_rew_mean     | -27.6    |
| time/              |          |
|    episodes        | 244      |
|    fps             | 0        |
|    time_elapsed    | 13436    |
|    total_timesteps | 12091    |
| train/             |          |
|    actor_loss      | 2.91     |
|    critic_loss     | 1.2      |
|    ent_coef        | 0.005    |
|    learning_rate   | 0.0001   |
|    n_updates       | 10090    |
---------------------------------
---------------------------------
| rollout/           |          |
|    ep_len_mean     | 56.5     |
|    ep_rew_mean     | -27.9    |
| time/              |          |
|    episodes        | 248      |
|    fps             | 0        |
|    time_elapsed    | 13631    |
|    total_timesteps | 12261    |
| train/             |          |
|    actor_loss      | 2.96     |
|    critic_loss     | 1.48     |
|    ent_coef        | 0.005    |
|    learning_rate   | 0.0001   |
|    n_updates       | 10260    |
---------------------------------
---------------------------------
| rollout/           |          |
|    ep_len_mean     | 57.6     |
|    ep_rew_mean     | -27.5    |
| time/              |          |
|    episodes        | 252      |
|    fps             | 0        |
|    time_elapsed    | 13916    |
|    total_timesteps | 12508    |
| train/             |          |
|    actor_loss      | 2.97     |
|    critic_loss     | 1.58     |
|    ent_coef        | 0.005    |
|    learning_rate   | 0.0001   |
|    n_updates       | 10507    |
---------------------------------
---------------------------------
| rollout/           |          |
|    ep_len_mean     | 58.3     |
|    ep_rew_mean     | -27.5    |
| time/              |          |
|    episodes        | 256      |
|    fps             | 0        |
|    time_elapsed    | 14113    |
|    total_timesteps | 12682    |
| train/             |          |
|    actor_loss      | 3.37     |
|    critic_loss     | 3.17     |
|    ent_coef        | 0.005    |
|    learning_rate   | 0.0001   |
|    n_updates       | 10681    |
---------------------------------
---------------------------------
| rollout/           |          |
|    ep_len_mean     | 59       |
|    ep_rew_mean     | -27.5    |
| time/              |          |
|    episodes        | 260      |
|    fps             | 0        |
|    time_elapsed    | 14414    |
|    total_timesteps | 12945    |
| train/             |          |
|    actor_loss      | 2.76     |
|    critic_loss     | 1.49     |
|    ent_coef        | 0.005    |
|    learning_rate   | 0.0001   |
|    n_updates       | 10944    |
---------------------------------
---------------------------------
| rollout/           |          |
|    ep_len_mean     | 60.6     |
|    ep_rew_mean     | -27      |
| time/              |          |
|    episodes        | 264      |
|    fps             | 0        |
|    time_elapsed    | 14875    |
|    total_timesteps | 13345    |
| train/             |          |
|    actor_loss      | 3.67     |
|    critic_loss     | 2.01     |
|    ent_coef        | 0.005    |
|    learning_rate   | 0.0001   |
|    n_updates       | 11344    |
---------------------------------
---------------------------------
| rollout/           |          |
|    ep_len_mean     | 60       |
|    ep_rew_mean     | -27      |
| time/              |          |
|    episodes        | 268      |
|    fps             | 0        |
|    time_elapsed    | 15192    |
|    total_timesteps | 13621    |
| train/             |          |
|    actor_loss      | 3.06     |
|    critic_loss     | 1.97     |
|    ent_coef        | 0.005    |
|    learning_rate   | 0.0001   |
|    n_updates       | 11620    |
---------------------------------
---------------------------------
| rollout/           |          |
|    ep_len_mean     | 58       |
|    ep_rew_mean     | -27.1    |
| time/              |          |
|    episodes        | 272      |
|    fps             | 0        |
|    time_elapsed    | 15350    |
|    total_timesteps | 13763    |
| train/             |          |
|    actor_loss      | 2.93     |
|    critic_loss     | 0.998    |
|    ent_coef        | 0.005    |
|    learning_rate   | 0.0001   |
|    n_updates       | 11762    |
---------------------------------
---------------------------------
| rollout/           |          |
|    ep_len_mean     | 59.4     |
|    ep_rew_mean     | -27.7    |
| time/              |          |
|    episodes        | 276      |
|    fps             | 0        |
|    time_elapsed    | 15768    |
|    total_timesteps | 14126    |
| train/             |          |
|    actor_loss      | 2.62     |
|    critic_loss     | 1.55     |
|    ent_coef        | 0.005    |
|    learning_rate   | 0.0001   |
|    n_updates       | 12125    |
---------------------------------
---------------------------------
| rollout/           |          |
|    ep_len_mean     | 59.3     |
|    ep_rew_mean     | -28.1    |
| time/              |          |
|    episodes        | 280      |
|    fps             | 0        |
|    time_elapsed    | 16028    |
|    total_timesteps | 14361    |
| train/             |          |
|    actor_loss      | 2.87     |
|    critic_loss     | 1.3      |
|    ent_coef        | 0.005    |
|    learning_rate   | 0.0001   |
|    n_updates       | 12360    |
---------------------------------
---------------------------------
| rollout/           |          |
|    ep_len_mean     | 60.4     |
|    ep_rew_mean     | -28.3    |
| time/              |          |
|    episodes        | 284      |
|    fps             | 0        |
|    time_elapsed    | 16318    |
|    total_timesteps | 14613    |
| train/             |          |
|    actor_loss      | 3.14     |
|    critic_loss     | 2.09     |
|    ent_coef        | 0.005    |
|    learning_rate   | 0.0001   |
|    n_updates       | 12612    |
---------------------------------
---------------------------------
| rollout/           |          |
|    ep_len_mean     | 60.8     |
|    ep_rew_mean     | -28.1    |
| time/              |          |
|    episodes        | 288      |
|    fps             | 0        |
|    time_elapsed    | 16609    |
|    total_timesteps | 14871    |
| train/             |          |
|    actor_loss      | 3.94     |
|    critic_loss     | 1.32     |
|    ent_coef        | 0.005    |
|    learning_rate   | 0.0001   |
|    n_updates       | 12870    |
---------------------------------
---------------------------------
| rollout/           |          |
|    ep_len_mean     | 61       |
|    ep_rew_mean     | -29.3    |
| time/              |          |
|    episodes        | 292      |
|    fps             | 0        |
|    time_elapsed    | 16944    |
|    total_timesteps | 15168    |
| train/             |          |
|    actor_loss      | 2.97     |
|    critic_loss     | 0.417    |
|    ent_coef        | 0.005    |
|    learning_rate   | 0.0001   |
|    n_updates       | 13167    |
---------------------------------
---------------------------------
| rollout/           |          |
|    ep_len_mean     | 60.8     |
|    ep_rew_mean     | -29.9    |
| time/              |          |
|    episodes        | 296      |
|    fps             | 0        |
|    time_elapsed    | 17097    |
|    total_timesteps | 15306    |
| train/             |          |
|    actor_loss      | 3.54     |
|    critic_loss     | 1.72     |
|    ent_coef        | 0.005    |
|    learning_rate   | 0.0001   |
|    n_updates       | 13305    |
---------------------------------
---------------------------------
| rollout/           |          |
|    ep_len_mean     | 62       |
|    ep_rew_mean     | -29.6    |
| time/              |          |
|    episodes        | 300      |
|    fps             | 0        |
|    time_elapsed    | 17455    |
|    total_timesteps | 15621    |
| train/             |          |
|    actor_loss      | 3.41     |
|    critic_loss     | 0.663    |
|    ent_coef        | 0.005    |
|    learning_rate   | 0.0001   |
|    n_updates       | 13620    |
---------------------------------
---------------------------------
| rollout/           |          |
|    ep_len_mean     | 61.5     |
|    ep_rew_mean     | -29.2    |
| time/              |          |
|    episodes        | 304      |
|    fps             | 0        |
|    time_elapsed    | 17734    |
|    total_timesteps | 15863    |
| train/             |          |
|    actor_loss      | 3.06     |
|    critic_loss     | 0.521    |
|    ent_coef        | 0.005    |
|    learning_rate   | 0.0001   |
|    n_updates       | 13862    |
---------------------------------
---------------------------------
| rollout/           |          |
|    ep_len_mean     | 63.5     |
|    ep_rew_mean     | -27.7    |
| time/              |          |
|    episodes        | 308      |
|    fps             | 0        |
|    time_elapsed    | 18228    |
|    total_timesteps | 16289    |
| train/             |          |
|    actor_loss      | 3.49     |
|    critic_loss     | 1.21     |
|    ent_coef        | 0.005    |
|    learning_rate   | 0.0001   |
|    n_updates       | 14288    |
---------------------------------
---------------------------------
| rollout/           |          |
|    ep_len_mean     | 62.8     |
|    ep_rew_mean     | -27.5    |
| time/              |          |
|    episodes        | 312      |
|    fps             | 0        |
|    time_elapsed    | 18411    |
|    total_timesteps | 16455    |
| train/             |          |
|    actor_loss      | 3.53     |
|    critic_loss     | 0.9      |
|    ent_coef        | 0.005    |
|    learning_rate   | 0.0001   |
|    n_updates       | 14454    |
---------------------------------
---------------------------------
| rollout/           |          |
|    ep_len_mean     | 65.3     |
|    ep_rew_mean     | -27.1    |
| time/              |          |
|    episodes        | 316      |
|    fps             | 0        |
|    time_elapsed    | 18995    |
|    total_timesteps | 16957    |
| train/             |          |
|    actor_loss      | 3.37     |
|    critic_loss     | 0.706    |
|    ent_coef        | 0.005    |
|    learning_rate   | 0.0001   |
|    n_updates       | 14956    |
---------------------------------
---------------------------------
| rollout/           |          |
|    ep_len_mean     | 67.6     |
|    ep_rew_mean     | -28.2    |
| time/              |          |
|    episodes        | 320      |
|    fps             | 0        |
|    time_elapsed    | 19434    |
|    total_timesteps | 17337    |
| train/             |          |
|    actor_loss      | 2.93     |
|    critic_loss     | 1.05     |
|    ent_coef        | 0.005    |
|    learning_rate   | 0.0001   |
|    n_updates       | 15336    |
---------------------------------
---------------------------------
| rollout/           |          |
|    ep_len_mean     | 67.4     |
|    ep_rew_mean     | -28.9    |
| time/              |          |
|    episodes        | 324      |
|    fps             | 0        |
|    time_elapsed    | 19594    |
|    total_timesteps | 17485    |
| train/             |          |
|    actor_loss      | 3.12     |
|    critic_loss     | 0.99     |
|    ent_coef        | 0.005    |
|    learning_rate   | 0.0001   |
|    n_updates       | 15484    |
---------------------------------
---------------------------------
| rollout/           |          |
|    ep_len_mean     | 67.1     |
|    ep_rew_mean     | -27.7    |
| time/              |          |
|    episodes        | 328      |
|    fps             | 0        |
|    time_elapsed    | 19976    |
|    total_timesteps | 17822    |
| train/             |          |
|    actor_loss      | 2.56     |
|    critic_loss     | 0.665    |
|    ent_coef        | 0.005    |
|    learning_rate   | 0.0001   |
|    n_updates       | 15821    |
---------------------------------
---------------------------------
| rollout/           |          |
|    ep_len_mean     | 67.5     |
|    ep_rew_mean     | -27.5    |
| time/              |          |
|    episodes        | 332      |
|    fps             | 0        |
|    time_elapsed    | 20195    |
|    total_timesteps | 18013    |
| train/             |          |
|    actor_loss      | 3.68     |
|    critic_loss     | 1.69     |
|    ent_coef        | 0.005    |
|    learning_rate   | 0.0001   |
|    n_updates       | 16012    |
---------------------------------
---------------------------------
| rollout/           |          |
|    ep_len_mean     | 68.8     |
|    ep_rew_mean     | -27.8    |
| time/              |          |
|    episodes        | 336      |
|    fps             | 0        |
|    time_elapsed    | 20666    |
|    total_timesteps | 18419    |
| train/             |          |
|    actor_loss      | 3.54     |
|    critic_loss     | 1.07     |
|    ent_coef        | 0.005    |
|    learning_rate   | 0.0001   |
|    n_updates       | 16418    |
---------------------------------
---------------------------------
| rollout/           |          |
|    ep_len_mean     | 67.5     |
|    ep_rew_mean     | -28.2    |
| time/              |          |
|    episodes        | 340      |
|    fps             | 0        |
|    time_elapsed    | 20801    |
|    total_timesteps | 18543    |
| train/             |          |
|    actor_loss      | 3.7      |
|    critic_loss     | 1.84     |
|    ent_coef        | 0.005    |
|    learning_rate   | 0.0001   |
|    n_updates       | 16542    |
---------------------------------
---------------------------------
| rollout/           |          |
|    ep_len_mean     | 67.6     |
|    ep_rew_mean     | -28      |
| time/              |          |
|    episodes        | 344      |
|    fps             | 0        |
|    time_elapsed    | 21157    |
|    total_timesteps | 18850    |
| train/             |          |
|    actor_loss      | 3.67     |
|    critic_loss     | 0.976    |
|    ent_coef        | 0.005    |
|    learning_rate   | 0.0001   |
|    n_updates       | 16849    |
---------------------------------
---------------------------------
| rollout/           |          |
|    ep_len_mean     | 67.6     |
|    ep_rew_mean     | -28      |
| time/              |          |
|    episodes        | 348      |
|    fps             | 0        |
|    time_elapsed    | 21350    |
|    total_timesteps | 19022    |
| train/             |          |
|    actor_loss      | 3.71     |
|    critic_loss     | 0.787    |
|    ent_coef        | 0.005    |
|    learning_rate   | 0.0001   |
|    n_updates       | 17021    |
---------------------------------
---------------------------------
| rollout/           |          |
|    ep_len_mean     | 66.4     |
|    ep_rew_mean     | -28.2    |
| time/              |          |
|    episodes        | 352      |
|    fps             | 0        |
|    time_elapsed    | 21496    |
|    total_timesteps | 19148    |
| train/             |          |
|    actor_loss      | 2.94     |
|    critic_loss     | 0.552    |
|    ent_coef        | 0.005    |
|    learning_rate   | 0.0001   |
|    n_updates       | 17147    |
---------------------------------
---------------------------------
| rollout/           |          |
|    ep_len_mean     | 67.8     |
|    ep_rew_mean     | -28.1    |
| time/              |          |
|    episodes        | 356      |
|    fps             | 0        |
|    time_elapsed    | 21861    |
|    total_timesteps | 19463    |
| train/             |          |
|    actor_loss      | 3.46     |
|    critic_loss     | 0.661    |
|    ent_coef        | 0.005    |
|    learning_rate   | 0.0001   |
|    n_updates       | 17462    |
---------------------------------
---------------------------------
| rollout/           |          |
|    ep_len_mean     | 69.9     |
|    ep_rew_mean     | -27.8    |
| time/              |          |
|    episodes        | 360      |
|    fps             | 0        |
|    time_elapsed    | 22408    |
|    total_timesteps | 19937    |
| train/             |          |
|    actor_loss      | 3.44     |
|    critic_loss     | 0.745    |
|    ent_coef        | 0.005    |
|    learning_rate   | 0.0001   |
|    n_updates       | 17936    |
---------------------------------
---------------------------------
| rollout/           |          |
|    ep_len_mean     | 70.1     |
|    ep_rew_mean     | -27.6    |
| time/              |          |
|    episodes        | 364      |
|    fps             | 0        |
|    time_elapsed    | 22895    |
|    total_timesteps | 20358    |
| train/             |          |
|    actor_loss      | 3        |
|    critic_loss     | 0.511    |
|    ent_coef        | 0.005    |
|    learning_rate   | 0.0001   |
|    n_updates       | 18357    |
---------------------------------
---------------------------------
| rollout/           |          |
|    ep_len_mean     | 69.6     |
|    ep_rew_mean     | -27.5    |
| time/              |          |
|    episodes        | 368      |
|    fps             | 0        |
|    time_elapsed    | 23149    |
|    total_timesteps | 20581    |
| train/             |          |
|    actor_loss      | 3.54     |
|    critic_loss     | 1.23     |
|    ent_coef        | 0.005    |
|    learning_rate   | 0.0001   |
|    n_updates       | 18580    |
---------------------------------
---------------------------------
| rollout/           |          |
|    ep_len_mean     | 69.4     |
|    ep_rew_mean     | -27.5    |
| time/              |          |
|    episodes        | 372      |
|    fps             | 0        |
|    time_elapsed    | 23284    |
|    total_timesteps | 20703    |
| train/             |          |
|    actor_loss      | 3.43     |
|    critic_loss     | 0.575    |
|    ent_coef        | 0.005    |
|    learning_rate   | 0.0001   |
|    n_updates       | 18702    |
---------------------------------
---------------------------------
| rollout/           |          |
|    ep_len_mean     | 70.2     |
|    ep_rew_mean     | -26.3    |
| time/              |          |
|    episodes        | 376      |
|    fps             | 0        |
|    time_elapsed    | 23799    |
|    total_timesteps | 21147    |
| train/             |          |
|    actor_loss      | 3.28     |
|    critic_loss     | 1.3      |
|    ent_coef        | 0.005    |
|    learning_rate   | 0.0001   |
|    n_updates       | 19146    |
---------------------------------
---------------------------------
| rollout/           |          |
|    ep_len_mean     | 70.8     |
|    ep_rew_mean     | -25.9    |
| time/              |          |
|    episodes        | 380      |
|    fps             | 0        |
|    time_elapsed    | 24130    |
|    total_timesteps | 21436    |
| train/             |          |
|    actor_loss      | 3.66     |
|    critic_loss     | 1.19     |
|    ent_coef        | 0.005    |
|    learning_rate   | 0.0001   |
|    n_updates       | 19435    |
---------------------------------
---------------------------------
| rollout/           |          |
|    ep_len_mean     | 69.8     |
|    ep_rew_mean     | -25.9    |
| time/              |          |
|    episodes        | 384      |
|    fps             | 0        |
|    time_elapsed    | 24312    |
|    total_timesteps | 21596    |
| train/             |          |
|    actor_loss      | 2.91     |
|    critic_loss     | 0.517    |
|    ent_coef        | 0.005    |
|    learning_rate   | 0.0001   |
|    n_updates       | 19595    |
---------------------------------
---------------------------------
| rollout/           |          |
|    ep_len_mean     | 70.5     |
|    ep_rew_mean     | -25.7    |
| time/              |          |
|    episodes        | 388      |
|    fps             | 0        |
|    time_elapsed    | 24694    |
|    total_timesteps | 21926    |
| train/             |          |
|    actor_loss      | 4.02     |
|    critic_loss     | 0.774    |
|    ent_coef        | 0.005    |
|    learning_rate   | 0.0001   |
|    n_updates       | 19925    |
---------------------------------
---------------------------------
| rollout/           |          |
|    ep_len_mean     | 70.4     |
|    ep_rew_mean     | -24.2    |
| time/              |          |
|    episodes        | 392      |
|    fps             | 0        |
|    time_elapsed    | 25025    |
|    total_timesteps | 22210    |
| train/             |          |
|    actor_loss      | 3.85     |
|    critic_loss     | 0.526    |
|    ent_coef        | 0.005    |
|    learning_rate   | 0.0001   |
|    n_updates       | 20209    |
---------------------------------
---------------------------------
| rollout/           |          |
|    ep_len_mean     | 71.6     |
|    ep_rew_mean     | -23.7    |
| time/              |          |
|    episodes        | 396      |
|    fps             | 0        |
|    time_elapsed    | 25322    |
|    total_timesteps | 22469    |
| train/             |          |
|    actor_loss      | 3.32     |
|    critic_loss     | 0.514    |
|    ent_coef        | 0.005    |
|    learning_rate   | 0.0001   |
|    n_updates       | 20468    |
---------------------------------
---------------------------------
| rollout/           |          |
|    ep_len_mean     | 71.1     |
|    ep_rew_mean     | -23.5    |
| time/              |          |
|    episodes        | 400      |
|    fps             | 0        |
|    time_elapsed    | 25620    |
|    total_timesteps | 22729    |
| train/             |          |
|    actor_loss      | 3.42     |
|    critic_loss     | 0.864    |
|    ent_coef        | 0.005    |
|    learning_rate   | 0.0001   |
|    n_updates       | 20728    |
---------------------------------
---------------------------------
| rollout/           |          |
|    ep_len_mean     | 73.5     |
|    ep_rew_mean     | -23      |
| time/              |          |
|    episodes        | 404      |
|    fps             | 0        |
|    time_elapsed    | 26187    |
|    total_timesteps | 23209    |
| train/             |          |
|    actor_loss      | 3.05     |
|    critic_loss     | 0.496    |
|    ent_coef        | 0.005    |
|    learning_rate   | 0.0001   |
|    n_updates       | 21208    |
---------------------------------
---------------------------------
| rollout/           |          |
|    ep_len_mean     | 72.2     |
|    ep_rew_mean     | -23.4    |
| time/              |          |
|    episodes        | 408      |
|    fps             | 0        |
|    time_elapsed    | 26532    |
|    total_timesteps | 23511    |
| train/             |          |
|    actor_loss      | 2.95     |
|    critic_loss     | 0.615    |
|    ent_coef        | 0.005    |
|    learning_rate   | 0.0001   |
|    n_updates       | 21510    |
---------------------------------
---------------------------------
| rollout/           |          |
|    ep_len_mean     | 73.3     |
|    ep_rew_mean     | -23.3    |
| time/              |          |
|    episodes        | 412      |
|    fps             | 0        |
|    time_elapsed    | 26844    |
|    total_timesteps | 23786    |
| train/             |          |
|    actor_loss      | 3.39     |
|    critic_loss     | 1.35     |
|    ent_coef        | 0.005    |
|    learning_rate   | 0.0001   |
|    n_updates       | 21785    |
---------------------------------
---------------------------------
| rollout/           |          |
|    ep_len_mean     | 71.8     |
|    ep_rew_mean     | -22.9    |
| time/              |          |
|    episodes        | 416      |
|    fps             | 0        |
|    time_elapsed    | 27256    |
|    total_timesteps | 24141    |
| train/             |          |
|    actor_loss      | 3.92     |
|    critic_loss     | 0.848    |
|    ent_coef        | 0.005    |
|    learning_rate   | 0.0001   |
|    n_updates       | 22140    |
---------------------------------
---------------------------------
| rollout/           |          |
|    ep_len_mean     | 71.1     |
|    ep_rew_mean     | -22      |
| time/              |          |
|    episodes        | 420      |
|    fps             | 0        |
|    time_elapsed    | 27634    |
|    total_timesteps | 24447    |
| train/             |          |
|    actor_loss      | 4.01     |
|    critic_loss     | 0.843    |
|    ent_coef        | 0.005    |
|    learning_rate   | 0.0001   |
|    n_updates       | 22446    |
---------------------------------
---------------------------------
| rollout/           |          |
|    ep_len_mean     | 73.1     |
|    ep_rew_mean     | -21.2    |
| time/              |          |
|    episodes        | 424      |
|    fps             | 0        |
|    time_elapsed    | 28160    |
|    total_timesteps | 24798    |
| train/             |          |
|    actor_loss      | 4.3      |
|    critic_loss     | 1.67     |
|    ent_coef        | 0.005    |
|    learning_rate   | 0.0001   |
|    n_updates       | 22797    |
---------------------------------
---------------------------------
| rollout/           |          |
|    ep_len_mean     | 72.4     |
|    ep_rew_mean     | -21.2    |
| time/              |          |
|    episodes        | 428      |
|    fps             | 0        |
|    time_elapsed    | 28527    |
|    total_timesteps | 25060    |
| train/             |          |
|    actor_loss      | 3.43     |
|    critic_loss     | 1.15     |
|    ent_coef        | 0.005    |
|    learning_rate   | 0.0001   |
|    n_updates       | 23059    |
---------------------------------
---------------------------------
| rollout/           |          |
|    ep_len_mean     | 74.7     |
|    ep_rew_mean     | -20.7    |
| time/              |          |
|    episodes        | 432      |
|    fps             | 0        |
|    time_elapsed    | 29168    |
|    total_timesteps | 25487    |
| train/             |          |
|    actor_loss      | 4.47     |
|    critic_loss     | 0.521    |
|    ent_coef        | 0.005    |
|    learning_rate   | 0.0001   |
|    n_updates       | 23486    |
---------------------------------
