Using cpu device
Wrapping the env in a DummyVecEnv.
Logging to logs\hybrid\sac_mpc_hybrid_v4_phase_time_262100\tensorboard\SAC_1
---------------------------------
| rollout/           |          |
|    ep_len_mean     | 35.8     |
|    ep_rew_mean     | -26.6    |
| time/              |          |
|    episodes        | 4        |
|    fps             | 0        |
|    time_elapsed    | 144      |
|    total_timesteps | 143      |
---------------------------------
---------------------------------
| rollout/           |          |
|    ep_len_mean     | 34.9     |
|    ep_rew_mean     | -37.6    |
| time/              |          |
|    episodes        | 8        |
|    fps             | 1        |
|    time_elapsed    | 274      |
|    total_timesteps | 279      |
---------------------------------
---------------------------------
| rollout/           |          |
|    ep_len_mean     | 35.8     |
|    ep_rew_mean     | -32.3    |
| time/              |          |
|    episodes        | 12       |
|    fps             | 1        |
|    time_elapsed    | 420      |
|    total_timesteps | 430      |
---------------------------------
---------------------------------
| rollout/           |          |
|    ep_len_mean     | 39       |
|    ep_rew_mean     | -31.8    |
| time/              |          |
|    episodes        | 16       |
|    fps             | 1        |
|    time_elapsed    | 609      |
|    total_timesteps | 624      |
---------------------------------
---------------------------------
| rollout/           |          |
|    ep_len_mean     | 39.5     |
|    ep_rew_mean     | -32.1    |
| time/              |          |
|    episodes        | 20       |
|    fps             | 1        |
|    time_elapsed    | 770      |
|    total_timesteps | 791      |
---------------------------------
---------------------------------
| rollout/           |          |
|    ep_len_mean     | 40.3     |
|    ep_rew_mean     | -32.3    |
| time/              |          |
|    episodes        | 24       |
|    fps             | 1        |
|    time_elapsed    | 936      |
|    total_timesteps | 968      |
---------------------------------
---------------------------------
| rollout/           |          |
|    ep_len_mean     | 39.2     |
|    ep_rew_mean     | -31.6    |
| time/              |          |
|    episodes        | 28       |
|    fps             | 1        |
|    time_elapsed    | 1064     |
|    total_timesteps | 1098     |
---------------------------------
---------------------------------
| rollout/           |          |
|    ep_len_mean     | 38.9     |
|    ep_rew_mean     | -31.7    |
| time/              |          |
|    episodes        | 32       |
|    fps             | 1        |
|    time_elapsed    | 1203     |
|    total_timesteps | 1245     |
---------------------------------
---------------------------------
| rollout/           |          |
|    ep_len_mean     | 39.6     |
|    ep_rew_mean     | -31.2    |
| time/              |          |
|    episodes        | 36       |
|    fps             | 1        |
|    time_elapsed    | 1381     |
|    total_timesteps | 1427     |
---------------------------------
---------------------------------
| rollout/           |          |
|    ep_len_mean     | 41.5     |
|    ep_rew_mean     | -30.2    |
| time/              |          |
|    episodes        | 40       |
|    fps             | 1        |
|    time_elapsed    | 1605     |
|    total_timesteps | 1658     |
---------------------------------
---------------------------------
| rollout/           |          |
|    ep_len_mean     | 41.5     |
|    ep_rew_mean     | -30.2    |
| time/              |          |
|    episodes        | 44       |
|    fps             | 1        |
|    time_elapsed    | 1769     |
|    total_timesteps | 1828     |
---------------------------------
---------------------------------
| rollout/           |          |
|    ep_len_mean     | 43.4     |
|    ep_rew_mean     | -29.9    |
| time/              |          |
|    episodes        | 48       |
|    fps             | 1        |
|    time_elapsed    | 2030     |
|    total_timesteps | 2085     |
| train/             |          |
|    actor_loss      | 0.622    |
|    critic_loss     | 9.11     |
|    ent_coef        | 0.005    |
|    learning_rate   | 0.0001   |
|    n_updates       | 84       |
---------------------------------
---------------------------------
| rollout/           |          |
|    ep_len_mean     | 43.4     |
|    ep_rew_mean     | -29.7    |
| time/              |          |
|    episodes        | 52       |
|    fps             | 1        |
|    time_elapsed    | 2222     |
|    total_timesteps | 2257     |
| train/             |          |
|    actor_loss      | 0.0096   |
|    critic_loss     | 15.1     |
|    ent_coef        | 0.005    |
|    learning_rate   | 0.0001   |
|    n_updates       | 256      |
---------------------------------
---------------------------------
| rollout/           |          |
|    ep_len_mean     | 43.7     |
|    ep_rew_mean     | -29.7    |
| time/              |          |
|    episodes        | 56       |
|    fps             | 1        |
|    time_elapsed    | 2424     |
|    total_timesteps | 2445     |
| train/             |          |
|    actor_loss      | 0.898    |
|    critic_loss     | 6.64     |
|    ent_coef        | 0.005    |
|    learning_rate   | 0.0001   |
|    n_updates       | 444      |
---------------------------------
---------------------------------
| rollout/           |          |
|    ep_len_mean     | 45.7     |
|    ep_rew_mean     | -30.2    |
| time/              |          |
|    episodes        | 60       |
|    fps             | 0        |
|    time_elapsed    | 2769     |
|    total_timesteps | 2744     |
| train/             |          |
|    actor_loss      | 0.908    |
|    critic_loss     | 2.52     |
|    ent_coef        | 0.005    |
|    learning_rate   | 0.0001   |
|    n_updates       | 743      |
---------------------------------
---------------------------------
| rollout/           |          |
|    ep_len_mean     | 46.2     |
|    ep_rew_mean     | -29.8    |
| time/              |          |
|    episodes        | 64       |
|    fps             | 0        |
|    time_elapsed    | 3013     |
|    total_timesteps | 2960     |
| train/             |          |
|    actor_loss      | 1.05     |
|    critic_loss     | 2.36     |
|    ent_coef        | 0.005    |
|    learning_rate   | 0.0001   |
|    n_updates       | 959      |
---------------------------------
---------------------------------
| rollout/           |          |
|    ep_len_mean     | 45.9     |
|    ep_rew_mean     | -29.5    |
| time/              |          |
|    episodes        | 68       |
|    fps             | 0        |
|    time_elapsed    | 3190     |
|    total_timesteps | 3121     |
| train/             |          |
|    actor_loss      | 0.974    |
|    critic_loss     | 2.45     |
|    ent_coef        | 0.005    |
|    learning_rate   | 0.0001   |
|    n_updates       | 1120     |
---------------------------------
---------------------------------
| rollout/           |          |
|    ep_len_mean     | 45.9     |
|    ep_rew_mean     | -29.5    |
| time/              |          |
|    episodes        | 72       |
|    fps             | 0        |
|    time_elapsed    | 3394     |
|    total_timesteps | 3303     |
| train/             |          |
|    actor_loss      | 0.966    |
|    critic_loss     | 0.479    |
|    ent_coef        | 0.005    |
|    learning_rate   | 0.0001   |
|    n_updates       | 1302     |
---------------------------------
---------------------------------
| rollout/           |          |
|    ep_len_mean     | 46.5     |
|    ep_rew_mean     | -29.4    |
| time/              |          |
|    episodes        | 76       |
|    fps             | 0        |
|    time_elapsed    | 3646     |
|    total_timesteps | 3531     |
| train/             |          |
|    actor_loss      | 1.66     |
|    critic_loss     | 0.916    |
|    ent_coef        | 0.005    |
|    learning_rate   | 0.0001   |
|    n_updates       | 1530     |
---------------------------------
---------------------------------
| rollout/           |          |
|    ep_len_mean     | 47       |
|    ep_rew_mean     | -29.4    |
| time/              |          |
|    episodes        | 80       |
|    fps             | 0        |
|    time_elapsed    | 3908     |
|    total_timesteps | 3762     |
| train/             |          |
|    actor_loss      | 1.61     |
|    critic_loss     | 2.86     |
|    ent_coef        | 0.005    |
|    learning_rate   | 0.0001   |
|    n_updates       | 1761     |
---------------------------------
---------------------------------
| rollout/           |          |
|    ep_len_mean     | 46.9     |
|    ep_rew_mean     | -29      |
| time/              |          |
|    episodes        | 84       |
|    fps             | 0        |
|    time_elapsed    | 4110     |
|    total_timesteps | 3936     |
| train/             |          |
|    actor_loss      | 1.93     |
|    critic_loss     | 3.36     |
|    ent_coef        | 0.005    |
|    learning_rate   | 0.0001   |
|    n_updates       | 1935     |
---------------------------------
---------------------------------
| rollout/           |          |
|    ep_len_mean     | 49       |
|    ep_rew_mean     | -29.8    |
| time/              |          |
|    episodes        | 88       |
|    fps             | 0        |
|    time_elapsed    | 4533     |
|    total_timesteps | 4314     |
| train/             |          |
|    actor_loss      | 1.36     |
|    critic_loss     | 0.648    |
|    ent_coef        | 0.005    |
|    learning_rate   | 0.0001   |
|    n_updates       | 2313     |
---------------------------------
---------------------------------
| rollout/           |          |
|    ep_len_mean     | 48.4     |
|    ep_rew_mean     | -29.6    |
| time/              |          |
|    episodes        | 92       |
|    fps             | 0        |
|    time_elapsed    | 4691     |
|    total_timesteps | 4454     |
| train/             |          |
|    actor_loss      | 1.65     |
|    critic_loss     | 0.791    |
|    ent_coef        | 0.005    |
|    learning_rate   | 0.0001   |
|    n_updates       | 2453     |
---------------------------------
---------------------------------
| rollout/           |          |
|    ep_len_mean     | 48.7     |
|    ep_rew_mean     | -30.6    |
| time/              |          |
|    episodes        | 96       |
|    fps             | 0        |
|    time_elapsed    | 4936     |
|    total_timesteps | 4674     |
| train/             |          |
|    actor_loss      | 1.98     |
|    critic_loss     | 1.94     |
|    ent_coef        | 0.005    |
|    learning_rate   | 0.0001   |
|    n_updates       | 2673     |
---------------------------------
---------------------------------
| rollout/           |          |
|    ep_len_mean     | 48.3     |
|    ep_rew_mean     | -30.7    |
| time/              |          |
|    episodes        | 100      |
|    fps             | 0        |
|    time_elapsed    | 5109     |
|    total_timesteps | 4829     |
| train/             |          |
|    actor_loss      | 1.76     |
|    critic_loss     | 3.49     |
|    ent_coef        | 0.005    |
|    learning_rate   | 0.0001   |
|    n_updates       | 2828     |
---------------------------------
---------------------------------
| rollout/           |          |
|    ep_len_mean     | 49.5     |
|    ep_rew_mean     | -30.7    |
| time/              |          |
|    episodes        | 104      |
|    fps             | 0        |
|    time_elapsed    | 5410     |
|    total_timesteps | 5095     |
| train/             |          |
|    actor_loss      | 2.19     |
|    critic_loss     | 1.06     |
|    ent_coef        | 0.005    |
|    learning_rate   | 0.0001   |
|    n_updates       | 3094     |
---------------------------------
---------------------------------
| rollout/           |          |
|    ep_len_mean     | 49.2     |
|    ep_rew_mean     | -30      |
| time/              |          |
|    episodes        | 108      |
|    fps             | 0        |
|    time_elapsed    | 5523     |
|    total_timesteps | 5199     |
| train/             |          |
|    actor_loss      | 1.76     |
|    critic_loss     | 1.52     |
|    ent_coef        | 0.005    |
|    learning_rate   | 0.0001   |
|    n_updates       | 3198     |
---------------------------------
---------------------------------
| rollout/           |          |
|    ep_len_mean     | 51.3     |
|    ep_rew_mean     | -30      |
| time/              |          |
|    episodes        | 112      |
|    fps             | 0        |
|    time_elapsed    | 5935     |
|    total_timesteps | 5563     |
| train/             |          |
|    actor_loss      | 2.69     |
|    critic_loss     | 1.23     |
|    ent_coef        | 0.005    |
|    learning_rate   | 0.0001   |
|    n_updates       | 3562     |
---------------------------------
---------------------------------
| rollout/           |          |
|    ep_len_mean     | 50.9     |
|    ep_rew_mean     | -29.7    |
| time/              |          |
|    episodes        | 116      |
|    fps             | 0        |
|    time_elapsed    | 6102     |
|    total_timesteps | 5709     |
| train/             |          |
|    actor_loss      | 1.87     |
|    critic_loss     | 0.587    |
|    ent_coef        | 0.005    |
|    learning_rate   | 0.0001   |
|    n_updates       | 3708     |
---------------------------------
---------------------------------
| rollout/           |          |
|    ep_len_mean     | 51.5     |
|    ep_rew_mean     | -29.4    |
| time/              |          |
|    episodes        | 120      |
|    fps             | 0        |
|    time_elapsed    | 6362     |
|    total_timesteps | 5936     |
| train/             |          |
|    actor_loss      | 2.48     |
|    critic_loss     | 1.96     |
|    ent_coef        | 0.005    |
|    learning_rate   | 0.0001   |
|    n_updates       | 3935     |
---------------------------------
---------------------------------
| rollout/           |          |
|    ep_len_mean     | 53.1     |
|    ep_rew_mean     | -29.8    |
| time/              |          |
|    episodes        | 124      |
|    fps             | 0        |
|    time_elapsed    | 6762     |
|    total_timesteps | 6279     |
| train/             |          |
|    actor_loss      | 2.03     |
|    critic_loss     | 1.96     |
|    ent_coef        | 0.005    |
|    learning_rate   | 0.0001   |
|    n_updates       | 4278     |
---------------------------------
---------------------------------
| rollout/           |          |
|    ep_len_mean     | 54       |
|    ep_rew_mean     | -31.7    |
| time/              |          |
|    episodes        | 128      |
|    fps             | 0        |
|    time_elapsed    | 7014     |
|    total_timesteps | 6498     |
| train/             |          |
|    actor_loss      | 2.79     |
|    critic_loss     | 1.1      |
|    ent_coef        | 0.005    |
|    learning_rate   | 0.0001   |
|    n_updates       | 4497     |
---------------------------------
---------------------------------
| rollout/           |          |
|    ep_len_mean     | 53.9     |
|    ep_rew_mean     | -31.4    |
| time/              |          |
|    episodes        | 132      |
|    fps             | 0        |
|    time_elapsed    | 7171     |
|    total_timesteps | 6636     |
| train/             |          |
|    actor_loss      | 2.3      |
|    critic_loss     | 4.02     |
|    ent_coef        | 0.005    |
|    learning_rate   | 0.0001   |
|    n_updates       | 4635     |
---------------------------------
---------------------------------
| rollout/           |          |
|    ep_len_mean     | 54.5     |
|    ep_rew_mean     | -33.4    |
| time/              |          |
|    episodes        | 136      |
|    fps             | 0        |
|    time_elapsed    | 7444     |
|    total_timesteps | 6874     |
| train/             |          |
|    actor_loss      | 2.88     |
|    critic_loss     | 4.12     |
|    ent_coef        | 0.005    |
|    learning_rate   | 0.0001   |
|    n_updates       | 4873     |
---------------------------------
---------------------------------
| rollout/           |          |
|    ep_len_mean     | 53.5     |
|    ep_rew_mean     | -33.7    |
| time/              |          |
|    episodes        | 140      |
|    fps             | 0        |
|    time_elapsed    | 7589     |
|    total_timesteps | 7003     |
| train/             |          |
|    actor_loss      | 2.21     |
|    critic_loss     | 2.07     |
|    ent_coef        | 0.005    |
|    learning_rate   | 0.0001   |
|    n_updates       | 5002     |
---------------------------------
---------------------------------
| rollout/           |          |
|    ep_len_mean     | 57.1     |
|    ep_rew_mean     | -34.6    |
| time/              |          |
|    episodes        | 144      |
|    fps             | 0        |
|    time_elapsed    | 8223     |
|    total_timesteps | 7543     |
| train/             |          |
|    actor_loss      | 2.54     |
|    critic_loss     | 2.71     |
|    ent_coef        | 0.005    |
|    learning_rate   | 0.0001   |
|    n_updates       | 5542     |
---------------------------------
---------------------------------
| rollout/           |          |
|    ep_len_mean     | 57.3     |
|    ep_rew_mean     | -34.7    |
| time/              |          |
|    episodes        | 148      |
|    fps             | 0        |
|    time_elapsed    | 8532     |
|    total_timesteps | 7811     |
| train/             |          |
|    actor_loss      | 3        |
|    critic_loss     | 2.82     |
|    ent_coef        | 0.005    |
|    learning_rate   | 0.0001   |
|    n_updates       | 5810     |
---------------------------------
---------------------------------
| rollout/           |          |
|    ep_len_mean     | 58.2     |
|    ep_rew_mean     | -34.5    |
| time/              |          |
|    episodes        | 152      |
|    fps             | 0        |
|    time_elapsed    | 8842     |
|    total_timesteps | 8080     |
| train/             |          |
|    actor_loss      | 2.26     |
|    critic_loss     | 1.08     |
|    ent_coef        | 0.005    |
|    learning_rate   | 0.0001   |
|    n_updates       | 6079     |
---------------------------------
---------------------------------
| rollout/           |          |
|    ep_len_mean     | 60.9     |
|    ep_rew_mean     | -34.1    |
| time/              |          |
|    episodes        | 156      |
|    fps             | 0        |
|    time_elapsed    | 9367     |
|    total_timesteps | 8533     |
| train/             |          |
|    actor_loss      | 2.34     |
|    critic_loss     | 1.77     |
|    ent_coef        | 0.005    |
|    learning_rate   | 0.0001   |
|    n_updates       | 6532     |
---------------------------------
---------------------------------
| rollout/           |          |
|    ep_len_mean     | 59.8     |
|    ep_rew_mean     | -33.7    |
| time/              |          |
|    episodes        | 160      |
|    fps             | 0        |
|    time_elapsed    | 9589     |
|    total_timesteps | 8728     |
| train/             |          |
|    actor_loss      | 2.76     |
|    critic_loss     | 1.45     |
|    ent_coef        | 0.005    |
|    learning_rate   | 0.0001   |
|    n_updates       | 6727     |
---------------------------------
---------------------------------
| rollout/           |          |
|    ep_len_mean     | 59.2     |
|    ep_rew_mean     | -33.6    |
| time/              |          |
|    episodes        | 164      |
|    fps             | 0        |
|    time_elapsed    | 9768     |
|    total_timesteps | 8885     |
| train/             |          |
|    actor_loss      | 2.47     |
|    critic_loss     | 1.17     |
|    ent_coef        | 0.005    |
|    learning_rate   | 0.0001   |
|    n_updates       | 6884     |
---------------------------------
---------------------------------
| rollout/           |          |
|    ep_len_mean     | 58.8     |
|    ep_rew_mean     | -33.9    |
| time/              |          |
|    episodes        | 168      |
|    fps             | 0        |
|    time_elapsed    | 9893     |
|    total_timesteps | 8998     |
| train/             |          |
|    actor_loss      | 2.31     |
|    critic_loss     | 1.97     |
|    ent_coef        | 0.005    |
|    learning_rate   | 0.0001   |
|    n_updates       | 6997     |
---------------------------------
---------------------------------
| rollout/           |          |
|    ep_len_mean     | 58.7     |
|    ep_rew_mean     | -33.6    |
| time/              |          |
|    episodes        | 172      |
|    fps             | 0        |
|    time_elapsed    | 10093    |
|    total_timesteps | 9173     |
| train/             |          |
|    actor_loss      | 2.26     |
|    critic_loss     | 0.86     |
|    ent_coef        | 0.005    |
|    learning_rate   | 0.0001   |
|    n_updates       | 7172     |
---------------------------------
---------------------------------
| rollout/           |          |
|    ep_len_mean     | 58.7     |
|    ep_rew_mean     | -33.9    |
| time/              |          |
|    episodes        | 176      |
|    fps             | 0        |
|    time_elapsed    | 10358    |
|    total_timesteps | 9404     |
| train/             |          |
|    actor_loss      | 2.58     |
|    critic_loss     | 1.04     |
|    ent_coef        | 0.005    |
|    learning_rate   | 0.0001   |
|    n_updates       | 7403     |
---------------------------------
---------------------------------
| rollout/           |          |
|    ep_len_mean     | 58.2     |
|    ep_rew_mean     | -33.7    |
| time/              |          |
|    episodes        | 180      |
|    fps             | 0        |
|    time_elapsed    | 10558    |
|    total_timesteps | 9579     |
| train/             |          |
|    actor_loss      | 2.42     |
|    critic_loss     | 1.18     |
|    ent_coef        | 0.005    |
|    learning_rate   | 0.0001   |
|    n_updates       | 7578     |
---------------------------------
---------------------------------
| rollout/           |          |
|    ep_len_mean     | 58.2     |
|    ep_rew_mean     | -33.8    |
| time/              |          |
|    episodes        | 184      |
|    fps             | 0        |
|    time_elapsed    | 10760    |
|    total_timesteps | 9754     |
| train/             |          |
|    actor_loss      | 2.13     |
|    critic_loss     | 0.851    |
|    ent_coef        | 0.005    |
|    learning_rate   | 0.0001   |
|    n_updates       | 7753     |
---------------------------------
---------------------------------
| rollout/           |          |
|    ep_len_mean     | 56.8     |
|    ep_rew_mean     | -33      |
| time/              |          |
|    episodes        | 188      |
|    fps             | 0        |
|    time_elapsed    | 11025    |
|    total_timesteps | 9994     |
| train/             |          |
|    actor_loss      | 2.83     |
|    critic_loss     | 1.5      |
|    ent_coef        | 0.005    |
|    learning_rate   | 0.0001   |
|    n_updates       | 7993     |
---------------------------------
---------------------------------
| rollout/           |          |
|    ep_len_mean     | 57.9     |
|    ep_rew_mean     | -32.9    |
| time/              |          |
|    episodes        | 192      |
|    fps             | 0        |
|    time_elapsed    | 11310    |
|    total_timesteps | 10240    |
| train/             |          |
|    actor_loss      | 2.59     |
|    critic_loss     | 1.56     |
|    ent_coef        | 0.005    |
|    learning_rate   | 0.0001   |
|    n_updates       | 8239     |
---------------------------------
---------------------------------
| rollout/           |          |
|    ep_len_mean     | 56.8     |
|    ep_rew_mean     | -31.9    |
| time/              |          |
|    episodes        | 196      |
|    fps             | 0        |
|    time_elapsed    | 11438    |
|    total_timesteps | 10355    |
| train/             |          |
|    actor_loss      | 3.23     |
|    critic_loss     | 2.18     |
|    ent_coef        | 0.005    |
|    learning_rate   | 0.0001   |
|    n_updates       | 8354     |
---------------------------------
---------------------------------
| rollout/           |          |
|    ep_len_mean     | 57       |
|    ep_rew_mean     | -31.7    |
| time/              |          |
|    episodes        | 200      |
|    fps             | 0        |
|    time_elapsed    | 11630    |
|    total_timesteps | 10527    |
| train/             |          |
|    actor_loss      | 2.43     |
|    critic_loss     | 0.43     |
|    ent_coef        | 0.005    |
|    learning_rate   | 0.0001   |
|    n_updates       | 8526     |
---------------------------------
---------------------------------
| rollout/           |          |
|    ep_len_mean     | 56       |
|    ep_rew_mean     | -31.6    |
| time/              |          |
|    episodes        | 204      |
|    fps             | 0        |
|    time_elapsed    | 11821    |
|    total_timesteps | 10695    |
| train/             |          |
|    actor_loss      | 2.67     |
|    critic_loss     | 0.828    |
|    ent_coef        | 0.005    |
|    learning_rate   | 0.0001   |
|    n_updates       | 8694     |
---------------------------------
---------------------------------
| rollout/           |          |
|    ep_len_mean     | 56.6     |
|    ep_rew_mean     | -32.2    |
| time/              |          |
|    episodes        | 208      |
|    fps             | 0        |
|    time_elapsed    | 12000    |
|    total_timesteps | 10857    |
| train/             |          |
|    actor_loss      | 2.61     |
|    critic_loss     | 1.16     |
|    ent_coef        | 0.005    |
|    learning_rate   | 0.0001   |
|    n_updates       | 8856     |
---------------------------------
---------------------------------
| rollout/           |          |
|    ep_len_mean     | 55.8     |
|    ep_rew_mean     | -32.3    |
| time/              |          |
|    episodes        | 212      |
|    fps             | 0        |
|    time_elapsed    | 12329    |
|    total_timesteps | 11144    |
| train/             |          |
|    actor_loss      | 2.57     |
|    critic_loss     | 1.98     |
|    ent_coef        | 0.005    |
|    learning_rate   | 0.0001   |
|    n_updates       | 9143     |
---------------------------------
---------------------------------
| rollout/           |          |
|    ep_len_mean     | 57.3     |
|    ep_rew_mean     | -37      |
| time/              |          |
|    episodes        | 216      |
|    fps             | 0        |
|    time_elapsed    | 12674    |
|    total_timesteps | 11441    |
| train/             |          |
|    actor_loss      | 2.94     |
|    critic_loss     | 1.06     |
|    ent_coef        | 0.005    |
|    learning_rate   | 0.0001   |
|    n_updates       | 9440     |
---------------------------------
---------------------------------
| rollout/           |          |
|    ep_len_mean     | 58.2     |
|    ep_rew_mean     | -36.9    |
| time/              |          |
|    episodes        | 220      |
|    fps             | 0        |
|    time_elapsed    | 13041    |
|    total_timesteps | 11759    |
| train/             |          |
|    actor_loss      | 2.67     |
|    critic_loss     | 1.38     |
|    ent_coef        | 0.005    |
|    learning_rate   | 0.0001   |
|    n_updates       | 9758     |
---------------------------------
---------------------------------
| rollout/           |          |
|    ep_len_mean     | 57       |
|    ep_rew_mean     | -36      |
| time/              |          |
|    episodes        | 224      |
|    fps             | 0        |
|    time_elapsed    | 13295    |
|    total_timesteps | 11980    |
| train/             |          |
|    actor_loss      | 2.45     |
|    critic_loss     | 0.979    |
|    ent_coef        | 0.005    |
|    learning_rate   | 0.0001   |
|    n_updates       | 9979     |
---------------------------------
---------------------------------
| rollout/           |          |
|    ep_len_mean     | 57.4     |
|    ep_rew_mean     | -34      |
| time/              |          |
|    episodes        | 228      |
|    fps             | 0        |
|    time_elapsed    | 13589    |
|    total_timesteps | 12235    |
| train/             |          |
|    actor_loss      | 2.25     |
|    critic_loss     | 1.15     |
|    ent_coef        | 0.005    |
|    learning_rate   | 0.0001   |
|    n_updates       | 10234    |
---------------------------------
---------------------------------
| rollout/           |          |
|    ep_len_mean     | 57.6     |
|    ep_rew_mean     | -34.1    |
| time/              |          |
|    episodes        | 232      |
|    fps             | 0        |
|    time_elapsed    | 13773    |
|    total_timesteps | 12396    |
| train/             |          |
|    actor_loss      | 2.9      |
|    critic_loss     | 1.05     |
|    ent_coef        | 0.005    |
|    learning_rate   | 0.0001   |
|    n_updates       | 10395    |
---------------------------------
---------------------------------
| rollout/           |          |
|    ep_len_mean     | 57.5     |
|    ep_rew_mean     | -31.8    |
| time/              |          |
|    episodes        | 236      |
|    fps             | 0        |
|    time_elapsed    | 14031    |
|    total_timesteps | 12622    |
| train/             |          |
|    actor_loss      | 3.16     |
|    critic_loss     | 3.52     |
|    ent_coef        | 0.005    |
|    learning_rate   | 0.0001   |
|    n_updates       | 10621    |
---------------------------------
---------------------------------
| rollout/           |          |
|    ep_len_mean     | 60.5     |
|    ep_rew_mean     | -31.1    |
| time/              |          |
|    episodes        | 240      |
|    fps             | 0        |
|    time_elapsed    | 14521    |
|    total_timesteps | 13050    |
| train/             |          |
|    actor_loss      | 2.37     |
|    critic_loss     | 0.776    |
|    ent_coef        | 0.005    |
|    learning_rate   | 0.0001   |
|    n_updates       | 11049    |
---------------------------------
---------------------------------
| rollout/           |          |
|    ep_len_mean     | 56.6     |
|    ep_rew_mean     | -30.6    |
| time/              |          |
|    episodes        | 244      |
|    fps             | 0        |
|    time_elapsed    | 14694    |
|    total_timesteps | 13202    |
| train/             |          |
|    actor_loss      | 3.05     |
|    critic_loss     | 1.36     |
|    ent_coef        | 0.005    |
|    learning_rate   | 0.0001   |
|    n_updates       | 11201    |
---------------------------------
---------------------------------
| rollout/           |          |
|    ep_len_mean     | 55.4     |
|    ep_rew_mean     | -30.3    |
| time/              |          |
|    episodes        | 248      |
|    fps             | 0        |
|    time_elapsed    | 14856    |
|    total_timesteps | 13346    |
| train/             |          |
|    actor_loss      | 2.79     |
|    critic_loss     | 1.64     |
|    ent_coef        | 0.005    |
|    learning_rate   | 0.0001   |
|    n_updates       | 11345    |
---------------------------------
---------------------------------
| rollout/           |          |
|    ep_len_mean     | 54.3     |
|    ep_rew_mean     | -30.6    |
| time/              |          |
|    episodes        | 252      |
|    fps             | 0        |
|    time_elapsed    | 15038    |
|    total_timesteps | 13508    |
| train/             |          |
|    actor_loss      | 3.34     |
|    critic_loss     | 1.28     |
|    ent_coef        | 0.005    |
|    learning_rate   | 0.0001   |
|    n_updates       | 11507    |
---------------------------------
---------------------------------
| rollout/           |          |
|    ep_len_mean     | 52.8     |
|    ep_rew_mean     | -31.2    |
| time/              |          |
|    episodes        | 256      |
|    fps             | 0        |
|    time_elapsed    | 15372    |
|    total_timesteps | 13809    |
| train/             |          |
|    actor_loss      | 2.27     |
|    critic_loss     | 1.2      |
|    ent_coef        | 0.005    |
|    learning_rate   | 0.0001   |
|    n_updates       | 11808    |
---------------------------------
---------------------------------
| rollout/           |          |
|    ep_len_mean     | 52.8     |
|    ep_rew_mean     | -31.1    |
| time/              |          |
|    episodes        | 260      |
|    fps             | 0        |
|    time_elapsed    | 15593    |
|    total_timesteps | 14004    |
| train/             |          |
|    actor_loss      | 3.38     |
|    critic_loss     | 1.11     |
|    ent_coef        | 0.005    |
|    learning_rate   | 0.0001   |
|    n_updates       | 12003    |
---------------------------------
---------------------------------
| rollout/           |          |
|    ep_len_mean     | 52.5     |
|    ep_rew_mean     | -31.9    |
| time/              |          |
|    episodes        | 264      |
|    fps             | 0        |
|    time_elapsed    | 15738    |
|    total_timesteps | 14137    |
| train/             |          |
|    actor_loss      | 3.61     |
|    critic_loss     | 1.35     |
|    ent_coef        | 0.005    |
|    learning_rate   | 0.0001   |
|    n_updates       | 12136    |
---------------------------------
---------------------------------
| rollout/           |          |
|    ep_len_mean     | 55.1     |
|    ep_rew_mean     | -31.3    |
| time/              |          |
|    episodes        | 268      |
|    fps             | 0        |
|    time_elapsed    | 16170    |
|    total_timesteps | 14511    |
| train/             |          |
|    actor_loss      | 2.71     |
|    critic_loss     | 1.35     |
|    ent_coef        | 0.005    |
|    learning_rate   | 0.0001   |
|    n_updates       | 12510    |
---------------------------------
---------------------------------
| rollout/           |          |
|    ep_len_mean     | 55       |
|    ep_rew_mean     | -31.6    |
| time/              |          |
|    episodes        | 272      |
|    fps             | 0        |
|    time_elapsed    | 16356    |
|    total_timesteps | 14678    |
| train/             |          |
|    actor_loss      | 2.97     |
|    critic_loss     | 0.771    |
|    ent_coef        | 0.005    |
|    learning_rate   | 0.0001   |
|    n_updates       | 12677    |
---------------------------------
---------------------------------
| rollout/           |          |
|    ep_len_mean     | 54.5     |
|    ep_rew_mean     | -31.4    |
| time/              |          |
|    episodes        | 276      |
|    fps             | 0        |
|    time_elapsed    | 16553    |
|    total_timesteps | 14855    |
| train/             |          |
|    actor_loss      | 2.44     |
|    critic_loss     | 1.11     |
|    ent_coef        | 0.005    |
|    learning_rate   | 0.0001   |
|    n_updates       | 12854    |
---------------------------------
---------------------------------
| rollout/           |          |
|    ep_len_mean     | 55.6     |
|    ep_rew_mean     | -31.2    |
| time/              |          |
|    episodes        | 280      |
|    fps             | 0        |
|    time_elapsed    | 16878    |
|    total_timesteps | 15137    |
| train/             |          |
|    actor_loss      | 3.05     |
|    critic_loss     | 1.08     |
|    ent_coef        | 0.005    |
|    learning_rate   | 0.0001   |
|    n_updates       | 13136    |
---------------------------------
---------------------------------
| rollout/           |          |
|    ep_len_mean     | 56.6     |
|    ep_rew_mean     | -30.9    |
| time/              |          |
|    episodes        | 284      |
|    fps             | 0        |
|    time_elapsed    | 17201    |
|    total_timesteps | 15417    |
| train/             |          |
|    actor_loss      | 3.06     |
|    critic_loss     | 0.839    |
|    ent_coef        | 0.005    |
|    learning_rate   | 0.0001   |
|    n_updates       | 13416    |
---------------------------------
---------------------------------
| rollout/           |          |
|    ep_len_mean     | 58.2     |
|    ep_rew_mean     | -30.4    |
| time/              |          |
|    episodes        | 288      |
|    fps             | 0        |
|    time_elapsed    | 17665    |
|    total_timesteps | 15819    |
| train/             |          |
|    actor_loss      | 3.6      |
|    critic_loss     | 1.97     |
|    ent_coef        | 0.005    |
|    learning_rate   | 0.0001   |
|    n_updates       | 13818    |
---------------------------------
---------------------------------
| rollout/           |          |
|    ep_len_mean     | 58.7     |
|    ep_rew_mean     | -30.9    |
| time/              |          |
|    episodes        | 292      |
|    fps             | 0        |
|    time_elapsed    | 17994    |
|    total_timesteps | 16108    |
| train/             |          |
|    actor_loss      | 2.9      |
|    critic_loss     | 0.6      |
|    ent_coef        | 0.005    |
|    learning_rate   | 0.0001   |
|    n_updates       | 14107    |
---------------------------------
---------------------------------
| rollout/           |          |
|    ep_len_mean     | 59       |
|    ep_rew_mean     | -31.1    |
| time/              |          |
|    episodes        | 296      |
|    fps             | 0        |
|    time_elapsed    | 18157    |
|    total_timesteps | 16257    |
| train/             |          |
|    actor_loss      | 3.81     |
|    critic_loss     | 1.58     |
|    ent_coef        | 0.005    |
|    learning_rate   | 0.0001   |
|    n_updates       | 14256    |
---------------------------------
---------------------------------
| rollout/           |          |
|    ep_len_mean     | 61.1     |
|    ep_rew_mean     | -30.3    |
| time/              |          |
|    episodes        | 300      |
|    fps             | 0        |
|    time_elapsed    | 18593    |
|    total_timesteps | 16634    |
| train/             |          |
|    actor_loss      | 2.6      |
|    critic_loss     | 0.631    |
|    ent_coef        | 0.005    |
|    learning_rate   | 0.0001   |
|    n_updates       | 14633    |
---------------------------------
---------------------------------
| rollout/           |          |
|    ep_len_mean     | 61.8     |
|    ep_rew_mean     | -30.3    |
| time/              |          |
|    episodes        | 304      |
|    fps             | 0        |
|    time_elapsed    | 18860    |
|    total_timesteps | 16870    |
| train/             |          |
|    actor_loss      | 3.24     |
|    critic_loss     | 1.11     |
|    ent_coef        | 0.005    |
|    learning_rate   | 0.0001   |
|    n_updates       | 14869    |
---------------------------------
---------------------------------
| rollout/           |          |
|    ep_len_mean     | 63.1     |
|    ep_rew_mean     | -29.4    |
| time/              |          |
|    episodes        | 308      |
|    fps             | 0        |
|    time_elapsed    | 19185    |
|    total_timesteps | 17166    |
| train/             |          |
|    actor_loss      | 4.25     |
|    critic_loss     | 0.867    |
|    ent_coef        | 0.005    |
|    learning_rate   | 0.0001   |
|    n_updates       | 15165    |
---------------------------------
---------------------------------
| rollout/           |          |
|    ep_len_mean     | 63.2     |
|    ep_rew_mean     | -29.4    |
| time/              |          |
|    episodes        | 312      |
|    fps             | 0        |
|    time_elapsed    | 19529    |
|    total_timesteps | 17466    |
| train/             |          |
|    actor_loss      | 2.91     |
|    critic_loss     | 0.892    |
|    ent_coef        | 0.005    |
|    learning_rate   | 0.0001   |
|    n_updates       | 15465    |
---------------------------------
---------------------------------
| rollout/           |          |
|    ep_len_mean     | 63.4     |
|    ep_rew_mean     | -24.6    |
| time/              |          |
|    episodes        | 316      |
|    fps             | 0        |
|    time_elapsed    | 19894    |
|    total_timesteps | 17785    |
| train/             |          |
|    actor_loss      | 2.86     |
|    critic_loss     | 1.74     |
|    ent_coef        | 0.005    |
|    learning_rate   | 0.0001   |
|    n_updates       | 15784    |
---------------------------------
---------------------------------
| rollout/           |          |
|    ep_len_mean     | 63.4     |
|    ep_rew_mean     | -25.1    |
| time/              |          |
|    episodes        | 320      |
|    fps             | 0        |
|    time_elapsed    | 20251    |
|    total_timesteps | 18100    |
| train/             |          |
|    actor_loss      | 2.89     |
|    critic_loss     | 0.775    |
|    ent_coef        | 0.005    |
|    learning_rate   | 0.0001   |
|    n_updates       | 16099    |
---------------------------------
---------------------------------
| rollout/           |          |
|    ep_len_mean     | 63.5     |
|    ep_rew_mean     | -25.2    |
| time/              |          |
|    episodes        | 324      |
|    fps             | 0        |
|    time_elapsed    | 20509    |
|    total_timesteps | 18328    |
| train/             |          |
|    actor_loss      | 2.8      |
|    critic_loss     | 1.52     |
|    ent_coef        | 0.005    |
|    learning_rate   | 0.0001   |
|    n_updates       | 16327    |
---------------------------------
---------------------------------
| rollout/           |          |
|    ep_len_mean     | 63.2     |
|    ep_rew_mean     | -25.2    |
| time/              |          |
|    episodes        | 328      |
|    fps             | 0        |
|    time_elapsed    | 20769    |
|    total_timesteps | 18556    |
| train/             |          |
|    actor_loss      | 3.36     |
|    critic_loss     | 1.06     |
|    ent_coef        | 0.005    |
|    learning_rate   | 0.0001   |
|    n_updates       | 16555    |
---------------------------------
---------------------------------
| rollout/           |          |
|    ep_len_mean     | 65       |
|    ep_rew_mean     | -25.3    |
| time/              |          |
|    episodes        | 332      |
|    fps             | 0        |
|    time_elapsed    | 21158    |
|    total_timesteps | 18897    |
| train/             |          |
|    actor_loss      | 3.7      |
|    critic_loss     | 1.55     |
|    ent_coef        | 0.005    |
|    learning_rate   | 0.0001   |
|    n_updates       | 16896    |
---------------------------------
---------------------------------
| rollout/           |          |
|    ep_len_mean     | 65.4     |
|    ep_rew_mean     | -25.8    |
| time/              |          |
|    episodes        | 336      |
|    fps             | 0        |
|    time_elapsed    | 21458    |
|    total_timesteps | 19158    |
| train/             |          |
|    actor_loss      | 3.43     |
|    critic_loss     | 0.756    |
|    ent_coef        | 0.005    |
|    learning_rate   | 0.0001   |
|    n_updates       | 17157    |
---------------------------------
---------------------------------
| rollout/           |          |
|    ep_len_mean     | 62.3     |
|    ep_rew_mean     | -26.5    |
| time/              |          |
|    episodes        | 340      |
|    fps             | 0        |
|    time_elapsed    | 21591    |
|    total_timesteps | 19281    |
| train/             |          |
|    actor_loss      | 2.65     |
|    critic_loss     | 1.02     |
|    ent_coef        | 0.005    |
|    learning_rate   | 0.0001   |
|    n_updates       | 17280    |
---------------------------------
---------------------------------
| rollout/           |          |
|    ep_len_mean     | 62.3     |
|    ep_rew_mean     | -26.3    |
| time/              |          |
|    episodes        | 344      |
|    fps             | 0        |
|    time_elapsed    | 21758    |
|    total_timesteps | 19433    |
| train/             |          |
|    actor_loss      | 3.69     |
|    critic_loss     | 1.02     |
|    ent_coef        | 0.005    |
|    learning_rate   | 0.0001   |
|    n_updates       | 17432    |
---------------------------------
---------------------------------
| rollout/           |          |
|    ep_len_mean     | 62.6     |
|    ep_rew_mean     | -26.3    |
| time/              |          |
|    episodes        | 348      |
|    fps             | 0        |
|    time_elapsed    | 21948    |
|    total_timesteps | 19605    |
| train/             |          |
|    actor_loss      | 3.73     |
|    critic_loss     | 2.37     |
|    ent_coef        | 0.005    |
|    learning_rate   | 0.0001   |
|    n_updates       | 17604    |
---------------------------------
---------------------------------
| rollout/           |          |
|    ep_len_mean     | 61.9     |
|    ep_rew_mean     | -26.7    |
| time/              |          |
|    episodes        | 352      |
|    fps             | 0        |
|    time_elapsed    | 22045    |
|    total_timesteps | 19694    |
| train/             |          |
|    actor_loss      | 2.96     |
|    critic_loss     | 1.58     |
|    ent_coef        | 0.005    |
|    learning_rate   | 0.0001   |
|    n_updates       | 17693    |
---------------------------------
---------------------------------
| rollout/           |          |
|    ep_len_mean     | 61.4     |
|    ep_rew_mean     | -26.7    |
| time/              |          |
|    episodes        | 356      |
|    fps             | 0        |
|    time_elapsed    | 22322    |
|    total_timesteps | 19947    |
| train/             |          |
|    actor_loss      | 3.46     |
|    critic_loss     | 2.1      |
|    ent_coef        | 0.005    |
|    learning_rate   | 0.0001   |
|    n_updates       | 17946    |
---------------------------------
---------------------------------
| rollout/           |          |
|    ep_len_mean     | 61.1     |
|    ep_rew_mean     | -26.9    |
| time/              |          |
|    episodes        | 360      |
|    fps             | 0        |
|    time_elapsed    | 22509    |
|    total_timesteps | 20117    |
| train/             |          |
|    actor_loss      | 3.24     |
|    critic_loss     | 0.638    |
|    ent_coef        | 0.005    |
|    learning_rate   | 0.0001   |
|    n_updates       | 18116    |
---------------------------------
---------------------------------
| rollout/           |          |
|    ep_len_mean     | 63.6     |
|    ep_rew_mean     | -27.8    |
| time/              |          |
|    episodes        | 364      |
|    fps             | 0        |
|    time_elapsed    | 22944    |
|    total_timesteps | 20496    |
| train/             |          |
|    actor_loss      | 4.16     |
|    critic_loss     | 1.08     |
|    ent_coef        | 0.005    |
|    learning_rate   | 0.0001   |
|    n_updates       | 18495    |
---------------------------------
---------------------------------
| rollout/           |          |
|    ep_len_mean     | 62.5     |
|    ep_rew_mean     | -27.9    |
| time/              |          |
|    episodes        | 368      |
|    fps             | 0        |
|    time_elapsed    | 23245    |
|    total_timesteps | 20762    |
| train/             |          |
|    actor_loss      | 3.67     |
|    critic_loss     | 1.31     |
|    ent_coef        | 0.005    |
|    learning_rate   | 0.0001   |
|    n_updates       | 18761    |
---------------------------------
---------------------------------
| rollout/           |          |
|    ep_len_mean     | 62.4     |
|    ep_rew_mean     | -27.7    |
| time/              |          |
|    episodes        | 372      |
|    fps             | 0        |
|    time_elapsed    | 23423    |
|    total_timesteps | 20919    |
| train/             |          |
|    actor_loss      | 3.15     |
|    critic_loss     | 1.1      |
|    ent_coef        | 0.005    |
|    learning_rate   | 0.0001   |
|    n_updates       | 18918    |
---------------------------------
---------------------------------
| rollout/           |          |
|    ep_len_mean     | 65       |
|    ep_rew_mean     | -27.3    |
| time/              |          |
|    episodes        | 376      |
|    fps             | 0        |
|    time_elapsed    | 23923    |
|    total_timesteps | 21354    |
| train/             |          |
|    actor_loss      | 3.02     |
|    critic_loss     | 0.956    |
|    ent_coef        | 0.005    |
|    learning_rate   | 0.0001   |
|    n_updates       | 19353    |
---------------------------------
---------------------------------
| rollout/           |          |
|    ep_len_mean     | 64.5     |
|    ep_rew_mean     | -28      |
| time/              |          |
|    episodes        | 380      |
|    fps             | 0        |
|    time_elapsed    | 24200    |
|    total_timesteps | 21592    |
| train/             |          |
|    actor_loss      | 3.53     |
|    critic_loss     | 7.61     |
|    ent_coef        | 0.005    |
|    learning_rate   | 0.0001   |
|    n_updates       | 19591    |
---------------------------------
---------------------------------
| rollout/           |          |
|    ep_len_mean     | 63.4     |
|    ep_rew_mean     | -28.5    |
| time/              |          |
|    episodes        | 384      |
|    fps             | 0        |
|    time_elapsed    | 24384    |
|    total_timesteps | 21754    |
| train/             |          |
|    actor_loss      | 3.23     |
|    critic_loss     | 1.09     |
|    ent_coef        | 0.005    |
|    learning_rate   | 0.0001   |
|    n_updates       | 19753    |
---------------------------------
---------------------------------
| rollout/           |          |
|    ep_len_mean     | 62       |
|    ep_rew_mean     | -28.7    |
| time/              |          |
|    episodes        | 388      |
|    fps             | 0        |
|    time_elapsed    | 24683    |
|    total_timesteps | 22014    |
| train/             |          |
|    actor_loss      | 3.88     |
|    critic_loss     | 0.957    |
|    ent_coef        | 0.005    |
|    learning_rate   | 0.0001   |
|    n_updates       | 20013    |
---------------------------------
---------------------------------
| rollout/           |          |
|    ep_len_mean     | 61.6     |
|    ep_rew_mean     | -28.4    |
| time/              |          |
|    episodes        | 392      |
|    fps             | 0        |
|    time_elapsed    | 24961    |
|    total_timesteps | 22265    |
| train/             |          |
|    actor_loss      | 4        |
|    critic_loss     | 0.971    |
|    ent_coef        | 0.005    |
|    learning_rate   | 0.0001   |
|    n_updates       | 20264    |
---------------------------------
---------------------------------
| rollout/           |          |
|    ep_len_mean     | 62.5     |
|    ep_rew_mean     | -28.2    |
| time/              |          |
|    episodes        | 396      |
|    fps             | 0        |
|    time_elapsed    | 25240    |
|    total_timesteps | 22510    |
| train/             |          |
|    actor_loss      | 3.05     |
|    critic_loss     | 0.637    |
|    ent_coef        | 0.005    |
|    learning_rate   | 0.0001   |
|    n_updates       | 20509    |
---------------------------------
---------------------------------
| rollout/           |          |
|    ep_len_mean     | 60.6     |
|    ep_rew_mean     | -29.1    |
| time/              |          |
|    episodes        | 400      |
|    fps             | 0        |
|    time_elapsed    | 25440    |
|    total_timesteps | 22690    |
| train/             |          |
|    actor_loss      | 3.49     |
|    critic_loss     | 0.473    |
|    ent_coef        | 0.005    |
|    learning_rate   | 0.0001   |
|    n_updates       | 20689    |
---------------------------------
---------------------------------
| rollout/           |          |
|    ep_len_mean     | 60.1     |
|    ep_rew_mean     | -29.6    |
| time/              |          |
|    episodes        | 404      |
|    fps             | 0        |
|    time_elapsed    | 25657    |
|    total_timesteps | 22884    |
| train/             |          |
|    actor_loss      | 3.81     |
|    critic_loss     | 0.887    |
|    ent_coef        | 0.005    |
|    learning_rate   | 0.0001   |
|    n_updates       | 20883    |
---------------------------------
---------------------------------
| rollout/           |          |
|    ep_len_mean     | 60       |
|    ep_rew_mean     | -30.5    |
| time/              |          |
|    episodes        | 408      |
|    fps             | 0        |
|    time_elapsed    | 25987    |
|    total_timesteps | 23167    |
| train/             |          |
|    actor_loss      | 3.74     |
|    critic_loss     | 1.54     |
|    ent_coef        | 0.005    |
|    learning_rate   | 0.0001   |
|    n_updates       | 21166    |
---------------------------------
---------------------------------
| rollout/           |          |
|    ep_len_mean     | 60.6     |
|    ep_rew_mean     | -30.7    |
| time/              |          |
|    episodes        | 412      |
|    fps             | 0        |
|    time_elapsed    | 26400    |
|    total_timesteps | 23524    |
| train/             |          |
|    actor_loss      | 3.39     |
|    critic_loss     | 1.57     |
|    ent_coef        | 0.005    |
|    learning_rate   | 0.0001   |
|    n_updates       | 21523    |
---------------------------------
---------------------------------
| rollout/           |          |
|    ep_len_mean     | 60.4     |
|    ep_rew_mean     | -30.8    |
| time/              |          |
|    episodes        | 416      |
|    fps             | 0        |
|    time_elapsed    | 26743    |
|    total_timesteps | 23824    |
| train/             |          |
|    actor_loss      | 3.19     |
|    critic_loss     | 0.691    |
|    ent_coef        | 0.005    |
|    learning_rate   | 0.0001   |
|    n_updates       | 21823    |
---------------------------------
---------------------------------
| rollout/           |          |
|    ep_len_mean     | 59.7     |
|    ep_rew_mean     | -30.5    |
| time/              |          |
|    episodes        | 420      |
|    fps             | 0        |
|    time_elapsed    | 27024    |
|    total_timesteps | 24071    |
| train/             |          |
|    actor_loss      | 2.89     |
|    critic_loss     | 0.672    |
|    ent_coef        | 0.005    |
|    learning_rate   | 0.0001   |
|    n_updates       | 22070    |
---------------------------------
---------------------------------
| rollout/           |          |
|    ep_len_mean     | 59.1     |
|    ep_rew_mean     | -30.6    |
| time/              |          |
|    episodes        | 424      |
|    fps             | 0        |
|    time_elapsed    | 27206    |
|    total_timesteps | 24236    |
| train/             |          |
|    actor_loss      | 3.06     |
|    critic_loss     | 0.688    |
|    ent_coef        | 0.005    |
|    learning_rate   | 0.0001   |
|    n_updates       | 22235    |
---------------------------------
---------------------------------
| rollout/           |          |
|    ep_len_mean     | 61       |
|    ep_rew_mean     | -30.2    |
| time/              |          |
|    episodes        | 428      |
|    fps             | 0        |
|    time_elapsed    | 27746    |
|    total_timesteps | 24655    |
| train/             |          |
|    actor_loss      | 3.77     |
|    critic_loss     | 1.31     |
|    ent_coef        | 0.005    |
|    learning_rate   | 0.0001   |
|    n_updates       | 22654    |
---------------------------------
---------------------------------
| rollout/           |          |
|    ep_len_mean     | 60.2     |
|    ep_rew_mean     | -30      |
| time/              |          |
|    episodes        | 432      |
|    fps             | 0        |
|    time_elapsed    | 28124    |
|    total_timesteps | 24917    |
| train/             |          |
|    actor_loss      | 3.5      |
|    critic_loss     | 1.4      |
|    ent_coef        | 0.005    |
|    learning_rate   | 0.0001   |
|    n_updates       | 22916    |
---------------------------------
---------------------------------
| rollout/           |          |
|    ep_len_mean     | 60.4     |
|    ep_rew_mean     | -29.6    |
| time/              |          |
|    episodes        | 436      |
|    fps             | 0        |
|    time_elapsed    | 28504    |
|    total_timesteps | 25197    |
| train/             |          |
|    actor_loss      | 3.61     |
|    critic_loss     | 0.906    |
|    ent_coef        | 0.005    |
|    learning_rate   | 0.0001   |
|    n_updates       | 23196    |
---------------------------------
---------------------------------
| rollout/           |          |
|    ep_len_mean     | 61.4     |
|    ep_rew_mean     | -29.4    |
| time/              |          |
|    episodes        | 440      |
|    fps             | 0        |
|    time_elapsed    | 28832    |
|    total_timesteps | 25417    |
| train/             |          |
|    actor_loss      | 3.45     |
|    critic_loss     | 1.17     |
|    ent_coef        | 0.005    |
|    learning_rate   | 0.0001   |
|    n_updates       | 23416    |
---------------------------------
