Using cuda device
Wrapping the env in a DummyVecEnv.
Logging to logs\sac_mpc_v2_arrival_262202\tensorboard\SAC_1
---------------------------------
| rollout/           |          |
|    ep_len_mean     | 84.8     |
|    ep_rew_mean     | -33.2    |
| time/              |          |
|    episodes        | 4        |
|    fps             | 0        |
|    time_elapsed    | 455      |
|    total_timesteps | 339      |
---------------------------------
---------------------------------
| rollout/           |          |
|    ep_len_mean     | 59.1     |
|    ep_rew_mean     | -31.9    |
| time/              |          |
|    episodes        | 8        |
|    fps             | 0        |
|    time_elapsed    | 675      |
|    total_timesteps | 473      |
---------------------------------
---------------------------------
| rollout/           |          |
|    ep_len_mean     | 56.6     |
|    ep_rew_mean     | -31.3    |
| time/              |          |
|    episodes        | 12       |
|    fps             | 0        |
|    time_elapsed    | 1012     |
|    total_timesteps | 679      |
---------------------------------
---------------------------------
| rollout/           |          |
|    ep_len_mean     | 56.2     |
|    ep_rew_mean     | -29      |
| time/              |          |
|    episodes        | 16       |
|    fps             | 0        |
|    time_elapsed    | 1387     |
|    total_timesteps | 899      |
---------------------------------
---------------------------------
| rollout/           |          |
|    ep_len_mean     | 53.4     |
|    ep_rew_mean     | -28.2    |
| time/              |          |
|    episodes        | 20       |
|    fps             | 0        |
|    time_elapsed    | 1662     |
|    total_timesteps | 1067     |
---------------------------------
---------------------------------
| rollout/           |          |
|    ep_len_mean     | 55.3     |
|    ep_rew_mean     | -27.4    |
| time/              |          |
|    episodes        | 24       |
|    fps             | 0        |
|    time_elapsed    | 2093     |
|    total_timesteps | 1328     |
---------------------------------
---------------------------------
| rollout/           |          |
|    ep_len_mean     | 55.8     |
|    ep_rew_mean     | -28.2    |
| time/              |          |
|    episodes        | 28       |
|    fps             | 0        |
|    time_elapsed    | 2480     |
|    total_timesteps | 1561     |
---------------------------------
---------------------------------
| rollout/           |          |
|    ep_len_mean     | 53.8     |
|    ep_rew_mean     | -27.8    |
| time/              |          |
|    episodes        | 32       |
|    fps             | 0        |
|    time_elapsed    | 2747     |
|    total_timesteps | 1721     |
---------------------------------
---------------------------------
| rollout/           |          |
|    ep_len_mean     | 53.8     |
|    ep_rew_mean     | -27.1    |
| time/              |          |
|    episodes        | 36       |
|    fps             | 0        |
|    time_elapsed    | 3116     |
|    total_timesteps | 1938     |
---------------------------------
---------------------------------
| rollout/           |          |
|    ep_len_mean     | 57.1     |
|    ep_rew_mean     | -26.1    |
| time/              |          |
|    episodes        | 40       |
|    fps             | 0        |
|    time_elapsed    | 3739     |
|    total_timesteps | 2283     |
| train/             |          |
|    actor_loss      | 0.559    |
|    critic_loss     | 7.92     |
|    ent_coef        | 0.005    |
|    learning_rate   | 0.0001   |
|    n_updates       | 282      |
---------------------------------
---------------------------------
| rollout/           |          |
|    ep_len_mean     | 61.1     |
|    ep_rew_mean     | -24.6    |
| time/              |          |
|    episodes        | 44       |
|    fps             | 0        |
|    time_elapsed    | 4477     |
|    total_timesteps | 2687     |
| train/             |          |
|    actor_loss      | 0.792    |
|    critic_loss     | 1.9      |
|    ent_coef        | 0.005    |
|    learning_rate   | 0.0001   |
|    n_updates       | 686      |
---------------------------------
---------------------------------
| rollout/           |          |
|    ep_len_mean     | 64.7     |
|    ep_rew_mean     | -24.8    |
| time/              |          |
|    episodes        | 48       |
|    fps             | 0        |
|    time_elapsed    | 5209     |
|    total_timesteps | 3105     |
| train/             |          |
|    actor_loss      | 0.826    |
|    critic_loss     | 0.651    |
|    ent_coef        | 0.005    |
|    learning_rate   | 0.0001   |
|    n_updates       | 1104     |
---------------------------------
---------------------------------
| rollout/           |          |
|    ep_len_mean     | 66.6     |
|    ep_rew_mean     | -24.4    |
| time/              |          |
|    episodes        | 52       |
|    fps             | 0        |
|    time_elapsed    | 5825     |
|    total_timesteps | 3462     |
| train/             |          |
|    actor_loss      | 1        |
|    critic_loss     | 0.408    |
|    ent_coef        | 0.005    |
|    learning_rate   | 0.0001   |
|    n_updates       | 1461     |
---------------------------------
---------------------------------
| rollout/           |          |
|    ep_len_mean     | 64.1     |
|    ep_rew_mean     | -24.7    |
| time/              |          |
|    episodes        | 56       |
|    fps             | 0        |
|    time_elapsed    | 6038     |
|    total_timesteps | 3588     |
| train/             |          |
|    actor_loss      | 0.987    |
|    critic_loss     | 2.13     |
|    ent_coef        | 0.005    |
|    learning_rate   | 0.0001   |
|    n_updates       | 1587     |
---------------------------------
---------------------------------
| rollout/           |          |
|    ep_len_mean     | 67.2     |
|    ep_rew_mean     | -24.7    |
| time/              |          |
|    episodes        | 60       |
|    fps             | 0        |
|    time_elapsed    | 6818     |
|    total_timesteps | 4035     |
| train/             |          |
|    actor_loss      | 1        |
|    critic_loss     | 1.57     |
|    ent_coef        | 0.005    |
|    learning_rate   | 0.0001   |
|    n_updates       | 2034     |
---------------------------------
