Using cuda device
Wrapping the env in a DummyVecEnv.
Logging to logs\sac_mpc_v3_bidirectional_262302\tensorboard\SAC_1
---------------------------------
| rollout/           |          |
|    ep_len_mean     | 47       |
|    ep_rew_mean     | -25.5    |
| time/              |          |
|    episodes        | 4        |
|    fps             | 0        |
|    time_elapsed    | 233      |
|    total_timesteps | 188      |
---------------------------------
---------------------------------
| rollout/           |          |
|    ep_len_mean     | 42.5     |
|    ep_rew_mean     | -26.6    |
| time/              |          |
|    episodes        | 8        |
|    fps             | 0        |
|    time_elapsed    | 450      |
|    total_timesteps | 340      |
---------------------------------
---------------------------------
| rollout/           |          |
|    ep_len_mean     | 43.1     |
|    ep_rew_mean     | -26.5    |
| time/              |          |
|    episodes        | 12       |
|    fps             | 0        |
|    time_elapsed    | 745      |
|    total_timesteps | 517      |
---------------------------------
---------------------------------
| rollout/           |          |
|    ep_len_mean     | 41       |
|    ep_rew_mean     | -27.8    |
| time/              |          |
|    episodes        | 16       |
|    fps             | 0        |
|    time_elapsed    | 975      |
|    total_timesteps | 656      |
---------------------------------
---------------------------------
| rollout/           |          |
|    ep_len_mean     | 42.1     |
|    ep_rew_mean     | -26.5    |
| time/              |          |
|    episodes        | 20       |
|    fps             | 0        |
|    time_elapsed    | 1287     |
|    total_timesteps | 842      |
---------------------------------
---------------------------------
| rollout/           |          |
|    ep_len_mean     | 41.7     |
|    ep_rew_mean     | -26.3    |
| time/              |          |
|    episodes        | 24       |
|    fps             | 0        |
|    time_elapsed    | 1555     |
|    total_timesteps | 1000     |
---------------------------------
---------------------------------
| rollout/           |          |
|    ep_len_mean     | 41.2     |
|    ep_rew_mean     | -26.2    |
| time/              |          |
|    episodes        | 28       |
|    fps             | 0        |
|    time_elapsed    | 1811     |
|    total_timesteps | 1154     |
---------------------------------
---------------------------------
| rollout/           |          |
|    ep_len_mean     | 42.8     |
|    ep_rew_mean     | -25.6    |
| time/              |          |
|    episodes        | 32       |
|    fps             | 0        |
|    time_elapsed    | 2176     |
|    total_timesteps | 1369     |
---------------------------------
---------------------------------
| rollout/           |          |
|    ep_len_mean     | 43       |
|    ep_rew_mean     | -25.6    |
| time/              |          |
|    episodes        | 36       |
|    fps             | 0        |
|    time_elapsed    | 2471     |
|    total_timesteps | 1547     |
---------------------------------
---------------------------------
| rollout/           |          |
|    ep_len_mean     | 42.5     |
|    ep_rew_mean     | -25.5    |
| time/              |          |
|    episodes        | 40       |
|    fps             | 0        |
|    time_elapsed    | 2720     |
|    total_timesteps | 1698     |
---------------------------------
---------------------------------
| rollout/           |          |
|    ep_len_mean     | 41.6     |
|    ep_rew_mean     | -25.7    |
| time/              |          |
|    episodes        | 44       |
|    fps             | 0        |
|    time_elapsed    | 2942     |
|    total_timesteps | 1831     |
---------------------------------
---------------------------------
| rollout/           |          |
|    ep_len_mean     | 41       |
|    ep_rew_mean     | -25.7    |
| time/              |          |
|    episodes        | 48       |
|    fps             | 0        |
|    time_elapsed    | 3166     |
|    total_timesteps | 1966     |
---------------------------------
---------------------------------
| rollout/           |          |
|    ep_len_mean     | 41.1     |
|    ep_rew_mean     | -25.3    |
| time/              |          |
|    episodes        | 52       |
|    fps             | 0        |
|    time_elapsed    | 3472     |
|    total_timesteps | 2138     |
| train/             |          |
|    actor_loss      | 0.661    |
|    critic_loss     | 18.3     |
|    ent_coef        | 0.005    |
|    learning_rate   | 0.0001   |
|    n_updates       | 137      |
---------------------------------
---------------------------------
| rollout/           |          |
|    ep_len_mean     | 41.9     |
|    ep_rew_mean     | -25.1    |
| time/              |          |
|    episodes        | 56       |
|    fps             | 0        |
|    time_elapsed    | 3857     |
|    total_timesteps | 2348     |
| train/             |          |
|    actor_loss      | 0.627    |
|    critic_loss     | 8.2      |
|    ent_coef        | 0.005    |
|    learning_rate   | 0.0001   |
|    n_updates       | 347      |
---------------------------------
---------------------------------
| rollout/           |          |
|    ep_len_mean     | 45.5     |
|    ep_rew_mean     | -24.4    |
| time/              |          |
|    episodes        | 60       |
|    fps             | 0        |
|    time_elapsed    | 4552     |
|    total_timesteps | 2732     |
| train/             |          |
|    actor_loss      | 0.927    |
|    critic_loss     | 5.18     |
|    ent_coef        | 0.005    |
|    learning_rate   | 0.0001   |
|    n_updates       | 731      |
---------------------------------
---------------------------------
| rollout/           |          |
|    ep_len_mean     | 52.1     |
|    ep_rew_mean     | -23.6    |
| time/              |          |
|    episodes        | 64       |
|    fps             | 0        |
|    time_elapsed    | 5597     |
|    total_timesteps | 3332     |
| train/             |          |
|    actor_loss      | 0.888    |
|    critic_loss     | 1.09     |
|    ent_coef        | 0.005    |
|    learning_rate   | 0.0001   |
|    n_updates       | 1331     |
---------------------------------
---------------------------------
| rollout/           |          |
|    ep_len_mean     | 57.3     |
|    ep_rew_mean     | -22.4    |
| time/              |          |
|    episodes        | 68       |
|    fps             | 0        |
|    time_elapsed    | 6585     |
|    total_timesteps | 3899     |
| train/             |          |
|    actor_loss      | 0.787    |
|    critic_loss     | 0.183    |
|    ent_coef        | 0.005    |
|    learning_rate   | 0.0001   |
|    n_updates       | 1898     |
---------------------------------
