Using cuda device
Wrapping the env in a DummyVecEnv.
Logging to logs\sac_mpc_v3_bidirectional_262301\tensorboard\SAC_1
---------------------------------
| rollout/           |          |
|    ep_len_mean     | 41.8     |
|    ep_rew_mean     | -27.7    |
| time/              |          |
|    episodes        | 4        |
|    fps             | 0        |
|    time_elapsed    | 214      |
|    total_timesteps | 167      |
---------------------------------
---------------------------------
| rollout/           |          |
|    ep_len_mean     | 40.5     |
|    ep_rew_mean     | -25.8    |
| time/              |          |
|    episodes        | 8        |
|    fps             | 0        |
|    time_elapsed    | 433      |
|    total_timesteps | 324      |
---------------------------------
---------------------------------
| rollout/           |          |
|    ep_len_mean     | 39.1     |
|    ep_rew_mean     | -25.5    |
| time/              |          |
|    episodes        | 12       |
|    fps             | 0        |
|    time_elapsed    | 675      |
|    total_timesteps | 469      |
---------------------------------
---------------------------------
| rollout/           |          |
|    ep_len_mean     | 40.3     |
|    ep_rew_mean     | -25.3    |
| time/              |          |
|    episodes        | 16       |
|    fps             | 0        |
|    time_elapsed    | 970      |
|    total_timesteps | 645      |
---------------------------------
---------------------------------
| rollout/           |          |
|    ep_len_mean     | 39.9     |
|    ep_rew_mean     | -25.8    |
| time/              |          |
|    episodes        | 20       |
|    fps             | 0        |
|    time_elapsed    | 1227     |
|    total_timesteps | 798      |
---------------------------------
---------------------------------
| rollout/           |          |
|    ep_len_mean     | 38.5     |
|    ep_rew_mean     | -25      |
| time/              |          |
|    episodes        | 24       |
|    fps             | 0        |
|    time_elapsed    | 1443     |
|    total_timesteps | 925      |
---------------------------------
---------------------------------
| rollout/           |          |
|    ep_len_mean     | 39.2     |
|    ep_rew_mean     | -24.9    |
| time/              |          |
|    episodes        | 28       |
|    fps             | 0        |
|    time_elapsed    | 1731     |
|    total_timesteps | 1099     |
---------------------------------
---------------------------------
| rollout/           |          |
|    ep_len_mean     | 39       |
|    ep_rew_mean     | -25.2    |
| time/              |          |
|    episodes        | 32       |
|    fps             | 0        |
|    time_elapsed    | 1974     |
|    total_timesteps | 1248     |
---------------------------------
---------------------------------
| rollout/           |          |
|    ep_len_mean     | 39.8     |
|    ep_rew_mean     | -25.4    |
| time/              |          |
|    episodes        | 36       |
|    fps             | 0        |
|    time_elapsed    | 2287     |
|    total_timesteps | 1434     |
---------------------------------
---------------------------------
| rollout/           |          |
|    ep_len_mean     | 39.7     |
|    ep_rew_mean     | -25.7    |
| time/              |          |
|    episodes        | 40       |
|    fps             | 0        |
|    time_elapsed    | 2541     |
|    total_timesteps | 1589     |
---------------------------------
---------------------------------
| rollout/           |          |
|    ep_len_mean     | 39.8     |
|    ep_rew_mean     | -26.5    |
| time/              |          |
|    episodes        | 44       |
|    fps             | 0        |
|    time_elapsed    | 2803     |
|    total_timesteps | 1752     |
---------------------------------
---------------------------------
| rollout/           |          |
|    ep_len_mean     | 39.5     |
|    ep_rew_mean     | -26.4    |
| time/              |          |
|    episodes        | 48       |
|    fps             | 0        |
|    time_elapsed    | 3037     |
|    total_timesteps | 1894     |
---------------------------------
---------------------------------
| rollout/           |          |
|    ep_len_mean     | 39.6     |
|    ep_rew_mean     | -26.6    |
| time/              |          |
|    episodes        | 52       |
|    fps             | 0        |
|    time_elapsed    | 3324     |
|    total_timesteps | 2060     |
| train/             |          |
|    actor_loss      | 0.694    |
|    critic_loss     | 13       |
|    ent_coef        | 0.005    |
|    learning_rate   | 0.0001   |
|    n_updates       | 59       |
---------------------------------
---------------------------------
| rollout/           |          |
|    ep_len_mean     | 42       |
|    ep_rew_mean     | -26.5    |
| time/              |          |
|    episodes        | 56       |
|    fps             | 0        |
|    time_elapsed    | 3853     |
|    total_timesteps | 2352     |
| train/             |          |
|    actor_loss      | 0.453    |
|    critic_loss     | 7.33     |
|    ent_coef        | 0.005    |
|    learning_rate   | 0.0001   |
|    n_updates       | 351      |
---------------------------------
---------------------------------
| rollout/           |          |
|    ep_len_mean     | 43.2     |
|    ep_rew_mean     | -25.9    |
| time/              |          |
|    episodes        | 60       |
|    fps             | 0        |
|    time_elapsed    | 4288     |
|    total_timesteps | 2592     |
| train/             |          |
|    actor_loss      | 0.72     |
|    critic_loss     | 8.17     |
|    ent_coef        | 0.005    |
|    learning_rate   | 0.0001   |
|    n_updates       | 591      |
---------------------------------
---------------------------------
| rollout/           |          |
|    ep_len_mean     | 46.8     |
|    ep_rew_mean     | -24.9    |
| time/              |          |
|    episodes        | 64       |
|    fps             | 0        |
|    time_elapsed    | 5009     |
|    total_timesteps | 2995     |
| train/             |          |
|    actor_loss      | 0.829    |
|    critic_loss     | 0.935    |
|    ent_coef        | 0.005    |
|    learning_rate   | 0.0001   |
|    n_updates       | 994      |
---------------------------------
---------------------------------
| rollout/           |          |
|    ep_len_mean     | 51.1     |
|    ep_rew_mean     | -23.7    |
| time/              |          |
|    episodes        | 68       |
|    fps             | 0        |
|    time_elapsed    | 5847     |
|    total_timesteps | 3473     |
| train/             |          |
|    actor_loss      | 0.77     |
|    critic_loss     | 0.398    |
|    ent_coef        | 0.005    |
|    learning_rate   | 0.0001   |
|    n_updates       | 1472     |
---------------------------------
