Using cuda device
Wrapping the env in a DummyVecEnv.
Logging to logs\sac_mpc_v3_bidirectional_262300\tensorboard\SAC_1
---------------------------------
| rollout/           |          |
|    ep_len_mean     | 44.8     |
|    ep_rew_mean     | -25.7    |
| time/              |          |
|    episodes        | 4        |
|    fps             | 0        |
|    time_elapsed    | 228      |
|    total_timesteps | 179      |
---------------------------------
---------------------------------
| rollout/           |          |
|    ep_len_mean     | 42.2     |
|    ep_rew_mean     | -26.6    |
| time/              |          |
|    episodes        | 8        |
|    fps             | 0        |
|    time_elapsed    | 459      |
|    total_timesteps | 338      |
---------------------------------
---------------------------------
| rollout/           |          |
|    ep_len_mean     | 39.9     |
|    ep_rew_mean     | -28.1    |
| time/              |          |
|    episodes        | 12       |
|    fps             | 0        |
|    time_elapsed    | 691      |
|    total_timesteps | 479      |
---------------------------------
---------------------------------
| rollout/           |          |
|    ep_len_mean     | 43.2     |
|    ep_rew_mean     | -27.3    |
| time/              |          |
|    episodes        | 16       |
|    fps             | 0        |
|    time_elapsed    | 1039     |
|    total_timesteps | 692      |
---------------------------------
---------------------------------
| rollout/           |          |
|    ep_len_mean     | 41.4     |
|    ep_rew_mean     | -27.7    |
| time/              |          |
|    episodes        | 20       |
|    fps             | 0        |
|    time_elapsed    | 1264     |
|    total_timesteps | 827      |
---------------------------------
---------------------------------
| rollout/           |          |
|    ep_len_mean     | 41.6     |
|    ep_rew_mean     | -26.6    |
| time/              |          |
|    episodes        | 24       |
|    fps             | 0        |
|    time_elapsed    | 1554     |
|    total_timesteps | 999      |
---------------------------------
---------------------------------
| rollout/           |          |
|    ep_len_mean     | 44.2     |
|    ep_rew_mean     | -26.2    |
| time/              |          |
|    episodes        | 28       |
|    fps             | 0        |
|    time_elapsed    | 1945     |
|    total_timesteps | 1238     |
---------------------------------
---------------------------------
| rollout/           |          |
|    ep_len_mean     | 45.3     |
|    ep_rew_mean     | -27.3    |
| time/              |          |
|    episodes        | 32       |
|    fps             | 0        |
|    time_elapsed    | 2299     |
|    total_timesteps | 1451     |
---------------------------------
---------------------------------
| rollout/           |          |
|    ep_len_mean     | 47.2     |
|    ep_rew_mean     | -26.6    |
| time/              |          |
|    episodes        | 36       |
|    fps             | 0        |
|    time_elapsed    | 2713     |
|    total_timesteps | 1701     |
---------------------------------
---------------------------------
| rollout/           |          |
|    ep_len_mean     | 45.8     |
|    ep_rew_mean     | -26.7    |
| time/              |          |
|    episodes        | 40       |
|    fps             | 0        |
|    time_elapsed    | 2934     |
|    total_timesteps | 1832     |
---------------------------------
---------------------------------
| rollout/           |          |
|    ep_len_mean     | 45       |
|    ep_rew_mean     | -26.3    |
| time/              |          |
|    episodes        | 44       |
|    fps             | 0        |
|    time_elapsed    | 3182     |
|    total_timesteps | 1978     |
---------------------------------
---------------------------------
| rollout/           |          |
|    ep_len_mean     | 49.1     |
|    ep_rew_mean     | -24.9    |
| time/              |          |
|    episodes        | 48       |
|    fps             | 0        |
|    time_elapsed    | 3871     |
|    total_timesteps | 2356     |
| train/             |          |
|    actor_loss      | 0.43     |
|    critic_loss     | 10.4     |
|    ent_coef        | 0.005    |
|    learning_rate   | 0.0001   |
|    n_updates       | 355      |
---------------------------------
---------------------------------
| rollout/           |          |
|    ep_len_mean     | 50.4     |
|    ep_rew_mean     | -24.9    |
| time/              |          |
|    episodes        | 52       |
|    fps             | 0        |
|    time_elapsed    | 4352     |
|    total_timesteps | 2623     |
| train/             |          |
|    actor_loss      | 0.767    |
|    critic_loss     | 6.05     |
|    ent_coef        | 0.005    |
|    learning_rate   | 0.0001   |
|    n_updates       | 622      |
---------------------------------
---------------------------------
| rollout/           |          |
|    ep_len_mean     | 52.7     |
|    ep_rew_mean     | -24.6    |
| time/              |          |
|    episodes        | 56       |
|    fps             | 0        |
|    time_elapsed    | 4928     |
|    total_timesteps | 2949     |
| train/             |          |
|    actor_loss      | 0.614    |
|    critic_loss     | 1.71     |
|    ent_coef        | 0.005    |
|    learning_rate   | 0.0001   |
|    n_updates       | 948      |
---------------------------------
---------------------------------
| rollout/           |          |
|    ep_len_mean     | 52.7     |
|    ep_rew_mean     | -24.6    |
| time/              |          |
|    episodes        | 60       |
|    fps             | 0        |
|    time_elapsed    | 5294     |
|    total_timesteps | 3164     |
| train/             |          |
|    actor_loss      | 0.738    |
|    critic_loss     | 0.89     |
|    ent_coef        | 0.005    |
|    learning_rate   | 0.0001   |
|    n_updates       | 1163     |
---------------------------------
---------------------------------
| rollout/           |          |
|    ep_len_mean     | 54.7     |
|    ep_rew_mean     | -24.2    |
| time/              |          |
|    episodes        | 64       |
|    fps             | 0        |
|    time_elapsed    | 5870     |
|    total_timesteps | 3498     |
| train/             |          |
|    actor_loss      | 0.64     |
|    critic_loss     | 0.931    |
|    ent_coef        | 0.005    |
|    learning_rate   | 0.0001   |
|    n_updates       | 1497     |
---------------------------------
---------------------------------
| rollout/           |          |
|    ep_len_mean     | 54.5     |
|    ep_rew_mean     | -24.2    |
| time/              |          |
|    episodes        | 68       |
|    fps             | 0        |
|    time_elapsed    | 6235     |
|    total_timesteps | 3708     |
| train/             |          |
|    actor_loss      | 0.75     |
|    critic_loss     | 0.614    |
|    ent_coef        | 0.005    |
|    learning_rate   | 0.0001   |
|    n_updates       | 1707     |
---------------------------------
---------------------------------
| rollout/           |          |
|    ep_len_mean     | 55.5     |
|    ep_rew_mean     | -24.1    |
| time/              |          |
|    episodes        | 72       |
|    fps             | 0        |
|    time_elapsed    | 6747     |
|    total_timesteps | 3999     |
| train/             |          |
|    actor_loss      | 0.722    |
|    critic_loss     | 0.608    |
|    ent_coef        | 0.005    |
|    learning_rate   | 0.0001   |
|    n_updates       | 1998     |
---------------------------------
