Using cuda device
Wrapping the env in a DummyVecEnv.
Logging to logs\sac_mpc_v2_arrival_262200\tensorboard\SAC_1
---------------------------------
| rollout/           |          |
|    ep_len_mean     | 58.2     |
|    ep_rew_mean     | -55.7    |
| time/              |          |
|    episodes        | 4        |
|    fps             | 0        |
|    time_elapsed    | 290      |
|    total_timesteps | 233      |
---------------------------------
---------------------------------
| rollout/           |          |
|    ep_len_mean     | 61.8     |
|    ep_rew_mean     | -39.1    |
| time/              |          |
|    episodes        | 8        |
|    fps             | 0        |
|    time_elapsed    | 717      |
|    total_timesteps | 494      |
---------------------------------
---------------------------------
| rollout/           |          |
|    ep_len_mean     | 52.8     |
|    ep_rew_mean     | -34.6    |
| time/              |          |
|    episodes        | 12       |
|    fps             | 0        |
|    time_elapsed    | 943      |
|    total_timesteps | 634      |
---------------------------------
---------------------------------
| rollout/           |          |
|    ep_len_mean     | 59.3     |
|    ep_rew_mean     | -32.1    |
| time/              |          |
|    episodes        | 16       |
|    fps             | 0        |
|    time_elapsed    | 1467     |
|    total_timesteps | 949      |
---------------------------------
---------------------------------
| rollout/           |          |
|    ep_len_mean     | 55.1     |
|    ep_rew_mean     | -30      |
| time/              |          |
|    episodes        | 20       |
|    fps             | 0        |
|    time_elapsed    | 1721     |
|    total_timesteps | 1102     |
---------------------------------
---------------------------------
| rollout/           |          |
|    ep_len_mean     | 53.5     |
|    ep_rew_mean     | -29.3    |
| time/              |          |
|    episodes        | 24       |
|    fps             | 0        |
|    time_elapsed    | 2023     |
|    total_timesteps | 1284     |
---------------------------------
---------------------------------
| rollout/           |          |
|    ep_len_mean     | 54.4     |
|    ep_rew_mean     | -28.1    |
| time/              |          |
|    episodes        | 28       |
|    fps             | 0        |
|    time_elapsed    | 2417     |
|    total_timesteps | 1523     |
---------------------------------
---------------------------------
| rollout/           |          |
|    ep_len_mean     | 53.2     |
|    ep_rew_mean     | -27.6    |
| time/              |          |
|    episodes        | 32       |
|    fps             | 0        |
|    time_elapsed    | 2717     |
|    total_timesteps | 1704     |
---------------------------------
---------------------------------
| rollout/           |          |
|    ep_len_mean     | 52.4     |
|    ep_rew_mean     | -27      |
| time/              |          |
|    episodes        | 36       |
|    fps             | 0        |
|    time_elapsed    | 3012     |
|    total_timesteps | 1885     |
---------------------------------
---------------------------------
| rollout/           |          |
|    ep_len_mean     | 50.3     |
|    ep_rew_mean     | -27.3    |
| time/              |          |
|    episodes        | 40       |
|    fps             | 0        |
|    time_elapsed    | 3222     |
|    total_timesteps | 2013     |
| train/             |          |
|    actor_loss      | 0.143    |
|    critic_loss     | 12.5     |
|    ent_coef        | 0.005    |
|    learning_rate   | 0.0001   |
|    n_updates       | 12       |
---------------------------------
---------------------------------
| rollout/           |          |
|    ep_len_mean     | 51       |
|    ep_rew_mean     | -27      |
| time/              |          |
|    episodes        | 44       |
|    fps             | 0        |
|    time_elapsed    | 3640     |
|    total_timesteps | 2246     |
| train/             |          |
|    actor_loss      | 0.525    |
|    critic_loss     | 7.43     |
|    ent_coef        | 0.005    |
|    learning_rate   | 0.0001   |
|    n_updates       | 245      |
---------------------------------
---------------------------------
| rollout/           |          |
|    ep_len_mean     | 50       |
|    ep_rew_mean     | -26.6    |
| time/              |          |
|    episodes        | 48       |
|    fps             | 0        |
|    time_elapsed    | 3910     |
|    total_timesteps | 2401     |
| train/             |          |
|    actor_loss      | 0.8      |
|    critic_loss     | 4.46     |
|    ent_coef        | 0.005    |
|    learning_rate   | 0.0001   |
|    n_updates       | 400      |
---------------------------------
---------------------------------
| rollout/           |          |
|    ep_len_mean     | 52       |
|    ep_rew_mean     | -25.9    |
| time/              |          |
|    episodes        | 52       |
|    fps             | 0        |
|    time_elapsed    | 4451     |
|    total_timesteps | 2702     |
| train/             |          |
|    actor_loss      | 0.68     |
|    critic_loss     | 4.42     |
|    ent_coef        | 0.005    |
|    learning_rate   | 0.0001   |
|    n_updates       | 701      |
---------------------------------
---------------------------------
| rollout/           |          |
|    ep_len_mean     | 57       |
|    ep_rew_mean     | -24.7    |
| time/              |          |
|    episodes        | 56       |
|    fps             | 0        |
|    time_elapsed    | 5305     |
|    total_timesteps | 3190     |
| train/             |          |
|    actor_loss      | 0.907    |
|    critic_loss     | 1.5      |
|    ent_coef        | 0.005    |
|    learning_rate   | 0.0001   |
|    n_updates       | 1189     |
---------------------------------
---------------------------------
| rollout/           |          |
|    ep_len_mean     | 60.4     |
|    ep_rew_mean     | -23.9    |
| time/              |          |
|    episodes        | 60       |
|    fps             | 0        |
|    time_elapsed    | 6055     |
|    total_timesteps | 3621     |
| train/             |          |
|    actor_loss      | 0.936    |
|    critic_loss     | 1.4      |
|    ent_coef        | 0.005    |
|    learning_rate   | 0.0001   |
|    n_updates       | 1620     |
---------------------------------
